******************************************************************************
               TMS320C6x Linker PC v7.3.1                      
******************************************************************************
>> Linked Wed Mar 28 00:10:47 2012

OUTPUT FILE NAME:   <TheGatorKator.out>
ENTRY POINT SYMBOL: "_c_int00"  address: 00003a40


MEMORY CONFIGURATION

         name            origin    length      used     unused   attr    fill
----------------------  --------  ---------  --------  --------  ----  --------
  IVECS                 00000000   00000220  00000000  00000220  RWIX
  IRAM                  00000220   0002fde0  0000614c  00029c94  RWIX
  SDRAM                 80000000   01000000  00027b08  00fd84f8  RWIX
  FLASH                 90000000   00020000  00000000  00020000  RWIX


SECTION ALLOCATION MAP

 output                                  attributes/
section   page    origin      length       input sections
--------  ----  ----------  ----------   ----------------
$BRID      0    00000000    00000290     COPY SECTION
                  00000000    00000078     csl6713.lib : csl_irq.obj ($BRID)
                  00000078    0000007c                 : csl_mcbsp.obj ($BRID)
                  000000f4    00000054     dsk6713bsl.lib : dsk6713.obj ($BRID)
                  00000148    00000024                    : dsk6713_aic23_opencodec.obj ($BRID)
                  0000016c    00000014                    : dsk6713_aic23_registers.obj ($BRID)
                  00000180    0000000c                    : dsk6713_aic23_setfreq.obj ($BRID)
                  0000018c    0000000c                    : dsk6713_dip.obj ($BRID)
                  00000198    00000030                    : dsk6713_led.obj ($BRID)
                  000001c8    00000004     rts6700.lib : addd.obj ($BRID)
                  000001cc    00000004                 : addf.obj ($BRID)
                  000001d0    0000000c                 : boot.obj ($BRID)
                  000001dc    0000001c                 : cmpf.obj ($BRID)
                  000001f8    00000004                 : cvtfd.obj ($BRID)
                  000001fc    00000008                 : divd.obj ($BRID)
                  00000204    00000028                 : exit.obj ($BRID)
                  0000022c    0000000c                 : fixfi.obj ($BRID)
                  00000238    00000008                 : fltif.obj ($BRID)
                  00000240    00000004                 : frcdivd.obj ($BRID)
                  00000244    00000004                 : mpyd.obj ($BRID)
                  00000248    00000004                 : mpyf.obj ($BRID)
                  0000024c    00000004                 : remi.obj ($BRID)
                  00000250    0000000c                 : sqrt.obj ($BRID)
                  0000025c    00000004                 : strasg.obj ($BRID)
                  00000260    00000004                 : subd.obj ($BRID)
                  00000264    0000000c                 : _lock.obj ($BRID)
                  00000270    0000000c                 : autoinit.obj ($BRID)
                  0000027c    00000004                 : frexp.obj ($BRID)
                  00000280    00000004                 : ldexp.obj ($BRID)
                  00000284    0000000c                 : memcpy62.obj ($BRID)

.text      0    00000220    00003d20     
                  00000220    000007c0     c6713dskinit.obj (.text)
                  000009e0    000004e0     gator_kator.obj (.text)
                  00000ec0    000004a0     emif_lcd.obj (.text)
                  00001360    00000460     dsk6713bsl.lib : dsk6713.obj (.text)
                  000017c0    00000300                    : dsk6713_aic23_opencodec.obj (.text)
                  00001ac0    00000300     rts6700.lib : frcdivd.obj (.text)
                  00001dc0    000002a0                 : sqrt.obj (.text)
                  00002060    00000240                 : divd.obj (.text)
                  000022a0    00000240                 : memcpy62.obj (.text)
                  000024e0    00000220                 : exit.obj (.text)
                  00002700    000001a0     csl6713.lib : csl_irq.obj (.text:_IRQ_map)
                  000028a0    000001a0     dsk6713bsl.lib : dsk6713_led.obj (.text)
                  00002a40    00000180     csl6713.lib : csl_mcbsp.obj (.text:_MCBSP_reset)
                  00002bc0    00000180     rts6700.lib : ldexp.obj (.text)
                  00002d40    00000160     fir_filter.obj (.text)
                  00002ea0    00000140     dsk6713bsl.lib : dsk6713_aic23_registers.obj (.text)
                  00002fe0    00000140     frame_and_filter.obj (.text)
                  00003120    00000140     rts6700.lib : frexp.obj (.text)
                  00003260    00000100                 : autoinit.obj (.text)
                  00003360    00000100                 : remi.obj (.text)
                  00003460    000000e0     csl6713.lib : csl_mcbsp.obj (.text:_MCBSP_open)
                  00003540    000000e0     rts6700.lib : strasg.obj (.text)
                  00003620    000000c0     block_dc.obj (.text)
                  000036e0    000000c0     detect_envelope.obj (.text)
                  000037a0    000000c0     dsk6713bsl.lib : dsk6713_aic23_setfreq.obj (.text)
                  00003860    000000a0     csl6713.lib : csl_mcbsp.obj (.text:_MCBSP_config)
                  00003900    000000a0                 : csl_mcbsp.obj (.text:_MCBSP_start)
                  000039a0    000000a0                 : csl_irq.obj (.text:_setMux)
                  00003a40    00000080     rts6700.lib : boot.obj (.text)
                  00003ac0    00000080                 : cmpf.obj (.text)
                  00003b40    00000080                 : fixfi.obj (.text)
                  00003bc0    00000080                 : fltif.obj (.text)
                  00003c40    00000060     dsk6713bsl.lib : dsk6713_dip.obj (.text)
                  00003ca0    00000040     csl6713.lib : csl_irq.obj (.text:_IRQ_enable)
                  00003ce0    00000040                 : csl_irq.obj (.text:_IRQ_reset)
                  00003d20    00000040     rts6700.lib : _lock.obj (.text)
                  00003d60    00000020     csl6713.lib : csl_irq.obj (.text:_IRQ_globalDisable)
                  00003d80    00000020                 : csl_irq.obj (.text:_IRQ_globalEnable)
                  00003da0    00000020                 : csl_irq.obj (.text:_IRQ_nmiEnable)
                  00003dc0    00000020                 : csl_mcbsp.obj (.text:_MCBSP_getXmtEventId)
                  00003de0    00000020                 : csl_mcbsp.obj (.text:_MCBSP_read)
                  00003e00    00000020                 : csl_mcbsp.obj (.text:_MCBSP_rrdy)
                  00003e20    00000020                 : csl_mcbsp.obj (.text:_MCBSP_write)
                  00003e40    00000020                 : csl_mcbsp.obj (.text:_MCBSP_xrdy)
                  00003e60    00000020                 : csl_irq.obj (.text)
                  00003e80    00000020     rts6700.lib : addd.obj (.text)
                  00003ea0    00000020                 : addf.obj (.text)
                  00003ec0    00000020                 : cvtfd.obj (.text)
                  00003ee0    00000020                 : mpyd.obj (.text)
                  00003f00    00000020                 : mpyf.obj (.text)
                  00003f20    00000020                 : subd.obj (.text)

.bss       0    00000220    00000000     UNINITIALIZED

.stack     0    00003f40    00002000     UNINITIALIZED
                  00003f40    00000008     rts6700.lib : boot.obj (.stack)
                  00003f48    00001ff8     --HOLE--

.cinit     0    00005f40    000003cc     
                  00005f40    0000012c     csl6713.lib : csl_irq.obj (.cinit)
                  0000606c    00000004     --HOLE-- [fill = 0]
                  00006070    000000ca     emif_lcd.obj (.cinit)
                  0000613a    00000006     --HOLE-- [fill = 0]
                  00006140    00000058     c6713dskinit.obj (.cinit)
                  00006198    00000054     csl6713.lib : csl_mcbsp.obj (.cinit)
                  000061ec    00000004     --HOLE-- [fill = 0]
                  000061f0    00000030     dsk6713bsl.lib : dsk6713_aic23_registers.obj (.cinit)
                  00006220    0000002c     gator_kator.obj (.cinit)
                  0000624c    00000004     --HOLE-- [fill = 0]
                  00006250    0000002c     rts6700.lib : exit.obj (.cinit)
                  0000627c    00000004     --HOLE-- [fill = 0]
                  00006280    00000028     dsk6713bsl.lib : dsk6713_aic23_setfreq.obj (.cinit)
                  000062a8    0000001c     frame_and_filter.obj (.cinit)
                  000062c4    00000004     --HOLE-- [fill = 0]
                  000062c8    0000001c     rts6700.lib : _lock.obj (.cinit)
                  000062e4    00000004     --HOLE-- [fill = 0]
                  000062e8    0000000c     detect_envelope.obj (.cinit)
                  000062f4    00000004     --HOLE-- [fill = 0]
                  000062f8    0000000c     rts6700.lib : errno.obj (.cinit)
                  00006304    00000004     --HOLE-- [fill = 0]
                  00006308    00000004     (.pad.cinit) [fill = 0]

.const     0    0000630c    00000060     
                  0000630c    00000040     dsk6713bsl.lib : dsk6713_aic23_opencodec.obj (.const)
                  0000634c    00000020                    : dsk6713.obj (.const)

.EXTRAM    0    80000000    00027430     
                  80000000    00027100     gator_kator.obj (.EXTRAM) [fill = 0]
                  80027100    00000330     fir_filter.obj (.EXTRAM)

.far       0    80027430    000006d8     UNINITIALIZED
                  80027430    00000330     fir_filter.obj (.far)
                  80027760    000000f4     csl6713.lib : csl_irq.obj (.far)
                  80027854    000000d4     emif_lcd.obj (.far)
                  80027928    0000008c     rts6700.lib : exit.obj (.far)
                  800279b4    00000058     c6713dskinit.obj (.far)
                  80027a0c    00000004     detect_envelope.obj (.far)
                  80027a10    00000040     xcorr.obj (.far)
                  80027a50    00000038     csl6713.lib : csl_mcbsp.obj (.far)
                  80027a88    00000028     dsk6713bsl.lib : dsk6713_aic23_registers.obj (.far)
                  80027ab0    00000020                    : dsk6713_aic23_setfreq.obj (.far)
                  80027ad0    00000018     gator_kator.obj (.far)
                  80027ae8    00000008     dsk6713bsl.lib : dsk6713_aic23_opencodec.obj (.far)
                  80027af0    00000008     frame_and_filter.obj (.far)
                  80027af8    00000008     rts6700.lib : _lock.obj (.far)
                  80027b00    00000004                 : errno.obj (.far)
                  80027b04    00000002     dsk6713bsl.lib : dsk6713.obj (.far)
                  80027b06    00000002                    : dsk6713_led.obj (.far)


GLOBAL SYMBOLS: SORTED ALPHABETICALLY BY Name 

address    name
--------   ----
00000220   $bss
00000220   .bss
00000220   .text
000026f4   C$$EXIT
800279c0   _AIC23CfgData
800279bc   _AIC_data
80027ae8   _DSK6713_AIC23_codeccontrolhandle
80027aec   _DSK6713_AIC23_codecdatahandle
00002f60   _DSK6713_AIC23_config
000017c0   _DSK6713_AIC23_openCodec
00002f3c   _DSK6713_AIC23_rget
00002ea0   _DSK6713_AIC23_rset
000037a0   _DSK6713_AIC23_setFreq
00003c48   _DSK6713_DIP_get
00003c40   _DSK6713_DIP_init
000028a0   _DSK6713_LED_init
000028c8   _DSK6713_LED_off
00002930   _DSK6713_LED_on
00002994   _DSK6713_LED_toggle
00001738   _DSK6713_getVersion
00001390   _DSK6713_init
00001690   _DSK6713_rget
000016a4   _DSK6713_rset
80027b04   _DSK6713_version
000016b8   _DSK6713_wait
0000170c   _DSK6713_waitusec
00003ca0   _IRQ_enable
00003d60   _IRQ_globalDisable
00003d80   _IRQ_globalEnable
00002700   _IRQ_map
00003da0   _IRQ_nmiEnable
00003ce0   _IRQ_reset
00001230   _LCD_PUT_CHAR
00001194   _LCD_PUT_CMD
00003860   _MCBSP_config
00003dc0   _MCBSP_getXmtEventId
00003460   _MCBSP_open
00003de0   _MCBSP_read
00002a40   _MCBSP_reset
00003e00   _MCBSP_rrdy
00003900   _MCBSP_start
00003e20   _MCBSP_write
00003e40   _MCBSP_xrdy
8002784c   __IRQ_dispatchTable
80027788   __IRQ_eventTable
00003e60   __IRQ_hookFetchPacket
8002780c   __IRQ_intTable
80027a80   __MCBSP_hDev0
80027a84   __MCBSP_hDev1
00005f40   __STACK_END
00002000   __STACK_SIZE
ffffffff   ___TI_pprof_out_hndl
ffffffff   ___TI_prof_data_size
ffffffff   ___TI_prof_data_start
ffffffff   ___binit__
00000220   ___bss__
ffffffff   ___c_args__
00005f40   ___cinit__
00000220   ___end__
00003f40   ___etext__
ffffffff   ___pinit__
00000220   ___text__
00003e80   __addd
00003ea0   __addf
00003260   __auto_init
800279ac   __cleanup_ptr
00003ac0   __cmpf
00003ec0   __cvtfd
00002060   __divd
800279b0   __dtors_ptr
00003ad8   __eqlf
00003b40   __fixfi
00003bc0   __fltif
00001ac0   __frcdivd
00003b1c   __geqf
00003b00   __gtrf
00003b0c   __leqf
80027af8   __lock
00003af4   __lssf
00003ee0   __mpyd
00003f00   __mpyf
00003ae4   __neqf
00003d20   __nop
00003d28   __register_lock
00003d3c   __register_unlock
00003360   __remi
00003f40   __stack
00003540   __strasg
00003f20   __subd
80027afc   __unlock
000026f4   _abort
00002618   _atexit
80027864   _bandage
00003620   _block_dc
800278e4   _botrow
00000220   _c6713_dsk_init
00003a40   _c_int00
80027926   _colselect
00000340   _comm_intr
0000030c   _comm_poll
800279e0   _config
000012c0   _delay
80027a40   _denom
000036e0   _detect_envelope
80027a0c   _envelope
80027b00   _errno
000024e0   _exit
00002d40   _filter_signal
00002fe0   _frame_and_filter
00003120   _frexp
80027ad0   _fs
80027100   _h
80027a08   _hAIC23_handle
80027a10   _i
00001108   _init_LCD
00000c98   _init_buffer
8002785c   _input
80000000   _input_left_buffer
00000848   _input_left_sample
80013880   _input_right_buffer
00000910   _input_right_sample
00000744   _input_sample
80027ad4   _inputsource
80027858   _ioport
80027a14   _j
0000133c   _lcd_test
00002bc0   _ldexp
80027ad8   _left_signal_status
000009e0   _main
000022a0   _memcpy
80027a18   _mx
80027a20   _my
80027854   _output
80027860   _output1
00000584   _output_left_sample
00000664   _output_right_sample
0000046c   _output_sample
00000c20   _playback
80027a48   _r
00000d08   _reset_leds
80027adc   _right_signal_status
80027ae4   _row_ind
80027af4   _row_index
80027924   _rowselect
00001018   _send_LCD_characters
00000ec0   _set_LCD_characters
00000d60   _set_leds
80027af0   _signal_on
80027ae0   _signal_status
00001dc0   _sqrt
80027a28   _sx
80027a38   _sxy
80027a30   _sy
00000db8   _toggle
800278a4   _toprow
80027430   _x
ffffffff   binit
00005f40   cinit
00000220   end
00003f40   etext
ffffffff   pinit


GLOBAL SYMBOLS: SORTED BY Symbol Address 

address    name
--------   ----
00000220   $bss
00000220   .bss
00000220   .text
00000220   ___bss__
00000220   ___end__
00000220   ___text__
00000220   _c6713_dsk_init
00000220   end
0000030c   _comm_poll
00000340   _comm_intr
0000046c   _output_sample
00000584   _output_left_sample
00000664   _output_right_sample
00000744   _input_sample
00000848   _input_left_sample
00000910   _input_right_sample
000009e0   _main
00000c20   _playback
00000c98   _init_buffer
00000d08   _reset_leds
00000d60   _set_leds
00000db8   _toggle
00000ec0   _set_LCD_characters
00001018   _send_LCD_characters
00001108   _init_LCD
00001194   _LCD_PUT_CMD
00001230   _LCD_PUT_CHAR
000012c0   _delay
0000133c   _lcd_test
00001390   _DSK6713_init
00001690   _DSK6713_rget
000016a4   _DSK6713_rset
000016b8   _DSK6713_wait
0000170c   _DSK6713_waitusec
00001738   _DSK6713_getVersion
000017c0   _DSK6713_AIC23_openCodec
00001ac0   __frcdivd
00001dc0   _sqrt
00002000   __STACK_SIZE
00002060   __divd
000022a0   _memcpy
000024e0   _exit
00002618   _atexit
000026f4   C$$EXIT
000026f4   _abort
00002700   _IRQ_map
000028a0   _DSK6713_LED_init
000028c8   _DSK6713_LED_off
00002930   _DSK6713_LED_on
00002994   _DSK6713_LED_toggle
00002a40   _MCBSP_reset
00002bc0   _ldexp
00002d40   _filter_signal
00002ea0   _DSK6713_AIC23_rset
00002f3c   _DSK6713_AIC23_rget
00002f60   _DSK6713_AIC23_config
00002fe0   _frame_and_filter
00003120   _frexp
00003260   __auto_init
00003360   __remi
00003460   _MCBSP_open
00003540   __strasg
00003620   _block_dc
000036e0   _detect_envelope
000037a0   _DSK6713_AIC23_setFreq
00003860   _MCBSP_config
00003900   _MCBSP_start
00003a40   _c_int00
00003ac0   __cmpf
00003ad8   __eqlf
00003ae4   __neqf
00003af4   __lssf
00003b00   __gtrf
00003b0c   __leqf
00003b1c   __geqf
00003b40   __fixfi
00003bc0   __fltif
00003c40   _DSK6713_DIP_init
00003c48   _DSK6713_DIP_get
00003ca0   _IRQ_enable
00003ce0   _IRQ_reset
00003d20   __nop
00003d28   __register_lock
00003d3c   __register_unlock
00003d60   _IRQ_globalDisable
00003d80   _IRQ_globalEnable
00003da0   _IRQ_nmiEnable
00003dc0   _MCBSP_getXmtEventId
00003de0   _MCBSP_read
00003e00   _MCBSP_rrdy
00003e20   _MCBSP_write
00003e40   _MCBSP_xrdy
00003e60   __IRQ_hookFetchPacket
00003e80   __addd
00003ea0   __addf
00003ec0   __cvtfd
00003ee0   __mpyd
00003f00   __mpyf
00003f20   __subd
00003f40   ___etext__
00003f40   __stack
00003f40   etext
00005f40   __STACK_END
00005f40   ___cinit__
00005f40   cinit
80000000   _input_left_buffer
80013880   _input_right_buffer
80027100   _h
80027430   _x
80027788   __IRQ_eventTable
8002780c   __IRQ_intTable
8002784c   __IRQ_dispatchTable
80027854   _output
80027858   _ioport
8002785c   _input
80027860   _output1
80027864   _bandage
800278a4   _toprow
800278e4   _botrow
80027924   _rowselect
80027926   _colselect
800279ac   __cleanup_ptr
800279b0   __dtors_ptr
800279bc   _AIC_data
800279c0   _AIC23CfgData
800279e0   _config
80027a08   _hAIC23_handle
80027a0c   _envelope
80027a10   _i
80027a14   _j
80027a18   _mx
80027a20   _my
80027a28   _sx
80027a30   _sy
80027a38   _sxy
80027a40   _denom
80027a48   _r
80027a80   __MCBSP_hDev0
80027a84   __MCBSP_hDev1
80027ad0   _fs
80027ad4   _inputsource
80027ad8   _left_signal_status
80027adc   _right_signal_status
80027ae0   _signal_status
80027ae4   _row_ind
80027ae8   _DSK6713_AIC23_codeccontrolhandle
80027aec   _DSK6713_AIC23_codecdatahandle
80027af0   _signal_on
80027af4   _row_index
80027af8   __lock
80027afc   __unlock
80027b00   _errno
80027b04   _DSK6713_version
ffffffff   ___TI_pprof_out_hndl
ffffffff   ___TI_prof_data_size
ffffffff   ___TI_prof_data_start
ffffffff   ___binit__
ffffffff   ___c_args__
ffffffff   ___pinit__
ffffffff   binit
ffffffff   pinit

[161 symbols]
