******************************************************************************
               TMS320C6x Linker PC v7.3.1                      
******************************************************************************
>> Linked Sun Apr 01 19:08:47 2012

OUTPUT FILE NAME:   <TheGatorKator.out>
ENTRY POINT SYMBOL: "_c_int00"  address: 0001da60


MEMORY CONFIGURATION

         name            origin    length      used     unused   attr    fill
----------------------  --------  ---------  --------  --------  ----  --------
  IVECS                 00000000   00000220  00000000  00000220  RWIX
  IRAM                  00000220   0002fde0  0002044b  0000f995  RWIX
  SDRAM                 80000000   01000000  0003f998  00fc0668  RWIX
  FLASH                 90000000   00020000  00000000  00020000  RWIX


SECTION ALLOCATION MAP

 output                                  attributes/
section   page    origin      length       input sections
--------  ----  ----------  ----------   ----------------
$BRID      0    00000000    00000518     COPY SECTION
                  00000000    00000078     csl6713.lib : csl_irq.obj ($BRID)
                  00000078    0000007c                 : csl_mcbsp.obj ($BRID)
                  000000f4    00000054     dsk6713bsl.lib : dsk6713.obj ($BRID)
                  00000148    00000024                    : dsk6713_aic23_opencodec.obj ($BRID)
                  0000016c    00000014                    : dsk6713_aic23_registers.obj ($BRID)
                  00000180    0000000c                    : dsk6713_aic23_setfreq.obj ($BRID)
                  0000018c    0000000c                    : dsk6713_dip.obj ($BRID)
                  00000198    00000030                    : dsk6713_led.obj ($BRID)
                  000001c8    00000004     rts6700.lib : addd.obj ($BRID)
                  000001cc    00000004                 : addf.obj ($BRID)
                  000001d0    0000000c                 : boot.obj ($BRID)
                  000001dc    00000008                 : ceil.obj ($BRID)
                  000001e4    0000001c                 : cmpf.obj ($BRID)
                  00000200    00000004                 : cvtdf.obj ($BRID)
                  00000204    00000004                 : cvtfd.obj ($BRID)
                  00000208    00000008                 : divd.obj ($BRID)
                  00000210    00000008                 : divf.obj ($BRID)
                  00000218    00000028                 : exit.obj ($BRID)
                  00000240    00000004                 : fixdi.obj ($BRID)
                  00000244    0000000c                 : fixfi.obj ($BRID)
                  00000250    00000008                 : floor.obj ($BRID)
                  00000258    00000004                 : fltid.obj ($BRID)
                  0000025c    00000008                 : fltif.obj ($BRID)
                  00000264    00000004                 : frcdivd.obj ($BRID)
                  00000268    00000004                 : frcdivf.obj ($BRID)
                  0000026c    00000004                 : modf.obj ($BRID)
                  00000270    00000004                 : mpyd.obj ($BRID)
                  00000274    00000004                 : mpyf.obj ($BRID)
                  00000278    00000014                 : sprintf.obj ($BRID)
                  0000028c    0000000c                 : sqrt.obj ($BRID)
                  00000298    00000004                 : strasg.obj ($BRID)
                  0000029c    00000004                 : subd.obj ($BRID)
                  000002a0    00000004                 : subf.obj ($BRID)
                  000002a4    0000000c                 : _lock.obj ($BRID)
                  000002b0    0000011c                 : _printfi.obj ($BRID)
                  000003cc    00000004                 : atoi.obj ($BRID)
                  000003d0    0000000c                 : autoinit.obj ($BRID)
                  000003dc    00000004                 : divu.obj ($BRID)
                  000003e0    00000010                 : ecvt.obj ($BRID)
                  000003f0    00000010                 : fcvt.obj ($BRID)
                  00000400    00000004                 : fixdli.obj ($BRID)
                  00000404    00000004                 : frexp.obj ($BRID)
                  00000408    0000001c                 : imath40.obj ($BRID)
                  00000424    00000004                 : ldexp.obj ($BRID)
                  00000428    00000010                 : ltoa.obj ($BRID)
                  00000438    00000008                 : memccpy.obj ($BRID)
                  00000440    0000000c                 : memcpy62.obj ($BRID)
                  0000044c    000000c8                 : memory.obj ($BRID)
                  00000514    00000004                 : memset.obj ($BRID)

.bss       0    00000220    00000000     UNINITIALIZED

.cinit     0    00000220    00013f94     
                  00000220    00013ba8     gator_kator.obj (.cinit)
                  00013dc8    0000012c     csl6713.lib : csl_irq.obj (.cinit)
                  00013ef4    00000004     --HOLE-- [fill = 0]
                  00013ef8    000000ca     emif_lcd.obj (.cinit)
                  00013fc2    00000006     --HOLE-- [fill = 0]
                  00013fc8    00000058     c6713dskinit.obj (.cinit)
                  00014020    00000054     csl6713.lib : csl_mcbsp.obj (.cinit)
                  00014074    00000004     --HOLE-- [fill = 0]
                  00014078    00000030     dsk6713bsl.lib : dsk6713_aic23_registers.obj (.cinit)
                  000140a8    0000002c     frame_and_filter.obj (.cinit)
                  000140d4    00000004     --HOLE-- [fill = 0]
                  000140d8    0000002c     rts6700.lib : exit.obj (.cinit)
                  00014104    00000004     --HOLE-- [fill = 0]
                  00014108    00000028     dsk6713bsl.lib : dsk6713_aic23_setfreq.obj (.cinit)
                  00014130    0000001c     rts6700.lib : _lock.obj (.cinit)
                  0001414c    00000004     --HOLE-- [fill = 0]
                  00014150    0000001c                 : sysmem.obj (.cinit)
                  0001416c    00000004     --HOLE-- [fill = 0]
                  00014170    0000000c     detect_envelope.obj (.cinit)
                  0001417c    00000004     --HOLE-- [fill = 0]
                  00014180    0000000c     rts6700.lib : errno.obj (.cinit)
                  0001418c    00000004     --HOLE-- [fill = 0]
                  00014190    0000000c                 : memory.obj (.cinit)
                  0001419c    00000004     --HOLE-- [fill = 0]
                  000141a0    0000000c     xcorr.obj (.cinit)
                  000141ac    00000004     --HOLE-- [fill = 0]
                  000141b0    00000004     (.pad.cinit) [fill = 0]

.text      0    000141c0    00009f20     
                  000141c0    00002a00     rts6700.lib : _printfi.obj (.text)
                  00016bc0    00001020                 : memory.obj (.text)
                  00017be0    000009c0     gator_kator.obj (.text)
                  000185a0    000007c0     c6713dskinit.obj (.text)
                  00018d60    00000780     xcorr.obj (.text)
                  000194e0    000004c0     rts6700.lib : imath40.obj (.text)
                  000199a0    00000480                 : ecvt.obj (.text)
                  00019e20    00000480                 : fcvt.obj (.text)
                  0001a2a0    00000460     dsk6713bsl.lib : dsk6713.obj (.text)
                  0001a700    000003e0     emif_lcd.obj (.text)
                  0001aae0    00000300     dsk6713bsl.lib : dsk6713_aic23_opencodec.obj (.text)
                  0001ade0    00000300     rts6700.lib : frcdivd.obj (.text)
                  0001b0e0    000002a0                 : sqrt.obj (.text)
                  0001b380    00000240                 : divd.obj (.text)
                  0001b5c0    00000240                 : memcpy62.obj (.text)
                  0001b800    00000220                 : exit.obj (.text)
                  0001ba20    000001a0     csl6713.lib : csl_irq.obj (.text:_IRQ_map)
                  0001bbc0    000001a0     dsk6713bsl.lib : dsk6713_led.obj (.text)
                  0001bd60    000001a0     find_max.obj (.text)
                  0001bf00    00000180     csl6713.lib : csl_mcbsp.obj (.text:_MCBSP_reset)
                  0001c080    00000180     frame_and_filter.obj (.text)
                  0001c200    00000180     rts6700.lib : atoi.obj (.text)
                  0001c380    00000180                 : divf.obj (.text)
                  0001c500    00000180                 : ldexp.obj (.text)
                  0001c680    00000160     fir_filter.obj (.text)
                  0001c7e0    00000160     rts6700.lib : sprintf.obj (.text)
                  0001c940    00000140     dsk6713bsl.lib : dsk6713_aic23_registers.obj (.text)
                  0001ca80    00000140     rts6700.lib : frexp.obj (.text)
                  0001cbc0    00000140                 : ltoa.obj (.text)
                  0001cd00    00000120                 : memset.obj (.text)
                  0001ce20    00000100                 : autoinit.obj (.text)
                  0001cf20    00000100                 : frcdivf.obj (.text)
                  0001d020    000000e0     csl6713.lib : csl_mcbsp.obj (.text:_MCBSP_open)
                  0001d100    000000e0     rts6700.lib : modf.obj (.text)
                  0001d1e0    000000e0                 : strasg.obj (.text)
                  0001d2c0    000000c0     block_dc.obj (.text)
                  0001d380    000000c0     detect_envelope.obj (.text)
                  0001d440    000000c0     dsk6713bsl.lib : dsk6713_aic23_setfreq.obj (.text)
                  0001d500    000000c0     rts6700.lib : divu.obj (.text)
                  0001d5c0    000000c0                 : fixdi.obj (.text)
                  0001d680    000000c0                 : fixdli.obj (.text)
                  0001d740    000000a0     csl6713.lib : csl_mcbsp.obj (.text:_MCBSP_config)
                  0001d7e0    000000a0                 : csl_mcbsp.obj (.text:_MCBSP_start)
                  0001d880    000000a0                 : csl_irq.obj (.text:_setMux)
                  0001d920    000000a0     find_distance.obj (.text)
                  0001d9c0    000000a0     rts6700.lib : memccpy.obj (.text)
                  0001da60    00000080                 : boot.obj (.text)
                  0001dae0    00000080                 : cmpf.obj (.text)
                  0001db60    00000080                 : fixfi.obj (.text)
                  0001dbe0    00000080                 : fltid.obj (.text)
                  0001dc60    00000080                 : fltif.obj (.text)
                  0001dce0    00000060     dsk6713bsl.lib : dsk6713_dip.obj (.text)
                  0001dd40    00000060     rts6700.lib : ceil.obj (.text)
                  0001dda0    00000060                 : floor.obj (.text)
                  0001de00    00000040     csl6713.lib : csl_irq.obj (.text:_IRQ_enable)
                  0001de40    00000040                 : csl_irq.obj (.text:_IRQ_reset)
                  0001de80    00000040     rts6700.lib : _lock.obj (.text)
                  0001dec0    00000020     csl6713.lib : csl_irq.obj (.text:_IRQ_globalDisable)
                  0001dee0    00000020                 : csl_irq.obj (.text:_IRQ_globalEnable)
                  0001df00    00000020                 : csl_irq.obj (.text:_IRQ_nmiEnable)
                  0001df20    00000020                 : csl_mcbsp.obj (.text:_MCBSP_getXmtEventId)
                  0001df40    00000020                 : csl_mcbsp.obj (.text:_MCBSP_read)
                  0001df60    00000020                 : csl_mcbsp.obj (.text:_MCBSP_rrdy)
                  0001df80    00000020                 : csl_mcbsp.obj (.text:_MCBSP_write)
                  0001dfa0    00000020                 : csl_mcbsp.obj (.text:_MCBSP_xrdy)
                  0001dfc0    00000020                 : csl_irq.obj (.text)
                  0001dfe0    00000020     rts6700.lib : addd.obj (.text)
                  0001e000    00000020                 : addf.obj (.text)
                  0001e020    00000020                 : cvtdf.obj (.text)
                  0001e040    00000020                 : cvtfd.obj (.text)
                  0001e060    00000020                 : mpyd.obj (.text)
                  0001e080    00000020                 : mpyf.obj (.text)
                  0001e0a0    00000020                 : subd.obj (.text)
                  0001e0c0    00000020                 : subf.obj (.text)

.stack     0    0001e0e0    00002000     UNINITIALIZED
                  0001e0e0    00000008     rts6700.lib : boot.obj (.stack)
                  0001e0e8    00001ff8     --HOLE--

.sysmem    0    000200e0    00000400     UNINITIALIZED
                  000200e0    00000400     --HOLE--

.const     0    000204e0    00000197     
                  000204e0    00000101     rts6700.lib : ctype.obj (.const)
                  000205e1    00000003     --HOLE-- [fill = 0]
                  000205e4    00000040     dsk6713bsl.lib : dsk6713_aic23_opencodec.obj (.const)
                  00020624    0000002a     rts6700.lib : _printfi.obj (.const)
                  0002064e    00000002     --HOLE-- [fill = 0]
                  00020650    00000020     dsk6713bsl.lib : dsk6713.obj (.const)
                  00020670    00000004     gator_kator.obj (.const)
                  00020674    00000003     gator_kator.obj (.const:_$P$T0$1)

.EXTRAM    0    80000000    0003eca8     
                  80000000    0003e978     gator_kator.obj (.EXTRAM) [fill = 0]
                  8003e978    00000330     fir_filter.obj (.EXTRAM)

.far       0    8003eca8    00000cf0     UNINITIALIZED
                  8003eca8    00000330     fir_filter.obj (.far)
                  8003efd8    000002a0     gator_kator.obj (.far)
                  8003f278    00000190     rts6700.lib : _printfi.obj (.far)
                  8003f408    00000190                 : fcvt.obj (.far)
                  8003f598    000000f4     csl6713.lib : csl_irq.obj (.far)
                  8003f68c    000000d4     emif_lcd.obj (.far)
                  8003f760    0000008c     rts6700.lib : exit.obj (.far)
                  8003f7ec    00000064                 : ecvt.obj (.far)
                  8003f850    00000058     c6713dskinit.obj (.far)
                  8003f8a8    00000040     xcorr.obj (.far)
                  8003f8e8    00000038     csl6713.lib : csl_mcbsp.obj (.far)
                  8003f920    00000028     dsk6713bsl.lib : dsk6713_aic23_registers.obj (.far)
                  8003f948    00000020                    : dsk6713_aic23_setfreq.obj (.far)
                  8003f968    0000000c     frame_and_filter.obj (.far)
                  8003f974    00000008     dsk6713bsl.lib : dsk6713_aic23_opencodec.obj (.far)
                  8003f97c    00000008     rts6700.lib : _lock.obj (.far)
                  8003f984    00000008                 : memory.obj (.far)
                  8003f98c    00000004     detect_envelope.obj (.far)
                  8003f990    00000004     rts6700.lib : errno.obj (.far)
                  8003f994    00000002     dsk6713bsl.lib : dsk6713.obj (.far)
                  8003f996    00000002                    : dsk6713_led.obj (.far)


GLOBAL SYMBOLS: SORTED ALPHABETICALLY BY Name 

address    name
--------   ----
00000220   $bss
00000220   .bss
000141c0   .text
0001ba14   C$$EXIT
8003f85c   _AIC23CfgData
8003f858   _AIC_data
8003f974   _DSK6713_AIC23_codeccontrolhandle
8003f978   _DSK6713_AIC23_codecdatahandle
0001ca00   _DSK6713_AIC23_config
0001aae0   _DSK6713_AIC23_openCodec
0001c9dc   _DSK6713_AIC23_rget
0001c940   _DSK6713_AIC23_rset
0001d440   _DSK6713_AIC23_setFreq
0001dce8   _DSK6713_DIP_get
0001dce0   _DSK6713_DIP_init
0001bbc0   _DSK6713_LED_init
0001bbe8   _DSK6713_LED_off
0001bc50   _DSK6713_LED_on
0001bcb4   _DSK6713_LED_toggle
0001a678   _DSK6713_getVersion
0001a2d0   _DSK6713_init
0001a5d0   _DSK6713_rget
0001a5e4   _DSK6713_rset
8003f994   _DSK6713_version
0001a5f8   _DSK6713_wait
0001a64c   _DSK6713_waitusec
0001de00   _IRQ_enable
0001dec0   _IRQ_globalDisable
0001dee0   _IRQ_globalEnable
0001ba20   _IRQ_map
0001df00   _IRQ_nmiEnable
0001de40   _IRQ_reset
0001a9b0   _LCD_PUT_CHAR
0001a914   _LCD_PUT_CMD
0001d740   _MCBSP_config
0001df20   _MCBSP_getXmtEventId
0001d020   _MCBSP_open
0001df40   _MCBSP_read
0001bf00   _MCBSP_reset
0001df60   _MCBSP_rrdy
0001d7e0   _MCBSP_start
0001df80   _MCBSP_write
0001dfa0   _MCBSP_xrdy
8003f684   __IRQ_dispatchTable
8003f5c0   __IRQ_eventTable
0001dfc0   __IRQ_hookFetchPacket
8003f644   __IRQ_intTable
8003f918   __MCBSP_hDev0
8003f91c   __MCBSP_hDev1
000200e0   __STACK_END
00002000   __STACK_SIZE
00000400   __SYSMEM_SIZE
ffffffff   ___TI_pprof_out_hndl
ffffffff   ___TI_prof_data_size
ffffffff   ___TI_prof_data_start
ffffffff   ___binit__
00000220   ___bss__
ffffffff   ___c_args__
00000220   ___cinit__
00000220   ___end__
0001e0e0   ___etext__
ffffffff   ___pinit__
000141c0   ___text__
0001dfe0   __addd
0001e000   __addf
0001ce20   __auto_init
8003f7e4   __cleanup_ptr
0001dae0   __cmpf
000204e0   __ctypes_
0001e020   __cvtdf
0001e040   __cvtfd
0001b380   __divd
0001c380   __divf
000198a0   __divli
0001d500   __divu
000195a0   __divul
8003f7e8   __dtors_ptr
0001daf8   __eqlf
0001d5c0   __fixdi
0001d680   __fixdli
0001db60   __fixfi
0001dbe0   __fltid
0001dc60   __fltif
0001ade0   __frcdivd
0001cf20   __frcdivf
0001db3c   __geqf
0001db20   __gtrf
0001db2c   __leqf
8003f97c   __lock
0001db14   __lssf
8003f984   __memory_size
0001e060   __mpyd
0001e080   __mpyf
0001db04   __neqf
0001de80   __nop
000141c0   __printfi
0001de88   __register_lock
0001de9c   __register_unlock
000197e4   __remli
000194e0   __remul
0001e0e0   __stack
0001d1e0   __strasg
0001e0a0   __subd
0001e0c0   __subf
000200e0   __sys_memory
8003f980   __unlock
0001ba14   _abort
0001b938   _atexit
0001c200   _atoi
8003f69c   _bandage
0001d2c0   _block_dc
8003f71c   _botrow
000185a0   _c6713_dsk_init
0001da60   _c_int00
8003f970   _call_count
00017044   _calloc
0001dd40   _ceil
8003f038   _collecting_bot
8003eff8   _collecting_top
8003f75e   _colselect
000186c0   _comm_intr
0001868c   _comm_poll
8003f87c   _config
8003f8b0   _delay
0001aa40   _delay_lcd
8003f8e0   _denom
0001d380   _detect_envelope
8003f138   _distance_bot
8003a980   _distance_corr_buffer
8003f0f8   _distance_top
000199a0   _ecvt
8003f98c   _envelope
8003f990   _errno
0001b800   _exit
00019e20   _fcvt
0001c680   _filter_signal
0001d920   _find_distance
0001bd60   _find_max
0001dda0   _floor
0001c080   _frame_and_filter
00017490   _free
0001ca80   _frexp
8003efd8   _fs
8003e978   _h
8003f8a4   _hAIC23_handle
8003f8a8   _i
0001a888   _init_LCD
00018390   _init_buffer
8003f694   _input
80013880   _input_left_buffer
00018bc8   _input_left_sample
80027100   _input_right_buffer
00018c90   _input_right_sample
00018ac4   _input_sample
8003efdc   _inputsource
8003f690   _ioport
8003f8ac   _j
8003eff4   _lcd_control
0001aabc   _lcd_test
0001c500   _ldexp
8003efe0   _left_signal_status
0001cbc0   _ltoa
00017be0   _main
00016e3c   _malloc
8003f1b8   _match_bot
8003c97c   _match_corr_buffer
8003f238   _match_percent_bot
8003f1f8   _match_percent_top
8003f178   _match_top
00017848   _memalign
0001d9c0   _memccpy
0001b5c0   _memcpy
0001cd00   _memset
00016dd4   _minit
0001d100   _modf
8003f8b8   _mx
8003f8c0   _my
8003f68c   _output
8003f698   _output1
00018904   _output_left_sample
000189e4   _output_right_sample
000187ec   _output_sample
00018318   _playback
8003eff0   _program_control
00017100   _realloc
00018400   _reset_leds
8003efe4   _right_signal_status
8003efec   _row_ind
8003f96c   _row_index
8003f75c   _rowselect
0001a79c   _send_LCD_characters
0001a700   _set_LCD_characters
00018458   _set_leds
8003f0b8   _signal_detected_bot
8003f078   _signal_detected_top
8003f968   _signal_on
8003efe8   _signal_status
80000000   _soi
0001c7e0   _sprintf
0001b0e0   _sqrt
8003f8c8   _sx
8003f8d8   _sxy
8003f8d0   _sy
000184b0   _toggle
8003f6dc   _toprow
8003eca8   _x
00018d60   _xcorr
ffffffff   binit
00000220   cinit
00000220   end
0001e0e0   etext
ffffffff   pinit


GLOBAL SYMBOLS: SORTED BY Symbol Address 

address    name
--------   ----
00000220   $bss
00000220   .bss
00000220   ___bss__
00000220   ___cinit__
00000220   ___end__
00000220   cinit
00000220   end
00000400   __SYSMEM_SIZE
00002000   __STACK_SIZE
000141c0   .text
000141c0   ___text__
000141c0   __printfi
00016dd4   _minit
00016e3c   _malloc
00017044   _calloc
00017100   _realloc
00017490   _free
00017848   _memalign
00017be0   _main
00018318   _playback
00018390   _init_buffer
00018400   _reset_leds
00018458   _set_leds
000184b0   _toggle
000185a0   _c6713_dsk_init
0001868c   _comm_poll
000186c0   _comm_intr
000187ec   _output_sample
00018904   _output_left_sample
000189e4   _output_right_sample
00018ac4   _input_sample
00018bc8   _input_left_sample
00018c90   _input_right_sample
00018d60   _xcorr
000194e0   __remul
000195a0   __divul
000197e4   __remli
000198a0   __divli
000199a0   _ecvt
00019e20   _fcvt
0001a2d0   _DSK6713_init
0001a5d0   _DSK6713_rget
0001a5e4   _DSK6713_rset
0001a5f8   _DSK6713_wait
0001a64c   _DSK6713_waitusec
0001a678   _DSK6713_getVersion
0001a700   _set_LCD_characters
0001a79c   _send_LCD_characters
0001a888   _init_LCD
0001a914   _LCD_PUT_CMD
0001a9b0   _LCD_PUT_CHAR
0001aa40   _delay_lcd
0001aabc   _lcd_test
0001aae0   _DSK6713_AIC23_openCodec
0001ade0   __frcdivd
0001b0e0   _sqrt
0001b380   __divd
0001b5c0   _memcpy
0001b800   _exit
0001b938   _atexit
0001ba14   C$$EXIT
0001ba14   _abort
0001ba20   _IRQ_map
0001bbc0   _DSK6713_LED_init
0001bbe8   _DSK6713_LED_off
0001bc50   _DSK6713_LED_on
0001bcb4   _DSK6713_LED_toggle
0001bd60   _find_max
0001bf00   _MCBSP_reset
0001c080   _frame_and_filter
0001c200   _atoi
0001c380   __divf
0001c500   _ldexp
0001c680   _filter_signal
0001c7e0   _sprintf
0001c940   _DSK6713_AIC23_rset
0001c9dc   _DSK6713_AIC23_rget
0001ca00   _DSK6713_AIC23_config
0001ca80   _frexp
0001cbc0   _ltoa
0001cd00   _memset
0001ce20   __auto_init
0001cf20   __frcdivf
0001d020   _MCBSP_open
0001d100   _modf
0001d1e0   __strasg
0001d2c0   _block_dc
0001d380   _detect_envelope
0001d440   _DSK6713_AIC23_setFreq
0001d500   __divu
0001d5c0   __fixdi
0001d680   __fixdli
0001d740   _MCBSP_config
0001d7e0   _MCBSP_start
0001d920   _find_distance
0001d9c0   _memccpy
0001da60   _c_int00
0001dae0   __cmpf
0001daf8   __eqlf
0001db04   __neqf
0001db14   __lssf
0001db20   __gtrf
0001db2c   __leqf
0001db3c   __geqf
0001db60   __fixfi
0001dbe0   __fltid
0001dc60   __fltif
0001dce0   _DSK6713_DIP_init
0001dce8   _DSK6713_DIP_get
0001dd40   _ceil
0001dda0   _floor
0001de00   _IRQ_enable
0001de40   _IRQ_reset
0001de80   __nop
0001de88   __register_lock
0001de9c   __register_unlock
0001dec0   _IRQ_globalDisable
0001dee0   _IRQ_globalEnable
0001df00   _IRQ_nmiEnable
0001df20   _MCBSP_getXmtEventId
0001df40   _MCBSP_read
0001df60   _MCBSP_rrdy
0001df80   _MCBSP_write
0001dfa0   _MCBSP_xrdy
0001dfc0   __IRQ_hookFetchPacket
0001dfe0   __addd
0001e000   __addf
0001e020   __cvtdf
0001e040   __cvtfd
0001e060   __mpyd
0001e080   __mpyf
0001e0a0   __subd
0001e0c0   __subf
0001e0e0   ___etext__
0001e0e0   __stack
0001e0e0   etext
000200e0   __STACK_END
000200e0   __sys_memory
000204e0   __ctypes_
80000000   _soi
80013880   _input_left_buffer
80027100   _input_right_buffer
8003a980   _distance_corr_buffer
8003c97c   _match_corr_buffer
8003e978   _h
8003eca8   _x
8003efd8   _fs
8003efdc   _inputsource
8003efe0   _left_signal_status
8003efe4   _right_signal_status
8003efe8   _signal_status
8003efec   _row_ind
8003eff0   _program_control
8003eff4   _lcd_control
8003eff8   _collecting_top
8003f038   _collecting_bot
8003f078   _signal_detected_top
8003f0b8   _signal_detected_bot
8003f0f8   _distance_top
8003f138   _distance_bot
8003f178   _match_top
8003f1b8   _match_bot
8003f1f8   _match_percent_top
8003f238   _match_percent_bot
8003f5c0   __IRQ_eventTable
8003f644   __IRQ_intTable
8003f684   __IRQ_dispatchTable
8003f68c   _output
8003f690   _ioport
8003f694   _input
8003f698   _output1
8003f69c   _bandage
8003f6dc   _toprow
8003f71c   _botrow
8003f75c   _rowselect
8003f75e   _colselect
8003f7e4   __cleanup_ptr
8003f7e8   __dtors_ptr
8003f858   _AIC_data
8003f85c   _AIC23CfgData
8003f87c   _config
8003f8a4   _hAIC23_handle
8003f8a8   _i
8003f8ac   _j
8003f8b0   _delay
8003f8b8   _mx
8003f8c0   _my
8003f8c8   _sx
8003f8d0   _sy
8003f8d8   _sxy
8003f8e0   _denom
8003f918   __MCBSP_hDev0
8003f91c   __MCBSP_hDev1
8003f968   _signal_on
8003f96c   _row_index
8003f970   _call_count
8003f974   _DSK6713_AIC23_codeccontrolhandle
8003f978   _DSK6713_AIC23_codecdatahandle
8003f97c   __lock
8003f980   __unlock
8003f984   __memory_size
8003f98c   _envelope
8003f990   _errno
8003f994   _DSK6713_version
ffffffff   ___TI_pprof_out_hndl
ffffffff   ___TI_prof_data_size
ffffffff   ___TI_prof_data_start
ffffffff   ___binit__
ffffffff   ___c_args__
ffffffff   ___pinit__
ffffffff   binit
ffffffff   pinit

[212 symbols]
