******************************************************************************
               TMS320C6x Linker PC v7.3.1                      
******************************************************************************
>> Linked Wed Apr 04 02:03:33 2012

OUTPUT FILE NAME:   <TheGatorKator.out>
ENTRY POINT SYMBOL: "_c_int00"  address: 0001b860


MEMORY CONFIGURATION

         name            origin    length      used     unused   attr    fill
----------------------  --------  ---------  --------  --------  ----  --------
  IVECS                 00000000   00000220  00000000  00000220  RWIX
  IRAM                  00000220   0002fde0  0001e27b  00011b65  RWIX
  SDRAM                 80000000   01000000  000bb098  00f44f68  RWIX
  FLASH                 90000000   00020000  00000000  00020000  RWIX


SECTION ALLOCATION MAP

 output                                  attributes/
section   page    origin      length       input sections
--------  ----  ----------  ----------   ----------------
$BRID      0    00000000    00000560     COPY SECTION
                  00000000    00000078     csl6713.lib : csl_irq.obj ($BRID)
                  00000078    0000007c                 : csl_mcbsp.obj ($BRID)
                  000000f4    00000054     dsk6713bsl.lib : dsk6713.obj ($BRID)
                  00000148    00000024                    : dsk6713_aic23_opencodec.obj ($BRID)
                  0000016c    00000014                    : dsk6713_aic23_registers.obj ($BRID)
                  00000180    0000000c                    : dsk6713_aic23_setfreq.obj ($BRID)
                  0000018c    0000000c                    : dsk6713_dip.obj ($BRID)
                  00000198    00000030                    : dsk6713_led.obj ($BRID)
                  000001c8    00000004     rts6700.lib : addd.obj ($BRID)
                  000001cc    00000004                 : addf.obj ($BRID)
                  000001d0    0000000c                 : boot.obj ($BRID)
                  000001dc    00000008                 : ceil.obj ($BRID)
                  000001e4    0000001c                 : cmpf.obj ($BRID)
                  00000200    00000014                 : cos.obj ($BRID)
                  00000214    00000004                 : cvtdf.obj ($BRID)
                  00000218    00000004                 : cvtfd.obj ($BRID)
                  0000021c    00000008                 : divd.obj ($BRID)
                  00000224    00000008                 : divf.obj ($BRID)
                  0000022c    00000028                 : exit.obj ($BRID)
                  00000254    00000004                 : fixdi.obj ($BRID)
                  00000258    0000000c                 : fixfi.obj ($BRID)
                  00000264    00000008                 : floor.obj ($BRID)
                  0000026c    00000004                 : fltid.obj ($BRID)
                  00000270    00000008                 : fltif.obj ($BRID)
                  00000278    00000004                 : frcdivd.obj ($BRID)
                  0000027c    00000004                 : frcdivf.obj ($BRID)
                  00000280    00000004                 : modf.obj ($BRID)
                  00000284    00000004                 : mpyd.obj ($BRID)
                  00000288    00000004                 : mpyf.obj ($BRID)
                  0000028c    00000018                 : round.obj ($BRID)
                  000002a4    00000014                 : sin.obj ($BRID)
                  000002b8    00000014                 : sprintf.obj ($BRID)
                  000002cc    0000000c                 : sqrt.obj ($BRID)
                  000002d8    00000004                 : strasg.obj ($BRID)
                  000002dc    00000004                 : subd.obj ($BRID)
                  000002e0    00000004                 : subf.obj ($BRID)
                  000002e4    00000008                 : trunc.obj ($BRID)
                  000002ec    0000000c                 : _lock.obj ($BRID)
                  000002f8    0000011c                 : _printfi.obj ($BRID)
                  00000414    00000004                 : atoi.obj ($BRID)
                  00000418    0000000c                 : autoinit.obj ($BRID)
                  00000424    00000004                 : divu.obj ($BRID)
                  00000428    00000010                 : ecvt.obj ($BRID)
                  00000438    00000010                 : fcvt.obj ($BRID)
                  00000448    00000004                 : fixdli.obj ($BRID)
                  0000044c    00000004                 : frexp.obj ($BRID)
                  00000450    0000001c                 : imath40.obj ($BRID)
                  0000046c    00000004                 : ldexp.obj ($BRID)
                  00000470    00000010                 : ltoa.obj ($BRID)
                  00000480    00000008                 : memccpy.obj ($BRID)
                  00000488    0000000c                 : memcpy62.obj ($BRID)
                  00000494    000000c8                 : memory.obj ($BRID)
                  0000055c    00000004                 : memset.obj ($BRID)

.bss       0    00000220    00000000     UNINITIALIZED

.cinit     0    00000220    000107a4     
                  00000220    00010328     gator_kator.obj (.cinit)
                  00010548    0000012c     csl6713.lib : csl_irq.obj (.cinit)
                  00010674    00000004     --HOLE-- [fill = 0]
                  00010678    000000ca     emif_lcd.obj (.cinit)
                  00010742    00000006     --HOLE-- [fill = 0]
                  00010748    00000058     c6713dskinit.obj (.cinit)
                  000107a0    00000054     csl6713.lib : csl_mcbsp.obj (.cinit)
                  000107f4    00000004     --HOLE-- [fill = 0]
                  000107f8    00000048     rts6700.lib : cos.obj (.cinit)
                  00010840    00000048                 : sin.obj (.cinit)
                  00010888    00000030     dsk6713bsl.lib : dsk6713_aic23_registers.obj (.cinit)
                  000108b8    0000002c     frame_and_filter.obj (.cinit)
                  000108e4    00000004     --HOLE-- [fill = 0]
                  000108e8    0000002c     rts6700.lib : exit.obj (.cinit)
                  00010914    00000004     --HOLE-- [fill = 0]
                  00010918    00000028     dsk6713bsl.lib : dsk6713_aic23_setfreq.obj (.cinit)
                  00010940    0000001c     rts6700.lib : _lock.obj (.cinit)
                  0001095c    00000004     --HOLE-- [fill = 0]
                  00010960    0000001c                 : sysmem.obj (.cinit)
                  0001097c    00000004     --HOLE-- [fill = 0]
                  00010980    0000000c     detect_envelope.obj (.cinit)
                  0001098c    00000004     --HOLE-- [fill = 0]
                  00010990    0000000c     rts6700.lib : errno.obj (.cinit)
                  0001099c    00000004     --HOLE-- [fill = 0]
                  000109a0    0000000c                 : memory.obj (.cinit)
                  000109ac    00000004     --HOLE-- [fill = 0]
                  000109b0    0000000c     xcorr.obj (.cinit)
                  000109bc    00000004     --HOLE-- [fill = 0]
                  000109c0    00000004     (.pad.cinit) [fill = 0]

.text      0    000109e0    0000b540     
                  000109e0    00002a00     rts6700.lib : _printfi.obj (.text)
                  000133e0    00001020                 : memory.obj (.text)
                  00014400    00000820     gator_kator.obj (.text)
                  00014c20    000007c0     c6713dskinit.obj (.text)
                  000153e0    00000780     xcorr.obj (.text)
                  00015b60    000006a0     fft.obj (.text)
                  00016200    000004c0     rts6700.lib : imath40.obj (.text)
                  000166c0    00000480                 : ecvt.obj (.text)
                  00016b40    00000480                 : fcvt.obj (.text)
                  00016fc0    00000460     dsk6713bsl.lib : dsk6713.obj (.text)
                  00017420    00000400     rts6700.lib : cos.obj (.text)
                  00017820    000003e0     emif_lcd.obj (.text)
                  00017c00    000003c0     rts6700.lib : sin.obj (.text)
                  00017fc0    000003a0     utils.obj (.text)
                  00018360    00000300     dsk6713bsl.lib : dsk6713_aic23_opencodec.obj (.text)
                  00018660    00000300     rts6700.lib : frcdivd.obj (.text)
                  00018960    000002a0                 : sqrt.obj (.text)
                  00018c00    00000240                 : divd.obj (.text)
                  00018e40    00000240                 : memcpy62.obj (.text)
                  00019080    00000220                 : exit.obj (.text)
                  000192a0    000001e0                 : round.obj (.text)
                  00019480    000001c0     power_spectrum.obj (.text)
                  00019640    000001a0     csl6713.lib : csl_irq.obj (.text:_IRQ_map)
                  000197e0    000001a0     dsk6713bsl.lib : dsk6713_led.obj (.text)
                  00019980    000001a0     find_max.obj (.text)
                  00019b20    00000180     csl6713.lib : csl_mcbsp.obj (.text:_MCBSP_reset)
                  00019ca0    00000180     frame_and_filter.obj (.text)
                  00019e20    00000180     rts6700.lib : atoi.obj (.text)
                  00019fa0    00000180                 : divf.obj (.text)
                  0001a120    00000180                 : ldexp.obj (.text)
                  0001a2a0    00000160                 : sprintf.obj (.text)
                  0001a400    00000140     dsk6713bsl.lib : dsk6713_aic23_registers.obj (.text)
                  0001a540    00000140     fir_filter.obj (.text)
                  0001a680    00000140     rts6700.lib : frexp.obj (.text)
                  0001a7c0    00000140                 : ltoa.obj (.text)
                  0001a900    00000120                 : memset.obj (.text)
                  0001aa20    00000100     copy_to_struct.obj (.text)
                  0001ab20    00000100     normalize_real.obj (.text)
                  0001ac20    00000100     rts6700.lib : autoinit.obj (.text)
                  0001ad20    00000100                 : frcdivf.obj (.text)
                  0001ae20    000000e0     csl6713.lib : csl_mcbsp.obj (.text:_MCBSP_open)
                  0001af00    000000e0     rts6700.lib : modf.obj (.text)
                  0001afe0    000000e0                 : strasg.obj (.text)
                  0001b0c0    000000c0     block_dc.obj (.text)
                  0001b180    000000c0     detect_envelope.obj (.text)
                  0001b240    000000c0     dsk6713bsl.lib : dsk6713_aic23_setfreq.obj (.text)
                  0001b300    000000c0     rts6700.lib : divu.obj (.text)
                  0001b3c0    000000c0                 : fixdi.obj (.text)
                  0001b480    000000c0                 : fixdli.obj (.text)
                  0001b540    000000a0     csl6713.lib : csl_mcbsp.obj (.text:_MCBSP_config)
                  0001b5e0    000000a0                 : csl_mcbsp.obj (.text:_MCBSP_start)
                  0001b680    000000a0                 : csl_irq.obj (.text:_setMux)
                  0001b720    000000a0     find_distance.obj (.text)
                  0001b7c0    000000a0     rts6700.lib : memccpy.obj (.text)
                  0001b860    00000080                 : boot.obj (.text)
                  0001b8e0    00000080                 : cmpf.obj (.text)
                  0001b960    00000080                 : fixfi.obj (.text)
                  0001b9e0    00000080                 : fltid.obj (.text)
                  0001ba60    00000080                 : fltif.obj (.text)
                  0001bae0    00000060     dsk6713bsl.lib : dsk6713_dip.obj (.text)
                  0001bb40    00000060     rts6700.lib : ceil.obj (.text)
                  0001bba0    00000060                 : floor.obj (.text)
                  0001bc00    00000040     csl6713.lib : csl_irq.obj (.text:_IRQ_enable)
                  0001bc40    00000040                 : csl_irq.obj (.text:_IRQ_reset)
                  0001bc80    00000040     rts6700.lib : _lock.obj (.text)
                  0001bcc0    00000040                 : trunc.obj (.text)
                  0001bd00    00000020     csl6713.lib : csl_irq.obj (.text:_IRQ_globalDisable)
                  0001bd20    00000020                 : csl_irq.obj (.text:_IRQ_globalEnable)
                  0001bd40    00000020                 : csl_irq.obj (.text:_IRQ_nmiEnable)
                  0001bd60    00000020                 : csl_mcbsp.obj (.text:_MCBSP_getXmtEventId)
                  0001bd80    00000020                 : csl_mcbsp.obj (.text:_MCBSP_read)
                  0001bda0    00000020                 : csl_mcbsp.obj (.text:_MCBSP_rrdy)
                  0001bdc0    00000020                 : csl_mcbsp.obj (.text:_MCBSP_write)
                  0001bde0    00000020                 : csl_mcbsp.obj (.text:_MCBSP_xrdy)
                  0001be00    00000020                 : csl_irq.obj (.text)
                  0001be20    00000020     rts6700.lib : addd.obj (.text)
                  0001be40    00000020                 : addf.obj (.text)
                  0001be60    00000020                 : cvtdf.obj (.text)
                  0001be80    00000020                 : cvtfd.obj (.text)
                  0001bea0    00000020                 : mpyd.obj (.text)
                  0001bec0    00000020                 : mpyf.obj (.text)
                  0001bee0    00000020                 : subd.obj (.text)
                  0001bf00    00000020                 : subf.obj (.text)

.stack     0    0001bf20    00002000     UNINITIALIZED
                  0001bf20    00000008     rts6700.lib : boot.obj (.stack)
                  0001bf28    00001ff8     --HOLE--

.sysmem    0    0001df20    00000400     UNINITIALIZED
                  0001df20    00000400     --HOLE--

.const     0    0001e320    00000197     
                  0001e320    00000101     rts6700.lib : ctype.obj (.const)
                  0001e421    00000003     --HOLE-- [fill = 0]
                  0001e424    00000040     dsk6713bsl.lib : dsk6713_aic23_opencodec.obj (.const)
                  0001e464    0000002a     rts6700.lib : _printfi.obj (.const)
                  0001e48e    00000002     --HOLE-- [fill = 0]
                  0001e490    00000020     dsk6713bsl.lib : dsk6713.obj (.const)
                  0001e4b0    00000004     gator_kator.obj (.const)
                  0001e4b4    00000003     gator_kator.obj (.const:_$P$T0$1)

.EXTRAM    0    80000000    000ba328     
                  80000000    000b9ff8     gator_kator.obj (.EXTRAM) [fill = 0]
                  800b9ff8    00000330     fir_filter.obj (.EXTRAM)

.far       0    800ba328    00000d70     UNINITIALIZED
                  800ba328    00000330     fir_filter.obj (.far)
                  800ba658    000002a0     gator_kator.obj (.far)
                  800ba8f8    00000190     rts6700.lib : _printfi.obj (.far)
                  800baa88    00000190                 : fcvt.obj (.far)
                  800bac18    000000f4     csl6713.lib : csl_irq.obj (.far)
                  800bad0c    000000d4     emif_lcd.obj (.far)
                  800bade0    0000008c     rts6700.lib : exit.obj (.far)
                  800bae6c    00000064                 : ecvt.obj (.far)
                  800baed0    00000058     c6713dskinit.obj (.far)
                  800baf28    00000040     rts6700.lib : cos.obj (.far)
                  800baf68    00000040                 : sin.obj (.far)
                  800bafa8    00000040     xcorr.obj (.far)
                  800bafe8    00000038     csl6713.lib : csl_mcbsp.obj (.far)
                  800bb020    00000028     dsk6713bsl.lib : dsk6713_aic23_registers.obj (.far)
                  800bb048    00000020                    : dsk6713_aic23_setfreq.obj (.far)
                  800bb068    0000000c     frame_and_filter.obj (.far)
                  800bb074    00000008     dsk6713bsl.lib : dsk6713_aic23_opencodec.obj (.far)
                  800bb07c    00000008     rts6700.lib : _lock.obj (.far)
                  800bb084    00000008                 : memory.obj (.far)
                  800bb08c    00000004     detect_envelope.obj (.far)
                  800bb090    00000004     rts6700.lib : errno.obj (.far)
                  800bb094    00000002     dsk6713bsl.lib : dsk6713.obj (.far)
                  800bb096    00000002                    : dsk6713_led.obj (.far)


GLOBAL SYMBOLS: SORTED ALPHABETICALLY BY Name 

address    name
--------   ----
00000220   $bss
00000220   .bss
000109e0   .text
00019294   C$$EXIT
800baedc   _AIC23CfgData
800baed8   _AIC_data
800bb074   _DSK6713_AIC23_codeccontrolhandle
800bb078   _DSK6713_AIC23_codecdatahandle
0001a4c0   _DSK6713_AIC23_config
00018360   _DSK6713_AIC23_openCodec
0001a49c   _DSK6713_AIC23_rget
0001a400   _DSK6713_AIC23_rset
0001b240   _DSK6713_AIC23_setFreq
0001bae8   _DSK6713_DIP_get
0001bae0   _DSK6713_DIP_init
000197e0   _DSK6713_LED_init
00019808   _DSK6713_LED_off
00019870   _DSK6713_LED_on
000198d4   _DSK6713_LED_toggle
00017398   _DSK6713_getVersion
00016ff0   _DSK6713_init
000172f0   _DSK6713_rget
00017304   _DSK6713_rset
800bb094   _DSK6713_version
00017318   _DSK6713_wait
0001736c   _DSK6713_waitusec
0001bc00   _IRQ_enable
0001bd00   _IRQ_globalDisable
0001bd20   _IRQ_globalEnable
00019640   _IRQ_map
0001bd40   _IRQ_nmiEnable
0001bc40   _IRQ_reset
00017ad0   _LCD_PUT_CHAR
00017a34   _LCD_PUT_CMD
0001b540   _MCBSP_config
0001bd60   _MCBSP_getXmtEventId
0001ae20   _MCBSP_open
0001bd80   _MCBSP_read
00019b20   _MCBSP_reset
0001bda0   _MCBSP_rrdy
0001b5e0   _MCBSP_start
0001bdc0   _MCBSP_write
0001bde0   _MCBSP_xrdy
800bad04   __IRQ_dispatchTable
800bac40   __IRQ_eventTable
0001be00   __IRQ_hookFetchPacket
800bacc4   __IRQ_intTable
800bb018   __MCBSP_hDev0
800bb01c   __MCBSP_hDev1
0001df20   __STACK_END
00002000   __STACK_SIZE
00000400   __SYSMEM_SIZE
ffffffff   ___TI_pprof_out_hndl
ffffffff   ___TI_prof_data_size
ffffffff   ___TI_prof_data_start
ffffffff   ___binit__
00000220   ___bss__
ffffffff   ___c_args__
00000220   ___cinit__
00000220   ___end__
0001bf20   ___etext__
ffffffff   ___pinit__
000109e0   ___text__
0001be20   __addd
0001be40   __addf
0001ac20   __auto_init
800bae64   __cleanup_ptr
0001b8e0   __cmpf
0001e320   __ctypes_
0001be60   __cvtdf
0001be80   __cvtfd
00018c00   __divd
00019fa0   __divf
000165c0   __divli
0001b300   __divu
000162c0   __divul
800bae68   __dtors_ptr
0001b8f8   __eqlf
0001b3c0   __fixdi
0001b480   __fixdli
0001b960   __fixfi
0001b9e0   __fltid
0001ba60   __fltif
00018660   __frcdivd
0001ad20   __frcdivf
0001b93c   __geqf
0001b920   __gtrf
0001b92c   __leqf
800bb07c   __lock
0001b914   __lssf
800bb084   __memory_size
0001bea0   __mpyd
0001bec0   __mpyf
0001b904   __neqf
0001bc80   __nop
000109e0   __printfi
0001bc88   __register_lock
0001bc9c   __register_unlock
00016504   __remli
00016200   __remul
000192a0   __round
0001bf20   __stack
0001afe0   __strasg
0001bee0   __subd
0001bf00   __subf
0001df20   __sys_memory
0001bcc0   __trunc
800bb080   __unlock
00019294   _abort
000191b8   _atexit
00019e20   _atoi
800bad1c   _bandage
0001b0c0   _block_dc
800bad9c   _botrow
00014c20   _c6713_dsk_init
0001b860   _c_int00
800bb070   _call_count
00013864   _calloc
0001bb40   _ceil
800ba6b8   _collecting_bot
800ba678   _collecting_top
800badde   _colselect
00014d40   _comm_intr
00014d0c   _comm_poll
800baefc   _config
0001aa20   _copy_to_struct
00017420   _cos
800bafb0   _delay
00017b60   _delay_lcd
800bafe0   _denom
0001b180   _detect_envelope
800ba7b8   _distance_bot
80030000   _distance_corr_buffer
800ba778   _distance_top
000166c0   _ecvt
800bb08c   _envelope
800bb090   _errno
00019080   _exit
00016b40   _fcvt
00015b60   _fft
0001a540   _filter_signal
0001b720   _find_distance
00019980   _find_max
0001bba0   _floor
00019ca0   _frame_and_filter
00013cb0   _free
0001a680   _frexp
800ba658   _fs
800b9ff8   _h
800baf24   _hAIC23_handle
800bafa8   _i
000179a8   _init_LCD
00018038   _init_buffer
800bad14   _input
80010000   _input_left_buffer
00015248   _input_left_sample
80020000   _input_right_buffer
00015310   _input_right_sample
00015144   _input_sample
800ba65c   _inputsource
800bad10   _ioport
800bafac   _j
800ba674   _lcd_control
00017bdc   _lcd_test
0001a120   _ldexp
800ba660   _left_signal_status
0001a7c0   _ltoa
00014400   _main
0001365c   _malloc
800ba838   _match_bot
80031ffc   _match_corr_buffer
800ba8b8   _match_percent_bot
800ba878   _match_percent_top
800ba7f8   _match_top
00014068   _memalign
0001b7c0   _memccpy
00018e40   _memcpy
0001a900   _memset
000135f4   _minit
0001af00   _modf
800bafb8   _mx
800bafc0   _my
0001ab20   _normalize_real
800bad0c   _output
800bad18   _output1
00014f84   _output_left_sample
00015064   _output_right_sample
00014e6c   _output_sample
00017fc0   _playback
00019480   _power_spectrum
800ba670   _program_control
80039ff8   _real_data_buffer
00013920   _realloc
000181bc   _reset_leds
800ba664   _right_signal_status
800ba66c   _row_ind
800bb06c   _row_index
800baddc   _rowselect
000178bc   _send_LCD_characters
00017820   _set_LCD_characters
00018214   _set_leds
800ba738   _signal_detected_bot
800ba6f8   _signal_detected_top
800bb068   _signal_on
800ba668   _signal_status
00017c00   _sin
80000000   _soi
80079ff8   _soi_data_buffer
0001a2a0   _sprintf
00018960   _sqrt
800bafc8   _sx
800bafd8   _sxy
800bafd0   _sy
0001826c   _toggle
800bad5c   _toprow
800ba328   _x
000153e0   _xcorr
ffffffff   binit
00000220   cinit
00000220   end
0001bf20   etext
ffffffff   pinit


GLOBAL SYMBOLS: SORTED BY Symbol Address 

address    name
--------   ----
00000220   $bss
00000220   .bss
00000220   ___bss__
00000220   ___cinit__
00000220   ___end__
00000220   cinit
00000220   end
00000400   __SYSMEM_SIZE
00002000   __STACK_SIZE
000109e0   .text
000109e0   ___text__
000109e0   __printfi
000135f4   _minit
0001365c   _malloc
00013864   _calloc
00013920   _realloc
00013cb0   _free
00014068   _memalign
00014400   _main
00014c20   _c6713_dsk_init
00014d0c   _comm_poll
00014d40   _comm_intr
00014e6c   _output_sample
00014f84   _output_left_sample
00015064   _output_right_sample
00015144   _input_sample
00015248   _input_left_sample
00015310   _input_right_sample
000153e0   _xcorr
00015b60   _fft
00016200   __remul
000162c0   __divul
00016504   __remli
000165c0   __divli
000166c0   _ecvt
00016b40   _fcvt
00016ff0   _DSK6713_init
000172f0   _DSK6713_rget
00017304   _DSK6713_rset
00017318   _DSK6713_wait
0001736c   _DSK6713_waitusec
00017398   _DSK6713_getVersion
00017420   _cos
00017820   _set_LCD_characters
000178bc   _send_LCD_characters
000179a8   _init_LCD
00017a34   _LCD_PUT_CMD
00017ad0   _LCD_PUT_CHAR
00017b60   _delay_lcd
00017bdc   _lcd_test
00017c00   _sin
00017fc0   _playback
00018038   _init_buffer
000181bc   _reset_leds
00018214   _set_leds
0001826c   _toggle
00018360   _DSK6713_AIC23_openCodec
00018660   __frcdivd
00018960   _sqrt
00018c00   __divd
00018e40   _memcpy
00019080   _exit
000191b8   _atexit
00019294   C$$EXIT
00019294   _abort
000192a0   __round
00019480   _power_spectrum
00019640   _IRQ_map
000197e0   _DSK6713_LED_init
00019808   _DSK6713_LED_off
00019870   _DSK6713_LED_on
000198d4   _DSK6713_LED_toggle
00019980   _find_max
00019b20   _MCBSP_reset
00019ca0   _frame_and_filter
00019e20   _atoi
00019fa0   __divf
0001a120   _ldexp
0001a2a0   _sprintf
0001a400   _DSK6713_AIC23_rset
0001a49c   _DSK6713_AIC23_rget
0001a4c0   _DSK6713_AIC23_config
0001a540   _filter_signal
0001a680   _frexp
0001a7c0   _ltoa
0001a900   _memset
0001aa20   _copy_to_struct
0001ab20   _normalize_real
0001ac20   __auto_init
0001ad20   __frcdivf
0001ae20   _MCBSP_open
0001af00   _modf
0001afe0   __strasg
0001b0c0   _block_dc
0001b180   _detect_envelope
0001b240   _DSK6713_AIC23_setFreq
0001b300   __divu
0001b3c0   __fixdi
0001b480   __fixdli
0001b540   _MCBSP_config
0001b5e0   _MCBSP_start
0001b720   _find_distance
0001b7c0   _memccpy
0001b860   _c_int00
0001b8e0   __cmpf
0001b8f8   __eqlf
0001b904   __neqf
0001b914   __lssf
0001b920   __gtrf
0001b92c   __leqf
0001b93c   __geqf
0001b960   __fixfi
0001b9e0   __fltid
0001ba60   __fltif
0001bae0   _DSK6713_DIP_init
0001bae8   _DSK6713_DIP_get
0001bb40   _ceil
0001bba0   _floor
0001bc00   _IRQ_enable
0001bc40   _IRQ_reset
0001bc80   __nop
0001bc88   __register_lock
0001bc9c   __register_unlock
0001bcc0   __trunc
0001bd00   _IRQ_globalDisable
0001bd20   _IRQ_globalEnable
0001bd40   _IRQ_nmiEnable
0001bd60   _MCBSP_getXmtEventId
0001bd80   _MCBSP_read
0001bda0   _MCBSP_rrdy
0001bdc0   _MCBSP_write
0001bde0   _MCBSP_xrdy
0001be00   __IRQ_hookFetchPacket
0001be20   __addd
0001be40   __addf
0001be60   __cvtdf
0001be80   __cvtfd
0001bea0   __mpyd
0001bec0   __mpyf
0001bee0   __subd
0001bf00   __subf
0001bf20   ___etext__
0001bf20   __stack
0001bf20   etext
0001df20   __STACK_END
0001df20   __sys_memory
0001e320   __ctypes_
80000000   _soi
80010000   _input_left_buffer
80020000   _input_right_buffer
80030000   _distance_corr_buffer
80031ffc   _match_corr_buffer
80039ff8   _real_data_buffer
80079ff8   _soi_data_buffer
800b9ff8   _h
800ba328   _x
800ba658   _fs
800ba65c   _inputsource
800ba660   _left_signal_status
800ba664   _right_signal_status
800ba668   _signal_status
800ba66c   _row_ind
800ba670   _program_control
800ba674   _lcd_control
800ba678   _collecting_top
800ba6b8   _collecting_bot
800ba6f8   _signal_detected_top
800ba738   _signal_detected_bot
800ba778   _distance_top
800ba7b8   _distance_bot
800ba7f8   _match_top
800ba838   _match_bot
800ba878   _match_percent_top
800ba8b8   _match_percent_bot
800bac40   __IRQ_eventTable
800bacc4   __IRQ_intTable
800bad04   __IRQ_dispatchTable
800bad0c   _output
800bad10   _ioport
800bad14   _input
800bad18   _output1
800bad1c   _bandage
800bad5c   _toprow
800bad9c   _botrow
800baddc   _rowselect
800badde   _colselect
800bae64   __cleanup_ptr
800bae68   __dtors_ptr
800baed8   _AIC_data
800baedc   _AIC23CfgData
800baefc   _config
800baf24   _hAIC23_handle
800bafa8   _i
800bafac   _j
800bafb0   _delay
800bafb8   _mx
800bafc0   _my
800bafc8   _sx
800bafd0   _sy
800bafd8   _sxy
800bafe0   _denom
800bb018   __MCBSP_hDev0
800bb01c   __MCBSP_hDev1
800bb068   _signal_on
800bb06c   _row_index
800bb070   _call_count
800bb074   _DSK6713_AIC23_codeccontrolhandle
800bb078   _DSK6713_AIC23_codecdatahandle
800bb07c   __lock
800bb080   __unlock
800bb084   __memory_size
800bb08c   _envelope
800bb090   _errno
800bb094   _DSK6713_version
ffffffff   ___TI_pprof_out_hndl
ffffffff   ___TI_prof_data_size
ffffffff   ___TI_prof_data_start
ffffffff   ___binit__
ffffffff   ___c_args__
ffffffff   ___pinit__
ffffffff   binit
ffffffff   pinit

[222 symbols]
