******************************************************************************
               TMS320C6x Linker PC v7.3.1                      
******************************************************************************
>> Linked Sat Mar 17 12:17:21 2012

OUTPUT FILE NAME:   <TheGatorKator.out>
ENTRY POINT SYMBOL: "_c_int00"  address: 0000c060


MEMORY CONFIGURATION

         name            origin    length      used     unused   attr    fill
----------------------  --------  ---------  --------  --------  ----  --------
  IVECS                 00000000   00000220  00000200  00000020  RWIX
  IRAM                  00000220   0002fde0  00011354  0001ea8c  RWIX
  SDRAM                 80000000   01000000  00017720  00fe88e0  RWIX
  FLASH                 90000000   00020000  00000000  00020000  RWIX


SECTION ALLOCATION MAP

 output                                  attributes/
section   page    origin      length       input sections
--------  ----  ----------  ----------   ----------------
.vectors   0    00000000    00000200     
                  00000000    00000200     Vectors_intr.obj (.vectors)

$BRID      0    00000000    00000774     COPY SECTION
                  00000000    00000078     csl6713.lib : csl_irq.obj ($BRID)
                  00000078    0000007c                 : csl_mcbsp.obj ($BRID)
                  000000f4    00000054     dsk6713bsl.lib : dsk6713.obj ($BRID)
                  00000148    00000024                    : dsk6713_aic23_opencodec.obj ($BRID)
                  0000016c    00000014                    : dsk6713_aic23_registers.obj ($BRID)
                  00000180    0000000c                    : dsk6713_aic23_setfreq.obj ($BRID)
                  0000018c    0000000c                    : dsk6713_dip.obj ($BRID)
                  00000198    00000030                    : dsk6713_led.obj ($BRID)
                  000001c8    00000004     rts6700.lib : addd.obj ($BRID)
                  000001cc    00000004                 : addf.obj ($BRID)
                  000001d0    0000000c                 : boot.obj ($BRID)
                  000001dc    0000001c                 : cmpf.obj ($BRID)
                  000001f8    00000004                 : cvtfd.obj ($BRID)
                  000001fc    00000008                 : divd.obj ($BRID)
                  00000204    00000028                 : exit.obj ($BRID)
                  0000022c    0000000c                 : fixfi.obj ($BRID)
                  00000238    00000008                 : fltif.obj ($BRID)
                  00000240    00000004                 : frcdivd.obj ($BRID)
                  00000244    00000004                 : mpyd.obj ($BRID)
                  00000248    00000004                 : mpyf.obj ($BRID)
                  0000024c    00000018                 : printf.obj ($BRID)
                  00000264    00000004                 : remi.obj ($BRID)
                  00000268    0000000c                 : sqrt.obj ($BRID)
                  00000274    00000004                 : strasg.obj ($BRID)
                  00000278    00000004                 : subd.obj ($BRID)
                  0000027c    0000000c                 : _lock.obj ($BRID)
                  00000288    0000011c                 : _printfi.obj ($BRID)
                  000003a4    00000004                 : atoi.obj ($BRID)
                  000003a8    0000000c                 : autoinit.obj ($BRID)
                  000003b4    00000004                 : divu.obj ($BRID)
                  000003b8    00000010                 : ecvt.obj ($BRID)
                  000003c8    00000010                 : fcvt.obj ($BRID)
                  000003d8    00000004                 : fixdli.obj ($BRID)
                  000003dc    00000020                 : fputc.obj ($BRID)
                  000003fc    00000020                 : fputs.obj ($BRID)
                  0000041c    00000004                 : frexp.obj ($BRID)
                  00000420    0000001c                 : imath40.obj ($BRID)
                  0000043c    00000004                 : ldexp.obj ($BRID)
                  00000440    000000e0                 : lowlev.obj ($BRID)
                  00000520    00000010                 : ltoa.obj ($BRID)
                  00000530    00000008                 : memccpy.obj ($BRID)
                  00000538    0000000c                 : memcpy62.obj ($BRID)
                  00000544    000000c8                 : memory.obj ($BRID)
                  0000060c    00000004                 : memset.obj ($BRID)
                  00000610    000000c8                 : trgdrv.obj ($BRID)
                  000006d8    0000000c                 : trgmsg.obj ($BRID)
                  000006e4    00000014                 : _io_perm.obj ($BRID)
                  000006f8    00000014                 : fflush.obj ($BRID)
                  0000070c    0000000c                 : fseek.obj ($BRID)
                  00000718    0000000c                 : setvbuf.obj ($BRID)
                  00000724    00000034                 : fopen.obj ($BRID)
                  00000758    00000014                 : fclose.obj ($BRID)
                  0000076c    00000008                 : remove.obj ($BRID)

.text      0    00000220    0000c380     
                  00000220    00002a00     rts6700.lib : _printfi.obj (.text)
                  00002c20    00001020                 : memory.obj (.text)
                  00003c40    00000f40                 : lowlev.obj (.text)
                  00004b80    00000dc0                 : trgdrv.obj (.text)
                  00005940    000007c0     c6713dskinit.obj (.text)
                  00006100    00000740     xcorr.obj (.text)
                  00006840    000004c0     rts6700.lib : fopen.obj (.text)
                  00006d00    000004c0                 : imath40.obj (.text)
                  000071c0    000004a0     emif_lcd.obj (.text)
                  00007660    00000480     rts6700.lib : ecvt.obj (.text)
                  00007ae0    00000480                 : fcvt.obj (.text)
                  00007f60    00000480                 : fputs.obj (.text)
                  000083e0    00000460     dsk6713bsl.lib : dsk6713.obj (.text)
                  00008840    00000300                    : dsk6713_aic23_opencodec.obj (.text)
                  00008b40    00000300     rts6700.lib : frcdivd.obj (.text)
                  00008e40    000002a0                 : sqrt.obj (.text)
                  000090e0    00000280     gator_kator.obj (.text)
                  00009360    00000240     rts6700.lib : divd.obj (.text)
                  000095a0    00000240                 : memcpy62.obj (.text)
                  000097e0    00000220                 : exit.obj (.text)
                  00009a00    000001e0     gator_kator.obj (.text:retain)
                  00009be0    000001e0     rts6700.lib : fflush.obj (.text)
                  00009dc0    000001c0                 : _io_perm.obj (.text)
                  00009f80    000001c0                 : setvbuf.obj (.text)
                  0000a140    000001a0     csl6713.lib : csl_irq.obj (.text:_IRQ_map)
                  0000a2e0    000001a0     dsk6713bsl.lib : dsk6713_led.obj (.text)
                  0000a480    00000180     csl6713.lib : csl_mcbsp.obj (.text:_MCBSP_reset)
                  0000a600    00000180     rts6700.lib : atoi.obj (.text)
                  0000a780    00000180                 : fputc.obj (.text)
                  0000a900    00000180                 : ldexp.obj (.text)
                  0000aa80    00000160     fir_filter.obj (.text)
                  0000abe0    00000160     rts6700.lib : trgmsg.obj (.text)
                  0000ad40    00000140     dsk6713bsl.lib : dsk6713_aic23_registers.obj (.text)
                  0000ae80    00000140     frame_and_filter.obj (.text)
                  0000afc0    00000140     rts6700.lib : fclose.obj (.text)
                  0000b100    00000140                 : frexp.obj (.text)
                  0000b240    00000140                 : ltoa.obj (.text)
                  0000b380    00000120                 : memset.obj (.text)
                  0000b4a0    00000100                 : autoinit.obj (.text)
                  0000b5a0    00000100                 : fseek.obj (.text)
                  0000b6a0    00000100                 : remi.obj (.text)
                  0000b7a0    000000e0     csl6713.lib : csl_mcbsp.obj (.text:_MCBSP_open)
                  0000b880    000000e0     rts6700.lib : strasg.obj (.text)
                  0000b960    000000c0     block_dc.obj (.text)
                  0000ba20    000000c0     detect_envelope.obj (.text)
                  0000bae0    000000c0     dsk6713bsl.lib : dsk6713_aic23_setfreq.obj (.text)
                  0000bba0    000000c0     rts6700.lib : divu.obj (.text)
                  0000bc60    000000c0                 : fixdli.obj (.text)
                  0000bd20    000000c0                 : printf.obj (.text)
                  0000bde0    000000a0     csl6713.lib : csl_mcbsp.obj (.text:_MCBSP_config)
                  0000be80    000000a0                 : csl_mcbsp.obj (.text:_MCBSP_start)
                  0000bf20    000000a0                 : csl_irq.obj (.text:_setMux)
                  0000bfc0    000000a0     rts6700.lib : memccpy.obj (.text)
                  0000c060    00000080                 : boot.obj (.text)
                  0000c0e0    00000080                 : cmpf.obj (.text)
                  0000c160    00000080                 : fixfi.obj (.text)
                  0000c1e0    00000080                 : fltif.obj (.text)
                  0000c260    00000060     dsk6713bsl.lib : dsk6713_dip.obj (.text)
                  0000c2c0    00000040     csl6713.lib : csl_irq.obj (.text:_IRQ_enable)
                  0000c300    00000040                 : csl_irq.obj (.text:_IRQ_reset)
                  0000c340    00000040     rts6700.lib : _lock.obj (.text)
                  0000c380    00000020     Vectors_intr.obj (.text)
                  0000c3a0    00000020     csl6713.lib : csl_irq.obj (.text:_IRQ_globalDisable)
                  0000c3c0    00000020                 : csl_irq.obj (.text:_IRQ_globalEnable)
                  0000c3e0    00000020                 : csl_irq.obj (.text:_IRQ_nmiEnable)
                  0000c400    00000020                 : csl_mcbsp.obj (.text:_MCBSP_getXmtEventId)
                  0000c420    00000020                 : csl_mcbsp.obj (.text:_MCBSP_read)
                  0000c440    00000020                 : csl_mcbsp.obj (.text:_MCBSP_rrdy)
                  0000c460    00000020                 : csl_mcbsp.obj (.text:_MCBSP_write)
                  0000c480    00000020                 : csl_mcbsp.obj (.text:_MCBSP_xrdy)
                  0000c4a0    00000020                 : csl_irq.obj (.text)
                  0000c4c0    00000020     rts6700.lib : addd.obj (.text)
                  0000c4e0    00000020                 : addf.obj (.text)
                  0000c500    00000020                 : cvtfd.obj (.text)
                  0000c520    00000020                 : mpyd.obj (.text)
                  0000c540    00000020                 : mpyf.obj (.text)
                  0000c560    00000020                 : remove.obj (.text)
                  0000c580    00000020                 : subd.obj (.text)

.bss       0    00000220    00000000     UNINITIALIZED

.const     0    0000c5a0    00002410     
                  0000c5a0    00001f40     xcorr.obj (.const:_y)
                  0000e4e0    00000330     fir_filter.obj (.const:_h)
                  0000e810    00000101     rts6700.lib : ctype.obj (.const)
                  0000e911    00000002                 : fputs.obj (.const)
                  0000e913    00000001     --HOLE-- [fill = 0]
                  0000e914    00000040     dsk6713bsl.lib : dsk6713_aic23_opencodec.obj (.const)
                  0000e954    0000002a     rts6700.lib : _printfi.obj (.const)
                  0000e97e    00000002     --HOLE-- [fill = 0]
                  0000e980    00000020     dsk6713bsl.lib : dsk6713.obj (.const)
                  0000e9a0    00000010     gator_kator.obj (.const)

.stack     0    0000e9b0    00002000     UNINITIALIZED
                  0000e9b0    00000008     rts6700.lib : boot.obj (.stack)
                  0000e9b8    00001ff8     --HOLE--

.cinit     0    000109b0    000006a4     
                  000109b0    00000244     rts6700.lib : defs.obj (.cinit)
                  00010bf4    00000004     --HOLE-- [fill = 0]
                  00010bf8    0000012c     csl6713.lib : csl_irq.obj (.cinit)
                  00010d24    00000004     --HOLE-- [fill = 0]
                  00010d28    000000ca     emif_lcd.obj (.cinit)
                  00010df2    00000006     --HOLE-- [fill = 0]
                  00010df8    0000005c     rts6700.lib : lowlev.obj (.cinit)
                  00010e54    00000004     --HOLE-- [fill = 0]
                  00010e58    00000058     c6713dskinit.obj (.cinit)
                  00010eb0    00000054     csl6713.lib : csl_mcbsp.obj (.cinit)
                  00010f04    00000004     --HOLE-- [fill = 0]
                  00010f08    00000030     dsk6713bsl.lib : dsk6713_aic23_registers.obj (.cinit)
                  00010f38    0000002c     gator_kator.obj (.cinit)
                  00010f64    00000004     --HOLE-- [fill = 0]
                  00010f68    0000002c     rts6700.lib : exit.obj (.cinit)
                  00010f94    00000004     --HOLE-- [fill = 0]
                  00010f98    00000028     dsk6713bsl.lib : dsk6713_aic23_setfreq.obj (.cinit)
                  00010fc0    0000001c     frame_and_filter.obj (.cinit)
                  00010fdc    00000004     --HOLE-- [fill = 0]
                  00010fe0    0000001c     rts6700.lib : _lock.obj (.cinit)
                  00010ffc    00000004     --HOLE-- [fill = 0]
                  00011000    0000001c                 : sysmem.obj (.cinit)
                  0001101c    00000004     --HOLE-- [fill = 0]
                  00011020    0000000c     detect_envelope.obj (.cinit)
                  0001102c    00000004     --HOLE-- [fill = 0]
                  00011030    0000000c     rts6700.lib : errno.obj (.cinit)
                  0001103c    00000004     --HOLE-- [fill = 0]
                  00011040    0000000c                 : memory.obj (.cinit)
                  0001104c    00000004     --HOLE-- [fill = 0]
                  00011050    00000004     (.pad.cinit) [fill = 0]

.sysmem    0    00011058    00000400     UNINITIALIZED
                  00011058    00000400     --HOLE--

.cio       0    00011458    00000120     UNINITIALIZED
                  00011458    00000120     rts6700.lib : trgmsg.obj (.cio)

.EXTRAM    0    80000000    00016760     UNINITIALIZED
                  80000000    00016760     gator_kator.obj (.EXTRAM)

.far       0    80016760    00000fc0     UNINITIALIZED
                  80016760    00000374     rts6700.lib : defs.obj (.far)
                  80016ad4    00000330     fir_filter.obj (.far)
                  80016e04    00000190     rts6700.lib : _printfi.obj (.far)
                  80016f94    00000190                 : fcvt.obj (.far)
                  80017124    0000011c                 : lowlev.obj (.far)
                  80017240    000000f4     csl6713.lib : csl_irq.obj (.far)
                  80017334    000000d4     emif_lcd.obj (.far)
                  80017408    000000d0     rts6700.lib : trgdrv.obj (.far)
                  800174d8    0000008c                 : exit.obj (.far)
                  80017564    00000064                 : ecvt.obj (.far)
                  800175c8    00000058     c6713dskinit.obj (.far)
                  80017620    00000040     xcorr.obj (.far)
                  80017660    00000038     csl6713.lib : csl_mcbsp.obj (.far)
                  80017698    00000028     dsk6713bsl.lib : dsk6713_aic23_registers.obj (.far)
                  800176c0    00000020                    : dsk6713_aic23_setfreq.obj (.far)
                  800176e0    00000014     gator_kator.obj (.far)
                  800176f4    00000008     dsk6713bsl.lib : dsk6713_aic23_opencodec.obj (.far)
                  800176fc    00000008     frame_and_filter.obj (.far)
                  80017704    00000008     rts6700.lib : _lock.obj (.far)
                  8001770c    00000008                 : memory.obj (.far)
                  80017714    00000004     detect_envelope.obj (.far)
                  80017718    00000004     rts6700.lib : errno.obj (.far)
                  8001771c    00000002     dsk6713bsl.lib : dsk6713.obj (.far)
                  8001771e    00000002                    : dsk6713_led.obj (.far)


GLOBAL SYMBOLS: SORTED ALPHABETICALLY BY Name 

address    name
--------   ----
00000220   $bss
00000220   .bss
00000220   .text
000099f4   C$$EXIT
0000ac80   C$$IO$$
800175d4   _AIC23CfgData
800175d0   _AIC_data
800176f4   _DSK6713_AIC23_codeccontrolhandle
800176f8   _DSK6713_AIC23_codecdatahandle
0000ae00   _DSK6713_AIC23_config
00008840   _DSK6713_AIC23_openCodec
0000addc   _DSK6713_AIC23_rget
0000ad40   _DSK6713_AIC23_rset
0000bae0   _DSK6713_AIC23_setFreq
0000c268   _DSK6713_DIP_get
0000c260   _DSK6713_DIP_init
0000a2e0   _DSK6713_LED_init
0000a308   _DSK6713_LED_off
0000a370   _DSK6713_LED_on
0000a3d4   _DSK6713_LED_toggle
000087b8   _DSK6713_getVersion
00008410   _DSK6713_init
00008710   _DSK6713_rget
00008724   _DSK6713_rset
8001771c   _DSK6713_version
00008738   _DSK6713_wait
0000878c   _DSK6713_waitusec
00005854   _HOSTclock
00004d00   _HOSTclose
00005084   _HOSTlseek
00004b80   _HOSTopen
00004df4   _HOSTread
00005338   _HOSTrename
0000576c   _HOSTtime
000051e8   _HOSTunlink
00004f44   _HOSTwrite
0000c2c0   _IRQ_enable
0000c3a0   _IRQ_globalDisable
0000c3c0   _IRQ_globalEnable
0000a140   _IRQ_map
0000c3e0   _IRQ_nmiEnable
0000c300   _IRQ_reset
00007530   _LCD_PUT_CHAR
00007494   _LCD_PUT_CMD
0000bde0   _MCBSP_config
0000c400   _MCBSP_getXmtEventId
0000b7a0   _MCBSP_open
0000c420   _MCBSP_read
0000a480   _MCBSP_reset
0000c440   _MCBSP_rrdy
0000be80   _MCBSP_start
0000c460   _MCBSP_write
0000c480   _MCBSP_xrdy
00011458   __CIOBUF_
8001732c   __IRQ_dispatchTable
80017268   __IRQ_eventTable
0000c4a0   __IRQ_hookFetchPacket
800172ec   __IRQ_intTable
80017690   __MCBSP_hDev0
80017694   __MCBSP_hDev1
000109b0   __STACK_END
00002000   __STACK_SIZE
00000400   __SYSMEM_SIZE
ffffffff   ___TI_pprof_out_hndl
ffffffff   ___TI_prof_data_size
ffffffff   ___TI_prof_data_start
ffffffff   ___binit__
00000220   ___bss__
ffffffff   ___c_args__
000109b0   ___cinit__
00000220   ___end__
0000c5a0   ___etext__
ffffffff   ___pinit__
00000220   ___text__
0000c4c0   __addd
0000c4e0   __addf
0000b4a0   __auto_init
00006c1c   __cleanup
8001755c   __cleanup_ptr
0000c0e0   __cmpf
0000e810   __ctypes_
0000c500   __cvtfd
00009360   __divd
000070c0   __divli
0000bba0   __divu
00006dc0   __divul
00009cdc   __doflush
80017560   __dtors_ptr
0000c0f8   __eqlf
0000bc60   __fixdli
0000c160   __fixfi
0000c1e0   __fltif
00008b40   __frcdivd
80016ad0   __ft_end
80016760   __ftable
0000c13c   __geqf
0000c120   __gtrf
0000c12c   __leqf
80017704   __lock
0000c114   __lssf
8001770c   __memory_size
0000c520   __mpyd
0000c540   __mpyf
0000c104   __neqf
0000c340   __nop
00000220   __printfi
00009dc0   __rd_ok
0000c348   __register_lock
0000c35c   __register_unlock
0000b6a0   __remi
00007004   __remli
00006d00   __remul
0000e9b0   __stack
0000b880   __strasg
0000c580   __subd
00011058   __sys_memory
80016990   __tmpnams
80017708   __unlock
00009e80   __wrt_ok
000099f4   _abort
00003f60   _add_device
00009918   _atexit
0000a600   _atoi
80017344   _bandage
0000b960   _block_dc
800173c4   _botrow
00005940   _c6713_dsk_init
0000c060   _c_int00
00009a00   _c_int11
000030a4   _calloc
000048b0   _close
80017406   _colselect
00005a60   _comm_intr
00005a2c   _comm_poll
800175f4   _config
000075c0   _delay
80017650   _denom
0000ba20   _detect_envelope
00007660   _ecvt
80017714   _envelope
80017718   _errno
000097e0   _exit
0000afc0   _fclose
00007ae0   _fcvt
00009be0   _fflush
0000aa80   _filter_signal
00006840   _fopen
0000a7ac   _fputc
00007fd4   _fputs
0000ae80   _frame_and_filter
000034f0   _free
000068a8   _freopen
0000b100   _frexp
800176e0   _fs
0000b5a0   _fseek
000055cc   _getenv
0000e4e0   _h
8001761c   _hAIC23_handle
80017620   _i
00007408   _init_LCD
8001733c   _input
80000000   _input_buffer
00005f68   _input_left_sample
00006030   _input_right_sample
00005e64   _input_sample
800176e4   _inputsource
80017338   _ioport
80017624   _j
0000763c   _lcd_test
0000a900   _ldexp
00004770   _lseek
0000b240   _ltoa
000090e0   _main
00002e9c   _malloc
000038a8   _memalign
0000bfc0   _memccpy
000095a0   _memcpy
0000b380   _memset
00002e34   _minit
80017628   _mx
80017630   _my
000042c0   _open
80017334   _output
80017340   _output1
00005ca4   _output_left_sample
00005d84   _output_right_sample
00005b8c   _output_sample
000092c4   _playback
0000bd20   _printf
800176ec   _program_control
0000a780   _putc
0000a790   _putchar
00007f60   _puts
80017658   _r
000044f4   _read
0000ac8c   _readmsg
00003160   _realloc
0000c560   _remove
000041f8   _remove_device
00004a60   _rename
800176f0   _row_ind
80017700   _row_index
80017404   _rowselect
00007318   _send_LCD_characters
000071c0   _set_LCD_characters
00009f80   _setvbuf
800176fc   _signal_on
800176e8   _signal_status
00008e40   _sqrt
80017638   _sx
80017648   _sxy
80017640   _sy
80017384   _toprow
000049c0   _unlink
00000020   _vector1
00000140   _vector10
00000180   _vector12
000001a0   _vector13
000001c0   _vector14
000001e0   _vector15
00000040   _vector2
00000060   _vector3
00000080   _vector4
000000a0   _vector5
000000c0   _vector6
000000e0   _vector7
00000100   _vector8
00000120   _vector9
00000000   _vectors
00004630   _write
0000abe0   _writemsg
80016ad4   _x
00006100   _xcorr
0000c5a0   _y
ffffffff   binit
000109b0   cinit
00000220   end
0000c5a0   etext
ffffffff   pinit


GLOBAL SYMBOLS: SORTED BY Symbol Address 

address    name
--------   ----
00000000   _vectors
00000020   _vector1
00000040   _vector2
00000060   _vector3
00000080   _vector4
000000a0   _vector5
000000c0   _vector6
000000e0   _vector7
00000100   _vector8
00000120   _vector9
00000140   _vector10
00000180   _vector12
000001a0   _vector13
000001c0   _vector14
000001e0   _vector15
00000220   $bss
00000220   .bss
00000220   .text
00000220   ___bss__
00000220   ___end__
00000220   ___text__
00000220   __printfi
00000220   end
00000400   __SYSMEM_SIZE
00002000   __STACK_SIZE
00002e34   _minit
00002e9c   _malloc
000030a4   _calloc
00003160   _realloc
000034f0   _free
000038a8   _memalign
00003f60   _add_device
000041f8   _remove_device
000042c0   _open
000044f4   _read
00004630   _write
00004770   _lseek
000048b0   _close
000049c0   _unlink
00004a60   _rename
00004b80   _HOSTopen
00004d00   _HOSTclose
00004df4   _HOSTread
00004f44   _HOSTwrite
00005084   _HOSTlseek
000051e8   _HOSTunlink
00005338   _HOSTrename
000055cc   _getenv
0000576c   _HOSTtime
00005854   _HOSTclock
00005940   _c6713_dsk_init
00005a2c   _comm_poll
00005a60   _comm_intr
00005b8c   _output_sample
00005ca4   _output_left_sample
00005d84   _output_right_sample
00005e64   _input_sample
00005f68   _input_left_sample
00006030   _input_right_sample
00006100   _xcorr
00006840   _fopen
000068a8   _freopen
00006c1c   __cleanup
00006d00   __remul
00006dc0   __divul
00007004   __remli
000070c0   __divli
000071c0   _set_LCD_characters
00007318   _send_LCD_characters
00007408   _init_LCD
00007494   _LCD_PUT_CMD
00007530   _LCD_PUT_CHAR
000075c0   _delay
0000763c   _lcd_test
00007660   _ecvt
00007ae0   _fcvt
00007f60   _puts
00007fd4   _fputs
00008410   _DSK6713_init
00008710   _DSK6713_rget
00008724   _DSK6713_rset
00008738   _DSK6713_wait
0000878c   _DSK6713_waitusec
000087b8   _DSK6713_getVersion
00008840   _DSK6713_AIC23_openCodec
00008b40   __frcdivd
00008e40   _sqrt
000090e0   _main
000092c4   _playback
00009360   __divd
000095a0   _memcpy
000097e0   _exit
00009918   _atexit
000099f4   C$$EXIT
000099f4   _abort
00009a00   _c_int11
00009be0   _fflush
00009cdc   __doflush
00009dc0   __rd_ok
00009e80   __wrt_ok
00009f80   _setvbuf
0000a140   _IRQ_map
0000a2e0   _DSK6713_LED_init
0000a308   _DSK6713_LED_off
0000a370   _DSK6713_LED_on
0000a3d4   _DSK6713_LED_toggle
0000a480   _MCBSP_reset
0000a600   _atoi
0000a780   _putc
0000a790   _putchar
0000a7ac   _fputc
0000a900   _ldexp
0000aa80   _filter_signal
0000abe0   _writemsg
0000ac80   C$$IO$$
0000ac8c   _readmsg
0000ad40   _DSK6713_AIC23_rset
0000addc   _DSK6713_AIC23_rget
0000ae00   _DSK6713_AIC23_config
0000ae80   _frame_and_filter
0000afc0   _fclose
0000b100   _frexp
0000b240   _ltoa
0000b380   _memset
0000b4a0   __auto_init
0000b5a0   _fseek
0000b6a0   __remi
0000b7a0   _MCBSP_open
0000b880   __strasg
0000b960   _block_dc
0000ba20   _detect_envelope
0000bae0   _DSK6713_AIC23_setFreq
0000bba0   __divu
0000bc60   __fixdli
0000bd20   _printf
0000bde0   _MCBSP_config
0000be80   _MCBSP_start
0000bfc0   _memccpy
0000c060   _c_int00
0000c0e0   __cmpf
0000c0f8   __eqlf
0000c104   __neqf
0000c114   __lssf
0000c120   __gtrf
0000c12c   __leqf
0000c13c   __geqf
0000c160   __fixfi
0000c1e0   __fltif
0000c260   _DSK6713_DIP_init
0000c268   _DSK6713_DIP_get
0000c2c0   _IRQ_enable
0000c300   _IRQ_reset
0000c340   __nop
0000c348   __register_lock
0000c35c   __register_unlock
0000c3a0   _IRQ_globalDisable
0000c3c0   _IRQ_globalEnable
0000c3e0   _IRQ_nmiEnable
0000c400   _MCBSP_getXmtEventId
0000c420   _MCBSP_read
0000c440   _MCBSP_rrdy
0000c460   _MCBSP_write
0000c480   _MCBSP_xrdy
0000c4a0   __IRQ_hookFetchPacket
0000c4c0   __addd
0000c4e0   __addf
0000c500   __cvtfd
0000c520   __mpyd
0000c540   __mpyf
0000c560   _remove
0000c580   __subd
0000c5a0   ___etext__
0000c5a0   _y
0000c5a0   etext
0000e4e0   _h
0000e810   __ctypes_
0000e9b0   __stack
000109b0   __STACK_END
000109b0   ___cinit__
000109b0   cinit
00011058   __sys_memory
00011458   __CIOBUF_
80000000   _input_buffer
80016760   __ftable
80016990   __tmpnams
80016ad0   __ft_end
80016ad4   _x
80017268   __IRQ_eventTable
800172ec   __IRQ_intTable
8001732c   __IRQ_dispatchTable
80017334   _output
80017338   _ioport
8001733c   _input
80017340   _output1
80017344   _bandage
80017384   _toprow
800173c4   _botrow
80017404   _rowselect
80017406   _colselect
8001755c   __cleanup_ptr
80017560   __dtors_ptr
800175d0   _AIC_data
800175d4   _AIC23CfgData
800175f4   _config
8001761c   _hAIC23_handle
80017620   _i
80017624   _j
80017628   _mx
80017630   _my
80017638   _sx
80017640   _sy
80017648   _sxy
80017650   _denom
80017658   _r
80017690   __MCBSP_hDev0
80017694   __MCBSP_hDev1
800176e0   _fs
800176e4   _inputsource
800176e8   _signal_status
800176ec   _program_control
800176f0   _row_ind
800176f4   _DSK6713_AIC23_codeccontrolhandle
800176f8   _DSK6713_AIC23_codecdatahandle
800176fc   _signal_on
80017700   _row_index
80017704   __lock
80017708   __unlock
8001770c   __memory_size
80017714   _envelope
80017718   _errno
8001771c   _DSK6713_version
ffffffff   ___TI_pprof_out_hndl
ffffffff   ___TI_prof_data_size
ffffffff   ___TI_prof_data_start
ffffffff   ___binit__
ffffffff   ___c_args__
ffffffff   ___pinit__
ffffffff   binit
ffffffff   pinit

[239 symbols]
