******************************************************************************
               TMS320C6x Linker PC v7.3.1                      
******************************************************************************
>> Linked Sat Apr 07 13:34:53 2012

OUTPUT FILE NAME:   <TheGatorKator.out>
ENTRY POINT SYMBOL: "_c_int00"  address: 0001c0a0


MEMORY CONFIGURATION

         name            origin    length      used     unused   attr    fill
----------------------  --------  ---------  --------  --------  ----  --------
  IVECS                 00000000   00000220  00000000  00000220  RWIX
  IRAM                  00000220   0002fde0  0001ea6a  00011376  RWIX
  SDRAM                 80000000   01000000  000bc220  00f43de0  RWIX
  FLASH                 90000000   00020000  00000000  00020000  RWIX


SECTION ALLOCATION MAP

 output                                  attributes/
section   page    origin      length       input sections
--------  ----  ----------  ----------   ----------------
$BRID      0    00000000    00000558     COPY SECTION
                  00000000    00000078     csl6713.lib : csl_irq.obj ($BRID)
                  00000078    0000007c                 : csl_mcbsp.obj ($BRID)
                  000000f4    00000054     dsk6713bsl.lib : dsk6713.obj ($BRID)
                  00000148    00000024                    : dsk6713_aic23_opencodec.obj ($BRID)
                  0000016c    00000014                    : dsk6713_aic23_registers.obj ($BRID)
                  00000180    0000000c                    : dsk6713_aic23_setfreq.obj ($BRID)
                  0000018c    0000000c                    : dsk6713_dip.obj ($BRID)
                  00000198    00000030                    : dsk6713_led.obj ($BRID)
                  000001c8    00000004     rts6700.lib : addd.obj ($BRID)
                  000001cc    00000004                 : addf.obj ($BRID)
                  000001d0    0000000c                 : boot.obj ($BRID)
                  000001dc    0000001c                 : cmpf.obj ($BRID)
                  000001f8    00000014                 : cos.obj ($BRID)
                  0000020c    00000004                 : cvtdf.obj ($BRID)
                  00000210    00000004                 : cvtfd.obj ($BRID)
                  00000214    00000008                 : divd.obj ($BRID)
                  0000021c    00000008                 : divf.obj ($BRID)
                  00000224    00000028                 : exit.obj ($BRID)
                  0000024c    00000004                 : fixdi.obj ($BRID)
                  00000250    0000000c                 : fixfi.obj ($BRID)
                  0000025c    00000008                 : floor.obj ($BRID)
                  00000264    00000004                 : fltid.obj ($BRID)
                  00000268    00000008                 : fltif.obj ($BRID)
                  00000270    00000004                 : frcdivd.obj ($BRID)
                  00000274    00000004                 : frcdivf.obj ($BRID)
                  00000278    00000004                 : modf.obj ($BRID)
                  0000027c    00000004                 : mpyd.obj ($BRID)
                  00000280    00000004                 : mpyf.obj ($BRID)
                  00000284    00000018                 : round.obj ($BRID)
                  0000029c    00000014                 : sin.obj ($BRID)
                  000002b0    00000014                 : sprintf.obj ($BRID)
                  000002c4    0000000c                 : sqrt.obj ($BRID)
                  000002d0    00000004                 : strasg.obj ($BRID)
                  000002d4    00000004                 : subd.obj ($BRID)
                  000002d8    00000004                 : subf.obj ($BRID)
                  000002dc    00000008                 : trunc.obj ($BRID)
                  000002e4    0000000c                 : _lock.obj ($BRID)
                  000002f0    0000011c                 : _printfi.obj ($BRID)
                  0000040c    00000004                 : atoi.obj ($BRID)
                  00000410    0000000c                 : autoinit.obj ($BRID)
                  0000041c    00000004                 : divu.obj ($BRID)
                  00000420    00000010                 : ecvt.obj ($BRID)
                  00000430    00000010                 : fcvt.obj ($BRID)
                  00000440    00000004                 : fixdli.obj ($BRID)
                  00000444    00000004                 : frexp.obj ($BRID)
                  00000448    0000001c                 : imath40.obj ($BRID)
                  00000464    00000004                 : ldexp.obj ($BRID)
                  00000468    00000010                 : ltoa.obj ($BRID)
                  00000478    00000008                 : memccpy.obj ($BRID)
                  00000480    0000000c                 : memcpy62.obj ($BRID)
                  0000048c    000000c8                 : memory.obj ($BRID)
                  00000554    00000004                 : memset.obj ($BRID)

.bss       0    00000220    00000000     UNINITIALIZED

.cinit     0    00000220    00010964     
                  00000220    000104d8     gator_kator.obj (.cinit)
                  000106f8    0000012c     csl6713.lib : csl_irq.obj (.cinit)
                  00010824    00000004     --HOLE-- [fill = 0]
                  00010828    000000ca     emif_lcd.obj (.cinit)
                  000108f2    00000006     --HOLE-- [fill = 0]
                  000108f8    00000058     c6713dskinit.obj (.cinit)
                  00010950    00000054     csl6713.lib : csl_mcbsp.obj (.cinit)
                  000109a4    00000004     --HOLE-- [fill = 0]
                  000109a8    00000048     rts6700.lib : cos.obj (.cinit)
                  000109f0    00000048                 : sin.obj (.cinit)
                  00010a38    00000030     dsk6713bsl.lib : dsk6713_aic23_registers.obj (.cinit)
                  00010a68    0000002c     frame_and_filter.obj (.cinit)
                  00010a94    00000004     --HOLE-- [fill = 0]
                  00010a98    0000002c     rts6700.lib : exit.obj (.cinit)
                  00010ac4    00000004     --HOLE-- [fill = 0]
                  00010ac8    00000028     dsk6713bsl.lib : dsk6713_aic23_setfreq.obj (.cinit)
                  00010af0    0000001c     rts6700.lib : _lock.obj (.cinit)
                  00010b0c    00000004     --HOLE-- [fill = 0]
                  00010b10    0000001c                 : sysmem.obj (.cinit)
                  00010b2c    00000004     --HOLE-- [fill = 0]
                  00010b30    0000000c     detect_envelope.obj (.cinit)
                  00010b3c    00000004     --HOLE-- [fill = 0]
                  00010b40    0000000c     find_max.obj (.cinit)
                  00010b4c    00000004     --HOLE-- [fill = 0]
                  00010b50    0000000c     rts6700.lib : errno.obj (.cinit)
                  00010b5c    00000004     --HOLE-- [fill = 0]
                  00010b60    0000000c                 : memory.obj (.cinit)
                  00010b6c    00000004     --HOLE-- [fill = 0]
                  00010b70    0000000c     xcorr.obj (.cinit)
                  00010b7c    00000004     --HOLE-- [fill = 0]
                  00010b80    00000004     (.pad.cinit) [fill = 0]

.text      0    00010ba0    0000bb60     
                  00010ba0    00002a00     rts6700.lib : _printfi.obj (.text)
                  000135a0    00001020                 : memory.obj (.text)
                  000145c0    00000c40     gator_kator.obj (.text)
                  00015200    000007c0     c6713dskinit.obj (.text)
                  000159c0    00000780     xcorr.obj (.text)
                  00016140    000006a0     fft.obj (.text)
                  000167e0    000005e0     utils.obj (.text)
                  00016dc0    000004c0     rts6700.lib : imath40.obj (.text)
                  00017280    00000480                 : ecvt.obj (.text)
                  00017700    00000480                 : fcvt.obj (.text)
                  00017b80    00000460     dsk6713bsl.lib : dsk6713.obj (.text)
                  00017fe0    00000400     rts6700.lib : cos.obj (.text)
                  000183e0    000003e0     emif_lcd.obj (.text)
                  000187c0    000003c0     rts6700.lib : sin.obj (.text)
                  00018b80    00000300     dsk6713bsl.lib : dsk6713_aic23_opencodec.obj (.text)
                  00018e80    00000300     rts6700.lib : frcdivd.obj (.text)
                  00019180    000002a0                 : sqrt.obj (.text)
                  00019420    00000240                 : divd.obj (.text)
                  00019660    00000240                 : memcpy62.obj (.text)
                  000198a0    00000220                 : exit.obj (.text)
                  00019ac0    000001e0                 : round.obj (.text)
                  00019ca0    000001c0     power_spectrum.obj (.text)
                  00019e60    000001a0     csl6713.lib : csl_irq.obj (.text:_IRQ_map)
                  0001a000    000001a0     dsk6713bsl.lib : dsk6713_led.obj (.text)
                  0001a1a0    00000180     csl6713.lib : csl_mcbsp.obj (.text:_MCBSP_reset)
                  0001a320    00000180     frame_and_filter.obj (.text)
                  0001a4a0    00000180     rts6700.lib : atoi.obj (.text)
                  0001a620    00000180                 : divf.obj (.text)
                  0001a7a0    00000180                 : ldexp.obj (.text)
                  0001a920    00000160                 : sprintf.obj (.text)
                  0001aa80    00000140     dsk6713bsl.lib : dsk6713_aic23_registers.obj (.text)
                  0001abc0    00000140     find_max.obj (.text)
                  0001ad00    00000140     fir_filter.obj (.text)
                  0001ae40    00000140     rts6700.lib : frexp.obj (.text)
                  0001af80    00000140                 : ltoa.obj (.text)
                  0001b0c0    00000120     average_fft_magnitude.obj (.text)
                  0001b1e0    00000120     rts6700.lib : memset.obj (.text)
                  0001b300    00000100     copy_to_struct.obj (.text)
                  0001b400    00000100     normalize_real.obj (.text)
                  0001b500    00000100     rts6700.lib : autoinit.obj (.text)
                  0001b600    00000100                 : frcdivf.obj (.text)
                  0001b700    000000e0     csl6713.lib : csl_mcbsp.obj (.text:_MCBSP_open)
                  0001b7e0    000000e0     rts6700.lib : modf.obj (.text)
                  0001b8c0    000000e0                 : strasg.obj (.text)
                  0001b9a0    000000c0     block_dc.obj (.text)
                  0001ba60    000000c0     detect_envelope.obj (.text)
                  0001bb20    000000c0     dsk6713bsl.lib : dsk6713_aic23_setfreq.obj (.text)
                  0001bbe0    000000c0     rts6700.lib : divu.obj (.text)
                  0001bca0    000000c0                 : fixdi.obj (.text)
                  0001bd60    000000c0                 : fixdli.obj (.text)
                  0001be20    000000a0     csl6713.lib : csl_mcbsp.obj (.text:_MCBSP_config)
                  0001bec0    000000a0                 : csl_mcbsp.obj (.text:_MCBSP_start)
                  0001bf60    000000a0                 : csl_irq.obj (.text:_setMux)
                  0001c000    000000a0     rts6700.lib : memccpy.obj (.text)
                  0001c0a0    00000080                 : boot.obj (.text)
                  0001c120    00000080                 : cmpf.obj (.text)
                  0001c1a0    00000080                 : fixfi.obj (.text)
                  0001c220    00000080                 : fltid.obj (.text)
                  0001c2a0    00000080                 : fltif.obj (.text)
                  0001c320    00000060     dsk6713bsl.lib : dsk6713_dip.obj (.text)
                  0001c380    00000060     rts6700.lib : floor.obj (.text)
                  0001c3e0    00000040     csl6713.lib : csl_irq.obj (.text:_IRQ_enable)
                  0001c420    00000040                 : csl_irq.obj (.text:_IRQ_reset)
                  0001c460    00000040     rts6700.lib : _lock.obj (.text)
                  0001c4a0    00000040                 : trunc.obj (.text)
                  0001c4e0    00000020     csl6713.lib : csl_irq.obj (.text:_IRQ_globalDisable)
                  0001c500    00000020                 : csl_irq.obj (.text:_IRQ_globalEnable)
                  0001c520    00000020                 : csl_irq.obj (.text:_IRQ_nmiEnable)
                  0001c540    00000020                 : csl_mcbsp.obj (.text:_MCBSP_getXmtEventId)
                  0001c560    00000020                 : csl_mcbsp.obj (.text:_MCBSP_read)
                  0001c580    00000020                 : csl_mcbsp.obj (.text:_MCBSP_rrdy)
                  0001c5a0    00000020                 : csl_mcbsp.obj (.text:_MCBSP_write)
                  0001c5c0    00000020                 : csl_mcbsp.obj (.text:_MCBSP_xrdy)
                  0001c5e0    00000020                 : csl_irq.obj (.text)
                  0001c600    00000020     rts6700.lib : addd.obj (.text)
                  0001c620    00000020                 : addf.obj (.text)
                  0001c640    00000020                 : cvtdf.obj (.text)
                  0001c660    00000020                 : cvtfd.obj (.text)
                  0001c680    00000020                 : mpyd.obj (.text)
                  0001c6a0    00000020                 : mpyf.obj (.text)
                  0001c6c0    00000020                 : subd.obj (.text)
                  0001c6e0    00000020                 : subf.obj (.text)

.stack     0    0001c700    00002000     UNINITIALIZED
                  0001c700    00000008     rts6700.lib : boot.obj (.stack)
                  0001c708    00001ff8     --HOLE--

.sysmem    0    0001e700    00000400     UNINITIALIZED
                  0001e700    00000400     --HOLE--

.const     0    0001eb00    000001a6     
                  0001eb00    00000101     rts6700.lib : ctype.obj (.const)
                  0001ec01    00000003     --HOLE-- [fill = 0]
                  0001ec04    00000040     dsk6713bsl.lib : dsk6713_aic23_opencodec.obj (.const)
                  0001ec44    0000002a     rts6700.lib : _printfi.obj (.const)
                  0001ec6e    00000002     --HOLE-- [fill = 0]
                  0001ec70    00000020     dsk6713bsl.lib : dsk6713.obj (.const)
                  0001ec90    00000006     utils.obj (.const:_$P$T1$2)
                  0001ec96    00000002     --HOLE-- [fill = 0]
                  0001ec98    00000004     utils.obj (.const:_$P$T0$1)
                  0001ec9c    00000004     gator_kator.obj (.const)
                  0001eca0    00000003     gator_kator.obj (.const:_$P$T1$2)
                  0001eca3    00000001     --HOLE-- [fill = 0]
                  0001eca4    00000002     gator_kator.obj (.const:_$P$T0$1)

.EXTRAM    0    80000000    000ba328     
                  80000000    000b9ff8     gator_kator.obj (.EXTRAM) [fill = 0]
                  800b9ff8    00000330     fir_filter.obj (.EXTRAM)

.far       0    800ba328    00001ef8     UNINITIALIZED
                  800ba328    00001424     gator_kator.obj (.far)
                  800bb74c    00000330     fir_filter.obj (.far)
                  800bba7c    00000190     rts6700.lib : _printfi.obj (.far)
                  800bbc0c    00000190                 : fcvt.obj (.far)
                  800bbd9c    000000f4     csl6713.lib : csl_irq.obj (.far)
                  800bbe90    000000d4     emif_lcd.obj (.far)
                  800bbf64    0000008c     rts6700.lib : exit.obj (.far)
                  800bbff0    00000064                 : ecvt.obj (.far)
                  800bc054    00000058     c6713dskinit.obj (.far)
                  800bc0ac    00000004     detect_envelope.obj (.far)
                  800bc0b0    00000040     rts6700.lib : cos.obj (.far)
                  800bc0f0    00000040                 : sin.obj (.far)
                  800bc130    00000040     xcorr.obj (.far)
                  800bc170    00000038     csl6713.lib : csl_mcbsp.obj (.far)
                  800bc1a8    00000028     dsk6713bsl.lib : dsk6713_aic23_registers.obj (.far)
                  800bc1d0    00000020                    : dsk6713_aic23_setfreq.obj (.far)
                  800bc1f0    0000000c     frame_and_filter.obj (.far)
                  800bc1fc    00000008     dsk6713bsl.lib : dsk6713_aic23_opencodec.obj (.far)
                  800bc204    00000008     rts6700.lib : _lock.obj (.far)
                  800bc20c    00000008                 : memory.obj (.far)
                  800bc214    00000004     find_max.obj (.far)
                  800bc218    00000004     rts6700.lib : errno.obj (.far)
                  800bc21c    00000002     dsk6713bsl.lib : dsk6713.obj (.far)
                  800bc21e    00000002                    : dsk6713_led.obj (.far)


GLOBAL SYMBOLS: SORTED ALPHABETICALLY BY Name 

address    name
--------   ----
00000220   $bss
00000220   .bss
00010ba0   .text
00019ab4   C$$EXIT
800bc060   _AIC23CfgData
800bc05c   _AIC_data
800bc1fc   _DSK6713_AIC23_codeccontrolhandle
800bc200   _DSK6713_AIC23_codecdatahandle
0001ab40   _DSK6713_AIC23_config
00018b80   _DSK6713_AIC23_openCodec
0001ab1c   _DSK6713_AIC23_rget
0001aa80   _DSK6713_AIC23_rset
0001bb20   _DSK6713_AIC23_setFreq
0001c328   _DSK6713_DIP_get
0001c320   _DSK6713_DIP_init
0001a000   _DSK6713_LED_init
0001a028   _DSK6713_LED_off
0001a090   _DSK6713_LED_on
0001a0f4   _DSK6713_LED_toggle
00017f58   _DSK6713_getVersion
00017bb0   _DSK6713_init
00017eb0   _DSK6713_rget
00017ec4   _DSK6713_rset
800bc21c   _DSK6713_version
00017ed8   _DSK6713_wait
00017f2c   _DSK6713_waitusec
0001c3e0   _IRQ_enable
0001c4e0   _IRQ_globalDisable
0001c500   _IRQ_globalEnable
00019e60   _IRQ_map
0001c520   _IRQ_nmiEnable
0001c420   _IRQ_reset
00018690   _LCD_PUT_CHAR
000185f4   _LCD_PUT_CMD
0001be20   _MCBSP_config
0001c540   _MCBSP_getXmtEventId
0001b700   _MCBSP_open
0001c560   _MCBSP_read
0001a1a0   _MCBSP_reset
0001c580   _MCBSP_rrdy
0001bec0   _MCBSP_start
0001c5a0   _MCBSP_write
0001c5c0   _MCBSP_xrdy
800bbe88   __IRQ_dispatchTable
800bbdc4   __IRQ_eventTable
0001c5e0   __IRQ_hookFetchPacket
800bbe48   __IRQ_intTable
800bc1a0   __MCBSP_hDev0
800bc1a4   __MCBSP_hDev1
0001e700   __STACK_END
00002000   __STACK_SIZE
00000400   __SYSMEM_SIZE
ffffffff   ___TI_pprof_out_hndl
ffffffff   ___TI_prof_data_size
ffffffff   ___TI_prof_data_start
ffffffff   ___binit__
00000220   ___bss__
ffffffff   ___c_args__
00000220   ___cinit__
00000220   ___end__
0001c700   ___etext__
ffffffff   ___pinit__
00010ba0   ___text__
0001c600   __addd
0001c620   __addf
0001b500   __auto_init
800bbfe8   __cleanup_ptr
0001c120   __cmpf
0001eb00   __ctypes_
0001c640   __cvtdf
0001c660   __cvtfd
00019420   __divd
0001a620   __divf
00017180   __divli
0001bbe0   __divu
00016e80   __divul
800bbfec   __dtors_ptr
0001c138   __eqlf
0001bca0   __fixdi
0001bd60   __fixdli
0001c1a0   __fixfi
0001c220   __fltid
0001c2a0   __fltif
00018e80   __frcdivd
0001b600   __frcdivf
0001c17c   __geqf
0001c160   __gtrf
0001c16c   __leqf
800bc204   __lock
0001c154   __lssf
800bc20c   __memory_size
0001c680   __mpyd
0001c6a0   __mpyf
0001c144   __neqf
0001c460   __nop
00010ba0   __printfi
0001c468   __register_lock
0001c47c   __register_unlock
000170c4   __remli
00016dc0   __remul
00019ac0   __round
0001c700   __stack
0001b8c0   __strasg
0001c6c0   __subd
0001c6e0   __subf
0001e700   __sys_memory
0001c4a0   __trunc
800bc208   __unlock
00019ab4   _abort
000199d8   _atexit
0001a4a0   _atoi
0001b0c0   _average_fft_magnitude
800ba748   _average_fft_power_input
800bab48   _average_fft_power_soi
800bbea0   _bandage
0001b9a0   _block_dc
800bbf20   _botrow
00015200   _c6713_dsk_init
0001c0a0   _c_int00
800bc1f8   _call_count
00013a24   _calloc
800ba388   _collecting_bot
800ba348   _collecting_top
800bbf62   _colselect
00015320   _comm_intr
000152ec   _comm_poll
800bc080   _config
0001b300   _copy_to_struct
00017fe0   _cos
800bc138   _delay
00018720   _delay_lcd
800bc168   _denom
0001ba60   _detect_envelope
800bb744   _dist_max_buffer
800ba488   _distance_bot
80030000   _distance_corr_buffer
800ba448   _distance_top
00017280   _ecvt
800bc0ac   _envelope
800bc218   _errno
000198a0   _exit
00017700   _fcvt
00016140   _fft
800baf48   _fft_corr_buffer
0001ad00   _filter_signal
0001abc0   _find_max
0001c380   _floor
0001a320   _frame_and_filter
00013e70   _free
0001ae40   _frexp
800ba328   _fs
800b9ff8   _h
800bc0a8   _hAIC23_handle
800bc130   _i
800ba6c8   _ident_bot
800ba708   _ident_bot1
800ba688   _ident_top
800bc214   _index
00018568   _init_LCD
00016858   _init_buffer
00016ad4   _init_dist_array
00016b50   _init_fft_corr_buffer
00016c04   _init_fft_corr_vector
00016a64   _init_match_array
800bbe98   _input
80010000   _input_left_buffer
00015828   _input_left_sample
80020000   _input_right_buffer
000158f0   _input_right_sample
00015724   _input_sample
800ba32c   _inputsource
800bbe94   _ioport
800bc134   _j
800ba344   _lcd_control
0001879c   _lcd_test
0001a7a0   _ldexp
800ba330   _left_signal_status
0001af80   _ltoa
000145c0   _main
0001381c   _malloc
800ba508   _match_bot
800ba548   _match_bot1
80031ffc   _match_corr_buffer
800ba5c8   _match_percent_bot
800ba588   _match_percent_top
800ba4c8   _match_top
00014228   _memalign
0001c000   _memccpy
00019660   _memcpy
0001b1e0   _memset
000137b4   _minit
0001b7e0   _modf
800bc140   _mx
800bc148   _my
0001b400   _normalize_real
800bbe90   _output
800bbe9c   _output1
00015564   _output_left_sample
00015644   _output_right_sample
0001544c   _output_sample
000167e0   _playback
00019ca0   _power_spectrum
800ba340   _program_control
80039ff8   _real_data_buffer
00013ae0   _realloc
800ba648   _reset_bot
00016bac   _reset_leds
800ba608   _reset_top
800ba334   _right_signal_status
800ba33c   _row_ind
800bc1f4   _row_index
800bbf60   _rowselect
0001847c   _send_LCD_characters
000183e0   _set_LCD_characters
00016c60   _set_leds
800ba408   _signal_detected_bot
800ba3c8   _signal_detected_top
800bc1f0   _signal_on
800ba338   _signal_status
000187c0   _sin
80000000   _soi
80079ff8   _soi_data_buffer
0001a920   _sprintf
00019180   _sqrt
800bc150   _sx
800bc160   _sxy
800bc158   _sy
00016cb8   _toggle
800bbee0   _toprow
800bb74c   _x
000159c0   _xcorr
ffffffff   binit
00000220   cinit
00000220   end
0001c700   etext
ffffffff   pinit


GLOBAL SYMBOLS: SORTED BY Symbol Address 

address    name
--------   ----
00000220   $bss
00000220   .bss
00000220   ___bss__
00000220   ___cinit__
00000220   ___end__
00000220   cinit
00000220   end
00000400   __SYSMEM_SIZE
00002000   __STACK_SIZE
00010ba0   .text
00010ba0   ___text__
00010ba0   __printfi
000137b4   _minit
0001381c   _malloc
00013a24   _calloc
00013ae0   _realloc
00013e70   _free
00014228   _memalign
000145c0   _main
00015200   _c6713_dsk_init
000152ec   _comm_poll
00015320   _comm_intr
0001544c   _output_sample
00015564   _output_left_sample
00015644   _output_right_sample
00015724   _input_sample
00015828   _input_left_sample
000158f0   _input_right_sample
000159c0   _xcorr
00016140   _fft
000167e0   _playback
00016858   _init_buffer
00016a64   _init_match_array
00016ad4   _init_dist_array
00016b50   _init_fft_corr_buffer
00016bac   _reset_leds
00016c04   _init_fft_corr_vector
00016c60   _set_leds
00016cb8   _toggle
00016dc0   __remul
00016e80   __divul
000170c4   __remli
00017180   __divli
00017280   _ecvt
00017700   _fcvt
00017bb0   _DSK6713_init
00017eb0   _DSK6713_rget
00017ec4   _DSK6713_rset
00017ed8   _DSK6713_wait
00017f2c   _DSK6713_waitusec
00017f58   _DSK6713_getVersion
00017fe0   _cos
000183e0   _set_LCD_characters
0001847c   _send_LCD_characters
00018568   _init_LCD
000185f4   _LCD_PUT_CMD
00018690   _LCD_PUT_CHAR
00018720   _delay_lcd
0001879c   _lcd_test
000187c0   _sin
00018b80   _DSK6713_AIC23_openCodec
00018e80   __frcdivd
00019180   _sqrt
00019420   __divd
00019660   _memcpy
000198a0   _exit
000199d8   _atexit
00019ab4   C$$EXIT
00019ab4   _abort
00019ac0   __round
00019ca0   _power_spectrum
00019e60   _IRQ_map
0001a000   _DSK6713_LED_init
0001a028   _DSK6713_LED_off
0001a090   _DSK6713_LED_on
0001a0f4   _DSK6713_LED_toggle
0001a1a0   _MCBSP_reset
0001a320   _frame_and_filter
0001a4a0   _atoi
0001a620   __divf
0001a7a0   _ldexp
0001a920   _sprintf
0001aa80   _DSK6713_AIC23_rset
0001ab1c   _DSK6713_AIC23_rget
0001ab40   _DSK6713_AIC23_config
0001abc0   _find_max
0001ad00   _filter_signal
0001ae40   _frexp
0001af80   _ltoa
0001b0c0   _average_fft_magnitude
0001b1e0   _memset
0001b300   _copy_to_struct
0001b400   _normalize_real
0001b500   __auto_init
0001b600   __frcdivf
0001b700   _MCBSP_open
0001b7e0   _modf
0001b8c0   __strasg
0001b9a0   _block_dc
0001ba60   _detect_envelope
0001bb20   _DSK6713_AIC23_setFreq
0001bbe0   __divu
0001bca0   __fixdi
0001bd60   __fixdli
0001be20   _MCBSP_config
0001bec0   _MCBSP_start
0001c000   _memccpy
0001c0a0   _c_int00
0001c120   __cmpf
0001c138   __eqlf
0001c144   __neqf
0001c154   __lssf
0001c160   __gtrf
0001c16c   __leqf
0001c17c   __geqf
0001c1a0   __fixfi
0001c220   __fltid
0001c2a0   __fltif
0001c320   _DSK6713_DIP_init
0001c328   _DSK6713_DIP_get
0001c380   _floor
0001c3e0   _IRQ_enable
0001c420   _IRQ_reset
0001c460   __nop
0001c468   __register_lock
0001c47c   __register_unlock
0001c4a0   __trunc
0001c4e0   _IRQ_globalDisable
0001c500   _IRQ_globalEnable
0001c520   _IRQ_nmiEnable
0001c540   _MCBSP_getXmtEventId
0001c560   _MCBSP_read
0001c580   _MCBSP_rrdy
0001c5a0   _MCBSP_write
0001c5c0   _MCBSP_xrdy
0001c5e0   __IRQ_hookFetchPacket
0001c600   __addd
0001c620   __addf
0001c640   __cvtdf
0001c660   __cvtfd
0001c680   __mpyd
0001c6a0   __mpyf
0001c6c0   __subd
0001c6e0   __subf
0001c700   ___etext__
0001c700   __stack
0001c700   etext
0001e700   __STACK_END
0001e700   __sys_memory
0001eb00   __ctypes_
80000000   _soi
80010000   _input_left_buffer
80020000   _input_right_buffer
80030000   _distance_corr_buffer
80031ffc   _match_corr_buffer
80039ff8   _real_data_buffer
80079ff8   _soi_data_buffer
800b9ff8   _h
800ba328   _fs
800ba32c   _inputsource
800ba330   _left_signal_status
800ba334   _right_signal_status
800ba338   _signal_status
800ba33c   _row_ind
800ba340   _program_control
800ba344   _lcd_control
800ba348   _collecting_top
800ba388   _collecting_bot
800ba3c8   _signal_detected_top
800ba408   _signal_detected_bot
800ba448   _distance_top
800ba488   _distance_bot
800ba4c8   _match_top
800ba508   _match_bot
800ba548   _match_bot1
800ba588   _match_percent_top
800ba5c8   _match_percent_bot
800ba608   _reset_top
800ba648   _reset_bot
800ba688   _ident_top
800ba6c8   _ident_bot
800ba708   _ident_bot1
800ba748   _average_fft_power_input
800bab48   _average_fft_power_soi
800baf48   _fft_corr_buffer
800bb744   _dist_max_buffer
800bb74c   _x
800bbdc4   __IRQ_eventTable
800bbe48   __IRQ_intTable
800bbe88   __IRQ_dispatchTable
800bbe90   _output
800bbe94   _ioport
800bbe98   _input
800bbe9c   _output1
800bbea0   _bandage
800bbee0   _toprow
800bbf20   _botrow
800bbf60   _rowselect
800bbf62   _colselect
800bbfe8   __cleanup_ptr
800bbfec   __dtors_ptr
800bc05c   _AIC_data
800bc060   _AIC23CfgData
800bc080   _config
800bc0a8   _hAIC23_handle
800bc0ac   _envelope
800bc130   _i
800bc134   _j
800bc138   _delay
800bc140   _mx
800bc148   _my
800bc150   _sx
800bc158   _sy
800bc160   _sxy
800bc168   _denom
800bc1a0   __MCBSP_hDev0
800bc1a4   __MCBSP_hDev1
800bc1f0   _signal_on
800bc1f4   _row_index
800bc1f8   _call_count
800bc1fc   _DSK6713_AIC23_codeccontrolhandle
800bc200   _DSK6713_AIC23_codecdatahandle
800bc204   __lock
800bc208   __unlock
800bc20c   __memory_size
800bc214   _index
800bc218   _errno
800bc21c   _DSK6713_version
ffffffff   ___TI_pprof_out_hndl
ffffffff   ___TI_prof_data_size
ffffffff   ___TI_prof_data_start
ffffffff   ___binit__
ffffffff   ___c_args__
ffffffff   ___pinit__
ffffffff   binit
ffffffff   pinit

[236 symbols]
