******************************************************************************
               TMS320C6x Linker PC v7.3.1                      
******************************************************************************
>> Linked Tue Mar 27 00:08:48 2012

OUTPUT FILE NAME:   <TheGatorKator.out>
ENTRY POINT SYMBOL: "_c_int00"  address: 00003980


MEMORY CONFIGURATION

         name            origin    length      used     unused   attr    fill
----------------------  --------  ---------  --------  --------  ----  --------
  IVECS                 00000000   00000220  00000200  00000020  RWIX
  IRAM                  00000220   0002fde0  000060ac  00029d34  RWIX
  SDRAM                 80000000   01000000  00002944  00ffd6bc  RWIX
  FLASH                 90000000   00020000  00000000  00020000  RWIX


SECTION ALLOCATION MAP

 output                                  attributes/
section   page    origin      length       input sections
--------  ----  ----------  ----------   ----------------
.vectors   0    00000000    00000200     
                  00000000    00000200     Vectors_intr.obj (.vectors)

$BRID      0    00000000    00000290     COPY SECTION
                  00000000    00000078     csl6713.lib : csl_irq.obj ($BRID)
                  00000078    0000007c                 : csl_mcbsp.obj ($BRID)
                  000000f4    00000054     dsk6713bsl.lib : dsk6713.obj ($BRID)
                  00000148    00000024                    : dsk6713_aic23_opencodec.obj ($BRID)
                  0000016c    00000014                    : dsk6713_aic23_registers.obj ($BRID)
                  00000180    0000000c                    : dsk6713_aic23_setfreq.obj ($BRID)
                  0000018c    0000000c                    : dsk6713_dip.obj ($BRID)
                  00000198    00000030                    : dsk6713_led.obj ($BRID)
                  000001c8    00000004     rts6700.lib : addd.obj ($BRID)
                  000001cc    00000004                 : addf.obj ($BRID)
                  000001d0    0000000c                 : boot.obj ($BRID)
                  000001dc    0000001c                 : cmpf.obj ($BRID)
                  000001f8    00000004                 : cvtfd.obj ($BRID)
                  000001fc    00000008                 : divd.obj ($BRID)
                  00000204    00000028                 : exit.obj ($BRID)
                  0000022c    0000000c                 : fixfi.obj ($BRID)
                  00000238    00000008                 : fltif.obj ($BRID)
                  00000240    00000004                 : frcdivd.obj ($BRID)
                  00000244    00000004                 : mpyd.obj ($BRID)
                  00000248    00000004                 : mpyf.obj ($BRID)
                  0000024c    00000004                 : remi.obj ($BRID)
                  00000250    0000000c                 : sqrt.obj ($BRID)
                  0000025c    00000004                 : strasg.obj ($BRID)
                  00000260    00000004                 : subd.obj ($BRID)
                  00000264    0000000c                 : _lock.obj ($BRID)
                  00000270    0000000c                 : autoinit.obj ($BRID)
                  0000027c    00000004                 : frexp.obj ($BRID)
                  00000280    00000004                 : ldexp.obj ($BRID)
                  00000284    0000000c                 : memcpy62.obj ($BRID)

.text      0    00000220    00003c80     
                  00000220    000007c0     c6713dskinit.obj (.text)
                  000009e0    000004a0     emif_lcd.obj (.text)
                  00000e80    00000460     dsk6713bsl.lib : dsk6713.obj (.text)
                  000012e0    00000300                    : dsk6713_aic23_opencodec.obj (.text)
                  000015e0    00000300     rts6700.lib : frcdivd.obj (.text)
                  000018e0    000002a0                 : sqrt.obj (.text)
                  00001b80    00000240     gator_kator.obj (.text)
                  00001dc0    00000240     rts6700.lib : divd.obj (.text)
                  00002000    00000240                 : memcpy62.obj (.text)
                  00002240    00000220                 : exit.obj (.text)
                  00002460    000001e0     gator_kator.obj (.text:retain)
                  00002640    000001a0     csl6713.lib : csl_irq.obj (.text:_IRQ_map)
                  000027e0    000001a0     dsk6713bsl.lib : dsk6713_led.obj (.text)
                  00002980    00000180     csl6713.lib : csl_mcbsp.obj (.text:_MCBSP_reset)
                  00002b00    00000180     rts6700.lib : ldexp.obj (.text)
                  00002c80    00000160     fir_filter.obj (.text)
                  00002de0    00000140     dsk6713bsl.lib : dsk6713_aic23_registers.obj (.text)
                  00002f20    00000140     frame_and_filter.obj (.text)
                  00003060    00000140     rts6700.lib : frexp.obj (.text)
                  000031a0    00000100                 : autoinit.obj (.text)
                  000032a0    00000100                 : remi.obj (.text)
                  000033a0    000000e0     csl6713.lib : csl_mcbsp.obj (.text:_MCBSP_open)
                  00003480    000000e0     rts6700.lib : strasg.obj (.text)
                  00003560    000000c0     block_dc.obj (.text)
                  00003620    000000c0     detect_envelope.obj (.text)
                  000036e0    000000c0     dsk6713bsl.lib : dsk6713_aic23_setfreq.obj (.text)
                  000037a0    000000a0     csl6713.lib : csl_mcbsp.obj (.text:_MCBSP_config)
                  00003840    000000a0                 : csl_mcbsp.obj (.text:_MCBSP_start)
                  000038e0    000000a0                 : csl_irq.obj (.text:_setMux)
                  00003980    00000080     rts6700.lib : boot.obj (.text)
                  00003a00    00000080                 : cmpf.obj (.text)
                  00003a80    00000080                 : fixfi.obj (.text)
                  00003b00    00000080                 : fltif.obj (.text)
                  00003b80    00000060     dsk6713bsl.lib : dsk6713_dip.obj (.text)
                  00003be0    00000040     csl6713.lib : csl_irq.obj (.text:_IRQ_enable)
                  00003c20    00000040                 : csl_irq.obj (.text:_IRQ_reset)
                  00003c60    00000040     rts6700.lib : _lock.obj (.text)
                  00003ca0    00000020     Vectors_intr.obj (.text)
                  00003cc0    00000020     csl6713.lib : csl_irq.obj (.text:_IRQ_globalDisable)
                  00003ce0    00000020                 : csl_irq.obj (.text:_IRQ_globalEnable)
                  00003d00    00000020                 : csl_irq.obj (.text:_IRQ_nmiEnable)
                  00003d20    00000020                 : csl_mcbsp.obj (.text:_MCBSP_getXmtEventId)
                  00003d40    00000020                 : csl_mcbsp.obj (.text:_MCBSP_read)
                  00003d60    00000020                 : csl_mcbsp.obj (.text:_MCBSP_rrdy)
                  00003d80    00000020                 : csl_mcbsp.obj (.text:_MCBSP_write)
                  00003da0    00000020                 : csl_mcbsp.obj (.text:_MCBSP_xrdy)
                  00003dc0    00000020                 : csl_irq.obj (.text)
                  00003de0    00000020     rts6700.lib : addd.obj (.text)
                  00003e00    00000020                 : addf.obj (.text)
                  00003e20    00000020                 : cvtfd.obj (.text)
                  00003e40    00000020                 : mpyd.obj (.text)
                  00003e60    00000020                 : mpyf.obj (.text)
                  00003e80    00000020                 : subd.obj (.text)

.bss       0    00000220    00000000     UNINITIALIZED

.stack     0    00003ea0    00002000     UNINITIALIZED
                  00003ea0    00000008     rts6700.lib : boot.obj (.stack)
                  00003ea8    00001ff8     --HOLE--

.cinit     0    00005ea0    000003cc     
                  00005ea0    0000012c     csl6713.lib : csl_irq.obj (.cinit)
                  00005fcc    00000004     --HOLE-- [fill = 0]
                  00005fd0    000000ca     emif_lcd.obj (.cinit)
                  0000609a    00000006     --HOLE-- [fill = 0]
                  000060a0    00000058     c6713dskinit.obj (.cinit)
                  000060f8    00000054     csl6713.lib : csl_mcbsp.obj (.cinit)
                  0000614c    00000004     --HOLE-- [fill = 0]
                  00006150    00000030     dsk6713bsl.lib : dsk6713_aic23_registers.obj (.cinit)
                  00006180    0000002c     gator_kator.obj (.cinit)
                  000061ac    00000004     --HOLE-- [fill = 0]
                  000061b0    0000002c     rts6700.lib : exit.obj (.cinit)
                  000061dc    00000004     --HOLE-- [fill = 0]
                  000061e0    00000028     dsk6713bsl.lib : dsk6713_aic23_setfreq.obj (.cinit)
                  00006208    0000001c     frame_and_filter.obj (.cinit)
                  00006224    00000004     --HOLE-- [fill = 0]
                  00006228    0000001c     rts6700.lib : _lock.obj (.cinit)
                  00006244    00000004     --HOLE-- [fill = 0]
                  00006248    0000000c     detect_envelope.obj (.cinit)
                  00006254    00000004     --HOLE-- [fill = 0]
                  00006258    0000000c     rts6700.lib : errno.obj (.cinit)
                  00006264    00000004     --HOLE-- [fill = 0]
                  00006268    00000004     (.pad.cinit) [fill = 0]

.const     0    0000626c    00000060     
                  0000626c    00000040     dsk6713bsl.lib : dsk6713_aic23_opencodec.obj (.const)
                  000062ac    00000020                    : dsk6713.obj (.const)

.EXTRAM    0    80000000    00002270     
                  80000000    00001f40     gator_kator.obj (.EXTRAM) [fill = 0]
                  80001f40    00000330     fir_filter.obj (.EXTRAM)

.far       0    80002270    000006d4     UNINITIALIZED
                  80002270    00000330     fir_filter.obj (.far)
                  800025a0    000000f4     csl6713.lib : csl_irq.obj (.far)
                  80002694    000000d4     emif_lcd.obj (.far)
                  80002768    0000008c     rts6700.lib : exit.obj (.far)
                  800027f4    00000058     c6713dskinit.obj (.far)
                  8000284c    00000004     detect_envelope.obj (.far)
                  80002850    00000040     xcorr.obj (.far)
                  80002890    00000038     csl6713.lib : csl_mcbsp.obj (.far)
                  800028c8    00000028     dsk6713bsl.lib : dsk6713_aic23_registers.obj (.far)
                  800028f0    00000020                    : dsk6713_aic23_setfreq.obj (.far)
                  80002910    00000014     gator_kator.obj (.far)
                  80002924    00000008     dsk6713bsl.lib : dsk6713_aic23_opencodec.obj (.far)
                  8000292c    00000008     frame_and_filter.obj (.far)
                  80002934    00000008     rts6700.lib : _lock.obj (.far)
                  8000293c    00000004                 : errno.obj (.far)
                  80002940    00000002     dsk6713bsl.lib : dsk6713.obj (.far)
                  80002942    00000002                    : dsk6713_led.obj (.far)


GLOBAL SYMBOLS: SORTED ALPHABETICALLY BY Name 

address    name
--------   ----
00000220   $bss
00000220   .bss
00000220   .text
00002454   C$$EXIT
80002800   _AIC23CfgData
800027fc   _AIC_data
80002924   _DSK6713_AIC23_codeccontrolhandle
80002928   _DSK6713_AIC23_codecdatahandle
00002ea0   _DSK6713_AIC23_config
000012e0   _DSK6713_AIC23_openCodec
00002e7c   _DSK6713_AIC23_rget
00002de0   _DSK6713_AIC23_rset
000036e0   _DSK6713_AIC23_setFreq
00003b88   _DSK6713_DIP_get
00003b80   _DSK6713_DIP_init
000027e0   _DSK6713_LED_init
00002808   _DSK6713_LED_off
00002870   _DSK6713_LED_on
000028d4   _DSK6713_LED_toggle
00001258   _DSK6713_getVersion
00000eb0   _DSK6713_init
000011b0   _DSK6713_rget
000011c4   _DSK6713_rset
80002940   _DSK6713_version
000011d8   _DSK6713_wait
0000122c   _DSK6713_waitusec
00003be0   _IRQ_enable
00003cc0   _IRQ_globalDisable
00003ce0   _IRQ_globalEnable
00002640   _IRQ_map
00003d00   _IRQ_nmiEnable
00003c20   _IRQ_reset
00000d50   _LCD_PUT_CHAR
00000cb4   _LCD_PUT_CMD
000037a0   _MCBSP_config
00003d20   _MCBSP_getXmtEventId
000033a0   _MCBSP_open
00003d40   _MCBSP_read
00002980   _MCBSP_reset
00003d60   _MCBSP_rrdy
00003840   _MCBSP_start
00003d80   _MCBSP_write
00003da0   _MCBSP_xrdy
8000268c   __IRQ_dispatchTable
800025c8   __IRQ_eventTable
00003dc0   __IRQ_hookFetchPacket
8000264c   __IRQ_intTable
800028c0   __MCBSP_hDev0
800028c4   __MCBSP_hDev1
00005ea0   __STACK_END
00002000   __STACK_SIZE
ffffffff   ___TI_pprof_out_hndl
ffffffff   ___TI_prof_data_size
ffffffff   ___TI_prof_data_start
ffffffff   ___binit__
00000220   ___bss__
ffffffff   ___c_args__
00005ea0   ___cinit__
00000220   ___end__
00003ea0   ___etext__
ffffffff   ___pinit__
00000220   ___text__
00003de0   __addd
00003e00   __addf
000031a0   __auto_init
800027ec   __cleanup_ptr
00003a00   __cmpf
00003e20   __cvtfd
00001dc0   __divd
800027f0   __dtors_ptr
00003a18   __eqlf
00003a80   __fixfi
00003b00   __fltif
000015e0   __frcdivd
00003a5c   __geqf
00003a40   __gtrf
00003a4c   __leqf
80002934   __lock
00003a34   __lssf
00003e40   __mpyd
00003e60   __mpyf
00003a24   __neqf
00003c60   __nop
00003c68   __register_lock
00003c7c   __register_unlock
000032a0   __remi
00003ea0   __stack
00003480   __strasg
00003e80   __subd
80002938   __unlock
00002454   _abort
00002378   _atexit
800026a4   _bandage
00003560   _block_dc
80002724   _botrow
00000220   _c6713_dsk_init
00003980   _c_int00
00002460   _c_int11
80002766   _colselect
00000340   _comm_intr
0000030c   _comm_poll
80002820   _config
00000de0   _delay
80002880   _denom
00003620   _detect_envelope
8000284c   _envelope
8000293c   _errno
00002240   _exit
00002c80   _filter_signal
00002f20   _frame_and_filter
00003060   _frexp
80002910   _fs
80001f40   _h
80002848   _hAIC23_handle
80002850   _i
00000c28   _init_LCD
8000269c   _input
80000000   _input_buffer
00000848   _input_left_sample
00000910   _input_right_sample
00000744   _input_sample
80002914   _inputsource
80002698   _ioport
80002854   _j
00000e5c   _lcd_test
00002b00   _ldexp
00001b80   _main
00002000   _memcpy
80002858   _mx
80002860   _my
80002694   _output
800026a0   _output1
00000584   _output_left_sample
00000664   _output_right_sample
0000046c   _output_sample
00001d2c   _playback
8000291c   _program_control
80002888   _r
80002920   _row_ind
80002930   _row_index
80002764   _rowselect
00000b38   _send_LCD_characters
000009e0   _set_LCD_characters
8000292c   _signal_on
80002918   _signal_status
000018e0   _sqrt
80002868   _sx
80002878   _sxy
80002870   _sy
800026e4   _toprow
00000020   _vector1
00000140   _vector10
00000180   _vector12
000001a0   _vector13
000001c0   _vector14
000001e0   _vector15
00000040   _vector2
00000060   _vector3
00000080   _vector4
000000a0   _vector5
000000c0   _vector6
000000e0   _vector7
00000100   _vector8
00000120   _vector9
00000000   _vectors
80002270   _x
ffffffff   binit
00005ea0   cinit
00000220   end
00003ea0   etext
ffffffff   pinit


GLOBAL SYMBOLS: SORTED BY Symbol Address 

address    name
--------   ----
00000000   _vectors
00000020   _vector1
00000040   _vector2
00000060   _vector3
00000080   _vector4
000000a0   _vector5
000000c0   _vector6
000000e0   _vector7
00000100   _vector8
00000120   _vector9
00000140   _vector10
00000180   _vector12
000001a0   _vector13
000001c0   _vector14
000001e0   _vector15
00000220   $bss
00000220   .bss
00000220   .text
00000220   ___bss__
00000220   ___end__
00000220   ___text__
00000220   _c6713_dsk_init
00000220   end
0000030c   _comm_poll
00000340   _comm_intr
0000046c   _output_sample
00000584   _output_left_sample
00000664   _output_right_sample
00000744   _input_sample
00000848   _input_left_sample
00000910   _input_right_sample
000009e0   _set_LCD_characters
00000b38   _send_LCD_characters
00000c28   _init_LCD
00000cb4   _LCD_PUT_CMD
00000d50   _LCD_PUT_CHAR
00000de0   _delay
00000e5c   _lcd_test
00000eb0   _DSK6713_init
000011b0   _DSK6713_rget
000011c4   _DSK6713_rset
000011d8   _DSK6713_wait
0000122c   _DSK6713_waitusec
00001258   _DSK6713_getVersion
000012e0   _DSK6713_AIC23_openCodec
000015e0   __frcdivd
000018e0   _sqrt
00001b80   _main
00001d2c   _playback
00001dc0   __divd
00002000   __STACK_SIZE
00002000   _memcpy
00002240   _exit
00002378   _atexit
00002454   C$$EXIT
00002454   _abort
00002460   _c_int11
00002640   _IRQ_map
000027e0   _DSK6713_LED_init
00002808   _DSK6713_LED_off
00002870   _DSK6713_LED_on
000028d4   _DSK6713_LED_toggle
00002980   _MCBSP_reset
00002b00   _ldexp
00002c80   _filter_signal
00002de0   _DSK6713_AIC23_rset
00002e7c   _DSK6713_AIC23_rget
00002ea0   _DSK6713_AIC23_config
00002f20   _frame_and_filter
00003060   _frexp
000031a0   __auto_init
000032a0   __remi
000033a0   _MCBSP_open
00003480   __strasg
00003560   _block_dc
00003620   _detect_envelope
000036e0   _DSK6713_AIC23_setFreq
000037a0   _MCBSP_config
00003840   _MCBSP_start
00003980   _c_int00
00003a00   __cmpf
00003a18   __eqlf
00003a24   __neqf
00003a34   __lssf
00003a40   __gtrf
00003a4c   __leqf
00003a5c   __geqf
00003a80   __fixfi
00003b00   __fltif
00003b80   _DSK6713_DIP_init
00003b88   _DSK6713_DIP_get
00003be0   _IRQ_enable
00003c20   _IRQ_reset
00003c60   __nop
00003c68   __register_lock
00003c7c   __register_unlock
00003cc0   _IRQ_globalDisable
00003ce0   _IRQ_globalEnable
00003d00   _IRQ_nmiEnable
00003d20   _MCBSP_getXmtEventId
00003d40   _MCBSP_read
00003d60   _MCBSP_rrdy
00003d80   _MCBSP_write
00003da0   _MCBSP_xrdy
00003dc0   __IRQ_hookFetchPacket
00003de0   __addd
00003e00   __addf
00003e20   __cvtfd
00003e40   __mpyd
00003e60   __mpyf
00003e80   __subd
00003ea0   ___etext__
00003ea0   __stack
00003ea0   etext
00005ea0   __STACK_END
00005ea0   ___cinit__
00005ea0   cinit
80000000   _input_buffer
80001f40   _h
80002270   _x
800025c8   __IRQ_eventTable
8000264c   __IRQ_intTable
8000268c   __IRQ_dispatchTable
80002694   _output
80002698   _ioport
8000269c   _input
800026a0   _output1
800026a4   _bandage
800026e4   _toprow
80002724   _botrow
80002764   _rowselect
80002766   _colselect
800027ec   __cleanup_ptr
800027f0   __dtors_ptr
800027fc   _AIC_data
80002800   _AIC23CfgData
80002820   _config
80002848   _hAIC23_handle
8000284c   _envelope
80002850   _i
80002854   _j
80002858   _mx
80002860   _my
80002868   _sx
80002870   _sy
80002878   _sxy
80002880   _denom
80002888   _r
800028c0   __MCBSP_hDev0
800028c4   __MCBSP_hDev1
80002910   _fs
80002914   _inputsource
80002918   _signal_status
8000291c   _program_control
80002920   _row_ind
80002924   _DSK6713_AIC23_codeccontrolhandle
80002928   _DSK6713_AIC23_codecdatahandle
8000292c   _signal_on
80002930   _row_index
80002934   __lock
80002938   __unlock
8000293c   _errno
80002940   _DSK6713_version
ffffffff   ___TI_pprof_out_hndl
ffffffff   ___TI_prof_data_size
ffffffff   ___TI_prof_data_start
ffffffff   ___binit__
ffffffff   ___c_args__
ffffffff   ___pinit__
ffffffff   binit
ffffffff   pinit

[171 symbols]
