******************************************************************************
               TMS320C6x Linker PC v7.3.1                      
******************************************************************************
>> Linked Sat Mar 10 23:47:25 2012

OUTPUT FILE NAME:   <TheGatorKator.out>
ENTRY POINT SYMBOL: "_c_int00"  address: 0000ac60


MEMORY CONFIGURATION

         name            origin    length      used     unused   attr    fill
----------------------  --------  ---------  --------  --------  ----  --------
  IVECS                 00000000   00000220  00000200  00000020  RWIX
  IRAM                  00000220   0002fde0  0000dc08  000221d8  RWIX
  SDRAM                 80000000   01000000  00017604  00fe89fc  RWIX
  FLASH                 90000000   00020000  00000000  00020000  RWIX


SECTION ALLOCATION MAP

 output                                  attributes/
section   page    origin      length       input sections
--------  ----  ----------  ----------   ----------------
.vectors   0    00000000    00000200     
                  00000000    00000200     Vectors_intr.obj (.vectors)

$BRID      0    00000000    00000724     COPY SECTION
                  00000000    00000078     csl6713.lib : csl_irq.obj ($BRID)
                  00000078    0000007c                 : csl_mcbsp.obj ($BRID)
                  000000f4    00000054     dsk6713bsl.lib : dsk6713.obj ($BRID)
                  00000148    00000024                    : dsk6713_aic23_opencodec.obj ($BRID)
                  0000016c    00000014                    : dsk6713_aic23_registers.obj ($BRID)
                  00000180    0000000c                    : dsk6713_aic23_setfreq.obj ($BRID)
                  0000018c    0000000c                    : dsk6713_dip.obj ($BRID)
                  00000198    00000030                    : dsk6713_led.obj ($BRID)
                  000001c8    00000004     rts6700.lib : addf.obj ($BRID)
                  000001cc    0000000c                 : boot.obj ($BRID)
                  000001d8    00000028                 : exit.obj ($BRID)
                  00000200    00000008                 : fltif.obj ($BRID)
                  00000208    00000004                 : mpyf.obj ($BRID)
                  0000020c    00000018                 : printf.obj ($BRID)
                  00000224    00000004                 : strasg.obj ($BRID)
                  00000228    0000000c                 : _lock.obj ($BRID)
                  00000234    0000011c                 : _printfi.obj ($BRID)
                  00000350    00000004                 : atoi.obj ($BRID)
                  00000354    0000000c                 : autoinit.obj ($BRID)
                  00000360    00000008                 : divd.obj ($BRID)
                  00000368    00000004                 : divu.obj ($BRID)
                  0000036c    00000010                 : ecvt.obj ($BRID)
                  0000037c    00000010                 : fcvt.obj ($BRID)
                  0000038c    00000004                 : fixdli.obj ($BRID)
                  00000390    00000020                 : fputc.obj ($BRID)
                  000003b0    00000020                 : fputs.obj ($BRID)
                  000003d0    00000004                 : frcdivd.obj ($BRID)
                  000003d4    0000001c                 : imath40.obj ($BRID)
                  000003f0    000000e0                 : lowlev.obj ($BRID)
                  000004d0    00000010                 : ltoa.obj ($BRID)
                  000004e0    00000008                 : memccpy.obj ($BRID)
                  000004e8    0000000c                 : memcpy62.obj ($BRID)
                  000004f4    000000c8                 : memory.obj ($BRID)
                  000005bc    00000004                 : memset.obj ($BRID)
                  000005c0    000000c8                 : trgdrv.obj ($BRID)
                  00000688    0000000c                 : trgmsg.obj ($BRID)
                  00000694    00000014                 : _io_perm.obj ($BRID)
                  000006a8    00000014                 : fflush.obj ($BRID)
                  000006bc    0000000c                 : fseek.obj ($BRID)
                  000006c8    0000000c                 : setvbuf.obj ($BRID)
                  000006d4    00000034                 : fopen.obj ($BRID)
                  00000708    00000014                 : fclose.obj ($BRID)
                  0000071c    00000008                 : remove.obj ($BRID)

.text      0    00000220    0000ae00     
                  00000220    00002a00     rts6700.lib : _printfi.obj (.text)
                  00002c20    00001020                 : memory.obj (.text)
                  00003c40    00000f40                 : lowlev.obj (.text)
                  00004b80    00000dc0                 : trgdrv.obj (.text)
                  00005940    000007c0     c6713dskinit.obj (.text)
                  00006100    000004c0     rts6700.lib : fopen.obj (.text)
                  000065c0    000004c0                 : imath40.obj (.text)
                  00006a80    00000480                 : ecvt.obj (.text)
                  00006f00    00000480                 : fcvt.obj (.text)
                  00007380    00000480                 : fputs.obj (.text)
                  00007800    00000460     dsk6713bsl.lib : dsk6713.obj (.text)
                  00007c60    00000300                    : dsk6713_aic23_opencodec.obj (.text)
                  00007f60    00000300     rts6700.lib : frcdivd.obj (.text)
                  00008260    00000240                 : divd.obj (.text)
                  000084a0    00000240                 : memcpy62.obj (.text)
                  000086e0    00000220                 : exit.obj (.text)
                  00008900    000001e0                 : fflush.obj (.text)
                  00008ae0    000001c0                 : _io_perm.obj (.text)
                  00008ca0    000001c0                 : setvbuf.obj (.text)
                  00008e60    000001a0     csl6713.lib : csl_irq.obj (.text:_IRQ_map)
                  00009000    000001a0     dsk6713bsl.lib : dsk6713_led.obj (.text)
                  000091a0    000001a0     gator_kator.obj (.text:retain)
                  00009340    00000180     csl6713.lib : csl_mcbsp.obj (.text:_MCBSP_reset)
                  000094c0    00000180     rts6700.lib : atoi.obj (.text)
                  00009640    00000180                 : fputc.obj (.text)
                  000097c0    00000160     fir_filter.obj (.text)
                  00009920    00000160     rts6700.lib : trgmsg.obj (.text)
                  00009a80    00000140     dsk6713bsl.lib : dsk6713_aic23_registers.obj (.text)
                  00009bc0    00000140     gator_kator.obj (.text)
                  00009d00    00000140     rts6700.lib : fclose.obj (.text)
                  00009e40    00000140                 : ltoa.obj (.text)
                  00009f80    00000120                 : memset.obj (.text)
                  0000a0a0    00000100     frame_and_filter.obj (.text)
                  0000a1a0    00000100     rts6700.lib : autoinit.obj (.text)
                  0000a2a0    00000100                 : fseek.obj (.text)
                  0000a3a0    000000e0     csl6713.lib : csl_mcbsp.obj (.text:_MCBSP_open)
                  0000a480    000000e0     rts6700.lib : strasg.obj (.text)
                  0000a560    000000c0     block_dc.obj (.text)
                  0000a620    000000c0     detect_envelope.obj (.text)
                  0000a6e0    000000c0     dsk6713bsl.lib : dsk6713_aic23_setfreq.obj (.text)
                  0000a7a0    000000c0     rts6700.lib : divu.obj (.text)
                  0000a860    000000c0                 : fixdli.obj (.text)
                  0000a920    000000c0                 : printf.obj (.text)
                  0000a9e0    000000a0     csl6713.lib : csl_mcbsp.obj (.text:_MCBSP_config)
                  0000aa80    000000a0                 : csl_mcbsp.obj (.text:_MCBSP_start)
                  0000ab20    000000a0                 : csl_irq.obj (.text:_setMux)
                  0000abc0    000000a0     rts6700.lib : memccpy.obj (.text)
                  0000ac60    00000080                 : boot.obj (.text)
                  0000ace0    00000080                 : fltif.obj (.text)
                  0000ad60    00000060     dsk6713bsl.lib : dsk6713_dip.obj (.text)
                  0000adc0    00000040     csl6713.lib : csl_irq.obj (.text:_IRQ_enable)
                  0000ae00    00000040                 : csl_irq.obj (.text:_IRQ_reset)
                  0000ae40    00000040     rts6700.lib : _lock.obj (.text)
                  0000ae80    00000020     Vectors_intr.obj (.text)
                  0000aea0    00000020     csl6713.lib : csl_irq.obj (.text:_IRQ_globalDisable)
                  0000aec0    00000020                 : csl_irq.obj (.text:_IRQ_globalEnable)
                  0000aee0    00000020                 : csl_irq.obj (.text:_IRQ_nmiEnable)
                  0000af00    00000020                 : csl_mcbsp.obj (.text:_MCBSP_getXmtEventId)
                  0000af20    00000020                 : csl_mcbsp.obj (.text:_MCBSP_read)
                  0000af40    00000020                 : csl_mcbsp.obj (.text:_MCBSP_rrdy)
                  0000af60    00000020                 : csl_mcbsp.obj (.text:_MCBSP_write)
                  0000af80    00000020                 : csl_mcbsp.obj (.text:_MCBSP_xrdy)
                  0000afa0    00000020                 : csl_irq.obj (.text)
                  0000afc0    00000020     rts6700.lib : addf.obj (.text)
                  0000afe0    00000020                 : mpyf.obj (.text)
                  0000b000    00000020                 : remove.obj (.text)

.bss       0    00000220    00000000     UNINITIALIZED

.stack     0    0000b020    00002000     UNINITIALIZED
                  0000b020    00000008     rts6700.lib : boot.obj (.stack)
                  0000b028    00001ff8     --HOLE--

.cinit     0    0000d020    000005b4     
                  0000d020    00000244     rts6700.lib : defs.obj (.cinit)
                  0000d264    00000004     --HOLE-- [fill = 0]
                  0000d268    0000012c     csl6713.lib : csl_irq.obj (.cinit)
                  0000d394    00000004     --HOLE-- [fill = 0]
                  0000d398    0000005c     rts6700.lib : lowlev.obj (.cinit)
                  0000d3f4    00000004     --HOLE-- [fill = 0]
                  0000d3f8    00000058     c6713dskinit.obj (.cinit)
                  0000d450    00000054     csl6713.lib : csl_mcbsp.obj (.cinit)
                  0000d4a4    00000004     --HOLE-- [fill = 0]
                  0000d4a8    00000030     dsk6713bsl.lib : dsk6713_aic23_registers.obj (.cinit)
                  0000d4d8    0000002c     rts6700.lib : exit.obj (.cinit)
                  0000d504    00000004     --HOLE-- [fill = 0]
                  0000d508    00000028     dsk6713bsl.lib : dsk6713_aic23_setfreq.obj (.cinit)
                  0000d530    0000001c     frame_and_filter.obj (.cinit)
                  0000d54c    00000004     --HOLE-- [fill = 0]
                  0000d550    0000001c     rts6700.lib : _lock.obj (.cinit)
                  0000d56c    00000004     --HOLE-- [fill = 0]
                  0000d570    0000001c                 : sysmem.obj (.cinit)
                  0000d58c    00000004     --HOLE-- [fill = 0]
                  0000d590    0000001a     gator_kator.obj (.cinit)
                  0000d5aa    00000006     --HOLE-- [fill = 0]
                  0000d5b0    0000000c     detect_envelope.obj (.cinit)
                  0000d5bc    00000004     --HOLE-- [fill = 0]
                  0000d5c0    0000000c     rts6700.lib : memory.obj (.cinit)
                  0000d5cc    00000004     --HOLE-- [fill = 0]
                  0000d5d0    00000004     (.pad.cinit) [fill = 0]

.sysmem    0    0000d5d8    00000400     UNINITIALIZED
                  0000d5d8    00000400     --HOLE--

.const     0    0000d9d8    00000334     
                  0000d9d8    00000198     fir_filter.obj (.const:_h)
                  0000db70    00000101     rts6700.lib : ctype.obj (.const)
                  0000dc71    00000002                 : fputs.obj (.const)
                  0000dc73    00000001     --HOLE-- [fill = 0]
                  0000dc74    00000040     dsk6713bsl.lib : dsk6713_aic23_opencodec.obj (.const)
                  0000dcb4    0000002a     rts6700.lib : _printfi.obj (.const)
                  0000dcde    00000002     --HOLE-- [fill = 0]
                  0000dce0    00000020     dsk6713bsl.lib : dsk6713.obj (.const)
                  0000dd00    0000000c     gator_kator.obj (.const)

.cio       0    0000dd0c    00000120     UNINITIALIZED
                  0000dd0c    00000120     rts6700.lib : trgmsg.obj (.cio)

.EXTRAM    0    80000000    00016760     UNINITIALIZED
                  80000000    00016760     gator_kator.obj (.EXTRAM)

.far       0    80016760    00000ea4     UNINITIALIZED
                  80016760    00000374     rts6700.lib : defs.obj (.far)
                  80016ad4    00000330     fir_filter.obj (.far)
                  80016e04    00000190     rts6700.lib : _printfi.obj (.far)
                  80016f94    00000190                 : fcvt.obj (.far)
                  80017124    0000011c                 : lowlev.obj (.far)
                  80017240    000000f4     csl6713.lib : csl_irq.obj (.far)
                  80017334    000000d0     rts6700.lib : trgdrv.obj (.far)
                  80017404    0000008c                 : exit.obj (.far)
                  80017490    00000064                 : ecvt.obj (.far)
                  800174f4    00000058     c6713dskinit.obj (.far)
                  8001754c    00000038     csl6713.lib : csl_mcbsp.obj (.far)
                  80017584    00000028     dsk6713bsl.lib : dsk6713_aic23_registers.obj (.far)
                  800175ac    00000020                    : dsk6713_aic23_setfreq.obj (.far)
                  800175cc    00000010     gator_kator.obj (.far)
                  800175dc    00000008     dsk6713bsl.lib : dsk6713_aic23_opencodec.obj (.far)
                  800175e4    00000008     frame_and_filter.obj (.far)
                  800175ec    00000008     rts6700.lib : _lock.obj (.far)
                  800175f4    00000008                 : memory.obj (.far)
                  800175fc    00000004     detect_envelope.obj (.far)
                  80017600    00000002     dsk6713bsl.lib : dsk6713.obj (.far)
                  80017602    00000002                    : dsk6713_led.obj (.far)


GLOBAL SYMBOLS: SORTED ALPHABETICALLY BY Name 

address    name
--------   ----
00000220   $bss
00000220   .bss
00000220   .text
000088f4   C$$EXIT
000099c0   C$$IO$$
80017500   _AIC23CfgData
800174fc   _AIC_data
800175dc   _DSK6713_AIC23_codeccontrolhandle
800175e0   _DSK6713_AIC23_codecdatahandle
00009b40   _DSK6713_AIC23_config
00007c60   _DSK6713_AIC23_openCodec
00009b1c   _DSK6713_AIC23_rget
00009a80   _DSK6713_AIC23_rset
0000a6e0   _DSK6713_AIC23_setFreq
0000ad68   _DSK6713_DIP_get
0000ad60   _DSK6713_DIP_init
00009000   _DSK6713_LED_init
00009028   _DSK6713_LED_off
00009090   _DSK6713_LED_on
000090f4   _DSK6713_LED_toggle
00007bd8   _DSK6713_getVersion
00007830   _DSK6713_init
00007b30   _DSK6713_rget
00007b44   _DSK6713_rset
80017600   _DSK6713_version
00007b58   _DSK6713_wait
00007bac   _DSK6713_waitusec
00005854   _HOSTclock
00004d00   _HOSTclose
00005084   _HOSTlseek
00004b80   _HOSTopen
00004df4   _HOSTread
00005338   _HOSTrename
0000576c   _HOSTtime
000051e8   _HOSTunlink
00004f44   _HOSTwrite
0000adc0   _IRQ_enable
0000aea0   _IRQ_globalDisable
0000aec0   _IRQ_globalEnable
00008e60   _IRQ_map
0000aee0   _IRQ_nmiEnable
0000ae00   _IRQ_reset
0000a9e0   _MCBSP_config
0000af00   _MCBSP_getXmtEventId
0000a3a0   _MCBSP_open
0000af20   _MCBSP_read
00009340   _MCBSP_reset
0000af40   _MCBSP_rrdy
0000aa80   _MCBSP_start
0000af60   _MCBSP_write
0000af80   _MCBSP_xrdy
0000dd0c   __CIOBUF_
8001732c   __IRQ_dispatchTable
80017268   __IRQ_eventTable
0000afa0   __IRQ_hookFetchPacket
800172ec   __IRQ_intTable
8001757c   __MCBSP_hDev0
80017580   __MCBSP_hDev1
0000d020   __STACK_END
00002000   __STACK_SIZE
00000400   __SYSMEM_SIZE
ffffffff   ___TI_pprof_out_hndl
ffffffff   ___TI_prof_data_size
ffffffff   ___TI_prof_data_start
ffffffff   ___binit__
00000220   ___bss__
ffffffff   ___c_args__
0000d020   ___cinit__
00000220   ___end__
0000b020   ___etext__
ffffffff   ___pinit__
00000220   ___text__
0000afc0   __addf
0000a1a0   __auto_init
000064dc   __cleanup
80017488   __cleanup_ptr
0000db70   __ctypes_
00008260   __divd
00006980   __divli
0000a7a0   __divu
00006680   __divul
000089fc   __doflush
8001748c   __dtors_ptr
0000a860   __fixdli
0000ace0   __fltif
00007f60   __frcdivd
80016ad0   __ft_end
80016760   __ftable
800175ec   __lock
800175f4   __memory_size
0000afe0   __mpyf
0000ae40   __nop
00000220   __printfi
00008ae0   __rd_ok
0000ae48   __register_lock
0000ae5c   __register_unlock
000068c4   __remli
000065c0   __remul
0000b020   __stack
0000a480   __strasg
0000d5d8   __sys_memory
80016990   __tmpnams
800175f0   __unlock
00008ba0   __wrt_ok
000088f4   _abort
00003f60   _add_device
00008818   _atexit
000094c0   _atoi
0000a560   _block_dc
00005940   _c6713_dsk_init
0000ac60   _c_int00
000091a0   _c_int11
000030a4   _calloc
000048b0   _close
00005a60   _comm_intr
00005a2c   _comm_poll
80017520   _config
0000a620   _detect_envelope
00006a80   _ecvt
800175fc   _envelope
000086e0   _exit
00009d00   _fclose
00006f00   _fcvt
00008900   _fflush
000097c0   _filter_signal
00006100   _fopen
0000966c   _fputc
000073f4   _fputs
0000a0a0   _frame_and_filter
000034f0   _free
00006168   _freopen
800175cc   _fs
0000a2a0   _fseek
000055cc   _getenv
0000d9d8   _h
80017548   _hAIC23_handle
80000000   _input_buffer
00005f68   _input_left_sample
00006030   _input_right_sample
00005e64   _input_sample
800175d0   _inputsource
00004770   _lseek
00009e40   _ltoa
00009bc0   _main
00002e9c   _malloc
000038a8   _memalign
0000abc0   _memccpy
000084a0   _memcpy
00009f80   _memset
00002e34   _minit
000042c0   _open
00005ca4   _output_left_sample
00005d84   _output_right_sample
00005b8c   _output_sample
0000a920   _printf
800175d8   _program_control
00009640   _putc
00009650   _putchar
00007380   _puts
000044f4   _read
000099cc   _readmsg
00003160   _realloc
0000b000   _remove
000041f8   _remove_device
00004a60   _rename
800175e8   _row_index
00008ca0   _setvbuf
800175e4   _signal_on
800175d4   _signal_status
000049c0   _unlink
00000020   _vector1
00000140   _vector10
00000180   _vector12
000001a0   _vector13
000001c0   _vector14
000001e0   _vector15
00000040   _vector2
00000060   _vector3
00000080   _vector4
000000a0   _vector5
000000c0   _vector6
000000e0   _vector7
00000100   _vector8
00000120   _vector9
00000000   _vectors
00004630   _write
00009920   _writemsg
80016ad4   _x
ffffffff   binit
0000d020   cinit
00000220   end
0000b020   etext
ffffffff   pinit


GLOBAL SYMBOLS: SORTED BY Symbol Address 

address    name
--------   ----
00000000   _vectors
00000020   _vector1
00000040   _vector2
00000060   _vector3
00000080   _vector4
000000a0   _vector5
000000c0   _vector6
000000e0   _vector7
00000100   _vector8
00000120   _vector9
00000140   _vector10
00000180   _vector12
000001a0   _vector13
000001c0   _vector14
000001e0   _vector15
00000220   $bss
00000220   .bss
00000220   .text
00000220   ___bss__
00000220   ___end__
00000220   ___text__
00000220   __printfi
00000220   end
00000400   __SYSMEM_SIZE
00002000   __STACK_SIZE
00002e34   _minit
00002e9c   _malloc
000030a4   _calloc
00003160   _realloc
000034f0   _free
000038a8   _memalign
00003f60   _add_device
000041f8   _remove_device
000042c0   _open
000044f4   _read
00004630   _write
00004770   _lseek
000048b0   _close
000049c0   _unlink
00004a60   _rename
00004b80   _HOSTopen
00004d00   _HOSTclose
00004df4   _HOSTread
00004f44   _HOSTwrite
00005084   _HOSTlseek
000051e8   _HOSTunlink
00005338   _HOSTrename
000055cc   _getenv
0000576c   _HOSTtime
00005854   _HOSTclock
00005940   _c6713_dsk_init
00005a2c   _comm_poll
00005a60   _comm_intr
00005b8c   _output_sample
00005ca4   _output_left_sample
00005d84   _output_right_sample
00005e64   _input_sample
00005f68   _input_left_sample
00006030   _input_right_sample
00006100   _fopen
00006168   _freopen
000064dc   __cleanup
000065c0   __remul
00006680   __divul
000068c4   __remli
00006980   __divli
00006a80   _ecvt
00006f00   _fcvt
00007380   _puts
000073f4   _fputs
00007830   _DSK6713_init
00007b30   _DSK6713_rget
00007b44   _DSK6713_rset
00007b58   _DSK6713_wait
00007bac   _DSK6713_waitusec
00007bd8   _DSK6713_getVersion
00007c60   _DSK6713_AIC23_openCodec
00007f60   __frcdivd
00008260   __divd
000084a0   _memcpy
000086e0   _exit
00008818   _atexit
000088f4   C$$EXIT
000088f4   _abort
00008900   _fflush
000089fc   __doflush
00008ae0   __rd_ok
00008ba0   __wrt_ok
00008ca0   _setvbuf
00008e60   _IRQ_map
00009000   _DSK6713_LED_init
00009028   _DSK6713_LED_off
00009090   _DSK6713_LED_on
000090f4   _DSK6713_LED_toggle
000091a0   _c_int11
00009340   _MCBSP_reset
000094c0   _atoi
00009640   _putc
00009650   _putchar
0000966c   _fputc
000097c0   _filter_signal
00009920   _writemsg
000099c0   C$$IO$$
000099cc   _readmsg
00009a80   _DSK6713_AIC23_rset
00009b1c   _DSK6713_AIC23_rget
00009b40   _DSK6713_AIC23_config
00009bc0   _main
00009d00   _fclose
00009e40   _ltoa
00009f80   _memset
0000a0a0   _frame_and_filter
0000a1a0   __auto_init
0000a2a0   _fseek
0000a3a0   _MCBSP_open
0000a480   __strasg
0000a560   _block_dc
0000a620   _detect_envelope
0000a6e0   _DSK6713_AIC23_setFreq
0000a7a0   __divu
0000a860   __fixdli
0000a920   _printf
0000a9e0   _MCBSP_config
0000aa80   _MCBSP_start
0000abc0   _memccpy
0000ac60   _c_int00
0000ace0   __fltif
0000ad60   _DSK6713_DIP_init
0000ad68   _DSK6713_DIP_get
0000adc0   _IRQ_enable
0000ae00   _IRQ_reset
0000ae40   __nop
0000ae48   __register_lock
0000ae5c   __register_unlock
0000aea0   _IRQ_globalDisable
0000aec0   _IRQ_globalEnable
0000aee0   _IRQ_nmiEnable
0000af00   _MCBSP_getXmtEventId
0000af20   _MCBSP_read
0000af40   _MCBSP_rrdy
0000af60   _MCBSP_write
0000af80   _MCBSP_xrdy
0000afa0   __IRQ_hookFetchPacket
0000afc0   __addf
0000afe0   __mpyf
0000b000   _remove
0000b020   ___etext__
0000b020   __stack
0000b020   etext
0000d020   __STACK_END
0000d020   ___cinit__
0000d020   cinit
0000d5d8   __sys_memory
0000d9d8   _h
0000db70   __ctypes_
0000dd0c   __CIOBUF_
80000000   _input_buffer
80016760   __ftable
80016990   __tmpnams
80016ad0   __ft_end
80016ad4   _x
80017268   __IRQ_eventTable
800172ec   __IRQ_intTable
8001732c   __IRQ_dispatchTable
80017488   __cleanup_ptr
8001748c   __dtors_ptr
800174fc   _AIC_data
80017500   _AIC23CfgData
80017520   _config
80017548   _hAIC23_handle
8001757c   __MCBSP_hDev0
80017580   __MCBSP_hDev1
800175cc   _fs
800175d0   _inputsource
800175d4   _signal_status
800175d8   _program_control
800175dc   _DSK6713_AIC23_codeccontrolhandle
800175e0   _DSK6713_AIC23_codecdatahandle
800175e4   _signal_on
800175e8   _row_index
800175ec   __lock
800175f0   __unlock
800175f4   __memory_size
800175fc   _envelope
80017600   _DSK6713_version
ffffffff   ___TI_pprof_out_hndl
ffffffff   ___TI_prof_data_size
ffffffff   ___TI_prof_data_start
ffffffff   ___binit__
ffffffff   ___c_args__
ffffffff   ___pinit__
ffffffff   binit
ffffffff   pinit

[193 symbols]
