******************************************************************************
               TMS320C6x Linker PC v7.3.1                      
******************************************************************************
>> Linked Fri Apr 06 21:30:27 2012

OUTPUT FILE NAME:   <TheGatorKator.out>
ENTRY POINT SYMBOL: "_c_int00"  address: 0001bd80


MEMORY CONFIGURATION

         name            origin    length      used     unused   attr    fill
----------------------  --------  ---------  --------  --------  ----  --------
  IVECS                 00000000   00000220  00000000  00000220  RWIX
  IRAM                  00000220   0002fde0  0001e7ba  00011626  RWIX
  SDRAM                 80000000   01000000  000bc114  00f43eec  RWIX
  FLASH                 90000000   00020000  00000000  00020000  RWIX


SECTION ALLOCATION MAP

 output                                  attributes/
section   page    origin      length       input sections
--------  ----  ----------  ----------   ----------------
$BRID      0    00000000    00000560     COPY SECTION
                  00000000    00000078     csl6713.lib : csl_irq.obj ($BRID)
                  00000078    0000007c                 : csl_mcbsp.obj ($BRID)
                  000000f4    00000054     dsk6713bsl.lib : dsk6713.obj ($BRID)
                  00000148    00000024                    : dsk6713_aic23_opencodec.obj ($BRID)
                  0000016c    00000014                    : dsk6713_aic23_registers.obj ($BRID)
                  00000180    0000000c                    : dsk6713_aic23_setfreq.obj ($BRID)
                  0000018c    0000000c                    : dsk6713_dip.obj ($BRID)
                  00000198    00000030                    : dsk6713_led.obj ($BRID)
                  000001c8    00000004     rts6700.lib : addd.obj ($BRID)
                  000001cc    00000004                 : addf.obj ($BRID)
                  000001d0    0000000c                 : boot.obj ($BRID)
                  000001dc    00000008                 : ceil.obj ($BRID)
                  000001e4    0000001c                 : cmpf.obj ($BRID)
                  00000200    00000014                 : cos.obj ($BRID)
                  00000214    00000004                 : cvtdf.obj ($BRID)
                  00000218    00000004                 : cvtfd.obj ($BRID)
                  0000021c    00000008                 : divd.obj ($BRID)
                  00000224    00000008                 : divf.obj ($BRID)
                  0000022c    00000028                 : exit.obj ($BRID)
                  00000254    00000004                 : fixdi.obj ($BRID)
                  00000258    0000000c                 : fixfi.obj ($BRID)
                  00000264    00000008                 : floor.obj ($BRID)
                  0000026c    00000004                 : fltid.obj ($BRID)
                  00000270    00000008                 : fltif.obj ($BRID)
                  00000278    00000004                 : frcdivd.obj ($BRID)
                  0000027c    00000004                 : frcdivf.obj ($BRID)
                  00000280    00000004                 : modf.obj ($BRID)
                  00000284    00000004                 : mpyd.obj ($BRID)
                  00000288    00000004                 : mpyf.obj ($BRID)
                  0000028c    00000018                 : round.obj ($BRID)
                  000002a4    00000014                 : sin.obj ($BRID)
                  000002b8    00000014                 : sprintf.obj ($BRID)
                  000002cc    0000000c                 : sqrt.obj ($BRID)
                  000002d8    00000004                 : strasg.obj ($BRID)
                  000002dc    00000004                 : subd.obj ($BRID)
                  000002e0    00000004                 : subf.obj ($BRID)
                  000002e4    00000008                 : trunc.obj ($BRID)
                  000002ec    0000000c                 : _lock.obj ($BRID)
                  000002f8    0000011c                 : _printfi.obj ($BRID)
                  00000414    00000004                 : atoi.obj ($BRID)
                  00000418    0000000c                 : autoinit.obj ($BRID)
                  00000424    00000004                 : divu.obj ($BRID)
                  00000428    00000010                 : ecvt.obj ($BRID)
                  00000438    00000010                 : fcvt.obj ($BRID)
                  00000448    00000004                 : fixdli.obj ($BRID)
                  0000044c    00000004                 : frexp.obj ($BRID)
                  00000450    0000001c                 : imath40.obj ($BRID)
                  0000046c    00000004                 : ldexp.obj ($BRID)
                  00000470    00000010                 : ltoa.obj ($BRID)
                  00000480    00000008                 : memccpy.obj ($BRID)
                  00000488    0000000c                 : memcpy62.obj ($BRID)
                  00000494    000000c8                 : memory.obj ($BRID)
                  0000055c    00000004                 : memset.obj ($BRID)

.bss       0    00000220    00000000     UNINITIALIZED

.cinit     0    00000220    00010834     
                  00000220    000103b8     gator_kator.obj (.cinit)
                  000105d8    0000012c     csl6713.lib : csl_irq.obj (.cinit)
                  00010704    00000004     --HOLE-- [fill = 0]
                  00010708    000000ca     emif_lcd.obj (.cinit)
                  000107d2    00000006     --HOLE-- [fill = 0]
                  000107d8    00000058     c6713dskinit.obj (.cinit)
                  00010830    00000054     csl6713.lib : csl_mcbsp.obj (.cinit)
                  00010884    00000004     --HOLE-- [fill = 0]
                  00010888    00000048     rts6700.lib : cos.obj (.cinit)
                  000108d0    00000048                 : sin.obj (.cinit)
                  00010918    00000030     dsk6713bsl.lib : dsk6713_aic23_registers.obj (.cinit)
                  00010948    0000002c     frame_and_filter.obj (.cinit)
                  00010974    00000004     --HOLE-- [fill = 0]
                  00010978    0000002c     rts6700.lib : exit.obj (.cinit)
                  000109a4    00000004     --HOLE-- [fill = 0]
                  000109a8    00000028     dsk6713bsl.lib : dsk6713_aic23_setfreq.obj (.cinit)
                  000109d0    0000001c     rts6700.lib : _lock.obj (.cinit)
                  000109ec    00000004     --HOLE-- [fill = 0]
                  000109f0    0000001c                 : sysmem.obj (.cinit)
                  00010a0c    00000004     --HOLE-- [fill = 0]
                  00010a10    0000000c     detect_envelope.obj (.cinit)
                  00010a1c    00000004     --HOLE-- [fill = 0]
                  00010a20    0000000c     rts6700.lib : errno.obj (.cinit)
                  00010a2c    00000004     --HOLE-- [fill = 0]
                  00010a30    0000000c                 : memory.obj (.cinit)
                  00010a3c    00000004     --HOLE-- [fill = 0]
                  00010a40    0000000c     xcorr.obj (.cinit)
                  00010a4c    00000004     --HOLE-- [fill = 0]
                  00010a50    00000004     (.pad.cinit) [fill = 0]

.text      0    00010a60    0000b9e0     
                  00010a60    00002a00     rts6700.lib : _printfi.obj (.text)
                  00013460    00001020                 : memory.obj (.text)
                  00014480    00000960     gator_kator.obj (.text)
                  00014de0    000007c0     c6713dskinit.obj (.text)
                  000155a0    00000780     xcorr.obj (.text)
                  00015d20    000006a0     fft.obj (.text)
                  000163c0    000005e0     utils.obj (.text)
                  000169a0    000004c0     rts6700.lib : imath40.obj (.text)
                  00016e60    00000480                 : ecvt.obj (.text)
                  000172e0    00000480                 : fcvt.obj (.text)
                  00017760    00000460     dsk6713bsl.lib : dsk6713.obj (.text)
                  00017bc0    00000400     rts6700.lib : cos.obj (.text)
                  00017fc0    000003e0     emif_lcd.obj (.text)
                  000183a0    000003c0     rts6700.lib : sin.obj (.text)
                  00018760    00000300     dsk6713bsl.lib : dsk6713_aic23_opencodec.obj (.text)
                  00018a60    00000300     rts6700.lib : frcdivd.obj (.text)
                  00018d60    000002a0                 : sqrt.obj (.text)
                  00019000    00000240                 : divd.obj (.text)
                  00019240    00000240                 : memcpy62.obj (.text)
                  00019480    00000220                 : exit.obj (.text)
                  000196a0    000001e0                 : round.obj (.text)
                  00019880    000001c0     power_spectrum.obj (.text)
                  00019a40    000001a0     csl6713.lib : csl_irq.obj (.text:_IRQ_map)
                  00019be0    000001a0     dsk6713bsl.lib : dsk6713_led.obj (.text)
                  00019d80    000001a0     find_max.obj (.text)
                  00019f20    00000180     csl6713.lib : csl_mcbsp.obj (.text:_MCBSP_reset)
                  0001a0a0    00000180     frame_and_filter.obj (.text)
                  0001a220    00000180     rts6700.lib : atoi.obj (.text)
                  0001a3a0    00000180                 : divf.obj (.text)
                  0001a520    00000180                 : ldexp.obj (.text)
                  0001a6a0    00000160                 : sprintf.obj (.text)
                  0001a800    00000140     dsk6713bsl.lib : dsk6713_aic23_registers.obj (.text)
                  0001a940    00000140     fir_filter.obj (.text)
                  0001aa80    00000140     rts6700.lib : frexp.obj (.text)
                  0001abc0    00000140                 : ltoa.obj (.text)
                  0001ad00    00000120     average_fft_magnitude.obj (.text)
                  0001ae20    00000120     rts6700.lib : memset.obj (.text)
                  0001af40    00000100     copy_to_struct.obj (.text)
                  0001b040    00000100     normalize_real.obj (.text)
                  0001b140    00000100     rts6700.lib : autoinit.obj (.text)
                  0001b240    00000100                 : frcdivf.obj (.text)
                  0001b340    000000e0     csl6713.lib : csl_mcbsp.obj (.text:_MCBSP_open)
                  0001b420    000000e0     rts6700.lib : modf.obj (.text)
                  0001b500    000000e0                 : strasg.obj (.text)
                  0001b5e0    000000c0     block_dc.obj (.text)
                  0001b6a0    000000c0     detect_envelope.obj (.text)
                  0001b760    000000c0     dsk6713bsl.lib : dsk6713_aic23_setfreq.obj (.text)
                  0001b820    000000c0     rts6700.lib : divu.obj (.text)
                  0001b8e0    000000c0                 : fixdi.obj (.text)
                  0001b9a0    000000c0                 : fixdli.obj (.text)
                  0001ba60    000000a0     csl6713.lib : csl_mcbsp.obj (.text:_MCBSP_config)
                  0001bb00    000000a0                 : csl_mcbsp.obj (.text:_MCBSP_start)
                  0001bba0    000000a0                 : csl_irq.obj (.text:_setMux)
                  0001bc40    000000a0     find_distance.obj (.text)
                  0001bce0    000000a0     rts6700.lib : memccpy.obj (.text)
                  0001bd80    00000080                 : boot.obj (.text)
                  0001be00    00000080                 : cmpf.obj (.text)
                  0001be80    00000080                 : fixfi.obj (.text)
                  0001bf00    00000080                 : fltid.obj (.text)
                  0001bf80    00000080                 : fltif.obj (.text)
                  0001c000    00000060     dsk6713bsl.lib : dsk6713_dip.obj (.text)
                  0001c060    00000060     rts6700.lib : ceil.obj (.text)
                  0001c0c0    00000060                 : floor.obj (.text)
                  0001c120    00000040     csl6713.lib : csl_irq.obj (.text:_IRQ_enable)
                  0001c160    00000040                 : csl_irq.obj (.text:_IRQ_reset)
                  0001c1a0    00000040     rts6700.lib : _lock.obj (.text)
                  0001c1e0    00000040                 : trunc.obj (.text)
                  0001c220    00000020     csl6713.lib : csl_irq.obj (.text:_IRQ_globalDisable)
                  0001c240    00000020                 : csl_irq.obj (.text:_IRQ_globalEnable)
                  0001c260    00000020                 : csl_irq.obj (.text:_IRQ_nmiEnable)
                  0001c280    00000020                 : csl_mcbsp.obj (.text:_MCBSP_getXmtEventId)
                  0001c2a0    00000020                 : csl_mcbsp.obj (.text:_MCBSP_read)
                  0001c2c0    00000020                 : csl_mcbsp.obj (.text:_MCBSP_rrdy)
                  0001c2e0    00000020                 : csl_mcbsp.obj (.text:_MCBSP_write)
                  0001c300    00000020                 : csl_mcbsp.obj (.text:_MCBSP_xrdy)
                  0001c320    00000020                 : csl_irq.obj (.text)
                  0001c340    00000020     rts6700.lib : addd.obj (.text)
                  0001c360    00000020                 : addf.obj (.text)
                  0001c380    00000020                 : cvtdf.obj (.text)
                  0001c3a0    00000020                 : cvtfd.obj (.text)
                  0001c3c0    00000020                 : mpyd.obj (.text)
                  0001c3e0    00000020                 : mpyf.obj (.text)
                  0001c400    00000020                 : subd.obj (.text)
                  0001c420    00000020                 : subf.obj (.text)

.stack     0    0001c440    00002000     UNINITIALIZED
                  0001c440    00000008     rts6700.lib : boot.obj (.stack)
                  0001c448    00001ff8     --HOLE--

.sysmem    0    0001e440    00000400     UNINITIALIZED
                  0001e440    00000400     --HOLE--

.const     0    0001e840    000001a6     
                  0001e840    00000101     rts6700.lib : ctype.obj (.const)
                  0001e941    00000003     --HOLE-- [fill = 0]
                  0001e944    00000040     dsk6713bsl.lib : dsk6713_aic23_opencodec.obj (.const)
                  0001e984    0000002a     rts6700.lib : _printfi.obj (.const)
                  0001e9ae    00000002     --HOLE-- [fill = 0]
                  0001e9b0    00000020     dsk6713bsl.lib : dsk6713.obj (.const)
                  0001e9d0    00000006     utils.obj (.const:_$P$T1$2)
                  0001e9d6    00000002     --HOLE-- [fill = 0]
                  0001e9d8    00000004     utils.obj (.const:_$P$T0$1)
                  0001e9dc    00000004     gator_kator.obj (.const)
                  0001e9e0    00000003     gator_kator.obj (.const:_$P$T1$2)
                  0001e9e3    00000001     --HOLE-- [fill = 0]
                  0001e9e4    00000002     gator_kator.obj (.const:_$P$T0$1)

.EXTRAM    0    80000000    000ba328     
                  80000000    000b9ff8     gator_kator.obj (.EXTRAM) [fill = 0]
                  800b9ff8    00000330     fir_filter.obj (.EXTRAM)

.far       0    800ba328    00001dec     UNINITIALIZED
                  800ba328    0000131c     gator_kator.obj (.far)
                  800bb644    00000330     fir_filter.obj (.far)
                  800bb974    00000190     rts6700.lib : _printfi.obj (.far)
                  800bbb04    00000190                 : fcvt.obj (.far)
                  800bbc94    000000f4     csl6713.lib : csl_irq.obj (.far)
                  800bbd88    000000d4     emif_lcd.obj (.far)
                  800bbe5c    0000008c     rts6700.lib : exit.obj (.far)
                  800bbee8    00000064                 : ecvt.obj (.far)
                  800bbf4c    00000058     c6713dskinit.obj (.far)
                  800bbfa4    00000004     detect_envelope.obj (.far)
                  800bbfa8    00000040     rts6700.lib : cos.obj (.far)
                  800bbfe8    00000040                 : sin.obj (.far)
                  800bc028    00000040     xcorr.obj (.far)
                  800bc068    00000038     csl6713.lib : csl_mcbsp.obj (.far)
                  800bc0a0    00000028     dsk6713bsl.lib : dsk6713_aic23_registers.obj (.far)
                  800bc0c8    00000020                    : dsk6713_aic23_setfreq.obj (.far)
                  800bc0e8    0000000c     frame_and_filter.obj (.far)
                  800bc0f4    00000008     dsk6713bsl.lib : dsk6713_aic23_opencodec.obj (.far)
                  800bc0fc    00000008     rts6700.lib : _lock.obj (.far)
                  800bc104    00000008                 : memory.obj (.far)
                  800bc10c    00000004                 : errno.obj (.far)
                  800bc110    00000002     dsk6713bsl.lib : dsk6713.obj (.far)
                  800bc112    00000002                    : dsk6713_led.obj (.far)


GLOBAL SYMBOLS: SORTED ALPHABETICALLY BY Name 

address    name
--------   ----
00000220   $bss
00000220   .bss
00010a60   .text
00019694   C$$EXIT
800bbf58   _AIC23CfgData
800bbf54   _AIC_data
800bc0f4   _DSK6713_AIC23_codeccontrolhandle
800bc0f8   _DSK6713_AIC23_codecdatahandle
0001a8c0   _DSK6713_AIC23_config
00018760   _DSK6713_AIC23_openCodec
0001a89c   _DSK6713_AIC23_rget
0001a800   _DSK6713_AIC23_rset
0001b760   _DSK6713_AIC23_setFreq
0001c008   _DSK6713_DIP_get
0001c000   _DSK6713_DIP_init
00019be0   _DSK6713_LED_init
00019c08   _DSK6713_LED_off
00019c70   _DSK6713_LED_on
00019cd4   _DSK6713_LED_toggle
00017b38   _DSK6713_getVersion
00017790   _DSK6713_init
00017a90   _DSK6713_rget
00017aa4   _DSK6713_rset
800bc110   _DSK6713_version
00017ab8   _DSK6713_wait
00017b0c   _DSK6713_waitusec
0001c120   _IRQ_enable
0001c220   _IRQ_globalDisable
0001c240   _IRQ_globalEnable
00019a40   _IRQ_map
0001c260   _IRQ_nmiEnable
0001c160   _IRQ_reset
00018270   _LCD_PUT_CHAR
000181d4   _LCD_PUT_CMD
0001ba60   _MCBSP_config
0001c280   _MCBSP_getXmtEventId
0001b340   _MCBSP_open
0001c2a0   _MCBSP_read
00019f20   _MCBSP_reset
0001c2c0   _MCBSP_rrdy
0001bb00   _MCBSP_start
0001c2e0   _MCBSP_write
0001c300   _MCBSP_xrdy
800bbd80   __IRQ_dispatchTable
800bbcbc   __IRQ_eventTable
0001c320   __IRQ_hookFetchPacket
800bbd40   __IRQ_intTable
800bc098   __MCBSP_hDev0
800bc09c   __MCBSP_hDev1
0001e440   __STACK_END
00002000   __STACK_SIZE
00000400   __SYSMEM_SIZE
ffffffff   ___TI_pprof_out_hndl
ffffffff   ___TI_prof_data_size
ffffffff   ___TI_prof_data_start
ffffffff   ___binit__
00000220   ___bss__
ffffffff   ___c_args__
00000220   ___cinit__
00000220   ___end__
0001c440   ___etext__
ffffffff   ___pinit__
00010a60   ___text__
0001c340   __addd
0001c360   __addf
0001b140   __auto_init
800bbee0   __cleanup_ptr
0001be00   __cmpf
0001e840   __ctypes_
0001c380   __cvtdf
0001c3a0   __cvtfd
00019000   __divd
0001a3a0   __divf
00016d60   __divli
0001b820   __divu
00016a60   __divul
800bbee4   __dtors_ptr
0001be18   __eqlf
0001b8e0   __fixdi
0001b9a0   __fixdli
0001be80   __fixfi
0001bf00   __fltid
0001bf80   __fltif
00018a60   __frcdivd
0001b240   __frcdivf
0001be5c   __geqf
0001be40   __gtrf
0001be4c   __leqf
800bc0fc   __lock
0001be34   __lssf
800bc104   __memory_size
0001c3c0   __mpyd
0001c3e0   __mpyf
0001be24   __neqf
0001c1a0   __nop
00010a60   __printfi
0001c1a8   __register_lock
0001c1bc   __register_unlock
00016ca4   __remli
000169a0   __remul
000196a0   __round
0001c440   __stack
0001b500   __strasg
0001c400   __subd
0001c420   __subf
0001e440   __sys_memory
0001c1e0   __trunc
800bc100   __unlock
00019694   _abort
000195b8   _atexit
0001a220   _atoi
0001ad00   _average_fft_magnitude
800ba648   _average_fft_power_input
800baa48   _average_fft_power_soi
800bbd98   _bandage
0001b5e0   _block_dc
800bbe18   _botrow
00014de0   _c6713_dsk_init
0001bd80   _c_int00
800bc0f0   _call_count
000138e4   _calloc
0001c060   _ceil
800ba388   _collecting_bot
800ba348   _collecting_top
800bbe5a   _colselect
00014f00   _comm_intr
00014ecc   _comm_poll
800bbf78   _config
0001af40   _copy_to_struct
00017bc0   _cos
800bc030   _delay
00018300   _delay_lcd
800bc060   _denom
0001b6a0   _detect_envelope
800ba488   _distance_bot
80030000   _distance_corr_buffer
800ba448   _distance_top
00016e60   _ecvt
800bbfa4   _envelope
800bc10c   _errno
00019480   _exit
000172e0   _fcvt
00015d20   _fft
800bae48   _fft_corr_buffer
0001a940   _filter_signal
0001bc40   _find_distance
00019d80   _find_max
0001c0c0   _floor
0001a0a0   _frame_and_filter
00013d30   _free
0001aa80   _frexp
800ba328   _fs
800b9ff8   _h
800bbfa0   _hAIC23_handle
800bc028   _i
00018148   _init_LCD
00016438   _init_buffer
000166b4   _init_dist_array
00016730   _init_fft_corr_buffer
000167e4   _init_fft_corr_vector
00016644   _init_match_array
800bbd90   _input
80010000   _input_left_buffer
00015408   _input_left_sample
80020000   _input_right_buffer
000154d0   _input_right_sample
00015304   _input_sample
800ba32c   _inputsource
800bbd8c   _ioport
800bc02c   _j
800ba344   _lcd_control
0001837c   _lcd_test
0001a520   _ldexp
800ba330   _left_signal_status
0001abc0   _ltoa
00014480   _main
000136dc   _malloc
800ba508   _match_bot
80031ffc   _match_corr_buffer
800ba588   _match_percent_bot
800ba548   _match_percent_top
800ba4c8   _match_top
000140e8   _memalign
0001bce0   _memccpy
00019240   _memcpy
0001ae20   _memset
00013674   _minit
0001b420   _modf
800bc038   _mx
800bc040   _my
0001b040   _normalize_real
800bbd88   _output
800bbd94   _output1
00015144   _output_left_sample
00015224   _output_right_sample
0001502c   _output_sample
000163c0   _playback
00019880   _power_spectrum
800ba340   _program_control
80039ff8   _real_data_buffer
000139a0   _realloc
800ba608   _reset_bot
0001678c   _reset_leds
800ba5c8   _reset_top
800ba334   _right_signal_status
800ba33c   _row_ind
800bc0ec   _row_index
800bbe58   _rowselect
0001805c   _send_LCD_characters
00017fc0   _set_LCD_characters
00016840   _set_leds
800ba408   _signal_detected_bot
800ba3c8   _signal_detected_top
800bc0e8   _signal_on
800ba338   _signal_status
000183a0   _sin
80000000   _soi
80079ff8   _soi_data_buffer
0001a6a0   _sprintf
00018d60   _sqrt
800bc048   _sx
800bc058   _sxy
800bc050   _sy
00016898   _toggle
800bbdd8   _toprow
800bb644   _x
000155a0   _xcorr
ffffffff   binit
00000220   cinit
00000220   end
0001c440   etext
ffffffff   pinit


GLOBAL SYMBOLS: SORTED BY Symbol Address 

address    name
--------   ----
00000220   $bss
00000220   .bss
00000220   ___bss__
00000220   ___cinit__
00000220   ___end__
00000220   cinit
00000220   end
00000400   __SYSMEM_SIZE
00002000   __STACK_SIZE
00010a60   .text
00010a60   ___text__
00010a60   __printfi
00013674   _minit
000136dc   _malloc
000138e4   _calloc
000139a0   _realloc
00013d30   _free
000140e8   _memalign
00014480   _main
00014de0   _c6713_dsk_init
00014ecc   _comm_poll
00014f00   _comm_intr
0001502c   _output_sample
00015144   _output_left_sample
00015224   _output_right_sample
00015304   _input_sample
00015408   _input_left_sample
000154d0   _input_right_sample
000155a0   _xcorr
00015d20   _fft
000163c0   _playback
00016438   _init_buffer
00016644   _init_match_array
000166b4   _init_dist_array
00016730   _init_fft_corr_buffer
0001678c   _reset_leds
000167e4   _init_fft_corr_vector
00016840   _set_leds
00016898   _toggle
000169a0   __remul
00016a60   __divul
00016ca4   __remli
00016d60   __divli
00016e60   _ecvt
000172e0   _fcvt
00017790   _DSK6713_init
00017a90   _DSK6713_rget
00017aa4   _DSK6713_rset
00017ab8   _DSK6713_wait
00017b0c   _DSK6713_waitusec
00017b38   _DSK6713_getVersion
00017bc0   _cos
00017fc0   _set_LCD_characters
0001805c   _send_LCD_characters
00018148   _init_LCD
000181d4   _LCD_PUT_CMD
00018270   _LCD_PUT_CHAR
00018300   _delay_lcd
0001837c   _lcd_test
000183a0   _sin
00018760   _DSK6713_AIC23_openCodec
00018a60   __frcdivd
00018d60   _sqrt
00019000   __divd
00019240   _memcpy
00019480   _exit
000195b8   _atexit
00019694   C$$EXIT
00019694   _abort
000196a0   __round
00019880   _power_spectrum
00019a40   _IRQ_map
00019be0   _DSK6713_LED_init
00019c08   _DSK6713_LED_off
00019c70   _DSK6713_LED_on
00019cd4   _DSK6713_LED_toggle
00019d80   _find_max
00019f20   _MCBSP_reset
0001a0a0   _frame_and_filter
0001a220   _atoi
0001a3a0   __divf
0001a520   _ldexp
0001a6a0   _sprintf
0001a800   _DSK6713_AIC23_rset
0001a89c   _DSK6713_AIC23_rget
0001a8c0   _DSK6713_AIC23_config
0001a940   _filter_signal
0001aa80   _frexp
0001abc0   _ltoa
0001ad00   _average_fft_magnitude
0001ae20   _memset
0001af40   _copy_to_struct
0001b040   _normalize_real
0001b140   __auto_init
0001b240   __frcdivf
0001b340   _MCBSP_open
0001b420   _modf
0001b500   __strasg
0001b5e0   _block_dc
0001b6a0   _detect_envelope
0001b760   _DSK6713_AIC23_setFreq
0001b820   __divu
0001b8e0   __fixdi
0001b9a0   __fixdli
0001ba60   _MCBSP_config
0001bb00   _MCBSP_start
0001bc40   _find_distance
0001bce0   _memccpy
0001bd80   _c_int00
0001be00   __cmpf
0001be18   __eqlf
0001be24   __neqf
0001be34   __lssf
0001be40   __gtrf
0001be4c   __leqf
0001be5c   __geqf
0001be80   __fixfi
0001bf00   __fltid
0001bf80   __fltif
0001c000   _DSK6713_DIP_init
0001c008   _DSK6713_DIP_get
0001c060   _ceil
0001c0c0   _floor
0001c120   _IRQ_enable
0001c160   _IRQ_reset
0001c1a0   __nop
0001c1a8   __register_lock
0001c1bc   __register_unlock
0001c1e0   __trunc
0001c220   _IRQ_globalDisable
0001c240   _IRQ_globalEnable
0001c260   _IRQ_nmiEnable
0001c280   _MCBSP_getXmtEventId
0001c2a0   _MCBSP_read
0001c2c0   _MCBSP_rrdy
0001c2e0   _MCBSP_write
0001c300   _MCBSP_xrdy
0001c320   __IRQ_hookFetchPacket
0001c340   __addd
0001c360   __addf
0001c380   __cvtdf
0001c3a0   __cvtfd
0001c3c0   __mpyd
0001c3e0   __mpyf
0001c400   __subd
0001c420   __subf
0001c440   ___etext__
0001c440   __stack
0001c440   etext
0001e440   __STACK_END
0001e440   __sys_memory
0001e840   __ctypes_
80000000   _soi
80010000   _input_left_buffer
80020000   _input_right_buffer
80030000   _distance_corr_buffer
80031ffc   _match_corr_buffer
80039ff8   _real_data_buffer
80079ff8   _soi_data_buffer
800b9ff8   _h
800ba328   _fs
800ba32c   _inputsource
800ba330   _left_signal_status
800ba334   _right_signal_status
800ba338   _signal_status
800ba33c   _row_ind
800ba340   _program_control
800ba344   _lcd_control
800ba348   _collecting_top
800ba388   _collecting_bot
800ba3c8   _signal_detected_top
800ba408   _signal_detected_bot
800ba448   _distance_top
800ba488   _distance_bot
800ba4c8   _match_top
800ba508   _match_bot
800ba548   _match_percent_top
800ba588   _match_percent_bot
800ba5c8   _reset_top
800ba608   _reset_bot
800ba648   _average_fft_power_input
800baa48   _average_fft_power_soi
800bae48   _fft_corr_buffer
800bb644   _x
800bbcbc   __IRQ_eventTable
800bbd40   __IRQ_intTable
800bbd80   __IRQ_dispatchTable
800bbd88   _output
800bbd8c   _ioport
800bbd90   _input
800bbd94   _output1
800bbd98   _bandage
800bbdd8   _toprow
800bbe18   _botrow
800bbe58   _rowselect
800bbe5a   _colselect
800bbee0   __cleanup_ptr
800bbee4   __dtors_ptr
800bbf54   _AIC_data
800bbf58   _AIC23CfgData
800bbf78   _config
800bbfa0   _hAIC23_handle
800bbfa4   _envelope
800bc028   _i
800bc02c   _j
800bc030   _delay
800bc038   _mx
800bc040   _my
800bc048   _sx
800bc050   _sy
800bc058   _sxy
800bc060   _denom
800bc098   __MCBSP_hDev0
800bc09c   __MCBSP_hDev1
800bc0e8   _signal_on
800bc0ec   _row_index
800bc0f0   _call_count
800bc0f4   _DSK6713_AIC23_codeccontrolhandle
800bc0f8   _DSK6713_AIC23_codecdatahandle
800bc0fc   __lock
800bc100   __unlock
800bc104   __memory_size
800bc10c   _errno
800bc110   _DSK6713_version
ffffffff   ___TI_pprof_out_hndl
ffffffff   ___TI_prof_data_size
ffffffff   ___TI_prof_data_start
ffffffff   ___binit__
ffffffff   ___c_args__
ffffffff   ___pinit__
ffffffff   binit
ffffffff   pinit

[232 symbols]
