******************************************************************************
               TMS320C6x Linker PC v7.3.1                      
******************************************************************************
>> Linked Sun Mar 11 17:40:31 2012

OUTPUT FILE NAME:   <TheGatorKator.out>
ENTRY POINT SYMBOL: "_c_int00"  address: 000028e0


MEMORY CONFIGURATION

         name            origin    length      used     unused   attr    fill
----------------------  --------  ---------  --------  --------  ----  --------
  IVECS                 00000000   00000220  00000200  00000020  RWIX
  IRAM                  00000220   0002fde0  0000515c  0002ac84  RWIX
  SDRAM                 80000000   01000000  00016d1c  00fe92e4  RWIX
  FLASH                 90000000   00020000  00000000  00020000  RWIX


SECTION ALLOCATION MAP

 output                                  attributes/
section   page    origin      length       input sections
--------  ----  ----------  ----------   ----------------
.vectors   0    00000000    00000200     
                  00000000    00000200     Vectors_intr.obj (.vectors)

$BRID      0    00000000    00000240     COPY SECTION
                  00000000    00000078     csl6713.lib : csl_irq.obj ($BRID)
                  00000078    0000007c                 : csl_mcbsp.obj ($BRID)
                  000000f4    00000054     dsk6713bsl.lib : dsk6713.obj ($BRID)
                  00000148    00000024                    : dsk6713_aic23_opencodec.obj ($BRID)
                  0000016c    00000014                    : dsk6713_aic23_registers.obj ($BRID)
                  00000180    0000000c                    : dsk6713_aic23_setfreq.obj ($BRID)
                  0000018c    0000000c                    : dsk6713_dip.obj ($BRID)
                  00000198    00000030                    : dsk6713_led.obj ($BRID)
                  000001c8    00000004     rts6700.lib : addf.obj ($BRID)
                  000001cc    0000000c                 : boot.obj ($BRID)
                  000001d8    00000028                 : exit.obj ($BRID)
                  00000200    0000000c                 : fixfi.obj ($BRID)
                  0000020c    00000008                 : fltif.obj ($BRID)
                  00000214    00000004                 : mpyf.obj ($BRID)
                  00000218    00000004                 : strasg.obj ($BRID)
                  0000021c    0000000c                 : _lock.obj ($BRID)
                  00000228    0000000c                 : autoinit.obj ($BRID)
                  00000234    0000000c                 : memcpy62.obj ($BRID)

.text      0    00000220    00002ae0     
                  00000220    000007c0     c6713dskinit.obj (.text)
                  000009e0    00000460     dsk6713bsl.lib : dsk6713.obj (.text)
                  00000e40    00000300                    : dsk6713_aic23_opencodec.obj (.text)
                  00001140    00000240     rts6700.lib : memcpy62.obj (.text)
                  00001380    00000220                 : exit.obj (.text)
                  000015a0    000001e0     gator_kator.obj (.text)
                  00001780    000001e0     gator_kator.obj (.text:retain)
                  00001960    000001a0     csl6713.lib : csl_irq.obj (.text:_IRQ_map)
                  00001b00    000001a0     dsk6713bsl.lib : dsk6713_led.obj (.text)
                  00001ca0    00000180     csl6713.lib : csl_mcbsp.obj (.text:_MCBSP_reset)
                  00001e20    00000160     fir_filter.obj (.text)
                  00001f80    00000140     dsk6713bsl.lib : dsk6713_aic23_registers.obj (.text)
                  000020c0    00000140     frame_and_filter.obj (.text)
                  00002200    00000100     rts6700.lib : autoinit.obj (.text)
                  00002300    000000e0     csl6713.lib : csl_mcbsp.obj (.text:_MCBSP_open)
                  000023e0    000000e0     rts6700.lib : strasg.obj (.text)
                  000024c0    000000c0     block_dc.obj (.text)
                  00002580    000000c0     detect_envelope.obj (.text)
                  00002640    000000c0     dsk6713bsl.lib : dsk6713_aic23_setfreq.obj (.text)
                  00002700    000000a0     csl6713.lib : csl_mcbsp.obj (.text:_MCBSP_config)
                  000027a0    000000a0                 : csl_mcbsp.obj (.text:_MCBSP_start)
                  00002840    000000a0                 : csl_irq.obj (.text:_setMux)
                  000028e0    00000080     rts6700.lib : boot.obj (.text)
                  00002960    00000080                 : fixfi.obj (.text)
                  000029e0    00000080                 : fltif.obj (.text)
                  00002a60    00000060     dsk6713bsl.lib : dsk6713_dip.obj (.text)
                  00002ac0    00000040     csl6713.lib : csl_irq.obj (.text:_IRQ_enable)
                  00002b00    00000040                 : csl_irq.obj (.text:_IRQ_reset)
                  00002b40    00000040     rts6700.lib : _lock.obj (.text)
                  00002b80    00000020     Vectors_intr.obj (.text)
                  00002ba0    00000020     csl6713.lib : csl_irq.obj (.text:_IRQ_globalDisable)
                  00002bc0    00000020                 : csl_irq.obj (.text:_IRQ_globalEnable)
                  00002be0    00000020                 : csl_irq.obj (.text:_IRQ_nmiEnable)
                  00002c00    00000020                 : csl_mcbsp.obj (.text:_MCBSP_getXmtEventId)
                  00002c20    00000020                 : csl_mcbsp.obj (.text:_MCBSP_read)
                  00002c40    00000020                 : csl_mcbsp.obj (.text:_MCBSP_rrdy)
                  00002c60    00000020                 : csl_mcbsp.obj (.text:_MCBSP_write)
                  00002c80    00000020                 : csl_mcbsp.obj (.text:_MCBSP_xrdy)
                  00002ca0    00000020                 : csl_irq.obj (.text)
                  00002cc0    00000020     rts6700.lib : addf.obj (.text)
                  00002ce0    00000020                 : mpyf.obj (.text)

.bss       0    00000220    00000000     UNINITIALIZED

.stack     0    00002d00    00002000     UNINITIALIZED
                  00002d00    00000008     rts6700.lib : boot.obj (.stack)
                  00002d08    00001ff8     --HOLE--

.const     0    00004d00    00000390     
                  00004d00    00000330     fir_filter.obj (.const:_h)
                  00005030    00000040     dsk6713bsl.lib : dsk6713_aic23_opencodec.obj (.const)
                  00005070    00000020                    : dsk6713.obj (.const)

.cinit     0    00005090    000002ec     
                  00005090    0000012c     csl6713.lib : csl_irq.obj (.cinit)
                  000051bc    00000004     --HOLE-- [fill = 0]
                  000051c0    00000058     c6713dskinit.obj (.cinit)
                  00005218    00000054     csl6713.lib : csl_mcbsp.obj (.cinit)
                  0000526c    00000004     --HOLE-- [fill = 0]
                  00005270    00000030     dsk6713bsl.lib : dsk6713_aic23_registers.obj (.cinit)
                  000052a0    0000002c     gator_kator.obj (.cinit)
                  000052cc    00000004     --HOLE-- [fill = 0]
                  000052d0    0000002c     rts6700.lib : exit.obj (.cinit)
                  000052fc    00000004     --HOLE-- [fill = 0]
                  00005300    00000028     dsk6713bsl.lib : dsk6713_aic23_setfreq.obj (.cinit)
                  00005328    0000001c     frame_and_filter.obj (.cinit)
                  00005344    00000004     --HOLE-- [fill = 0]
                  00005348    0000001c     rts6700.lib : _lock.obj (.cinit)
                  00005364    00000004     --HOLE-- [fill = 0]
                  00005368    0000000c     detect_envelope.obj (.cinit)
                  00005374    00000004     --HOLE-- [fill = 0]
                  00005378    00000004     (.pad.cinit) [fill = 0]

.EXTRAM    0    80000000    00016760     UNINITIALIZED
                  80000000    00016760     gator_kator.obj (.EXTRAM)

.far       0    80016760    000005bc     UNINITIALIZED
                  80016760    00000330     fir_filter.obj (.far)
                  80016a90    000000f4     csl6713.lib : csl_irq.obj (.far)
                  80016b84    0000008c     rts6700.lib : exit.obj (.far)
                  80016c10    00000058     c6713dskinit.obj (.far)
                  80016c68    00000038     csl6713.lib : csl_mcbsp.obj (.far)
                  80016ca0    00000028     dsk6713bsl.lib : dsk6713_aic23_registers.obj (.far)
                  80016cc8    00000020                    : dsk6713_aic23_setfreq.obj (.far)
                  80016ce8    00000014     gator_kator.obj (.far)
                  80016cfc    00000008     dsk6713bsl.lib : dsk6713_aic23_opencodec.obj (.far)
                  80016d04    00000008     frame_and_filter.obj (.far)
                  80016d0c    00000008     rts6700.lib : _lock.obj (.far)
                  80016d14    00000004     detect_envelope.obj (.far)
                  80016d18    00000002     dsk6713bsl.lib : dsk6713.obj (.far)
                  80016d1a    00000002                    : dsk6713_led.obj (.far)


GLOBAL SYMBOLS: SORTED ALPHABETICALLY BY Name 

address    name
--------   ----
00000220   $bss
00000220   .bss
00000220   .text
00001594   C$$EXIT
80016c1c   _AIC23CfgData
80016c18   _AIC_data
80016cfc   _DSK6713_AIC23_codeccontrolhandle
80016d00   _DSK6713_AIC23_codecdatahandle
00002040   _DSK6713_AIC23_config
00000e40   _DSK6713_AIC23_openCodec
0000201c   _DSK6713_AIC23_rget
00001f80   _DSK6713_AIC23_rset
00002640   _DSK6713_AIC23_setFreq
00002a68   _DSK6713_DIP_get
00002a60   _DSK6713_DIP_init
00001b00   _DSK6713_LED_init
00001b28   _DSK6713_LED_off
00001b90   _DSK6713_LED_on
00001bf4   _DSK6713_LED_toggle
00000db8   _DSK6713_getVersion
00000a10   _DSK6713_init
00000d10   _DSK6713_rget
00000d24   _DSK6713_rset
80016d18   _DSK6713_version
00000d38   _DSK6713_wait
00000d8c   _DSK6713_waitusec
00002ac0   _IRQ_enable
00002ba0   _IRQ_globalDisable
00002bc0   _IRQ_globalEnable
00001960   _IRQ_map
00002be0   _IRQ_nmiEnable
00002b00   _IRQ_reset
00002700   _MCBSP_config
00002c00   _MCBSP_getXmtEventId
00002300   _MCBSP_open
00002c20   _MCBSP_read
00001ca0   _MCBSP_reset
00002c40   _MCBSP_rrdy
000027a0   _MCBSP_start
00002c60   _MCBSP_write
00002c80   _MCBSP_xrdy
80016b7c   __IRQ_dispatchTable
80016ab8   __IRQ_eventTable
00002ca0   __IRQ_hookFetchPacket
80016b3c   __IRQ_intTable
80016c98   __MCBSP_hDev0
80016c9c   __MCBSP_hDev1
00004d00   __STACK_END
00002000   __STACK_SIZE
ffffffff   ___TI_pprof_out_hndl
ffffffff   ___TI_prof_data_size
ffffffff   ___TI_prof_data_start
ffffffff   ___binit__
00000220   ___bss__
ffffffff   ___c_args__
00005090   ___cinit__
00000220   ___end__
00002d00   ___etext__
ffffffff   ___pinit__
00000220   ___text__
00002cc0   __addf
00002200   __auto_init
80016c08   __cleanup_ptr
80016c0c   __dtors_ptr
00002960   __fixfi
000029e0   __fltif
80016d0c   __lock
00002ce0   __mpyf
00002b40   __nop
00002b48   __register_lock
00002b5c   __register_unlock
00002d00   __stack
000023e0   __strasg
80016d10   __unlock
00001594   _abort
000014b8   _atexit
000024c0   _block_dc
00000220   _c6713_dsk_init
000028e0   _c_int00
00001780   _c_int11
00000340   _comm_intr
0000030c   _comm_poll
80016c3c   _config
00002580   _detect_envelope
80016d14   _envelope
00001380   _exit
00001e20   _filter_signal
000020c0   _frame_and_filter
80016ce8   _fs
00004d00   _h
80016c64   _hAIC23_handle
80000000   _input_buffer
00000848   _input_left_sample
00000910   _input_right_sample
00000744   _input_sample
80016cec   _inputsource
000015a0   _main
00001140   _memcpy
00000584   _output_left_sample
00000664   _output_right_sample
0000046c   _output_sample
000016ec   _playback
80016cf4   _program_control
80016cf8   _row_ind
80016d08   _row_index
80016d04   _signal_on
80016cf0   _signal_status
00000020   _vector1
00000140   _vector10
00000180   _vector12
000001a0   _vector13
000001c0   _vector14
000001e0   _vector15
00000040   _vector2
00000060   _vector3
00000080   _vector4
000000a0   _vector5
000000c0   _vector6
000000e0   _vector7
00000100   _vector8
00000120   _vector9
00000000   _vectors
80016760   _x
ffffffff   binit
00005090   cinit
00000220   end
00002d00   etext
ffffffff   pinit


GLOBAL SYMBOLS: SORTED BY Symbol Address 

address    name
--------   ----
00000000   _vectors
00000020   _vector1
00000040   _vector2
00000060   _vector3
00000080   _vector4
000000a0   _vector5
000000c0   _vector6
000000e0   _vector7
00000100   _vector8
00000120   _vector9
00000140   _vector10
00000180   _vector12
000001a0   _vector13
000001c0   _vector14
000001e0   _vector15
00000220   $bss
00000220   .bss
00000220   .text
00000220   ___bss__
00000220   ___end__
00000220   ___text__
00000220   _c6713_dsk_init
00000220   end
0000030c   _comm_poll
00000340   _comm_intr
0000046c   _output_sample
00000584   _output_left_sample
00000664   _output_right_sample
00000744   _input_sample
00000848   _input_left_sample
00000910   _input_right_sample
00000a10   _DSK6713_init
00000d10   _DSK6713_rget
00000d24   _DSK6713_rset
00000d38   _DSK6713_wait
00000d8c   _DSK6713_waitusec
00000db8   _DSK6713_getVersion
00000e40   _DSK6713_AIC23_openCodec
00001140   _memcpy
00001380   _exit
000014b8   _atexit
00001594   C$$EXIT
00001594   _abort
000015a0   _main
000016ec   _playback
00001780   _c_int11
00001960   _IRQ_map
00001b00   _DSK6713_LED_init
00001b28   _DSK6713_LED_off
00001b90   _DSK6713_LED_on
00001bf4   _DSK6713_LED_toggle
00001ca0   _MCBSP_reset
00001e20   _filter_signal
00001f80   _DSK6713_AIC23_rset
00002000   __STACK_SIZE
0000201c   _DSK6713_AIC23_rget
00002040   _DSK6713_AIC23_config
000020c0   _frame_and_filter
00002200   __auto_init
00002300   _MCBSP_open
000023e0   __strasg
000024c0   _block_dc
00002580   _detect_envelope
00002640   _DSK6713_AIC23_setFreq
00002700   _MCBSP_config
000027a0   _MCBSP_start
000028e0   _c_int00
00002960   __fixfi
000029e0   __fltif
00002a60   _DSK6713_DIP_init
00002a68   _DSK6713_DIP_get
00002ac0   _IRQ_enable
00002b00   _IRQ_reset
00002b40   __nop
00002b48   __register_lock
00002b5c   __register_unlock
00002ba0   _IRQ_globalDisable
00002bc0   _IRQ_globalEnable
00002be0   _IRQ_nmiEnable
00002c00   _MCBSP_getXmtEventId
00002c20   _MCBSP_read
00002c40   _MCBSP_rrdy
00002c60   _MCBSP_write
00002c80   _MCBSP_xrdy
00002ca0   __IRQ_hookFetchPacket
00002cc0   __addf
00002ce0   __mpyf
00002d00   ___etext__
00002d00   __stack
00002d00   etext
00004d00   __STACK_END
00004d00   _h
00005090   ___cinit__
00005090   cinit
80000000   _input_buffer
80016760   _x
80016ab8   __IRQ_eventTable
80016b3c   __IRQ_intTable
80016b7c   __IRQ_dispatchTable
80016c08   __cleanup_ptr
80016c0c   __dtors_ptr
80016c18   _AIC_data
80016c1c   _AIC23CfgData
80016c3c   _config
80016c64   _hAIC23_handle
80016c98   __MCBSP_hDev0
80016c9c   __MCBSP_hDev1
80016ce8   _fs
80016cec   _inputsource
80016cf0   _signal_status
80016cf4   _program_control
80016cf8   _row_ind
80016cfc   _DSK6713_AIC23_codeccontrolhandle
80016d00   _DSK6713_AIC23_codecdatahandle
80016d04   _signal_on
80016d08   _row_index
80016d0c   __lock
80016d10   __unlock
80016d14   _envelope
80016d18   _DSK6713_version
ffffffff   ___TI_pprof_out_hndl
ffffffff   ___TI_prof_data_size
ffffffff   ___TI_prof_data_start
ffffffff   ___binit__
ffffffff   ___c_args__
ffffffff   ___pinit__
ffffffff   binit
ffffffff   pinit

[128 symbols]
