******************************************************************************
               TMS320C6x Linker PC v7.3.1                      
******************************************************************************
>> Linked Sun Apr 01 15:54:36 2012

OUTPUT FILE NAME:   <TheGatorKator.out>
ENTRY POINT SYMBOL: "_c_int00"  address: 00020780


MEMORY CONFIGURATION

         name            origin    length      used     unused   attr    fill
----------------------  --------  ---------  --------  --------  ----  --------
  IVECS                 00000000   00000220  00000000  00000220  RWIX
  IRAM                  00000220   0002fde0  00023234  0000cbac  RWIX
  SDRAM                 80000000   01000000  0003fc72  00fc038e  RWIX
  FLASH                 90000000   00020000  00000000  00020000  RWIX


SECTION ALLOCATION MAP

 output                                  attributes/
section   page    origin      length       input sections
--------  ----  ----------  ----------   ----------------
$BRID      0    00000000    00000788     COPY SECTION
                  00000000    00000078     csl6713.lib : csl_irq.obj ($BRID)
                  00000078    0000007c                 : csl_mcbsp.obj ($BRID)
                  000000f4    00000054     dsk6713bsl.lib : dsk6713.obj ($BRID)
                  00000148    00000024                    : dsk6713_aic23_opencodec.obj ($BRID)
                  0000016c    00000014                    : dsk6713_aic23_registers.obj ($BRID)
                  00000180    0000000c                    : dsk6713_aic23_setfreq.obj ($BRID)
                  0000018c    0000000c                    : dsk6713_dip.obj ($BRID)
                  00000198    00000030                    : dsk6713_led.obj ($BRID)
                  000001c8    00000004     rts6700.lib : addd.obj ($BRID)
                  000001cc    00000004                 : addf.obj ($BRID)
                  000001d0    0000000c                 : boot.obj ($BRID)
                  000001dc    0000001c                 : cmpf.obj ($BRID)
                  000001f8    00000004                 : cvtdf.obj ($BRID)
                  000001fc    00000004                 : cvtfd.obj ($BRID)
                  00000200    00000008                 : divd.obj ($BRID)
                  00000208    00000008                 : divf.obj ($BRID)
                  00000210    00000028                 : exit.obj ($BRID)
                  00000238    0000000c                 : fixfi.obj ($BRID)
                  00000244    00000004                 : fltid.obj ($BRID)
                  00000248    00000008                 : fltif.obj ($BRID)
                  00000250    00000004                 : frcdivd.obj ($BRID)
                  00000254    00000004                 : frcdivf.obj ($BRID)
                  00000258    00000004                 : mpyd.obj ($BRID)
                  0000025c    00000004                 : mpyf.obj ($BRID)
                  00000260    00000018                 : printf.obj ($BRID)
                  00000278    0000000c                 : sqrt.obj ($BRID)
                  00000284    00000004                 : strasg.obj ($BRID)
                  00000288    00000004                 : subd.obj ($BRID)
                  0000028c    00000004                 : subf.obj ($BRID)
                  00000290    0000000c                 : _lock.obj ($BRID)
                  0000029c    0000011c                 : _printfi.obj ($BRID)
                  000003b8    00000004                 : atoi.obj ($BRID)
                  000003bc    0000000c                 : autoinit.obj ($BRID)
                  000003c8    00000004                 : divu.obj ($BRID)
                  000003cc    00000010                 : ecvt.obj ($BRID)
                  000003dc    00000010                 : fcvt.obj ($BRID)
                  000003ec    00000004                 : fixdli.obj ($BRID)
                  000003f0    00000020                 : fputc.obj ($BRID)
                  00000410    00000020                 : fputs.obj ($BRID)
                  00000430    00000004                 : frexp.obj ($BRID)
                  00000434    0000001c                 : imath40.obj ($BRID)
                  00000450    00000004                 : ldexp.obj ($BRID)
                  00000454    000000e0                 : lowlev.obj ($BRID)
                  00000534    00000010                 : ltoa.obj ($BRID)
                  00000544    00000008                 : memccpy.obj ($BRID)
                  0000054c    0000000c                 : memcpy62.obj ($BRID)
                  00000558    000000c8                 : memory.obj ($BRID)
                  00000620    00000004                 : memset.obj ($BRID)
                  00000624    000000c8                 : trgdrv.obj ($BRID)
                  000006ec    0000000c                 : trgmsg.obj ($BRID)
                  000006f8    00000014                 : _io_perm.obj ($BRID)
                  0000070c    00000014                 : fflush.obj ($BRID)
                  00000720    0000000c                 : fseek.obj ($BRID)
                  0000072c    0000000c                 : setvbuf.obj ($BRID)
                  00000738    00000034                 : fopen.obj ($BRID)
                  0000076c    00000014                 : fclose.obj ($BRID)
                  00000780    00000008                 : remove.obj ($BRID)

.bss       0    00000220    00000000     UNINITIALIZED

.cinit     0    00000220    00013f5c     
                  00000220    000138c2     gator_kator.obj (.cinit)
                  00013ae2    00000006     --HOLE-- [fill = 0]
                  00013ae8    00000244     rts6700.lib : defs.obj (.cinit)
                  00013d2c    00000004     --HOLE-- [fill = 0]
                  00013d30    0000012c     csl6713.lib : csl_irq.obj (.cinit)
                  00013e5c    00000004     --HOLE-- [fill = 0]
                  00013e60    000000ca     emif_lcd.obj (.cinit)
                  00013f2a    00000006     --HOLE-- [fill = 0]
                  00013f30    0000005c     rts6700.lib : lowlev.obj (.cinit)
                  00013f8c    00000004     --HOLE-- [fill = 0]
                  00013f90    00000058     c6713dskinit.obj (.cinit)
                  00013fe8    00000054     csl6713.lib : csl_mcbsp.obj (.cinit)
                  0001403c    00000004     --HOLE-- [fill = 0]
                  00014040    00000030     dsk6713bsl.lib : dsk6713_aic23_registers.obj (.cinit)
                  00014070    0000002c     frame_and_filter.obj (.cinit)
                  0001409c    00000004     --HOLE-- [fill = 0]
                  000140a0    0000002c     rts6700.lib : exit.obj (.cinit)
                  000140cc    00000004     --HOLE-- [fill = 0]
                  000140d0    00000028     dsk6713bsl.lib : dsk6713_aic23_setfreq.obj (.cinit)
                  000140f8    0000001c     rts6700.lib : _lock.obj (.cinit)
                  00014114    00000004     --HOLE-- [fill = 0]
                  00014118    0000001c                 : sysmem.obj (.cinit)
                  00014134    00000004     --HOLE-- [fill = 0]
                  00014138    0000000c     detect_envelope.obj (.cinit)
                  00014144    00000004     --HOLE-- [fill = 0]
                  00014148    0000000c     rts6700.lib : errno.obj (.cinit)
                  00014154    00000004     --HOLE-- [fill = 0]
                  00014158    0000000c                 : memory.obj (.cinit)
                  00014164    00000004     --HOLE-- [fill = 0]
                  00014168    0000000c     xcorr.obj (.cinit)
                  00014174    00000004     --HOLE-- [fill = 0]
                  00014178    00000004     (.pad.cinit) [fill = 0]

.text      0    00014180    0000cbe0     
                  00014180    00002a00     rts6700.lib : _printfi.obj (.text)
                  00016b80    00001020                 : memory.obj (.text)
                  00017ba0    00000f40                 : lowlev.obj (.text)
                  00018ae0    00000dc0                 : trgdrv.obj (.text)
                  000198a0    000007e0     gator_kator.obj (.text)
                  0001a080    000007c0     c6713dskinit.obj (.text)
                  0001a840    00000780     xcorr.obj (.text)
                  0001afc0    000004c0     rts6700.lib : fopen.obj (.text)
                  0001b480    000004c0                 : imath40.obj (.text)
                  0001b940    000004a0     emif_lcd.obj (.text)
                  0001bde0    00000480     rts6700.lib : ecvt.obj (.text)
                  0001c260    00000480                 : fcvt.obj (.text)
                  0001c6e0    00000480                 : fputs.obj (.text)
                  0001cb60    00000460     dsk6713bsl.lib : dsk6713.obj (.text)
                  0001cfc0    00000300                    : dsk6713_aic23_opencodec.obj (.text)
                  0001d2c0    00000300     rts6700.lib : frcdivd.obj (.text)
                  0001d5c0    000002a0                 : sqrt.obj (.text)
                  0001d860    00000240                 : divd.obj (.text)
                  0001daa0    00000240                 : memcpy62.obj (.text)
                  0001dce0    00000220                 : exit.obj (.text)
                  0001df00    000001e0                 : fflush.obj (.text)
                  0001e0e0    000001c0                 : _io_perm.obj (.text)
                  0001e2a0    000001c0                 : setvbuf.obj (.text)
                  0001e460    000001a0     csl6713.lib : csl_irq.obj (.text:_IRQ_map)
                  0001e600    000001a0     dsk6713bsl.lib : dsk6713_led.obj (.text)
                  0001e7a0    000001a0     find_max.obj (.text)
                  0001e940    00000180     csl6713.lib : csl_mcbsp.obj (.text:_MCBSP_reset)
                  0001eac0    00000180     frame_and_filter.obj (.text)
                  0001ec40    00000180     rts6700.lib : atoi.obj (.text)
                  0001edc0    00000180                 : divf.obj (.text)
                  0001ef40    00000180                 : fputc.obj (.text)
                  0001f0c0    00000180                 : ldexp.obj (.text)
                  0001f240    00000160     fir_filter.obj (.text)
                  0001f3a0    00000160     rts6700.lib : trgmsg.obj (.text)
                  0001f500    00000140     dsk6713bsl.lib : dsk6713_aic23_registers.obj (.text)
                  0001f640    00000140     rts6700.lib : fclose.obj (.text)
                  0001f780    00000140                 : frexp.obj (.text)
                  0001f8c0    00000140                 : ltoa.obj (.text)
                  0001fa00    00000120                 : memset.obj (.text)
                  0001fb20    00000100                 : autoinit.obj (.text)
                  0001fc20    00000100                 : frcdivf.obj (.text)
                  0001fd20    00000100                 : fseek.obj (.text)
                  0001fe20    000000e0     csl6713.lib : csl_mcbsp.obj (.text:_MCBSP_open)
                  0001ff00    000000e0     rts6700.lib : strasg.obj (.text)
                  0001ffe0    000000c0     block_dc.obj (.text)
                  000200a0    000000c0     detect_envelope.obj (.text)
                  00020160    000000c0     dsk6713bsl.lib : dsk6713_aic23_setfreq.obj (.text)
                  00020220    000000c0     rts6700.lib : divu.obj (.text)
                  000202e0    000000c0                 : fixdli.obj (.text)
                  000203a0    000000c0                 : printf.obj (.text)
                  00020460    000000a0     csl6713.lib : csl_mcbsp.obj (.text:_MCBSP_config)
                  00020500    000000a0                 : csl_mcbsp.obj (.text:_MCBSP_start)
                  000205a0    000000a0                 : csl_irq.obj (.text:_setMux)
                  00020640    000000a0     find_distance.obj (.text)
                  000206e0    000000a0     rts6700.lib : memccpy.obj (.text)
                  00020780    00000080                 : boot.obj (.text)
                  00020800    00000080                 : cmpf.obj (.text)
                  00020880    00000080                 : fixfi.obj (.text)
                  00020900    00000080                 : fltid.obj (.text)
                  00020980    00000080                 : fltif.obj (.text)
                  00020a00    00000060     dsk6713bsl.lib : dsk6713_dip.obj (.text)
                  00020a60    00000040     csl6713.lib : csl_irq.obj (.text:_IRQ_enable)
                  00020aa0    00000040                 : csl_irq.obj (.text:_IRQ_reset)
                  00020ae0    00000040     rts6700.lib : _lock.obj (.text)
                  00020b20    00000020     csl6713.lib : csl_irq.obj (.text:_IRQ_globalDisable)
                  00020b40    00000020                 : csl_irq.obj (.text:_IRQ_globalEnable)
                  00020b60    00000020                 : csl_irq.obj (.text:_IRQ_nmiEnable)
                  00020b80    00000020                 : csl_mcbsp.obj (.text:_MCBSP_getXmtEventId)
                  00020ba0    00000020                 : csl_mcbsp.obj (.text:_MCBSP_read)
                  00020bc0    00000020                 : csl_mcbsp.obj (.text:_MCBSP_rrdy)
                  00020be0    00000020                 : csl_mcbsp.obj (.text:_MCBSP_write)
                  00020c00    00000020                 : csl_mcbsp.obj (.text:_MCBSP_xrdy)
                  00020c20    00000020                 : csl_irq.obj (.text)
                  00020c40    00000020     rts6700.lib : addd.obj (.text)
                  00020c60    00000020                 : addf.obj (.text)
                  00020c80    00000020                 : cvtdf.obj (.text)
                  00020ca0    00000020                 : cvtfd.obj (.text)
                  00020cc0    00000020                 : mpyd.obj (.text)
                  00020ce0    00000020                 : mpyf.obj (.text)
                  00020d00    00000020                 : remove.obj (.text)
                  00020d20    00000020                 : subd.obj (.text)
                  00020d40    00000020                 : subf.obj (.text)

.stack     0    00020d60    00002000     UNINITIALIZED
                  00020d60    00000008     rts6700.lib : boot.obj (.stack)
                  00020d68    00001ff8     --HOLE--

.sysmem    0    00022d60    00000400     UNINITIALIZED
                  00022d60    00000400     --HOLE--

.const     0    00023160    000001d8     
                  00023160    00000101     rts6700.lib : ctype.obj (.const)
                  00023261    00000002                 : fputs.obj (.const)
                  00023263    00000001     --HOLE-- [fill = 0]
                  00023264    00000048     gator_kator.obj (.const)
                  000232ac    00000040     dsk6713bsl.lib : dsk6713_aic23_opencodec.obj (.const)
                  000232ec    0000002a     rts6700.lib : _printfi.obj (.const)
                  00023316    00000002     --HOLE-- [fill = 0]
                  00023318    00000020     dsk6713bsl.lib : dsk6713.obj (.const)

.cio       0    00023338    00000120     UNINITIALIZED
                  00023338    00000120     rts6700.lib : trgmsg.obj (.cio)

.EXTRAM    0    80000000    0002b428     
                  80000000    0002b0f8     gator_kator.obj (.EXTRAM) [fill = 0]
                  8002b0f8    00000330     fir_filter.obj (.EXTRAM)

.far       0    8002b428    0001484a     UNINITIALIZED
                  8002b428    0001389a     gator_kator.obj (.far)
                  8003ecc2    00000002     dsk6713bsl.lib : dsk6713.obj (.far)
                  8003ecc4    00000374     rts6700.lib : defs.obj (.far)
                  8003f038    00000330     fir_filter.obj (.far)
                  8003f368    00000190     rts6700.lib : _printfi.obj (.far)
                  8003f4f8    00000190                 : fcvt.obj (.far)
                  8003f688    0000011c                 : lowlev.obj (.far)
                  8003f7a4    000000f4     csl6713.lib : csl_irq.obj (.far)
                  8003f898    000000d4     emif_lcd.obj (.far)
                  8003f96c    000000d0     rts6700.lib : trgdrv.obj (.far)
                  8003fa3c    0000008c                 : exit.obj (.far)
                  8003fac8    00000064                 : ecvt.obj (.far)
                  8003fb2c    00000058     c6713dskinit.obj (.far)
                  8003fb84    00000004     detect_envelope.obj (.far)
                  8003fb88    00000040     xcorr.obj (.far)
                  8003fbc8    00000038     csl6713.lib : csl_mcbsp.obj (.far)
                  8003fc00    00000028     dsk6713bsl.lib : dsk6713_aic23_registers.obj (.far)
                  8003fc28    00000020                    : dsk6713_aic23_setfreq.obj (.far)
                  8003fc48    0000000c     frame_and_filter.obj (.far)
                  8003fc54    00000008     dsk6713bsl.lib : dsk6713_aic23_opencodec.obj (.far)
                  8003fc5c    00000008     rts6700.lib : _lock.obj (.far)
                  8003fc64    00000008                 : memory.obj (.far)
                  8003fc6c    00000004                 : errno.obj (.far)
                  8003fc70    00000002     dsk6713bsl.lib : dsk6713_led.obj (.far)


GLOBAL SYMBOLS: SORTED ALPHABETICALLY BY Name 

address    name
--------   ----
00000220   $bss
00000220   .bss
00014180   .text
0001def4   C$$EXIT
0001f440   C$$IO$$
8003fb38   _AIC23CfgData
8003fb34   _AIC_data
8003fc54   _DSK6713_AIC23_codeccontrolhandle
8003fc58   _DSK6713_AIC23_codecdatahandle
0001f5c0   _DSK6713_AIC23_config
0001cfc0   _DSK6713_AIC23_openCodec
0001f59c   _DSK6713_AIC23_rget
0001f500   _DSK6713_AIC23_rset
00020160   _DSK6713_AIC23_setFreq
00020a08   _DSK6713_DIP_get
00020a00   _DSK6713_DIP_init
0001e600   _DSK6713_LED_init
0001e628   _DSK6713_LED_off
0001e690   _DSK6713_LED_on
0001e6f4   _DSK6713_LED_toggle
0001cf38   _DSK6713_getVersion
0001cb90   _DSK6713_init
0001ce90   _DSK6713_rget
0001cea4   _DSK6713_rset
8003ecc2   _DSK6713_version
0001ceb8   _DSK6713_wait
0001cf0c   _DSK6713_waitusec
000197b4   _HOSTclock
00018c60   _HOSTclose
00018fe4   _HOSTlseek
00018ae0   _HOSTopen
00018d54   _HOSTread
00019298   _HOSTrename
000196cc   _HOSTtime
00019148   _HOSTunlink
00018ea4   _HOSTwrite
00020a60   _IRQ_enable
00020b20   _IRQ_globalDisable
00020b40   _IRQ_globalEnable
0001e460   _IRQ_map
00020b60   _IRQ_nmiEnable
00020aa0   _IRQ_reset
0001bcb0   _LCD_PUT_CHAR
0001bc14   _LCD_PUT_CMD
00020460   _MCBSP_config
00020b80   _MCBSP_getXmtEventId
0001fe20   _MCBSP_open
00020ba0   _MCBSP_read
0001e940   _MCBSP_reset
00020bc0   _MCBSP_rrdy
00020500   _MCBSP_start
00020be0   _MCBSP_write
00020c00   _MCBSP_xrdy
00023338   __CIOBUF_
8003f890   __IRQ_dispatchTable
8003f7cc   __IRQ_eventTable
00020c20   __IRQ_hookFetchPacket
8003f850   __IRQ_intTable
8003fbf8   __MCBSP_hDev0
8003fbfc   __MCBSP_hDev1
00022d60   __STACK_END
00002000   __STACK_SIZE
00000400   __SYSMEM_SIZE
ffffffff   ___TI_pprof_out_hndl
ffffffff   ___TI_prof_data_size
ffffffff   ___TI_prof_data_start
ffffffff   ___binit__
00000220   ___bss__
ffffffff   ___c_args__
00000220   ___cinit__
00000220   ___end__
00020d60   ___etext__
ffffffff   ___pinit__
00014180   ___text__
00020c40   __addd
00020c60   __addf
0001fb20   __auto_init
0001b39c   __cleanup
8003fac0   __cleanup_ptr
00020800   __cmpf
00023160   __ctypes_
00020c80   __cvtdf
00020ca0   __cvtfd
0001d860   __divd
0001edc0   __divf
0001b840   __divli
00020220   __divu
0001b540   __divul
0001dffc   __doflush
8003fac4   __dtors_ptr
00020818   __eqlf
000202e0   __fixdli
00020880   __fixfi
00020900   __fltid
00020980   __fltif
0001d2c0   __frcdivd
0001fc20   __frcdivf
8003f034   __ft_end
8003ecc4   __ftable
0002085c   __geqf
00020840   __gtrf
0002084c   __leqf
8003fc5c   __lock
00020834   __lssf
8003fc64   __memory_size
00020cc0   __mpyd
00020ce0   __mpyf
00020824   __neqf
00020ae0   __nop
00014180   __printfi
0001e0e0   __rd_ok
00020ae8   __register_lock
00020afc   __register_unlock
0001b784   __remli
0001b480   __remul
00020d60   __stack
0001ff00   __strasg
00020d20   __subd
00020d40   __subf
00022d60   __sys_memory
8003eef4   __tmpnams
8003fc60   __unlock
0001e1a0   __wrt_ok
0001def4   _abort
00017ec0   _add_device
0001de18   _atexit
0001ec40   _atoi
8003f8a8   _bandage
0001ffe0   _block_dc
8003f928   _botrow
0001a080   _c6713_dsk_init
00020780   _c_int00
8003fc50   _call_count
00017004   _calloc
00018810   _close
8003f96a   _colselect
0001a1a0   _comm_intr
0001a16c   _comm_poll
8003fb58   _config
8003fb90   _delay
0001bd40   _delay_lcd
8003fbc0   _denom
000200a0   _detect_envelope
80027100   _distance_corr_buffer
0001bde0   _ecvt
8003fb84   _envelope
8003fc6c   _errno
0001dce0   _exit
0001f640   _fclose
0001c260   _fcvt
0001df00   _fflush
0001f240   _filter_signal
00020640   _find_distance
0001e7a0   _find_max
0001afc0   _fopen
0001ef6c   _fputc
0001c754   _fputs
0001eac0   _frame_and_filter
00017450   _free
0001b028   _freopen
0001f780   _frexp
8003eca8   _fs
0001fd20   _fseek
0001952c   _getenv
8002b0f8   _h
8003fb80   _hAIC23_handle
8003fb88   _i
0001bb88   _init_LCD
00019e60   _init_buffer
8003f8a0   _input
80000000   _input_left_buffer
0001a6a8   _input_left_sample
80013880   _input_right_buffer
0001a770   _input_right_sample
0001a5a4   _input_sample
8003ecac   _inputsource
8003f89c   _ioport
8003fb8c   _j
0001bdbc   _lcd_test
0001f0c0   _ldexp
8003ecb0   _left_signal_status
000186d0   _lseek
0001f8c0   _ltoa
000198a0   _main
00016dfc   _malloc
800290fc   _match_corr_buffer
00017808   _memalign
000206e0   _memccpy
0001daa0   _memcpy
0001fa00   _memset
00016d94   _minit
8003fb98   _mx
8003fba0   _my
00018220   _open
8003f898   _output
8003f8a4   _output1
0001a3e4   _output_left_sample
0001a4c4   _output_right_sample
0001a2cc   _output_sample
00019de8   _playback
000203a0   _printf
8003ecc0   _program_control
0001ef40   _putc
0001ef50   _putchar
0001c6e0   _puts
00018454   _read
0001f44c   _readmsg
000170c0   _realloc
00020d00   _remove
00018158   _remove_device
000189c0   _rename
00019ed0   _reset_leds
8003ecb4   _right_signal_status
8003ecbc   _row_ind
8003fc4c   _row_index
8003f968   _rowselect
0001ba98   _send_LCD_characters
0001b940   _set_LCD_characters
00019f28   _set_leds
0001e2a0   _setvbuf
8003fc48   _signal_on
8003ecb8   _signal_status
8002b428   _soi
0001d5c0   _sqrt
8003fba8   _sx
8003fbb8   _sxy
8003fbb0   _sy
00019f80   _toggle
8003f8e8   _toprow
00018920   _unlink
00018590   _write
0001f3a0   _writemsg
8003f038   _x
0001a840   _xcorr
ffffffff   binit
00000220   cinit
00000220   end
00020d60   etext
ffffffff   pinit


GLOBAL SYMBOLS: SORTED BY Symbol Address 

address    name
--------   ----
00000220   $bss
00000220   .bss
00000220   ___bss__
00000220   ___cinit__
00000220   ___end__
00000220   cinit
00000220   end
00000400   __SYSMEM_SIZE
00002000   __STACK_SIZE
00014180   .text
00014180   ___text__
00014180   __printfi
00016d94   _minit
00016dfc   _malloc
00017004   _calloc
000170c0   _realloc
00017450   _free
00017808   _memalign
00017ec0   _add_device
00018158   _remove_device
00018220   _open
00018454   _read
00018590   _write
000186d0   _lseek
00018810   _close
00018920   _unlink
000189c0   _rename
00018ae0   _HOSTopen
00018c60   _HOSTclose
00018d54   _HOSTread
00018ea4   _HOSTwrite
00018fe4   _HOSTlseek
00019148   _HOSTunlink
00019298   _HOSTrename
0001952c   _getenv
000196cc   _HOSTtime
000197b4   _HOSTclock
000198a0   _main
00019de8   _playback
00019e60   _init_buffer
00019ed0   _reset_leds
00019f28   _set_leds
00019f80   _toggle
0001a080   _c6713_dsk_init
0001a16c   _comm_poll
0001a1a0   _comm_intr
0001a2cc   _output_sample
0001a3e4   _output_left_sample
0001a4c4   _output_right_sample
0001a5a4   _input_sample
0001a6a8   _input_left_sample
0001a770   _input_right_sample
0001a840   _xcorr
0001afc0   _fopen
0001b028   _freopen
0001b39c   __cleanup
0001b480   __remul
0001b540   __divul
0001b784   __remli
0001b840   __divli
0001b940   _set_LCD_characters
0001ba98   _send_LCD_characters
0001bb88   _init_LCD
0001bc14   _LCD_PUT_CMD
0001bcb0   _LCD_PUT_CHAR
0001bd40   _delay_lcd
0001bdbc   _lcd_test
0001bde0   _ecvt
0001c260   _fcvt
0001c6e0   _puts
0001c754   _fputs
0001cb90   _DSK6713_init
0001ce90   _DSK6713_rget
0001cea4   _DSK6713_rset
0001ceb8   _DSK6713_wait
0001cf0c   _DSK6713_waitusec
0001cf38   _DSK6713_getVersion
0001cfc0   _DSK6713_AIC23_openCodec
0001d2c0   __frcdivd
0001d5c0   _sqrt
0001d860   __divd
0001daa0   _memcpy
0001dce0   _exit
0001de18   _atexit
0001def4   C$$EXIT
0001def4   _abort
0001df00   _fflush
0001dffc   __doflush
0001e0e0   __rd_ok
0001e1a0   __wrt_ok
0001e2a0   _setvbuf
0001e460   _IRQ_map
0001e600   _DSK6713_LED_init
0001e628   _DSK6713_LED_off
0001e690   _DSK6713_LED_on
0001e6f4   _DSK6713_LED_toggle
0001e7a0   _find_max
0001e940   _MCBSP_reset
0001eac0   _frame_and_filter
0001ec40   _atoi
0001edc0   __divf
0001ef40   _putc
0001ef50   _putchar
0001ef6c   _fputc
0001f0c0   _ldexp
0001f240   _filter_signal
0001f3a0   _writemsg
0001f440   C$$IO$$
0001f44c   _readmsg
0001f500   _DSK6713_AIC23_rset
0001f59c   _DSK6713_AIC23_rget
0001f5c0   _DSK6713_AIC23_config
0001f640   _fclose
0001f780   _frexp
0001f8c0   _ltoa
0001fa00   _memset
0001fb20   __auto_init
0001fc20   __frcdivf
0001fd20   _fseek
0001fe20   _MCBSP_open
0001ff00   __strasg
0001ffe0   _block_dc
000200a0   _detect_envelope
00020160   _DSK6713_AIC23_setFreq
00020220   __divu
000202e0   __fixdli
000203a0   _printf
00020460   _MCBSP_config
00020500   _MCBSP_start
00020640   _find_distance
000206e0   _memccpy
00020780   _c_int00
00020800   __cmpf
00020818   __eqlf
00020824   __neqf
00020834   __lssf
00020840   __gtrf
0002084c   __leqf
0002085c   __geqf
00020880   __fixfi
00020900   __fltid
00020980   __fltif
00020a00   _DSK6713_DIP_init
00020a08   _DSK6713_DIP_get
00020a60   _IRQ_enable
00020aa0   _IRQ_reset
00020ae0   __nop
00020ae8   __register_lock
00020afc   __register_unlock
00020b20   _IRQ_globalDisable
00020b40   _IRQ_globalEnable
00020b60   _IRQ_nmiEnable
00020b80   _MCBSP_getXmtEventId
00020ba0   _MCBSP_read
00020bc0   _MCBSP_rrdy
00020be0   _MCBSP_write
00020c00   _MCBSP_xrdy
00020c20   __IRQ_hookFetchPacket
00020c40   __addd
00020c60   __addf
00020c80   __cvtdf
00020ca0   __cvtfd
00020cc0   __mpyd
00020ce0   __mpyf
00020d00   _remove
00020d20   __subd
00020d40   __subf
00020d60   ___etext__
00020d60   __stack
00020d60   etext
00022d60   __STACK_END
00022d60   __sys_memory
00023160   __ctypes_
00023338   __CIOBUF_
80000000   _input_left_buffer
80013880   _input_right_buffer
80027100   _distance_corr_buffer
800290fc   _match_corr_buffer
8002b0f8   _h
8002b428   _soi
8003eca8   _fs
8003ecac   _inputsource
8003ecb0   _left_signal_status
8003ecb4   _right_signal_status
8003ecb8   _signal_status
8003ecbc   _row_ind
8003ecc0   _program_control
8003ecc2   _DSK6713_version
8003ecc4   __ftable
8003eef4   __tmpnams
8003f034   __ft_end
8003f038   _x
8003f7cc   __IRQ_eventTable
8003f850   __IRQ_intTable
8003f890   __IRQ_dispatchTable
8003f898   _output
8003f89c   _ioport
8003f8a0   _input
8003f8a4   _output1
8003f8a8   _bandage
8003f8e8   _toprow
8003f928   _botrow
8003f968   _rowselect
8003f96a   _colselect
8003fac0   __cleanup_ptr
8003fac4   __dtors_ptr
8003fb34   _AIC_data
8003fb38   _AIC23CfgData
8003fb58   _config
8003fb80   _hAIC23_handle
8003fb84   _envelope
8003fb88   _i
8003fb8c   _j
8003fb90   _delay
8003fb98   _mx
8003fba0   _my
8003fba8   _sx
8003fbb0   _sy
8003fbb8   _sxy
8003fbc0   _denom
8003fbf8   __MCBSP_hDev0
8003fbfc   __MCBSP_hDev1
8003fc48   _signal_on
8003fc4c   _row_index
8003fc50   _call_count
8003fc54   _DSK6713_AIC23_codeccontrolhandle
8003fc58   _DSK6713_AIC23_codecdatahandle
8003fc5c   __lock
8003fc60   __unlock
8003fc64   __memory_size
8003fc6c   _errno
ffffffff   ___TI_pprof_out_hndl
ffffffff   ___TI_prof_data_size
ffffffff   ___TI_prof_data_start
ffffffff   ___binit__
ffffffff   ___c_args__
ffffffff   ___pinit__
ffffffff   binit
ffffffff   pinit

[239 symbols]
