******************************************************************************
               TMS320C6x Linker PC v7.3.1                      
******************************************************************************
>> Linked Mon Apr 02 01:12:37 2012

OUTPUT FILE NAME:   <TheGatorKator.out>
ENTRY POINT SYMBOL: "_c_int00"  address: 0001ede0


MEMORY CONFIGURATION

         name            origin    length      used     unused   attr    fill
----------------------  --------  ---------  --------  --------  ----  --------
  IVECS                 00000000   00000220  00000000  00000220  RWIX
  IRAM                  00000220   0002fde0  000217fb  0000e5e5  RWIX
  SDRAM                 80000000   01000000  000b8918  00f476e8  RWIX
  FLASH                 90000000   00020000  00000000  00020000  RWIX


SECTION ALLOCATION MAP

 output                                  attributes/
section   page    origin      length       input sections
--------  ----  ----------  ----------   ----------------
$BRID      0    00000000    00000560     COPY SECTION
                  00000000    00000078     csl6713.lib : csl_irq.obj ($BRID)
                  00000078    0000007c                 : csl_mcbsp.obj ($BRID)
                  000000f4    00000054     dsk6713bsl.lib : dsk6713.obj ($BRID)
                  00000148    00000024                    : dsk6713_aic23_opencodec.obj ($BRID)
                  0000016c    00000014                    : dsk6713_aic23_registers.obj ($BRID)
                  00000180    0000000c                    : dsk6713_aic23_setfreq.obj ($BRID)
                  0000018c    0000000c                    : dsk6713_dip.obj ($BRID)
                  00000198    00000030                    : dsk6713_led.obj ($BRID)
                  000001c8    00000004     rts6700.lib : addd.obj ($BRID)
                  000001cc    00000004                 : addf.obj ($BRID)
                  000001d0    0000000c                 : boot.obj ($BRID)
                  000001dc    00000008                 : ceil.obj ($BRID)
                  000001e4    0000001c                 : cmpf.obj ($BRID)
                  00000200    00000014                 : cos.obj ($BRID)
                  00000214    00000004                 : cvtdf.obj ($BRID)
                  00000218    00000004                 : cvtfd.obj ($BRID)
                  0000021c    00000008                 : divd.obj ($BRID)
                  00000224    00000008                 : divf.obj ($BRID)
                  0000022c    00000028                 : exit.obj ($BRID)
                  00000254    00000004                 : fixdi.obj ($BRID)
                  00000258    0000000c                 : fixfi.obj ($BRID)
                  00000264    00000008                 : floor.obj ($BRID)
                  0000026c    00000004                 : fltid.obj ($BRID)
                  00000270    00000008                 : fltif.obj ($BRID)
                  00000278    00000004                 : frcdivd.obj ($BRID)
                  0000027c    00000004                 : frcdivf.obj ($BRID)
                  00000280    00000004                 : modf.obj ($BRID)
                  00000284    00000004                 : mpyd.obj ($BRID)
                  00000288    00000004                 : mpyf.obj ($BRID)
                  0000028c    00000018                 : round.obj ($BRID)
                  000002a4    00000014                 : sin.obj ($BRID)
                  000002b8    00000014                 : sprintf.obj ($BRID)
                  000002cc    0000000c                 : sqrt.obj ($BRID)
                  000002d8    00000004                 : strasg.obj ($BRID)
                  000002dc    00000004                 : subd.obj ($BRID)
                  000002e0    00000004                 : subf.obj ($BRID)
                  000002e4    00000008                 : trunc.obj ($BRID)
                  000002ec    0000000c                 : _lock.obj ($BRID)
                  000002f8    0000011c                 : _printfi.obj ($BRID)
                  00000414    00000004                 : atoi.obj ($BRID)
                  00000418    0000000c                 : autoinit.obj ($BRID)
                  00000424    00000004                 : divu.obj ($BRID)
                  00000428    00000010                 : ecvt.obj ($BRID)
                  00000438    00000010                 : fcvt.obj ($BRID)
                  00000448    00000004                 : fixdli.obj ($BRID)
                  0000044c    00000004                 : frexp.obj ($BRID)
                  00000450    0000001c                 : imath40.obj ($BRID)
                  0000046c    00000004                 : ldexp.obj ($BRID)
                  00000470    00000010                 : ltoa.obj ($BRID)
                  00000480    00000008                 : memccpy.obj ($BRID)
                  00000488    0000000c                 : memcpy62.obj ($BRID)
                  00000494    000000c8                 : memory.obj ($BRID)
                  0000055c    00000004                 : memset.obj ($BRID)

.bss       0    00000220    00000000     UNINITIALIZED

.cinit     0    00000220    00014024     
                  00000220    00013ba8     gator_kator.obj (.cinit)
                  00013dc8    0000012c     csl6713.lib : csl_irq.obj (.cinit)
                  00013ef4    00000004     --HOLE-- [fill = 0]
                  00013ef8    000000ca     emif_lcd.obj (.cinit)
                  00013fc2    00000006     --HOLE-- [fill = 0]
                  00013fc8    00000058     c6713dskinit.obj (.cinit)
                  00014020    00000054     csl6713.lib : csl_mcbsp.obj (.cinit)
                  00014074    00000004     --HOLE-- [fill = 0]
                  00014078    00000048     rts6700.lib : cos.obj (.cinit)
                  000140c0    00000048                 : sin.obj (.cinit)
                  00014108    00000030     dsk6713bsl.lib : dsk6713_aic23_registers.obj (.cinit)
                  00014138    0000002c     frame_and_filter.obj (.cinit)
                  00014164    00000004     --HOLE-- [fill = 0]
                  00014168    0000002c     rts6700.lib : exit.obj (.cinit)
                  00014194    00000004     --HOLE-- [fill = 0]
                  00014198    00000028     dsk6713bsl.lib : dsk6713_aic23_setfreq.obj (.cinit)
                  000141c0    0000001c     rts6700.lib : _lock.obj (.cinit)
                  000141dc    00000004     --HOLE-- [fill = 0]
                  000141e0    0000001c                 : sysmem.obj (.cinit)
                  000141fc    00000004     --HOLE-- [fill = 0]
                  00014200    0000000c     detect_envelope.obj (.cinit)
                  0001420c    00000004     --HOLE-- [fill = 0]
                  00014210    0000000c     rts6700.lib : errno.obj (.cinit)
                  0001421c    00000004     --HOLE-- [fill = 0]
                  00014220    0000000c                 : memory.obj (.cinit)
                  0001422c    00000004     --HOLE-- [fill = 0]
                  00014230    0000000c     xcorr.obj (.cinit)
                  0001423c    00000004     --HOLE-- [fill = 0]
                  00014240    00000004     (.pad.cinit) [fill = 0]

.text      0    00014260    0000b240     
                  00014260    00002a00     rts6700.lib : _printfi.obj (.text)
                  00016c60    00001020                 : memory.obj (.text)
                  00017c80    00000b60     gator_kator.obj (.text)
                  000187e0    000007c0     c6713dskinit.obj (.text)
                  00018fa0    00000780     xcorr.obj (.text)
                  00019720    000006a0     fft.obj (.text)
                  00019dc0    000004c0     rts6700.lib : imath40.obj (.text)
                  0001a280    00000480                 : ecvt.obj (.text)
                  0001a700    00000480                 : fcvt.obj (.text)
                  0001ab80    00000460     dsk6713bsl.lib : dsk6713.obj (.text)
                  0001afe0    00000400     rts6700.lib : cos.obj (.text)
                  0001b3e0    000003e0     emif_lcd.obj (.text)
                  0001b7c0    000003c0     rts6700.lib : sin.obj (.text)
                  0001bb80    00000300     dsk6713bsl.lib : dsk6713_aic23_opencodec.obj (.text)
                  0001be80    00000300     rts6700.lib : frcdivd.obj (.text)
                  0001c180    000002a0                 : sqrt.obj (.text)
                  0001c420    00000240                 : divd.obj (.text)
                  0001c660    00000240                 : memcpy62.obj (.text)
                  0001c8a0    00000220                 : exit.obj (.text)
                  0001cac0    000001e0                 : round.obj (.text)
                  0001cca0    000001a0     csl6713.lib : csl_irq.obj (.text:_IRQ_map)
                  0001ce40    000001a0     dsk6713bsl.lib : dsk6713_led.obj (.text)
                  0001cfe0    000001a0     find_max.obj (.text)
                  0001d180    00000180     csl6713.lib : csl_mcbsp.obj (.text:_MCBSP_reset)
                  0001d300    00000180     frame_and_filter.obj (.text)
                  0001d480    00000180     rts6700.lib : atoi.obj (.text)
                  0001d600    00000180                 : divf.obj (.text)
                  0001d780    00000180                 : ldexp.obj (.text)
                  0001d900    00000160     fir_filter.obj (.text)
                  0001da60    00000160     rts6700.lib : sprintf.obj (.text)
                  0001dbc0    00000140     dsk6713bsl.lib : dsk6713_aic23_registers.obj (.text)
                  0001dd00    00000140     rts6700.lib : frexp.obj (.text)
                  0001de40    00000140                 : ltoa.obj (.text)
                  0001df80    00000120                 : memset.obj (.text)
                  0001e0a0    00000100     copy_to_struct.obj (.text)
                  0001e1a0    00000100     rts6700.lib : autoinit.obj (.text)
                  0001e2a0    00000100                 : frcdivf.obj (.text)
                  0001e3a0    000000e0     csl6713.lib : csl_mcbsp.obj (.text:_MCBSP_open)
                  0001e480    000000e0     rts6700.lib : modf.obj (.text)
                  0001e560    000000e0                 : strasg.obj (.text)
                  0001e640    000000c0     block_dc.obj (.text)
                  0001e700    000000c0     detect_envelope.obj (.text)
                  0001e7c0    000000c0     dsk6713bsl.lib : dsk6713_aic23_setfreq.obj (.text)
                  0001e880    000000c0     rts6700.lib : divu.obj (.text)
                  0001e940    000000c0                 : fixdi.obj (.text)
                  0001ea00    000000c0                 : fixdli.obj (.text)
                  0001eac0    000000a0     csl6713.lib : csl_mcbsp.obj (.text:_MCBSP_config)
                  0001eb60    000000a0                 : csl_mcbsp.obj (.text:_MCBSP_start)
                  0001ec00    000000a0                 : csl_irq.obj (.text:_setMux)
                  0001eca0    000000a0     find_distance.obj (.text)
                  0001ed40    000000a0     rts6700.lib : memccpy.obj (.text)
                  0001ede0    00000080                 : boot.obj (.text)
                  0001ee60    00000080                 : cmpf.obj (.text)
                  0001eee0    00000080                 : fixfi.obj (.text)
                  0001ef60    00000080                 : fltid.obj (.text)
                  0001efe0    00000080                 : fltif.obj (.text)
                  0001f060    00000060     dsk6713bsl.lib : dsk6713_dip.obj (.text)
                  0001f0c0    00000060     rts6700.lib : ceil.obj (.text)
                  0001f120    00000060                 : floor.obj (.text)
                  0001f180    00000040     csl6713.lib : csl_irq.obj (.text:_IRQ_enable)
                  0001f1c0    00000040                 : csl_irq.obj (.text:_IRQ_reset)
                  0001f200    00000040     rts6700.lib : _lock.obj (.text)
                  0001f240    00000040                 : trunc.obj (.text)
                  0001f280    00000020     csl6713.lib : csl_irq.obj (.text:_IRQ_globalDisable)
                  0001f2a0    00000020                 : csl_irq.obj (.text:_IRQ_globalEnable)
                  0001f2c0    00000020                 : csl_irq.obj (.text:_IRQ_nmiEnable)
                  0001f2e0    00000020                 : csl_mcbsp.obj (.text:_MCBSP_getXmtEventId)
                  0001f300    00000020                 : csl_mcbsp.obj (.text:_MCBSP_read)
                  0001f320    00000020                 : csl_mcbsp.obj (.text:_MCBSP_rrdy)
                  0001f340    00000020                 : csl_mcbsp.obj (.text:_MCBSP_write)
                  0001f360    00000020                 : csl_mcbsp.obj (.text:_MCBSP_xrdy)
                  0001f380    00000020                 : csl_irq.obj (.text)
                  0001f3a0    00000020     rts6700.lib : addd.obj (.text)
                  0001f3c0    00000020                 : addf.obj (.text)
                  0001f3e0    00000020                 : cvtdf.obj (.text)
                  0001f400    00000020                 : cvtfd.obj (.text)
                  0001f420    00000020                 : mpyd.obj (.text)
                  0001f440    00000020                 : mpyf.obj (.text)
                  0001f460    00000020                 : subd.obj (.text)
                  0001f480    00000020                 : subf.obj (.text)

.stack     0    0001f4a0    00002000     UNINITIALIZED
                  0001f4a0    00000008     rts6700.lib : boot.obj (.stack)
                  0001f4a8    00001ff8     --HOLE--

.sysmem    0    000214a0    00000400     UNINITIALIZED
                  000214a0    00000400     --HOLE--

.const     0    000218a0    00000197     
                  000218a0    00000101     rts6700.lib : ctype.obj (.const)
                  000219a1    00000003     --HOLE-- [fill = 0]
                  000219a4    00000040     dsk6713bsl.lib : dsk6713_aic23_opencodec.obj (.const)
                  000219e4    0000002a     rts6700.lib : _printfi.obj (.const)
                  00021a0e    00000002     --HOLE-- [fill = 0]
                  00021a10    00000020     dsk6713bsl.lib : dsk6713.obj (.const)
                  00021a30    00000004     gator_kator.obj (.const)
                  00021a34    00000003     gator_kator.obj (.const:_$P$T0$1)

.EXTRAM    0    80000000    000b7ba8     
                  80000000    000b7878     gator_kator.obj (.EXTRAM) [fill = 0]
                  800b7878    00000330     fir_filter.obj (.EXTRAM)

.far       0    800b7ba8    00000d70     UNINITIALIZED
                  800b7ba8    00000330     fir_filter.obj (.far)
                  800b7ed8    000002a0     gator_kator.obj (.far)
                  800b8178    00000190     rts6700.lib : _printfi.obj (.far)
                  800b8308    00000190                 : fcvt.obj (.far)
                  800b8498    000000f4     csl6713.lib : csl_irq.obj (.far)
                  800b858c    000000d4     emif_lcd.obj (.far)
                  800b8660    0000008c     rts6700.lib : exit.obj (.far)
                  800b86ec    00000064                 : ecvt.obj (.far)
                  800b8750    00000058     c6713dskinit.obj (.far)
                  800b87a8    00000040     rts6700.lib : cos.obj (.far)
                  800b87e8    00000040                 : sin.obj (.far)
                  800b8828    00000040     xcorr.obj (.far)
                  800b8868    00000038     csl6713.lib : csl_mcbsp.obj (.far)
                  800b88a0    00000028     dsk6713bsl.lib : dsk6713_aic23_registers.obj (.far)
                  800b88c8    00000020                    : dsk6713_aic23_setfreq.obj (.far)
                  800b88e8    0000000c     frame_and_filter.obj (.far)
                  800b88f4    00000008     dsk6713bsl.lib : dsk6713_aic23_opencodec.obj (.far)
                  800b88fc    00000008     rts6700.lib : _lock.obj (.far)
                  800b8904    00000008                 : memory.obj (.far)
                  800b890c    00000004     detect_envelope.obj (.far)
                  800b8910    00000004     rts6700.lib : errno.obj (.far)
                  800b8914    00000002     dsk6713bsl.lib : dsk6713.obj (.far)
                  800b8916    00000002                    : dsk6713_led.obj (.far)


GLOBAL SYMBOLS: SORTED ALPHABETICALLY BY Name 

address    name
--------   ----
00000220   $bss
00000220   .bss
00014260   .text
0001cab4   C$$EXIT
800b875c   _AIC23CfgData
800b8758   _AIC_data
800b88f4   _DSK6713_AIC23_codeccontrolhandle
800b88f8   _DSK6713_AIC23_codecdatahandle
0001dc80   _DSK6713_AIC23_config
0001bb80   _DSK6713_AIC23_openCodec
0001dc5c   _DSK6713_AIC23_rget
0001dbc0   _DSK6713_AIC23_rset
0001e7c0   _DSK6713_AIC23_setFreq
0001f068   _DSK6713_DIP_get
0001f060   _DSK6713_DIP_init
0001ce40   _DSK6713_LED_init
0001ce68   _DSK6713_LED_off
0001ced0   _DSK6713_LED_on
0001cf34   _DSK6713_LED_toggle
0001af58   _DSK6713_getVersion
0001abb0   _DSK6713_init
0001aeb0   _DSK6713_rget
0001aec4   _DSK6713_rset
800b8914   _DSK6713_version
0001aed8   _DSK6713_wait
0001af2c   _DSK6713_waitusec
0001f180   _IRQ_enable
0001f280   _IRQ_globalDisable
0001f2a0   _IRQ_globalEnable
0001cca0   _IRQ_map
0001f2c0   _IRQ_nmiEnable
0001f1c0   _IRQ_reset
0001b690   _LCD_PUT_CHAR
0001b5f4   _LCD_PUT_CMD
0001eac0   _MCBSP_config
0001f2e0   _MCBSP_getXmtEventId
0001e3a0   _MCBSP_open
0001f300   _MCBSP_read
0001d180   _MCBSP_reset
0001f320   _MCBSP_rrdy
0001eb60   _MCBSP_start
0001f340   _MCBSP_write
0001f360   _MCBSP_xrdy
800b8584   __IRQ_dispatchTable
800b84c0   __IRQ_eventTable
0001f380   __IRQ_hookFetchPacket
800b8544   __IRQ_intTable
800b8898   __MCBSP_hDev0
800b889c   __MCBSP_hDev1
000214a0   __STACK_END
00002000   __STACK_SIZE
00000400   __SYSMEM_SIZE
ffffffff   ___TI_pprof_out_hndl
ffffffff   ___TI_prof_data_size
ffffffff   ___TI_prof_data_start
ffffffff   ___binit__
00000220   ___bss__
ffffffff   ___c_args__
00000220   ___cinit__
00000220   ___end__
0001f4a0   ___etext__
ffffffff   ___pinit__
00014260   ___text__
0001f3a0   __addd
0001f3c0   __addf
0001e1a0   __auto_init
800b86e4   __cleanup_ptr
0001ee60   __cmpf
000218a0   __ctypes_
0001f3e0   __cvtdf
0001f400   __cvtfd
0001c420   __divd
0001d600   __divf
0001a180   __divli
0001e880   __divu
00019e80   __divul
800b86e8   __dtors_ptr
0001ee78   __eqlf
0001e940   __fixdi
0001ea00   __fixdli
0001eee0   __fixfi
0001ef60   __fltid
0001efe0   __fltif
0001be80   __frcdivd
0001e2a0   __frcdivf
0001eebc   __geqf
0001eea0   __gtrf
0001eeac   __leqf
800b88fc   __lock
0001ee94   __lssf
800b8904   __memory_size
0001f420   __mpyd
0001f440   __mpyf
0001ee84   __neqf
0001f200   __nop
00014260   __printfi
0001f208   __register_lock
0001f21c   __register_unlock
0001a0c4   __remli
00019dc0   __remul
0001cac0   __round
0001f4a0   __stack
0001e560   __strasg
0001f460   __subd
0001f480   __subf
000214a0   __sys_memory
0001f240   __trunc
800b8900   __unlock
0001cab4   _abort
0001c9d8   _atexit
0001d480   _atoi
800b859c   _bandage
0001e640   _block_dc
800b861c   _botrow
000187e0   _c6713_dsk_init
0001ede0   _c_int00
800b88f0   _call_count
000170e4   _calloc
0001f0c0   _ceil
800b7f38   _collecting_bot
800b7ef8   _collecting_top
800b865e   _colselect
00018900   _comm_intr
000188cc   _comm_poll
800b877c   _config
0001e0a0   _copy_to_struct
0001afe0   _cos
800b8830   _delay
0001b720   _delay_lcd
800b8860   _denom
0001e700   _detect_envelope
800b8038   _distance_bot
80033880   _distance_corr_buffer
800b7ff8   _distance_top
0001a280   _ecvt
800b890c   _envelope
800b8910   _errno
0001c8a0   _exit
0001a700   _fcvt
00019720   _fft
0001d900   _filter_signal
0001eca0   _find_distance
0001cfe0   _find_max
0001f120   _floor
0001d300   _frame_and_filter
00017530   _free
0001dd00   _frexp
800b7ed8   _fs
800b7878   _h
800b87a4   _hAIC23_handle
800b8828   _i
0001b568   _init_LCD
000184b0   _init_buffer
800b8594   _input
80013880   _input_left_buffer
00018e08   _input_left_sample
80023880   _input_right_buffer
00018ed0   _input_right_sample
00018d04   _input_sample
800b7edc   _inputsource
800b8590   _ioport
800b882c   _j
800b7ef4   _lcd_control
0001b79c   _lcd_test
0001d780   _ldexp
800b7ee0   _left_signal_status
0001de40   _ltoa
00017c80   _main
00016edc   _malloc
800b80b8   _match_bot
8003587c   _match_corr_buffer
800b8138   _match_percent_bot
800b80f8   _match_percent_top
800b8078   _match_top
000178e8   _memalign
0001ed40   _memccpy
0001c660   _memcpy
0001df80   _memset
00016e74   _minit
0001e480   _modf
800b8838   _mx
800b8840   _my
800b858c   _output
800b8598   _output1
00018b44   _output_left_sample
00018c24   _output_right_sample
00018a2c   _output_sample
00018438   _playback
800b7ef0   _program_control
80037878   _real_data_buffer
000171a0   _realloc
00018634   _reset_leds
800b7ee4   _right_signal_status
800b7eec   _row_ind
800b88ec   _row_index
800b865c   _rowselect
0001b47c   _send_LCD_characters
0001b3e0   _set_LCD_characters
0001868c   _set_leds
800b7fb8   _signal_detected_bot
800b7f78   _signal_detected_top
800b88e8   _signal_on
800b7ee8   _signal_status
0001b7c0   _sin
80000000   _soi
80077878   _soi_data_buffer
0001da60   _sprintf
0001c180   _sqrt
800b8848   _sx
800b8858   _sxy
800b8850   _sy
000186e4   _toggle
800b85dc   _toprow
800b7ba8   _x
00018fa0   _xcorr
ffffffff   binit
00000220   cinit
00000220   end
0001f4a0   etext
ffffffff   pinit


GLOBAL SYMBOLS: SORTED BY Symbol Address 

address    name
--------   ----
00000220   $bss
00000220   .bss
00000220   ___bss__
00000220   ___cinit__
00000220   ___end__
00000220   cinit
00000220   end
00000400   __SYSMEM_SIZE
00002000   __STACK_SIZE
00014260   .text
00014260   ___text__
00014260   __printfi
00016e74   _minit
00016edc   _malloc
000170e4   _calloc
000171a0   _realloc
00017530   _free
000178e8   _memalign
00017c80   _main
00018438   _playback
000184b0   _init_buffer
00018634   _reset_leds
0001868c   _set_leds
000186e4   _toggle
000187e0   _c6713_dsk_init
000188cc   _comm_poll
00018900   _comm_intr
00018a2c   _output_sample
00018b44   _output_left_sample
00018c24   _output_right_sample
00018d04   _input_sample
00018e08   _input_left_sample
00018ed0   _input_right_sample
00018fa0   _xcorr
00019720   _fft
00019dc0   __remul
00019e80   __divul
0001a0c4   __remli
0001a180   __divli
0001a280   _ecvt
0001a700   _fcvt
0001abb0   _DSK6713_init
0001aeb0   _DSK6713_rget
0001aec4   _DSK6713_rset
0001aed8   _DSK6713_wait
0001af2c   _DSK6713_waitusec
0001af58   _DSK6713_getVersion
0001afe0   _cos
0001b3e0   _set_LCD_characters
0001b47c   _send_LCD_characters
0001b568   _init_LCD
0001b5f4   _LCD_PUT_CMD
0001b690   _LCD_PUT_CHAR
0001b720   _delay_lcd
0001b79c   _lcd_test
0001b7c0   _sin
0001bb80   _DSK6713_AIC23_openCodec
0001be80   __frcdivd
0001c180   _sqrt
0001c420   __divd
0001c660   _memcpy
0001c8a0   _exit
0001c9d8   _atexit
0001cab4   C$$EXIT
0001cab4   _abort
0001cac0   __round
0001cca0   _IRQ_map
0001ce40   _DSK6713_LED_init
0001ce68   _DSK6713_LED_off
0001ced0   _DSK6713_LED_on
0001cf34   _DSK6713_LED_toggle
0001cfe0   _find_max
0001d180   _MCBSP_reset
0001d300   _frame_and_filter
0001d480   _atoi
0001d600   __divf
0001d780   _ldexp
0001d900   _filter_signal
0001da60   _sprintf
0001dbc0   _DSK6713_AIC23_rset
0001dc5c   _DSK6713_AIC23_rget
0001dc80   _DSK6713_AIC23_config
0001dd00   _frexp
0001de40   _ltoa
0001df80   _memset
0001e0a0   _copy_to_struct
0001e1a0   __auto_init
0001e2a0   __frcdivf
0001e3a0   _MCBSP_open
0001e480   _modf
0001e560   __strasg
0001e640   _block_dc
0001e700   _detect_envelope
0001e7c0   _DSK6713_AIC23_setFreq
0001e880   __divu
0001e940   __fixdi
0001ea00   __fixdli
0001eac0   _MCBSP_config
0001eb60   _MCBSP_start
0001eca0   _find_distance
0001ed40   _memccpy
0001ede0   _c_int00
0001ee60   __cmpf
0001ee78   __eqlf
0001ee84   __neqf
0001ee94   __lssf
0001eea0   __gtrf
0001eeac   __leqf
0001eebc   __geqf
0001eee0   __fixfi
0001ef60   __fltid
0001efe0   __fltif
0001f060   _DSK6713_DIP_init
0001f068   _DSK6713_DIP_get
0001f0c0   _ceil
0001f120   _floor
0001f180   _IRQ_enable
0001f1c0   _IRQ_reset
0001f200   __nop
0001f208   __register_lock
0001f21c   __register_unlock
0001f240   __trunc
0001f280   _IRQ_globalDisable
0001f2a0   _IRQ_globalEnable
0001f2c0   _IRQ_nmiEnable
0001f2e0   _MCBSP_getXmtEventId
0001f300   _MCBSP_read
0001f320   _MCBSP_rrdy
0001f340   _MCBSP_write
0001f360   _MCBSP_xrdy
0001f380   __IRQ_hookFetchPacket
0001f3a0   __addd
0001f3c0   __addf
0001f3e0   __cvtdf
0001f400   __cvtfd
0001f420   __mpyd
0001f440   __mpyf
0001f460   __subd
0001f480   __subf
0001f4a0   ___etext__
0001f4a0   __stack
0001f4a0   etext
000214a0   __STACK_END
000214a0   __sys_memory
000218a0   __ctypes_
80000000   _soi
80013880   _input_left_buffer
80023880   _input_right_buffer
80033880   _distance_corr_buffer
8003587c   _match_corr_buffer
80037878   _real_data_buffer
80077878   _soi_data_buffer
800b7878   _h
800b7ba8   _x
800b7ed8   _fs
800b7edc   _inputsource
800b7ee0   _left_signal_status
800b7ee4   _right_signal_status
800b7ee8   _signal_status
800b7eec   _row_ind
800b7ef0   _program_control
800b7ef4   _lcd_control
800b7ef8   _collecting_top
800b7f38   _collecting_bot
800b7f78   _signal_detected_top
800b7fb8   _signal_detected_bot
800b7ff8   _distance_top
800b8038   _distance_bot
800b8078   _match_top
800b80b8   _match_bot
800b80f8   _match_percent_top
800b8138   _match_percent_bot
800b84c0   __IRQ_eventTable
800b8544   __IRQ_intTable
800b8584   __IRQ_dispatchTable
800b858c   _output
800b8590   _ioport
800b8594   _input
800b8598   _output1
800b859c   _bandage
800b85dc   _toprow
800b861c   _botrow
800b865c   _rowselect
800b865e   _colselect
800b86e4   __cleanup_ptr
800b86e8   __dtors_ptr
800b8758   _AIC_data
800b875c   _AIC23CfgData
800b877c   _config
800b87a4   _hAIC23_handle
800b8828   _i
800b882c   _j
800b8830   _delay
800b8838   _mx
800b8840   _my
800b8848   _sx
800b8850   _sy
800b8858   _sxy
800b8860   _denom
800b8898   __MCBSP_hDev0
800b889c   __MCBSP_hDev1
800b88e8   _signal_on
800b88ec   _row_index
800b88f0   _call_count
800b88f4   _DSK6713_AIC23_codeccontrolhandle
800b88f8   _DSK6713_AIC23_codecdatahandle
800b88fc   __lock
800b8900   __unlock
800b8904   __memory_size
800b890c   _envelope
800b8910   _errno
800b8914   _DSK6713_version
ffffffff   ___TI_pprof_out_hndl
ffffffff   ___TI_prof_data_size
ffffffff   ___TI_prof_data_start
ffffffff   ___binit__
ffffffff   ___c_args__
ffffffff   ___pinit__
ffffffff   binit
ffffffff   pinit

[220 symbols]
