******************************************************************************
               TMS320C6x Linker PC v7.3.1                      
******************************************************************************
>> Linked Sun Mar 11 12:52:48 2012

OUTPUT FILE NAME:   <TheGatorKator.out>
ENTRY POINT SYMBOL: "_c_int00"  address: 000027e0


MEMORY CONFIGURATION

         name            origin    length      used     unused   attr    fill
----------------------  --------  ---------  --------  --------  ----  --------
  IVECS                 00000000   00000220  00000200  00000020  RWIX
  IRAM                  00000220   0002fde0  00004e34  0002afac  RWIX
  SDRAM                 80000000   01000000  00016d18  00fe92e8  RWIX
  FLASH                 90000000   00020000  00000000  00020000  RWIX


SECTION ALLOCATION MAP

 output                                  attributes/
section   page    origin      length       input sections
--------  ----  ----------  ----------   ----------------
.vectors   0    00000000    00000200     
                  00000000    00000200     Vectors_intr.obj (.vectors)

$BRID      0    00000000    00000234     COPY SECTION
                  00000000    00000078     csl6713.lib : csl_irq.obj ($BRID)
                  00000078    0000007c                 : csl_mcbsp.obj ($BRID)
                  000000f4    00000054     dsk6713bsl.lib : dsk6713.obj ($BRID)
                  00000148    00000024                    : dsk6713_aic23_opencodec.obj ($BRID)
                  0000016c    00000014                    : dsk6713_aic23_registers.obj ($BRID)
                  00000180    0000000c                    : dsk6713_aic23_setfreq.obj ($BRID)
                  0000018c    0000000c                    : dsk6713_dip.obj ($BRID)
                  00000198    00000030                    : dsk6713_led.obj ($BRID)
                  000001c8    00000004     rts6700.lib : addf.obj ($BRID)
                  000001cc    0000000c                 : boot.obj ($BRID)
                  000001d8    00000028                 : exit.obj ($BRID)
                  00000200    00000008                 : fltif.obj ($BRID)
                  00000208    00000004                 : mpyf.obj ($BRID)
                  0000020c    00000004                 : strasg.obj ($BRID)
                  00000210    0000000c                 : _lock.obj ($BRID)
                  0000021c    0000000c                 : autoinit.obj ($BRID)
                  00000228    0000000c                 : memcpy62.obj ($BRID)

.text      0    00000220    00002960     
                  00000220    000007c0     c6713dskinit.obj (.text)
                  000009e0    00000460     dsk6713bsl.lib : dsk6713.obj (.text)
                  00000e40    00000300                    : dsk6713_aic23_opencodec.obj (.text)
                  00001140    00000240     rts6700.lib : memcpy62.obj (.text)
                  00001380    00000220                 : exit.obj (.text)
                  000015a0    000001a0     csl6713.lib : csl_irq.obj (.text:_IRQ_map)
                  00001740    000001a0     dsk6713bsl.lib : dsk6713_led.obj (.text)
                  000018e0    000001a0     gator_kator.obj (.text:retain)
                  00001a80    00000180     csl6713.lib : csl_mcbsp.obj (.text:_MCBSP_reset)
                  00001c00    00000160     fir_filter.obj (.text)
                  00001d60    00000140     dsk6713bsl.lib : dsk6713_aic23_registers.obj (.text)
                  00001ea0    00000140     frame_and_filter.obj (.text)
                  00001fe0    00000120     gator_kator.obj (.text)
                  00002100    00000100     rts6700.lib : autoinit.obj (.text)
                  00002200    000000e0     csl6713.lib : csl_mcbsp.obj (.text:_MCBSP_open)
                  000022e0    000000e0     rts6700.lib : strasg.obj (.text)
                  000023c0    000000c0     block_dc.obj (.text)
                  00002480    000000c0     detect_envelope.obj (.text)
                  00002540    000000c0     dsk6713bsl.lib : dsk6713_aic23_setfreq.obj (.text)
                  00002600    000000a0     csl6713.lib : csl_mcbsp.obj (.text:_MCBSP_config)
                  000026a0    000000a0                 : csl_mcbsp.obj (.text:_MCBSP_start)
                  00002740    000000a0                 : csl_irq.obj (.text:_setMux)
                  000027e0    00000080     rts6700.lib : boot.obj (.text)
                  00002860    00000080                 : fltif.obj (.text)
                  000028e0    00000060     dsk6713bsl.lib : dsk6713_dip.obj (.text)
                  00002940    00000040     csl6713.lib : csl_irq.obj (.text:_IRQ_enable)
                  00002980    00000040                 : csl_irq.obj (.text:_IRQ_reset)
                  000029c0    00000040     rts6700.lib : _lock.obj (.text)
                  00002a00    00000020     Vectors_intr.obj (.text)
                  00002a20    00000020     csl6713.lib : csl_irq.obj (.text:_IRQ_globalDisable)
                  00002a40    00000020                 : csl_irq.obj (.text:_IRQ_globalEnable)
                  00002a60    00000020                 : csl_irq.obj (.text:_IRQ_nmiEnable)
                  00002a80    00000020                 : csl_mcbsp.obj (.text:_MCBSP_getXmtEventId)
                  00002aa0    00000020                 : csl_mcbsp.obj (.text:_MCBSP_read)
                  00002ac0    00000020                 : csl_mcbsp.obj (.text:_MCBSP_rrdy)
                  00002ae0    00000020                 : csl_mcbsp.obj (.text:_MCBSP_write)
                  00002b00    00000020                 : csl_mcbsp.obj (.text:_MCBSP_xrdy)
                  00002b20    00000020                 : csl_irq.obj (.text)
                  00002b40    00000020     rts6700.lib : addf.obj (.text)
                  00002b60    00000020                 : mpyf.obj (.text)

.bss       0    00000220    00000000     UNINITIALIZED

.stack     0    00002b80    00002000     UNINITIALIZED
                  00002b80    00000008     rts6700.lib : boot.obj (.stack)
                  00002b88    00001ff8     --HOLE--

.cinit     0    00004b80    000002dc     
                  00004b80    0000012c     csl6713.lib : csl_irq.obj (.cinit)
                  00004cac    00000004     --HOLE-- [fill = 0]
                  00004cb0    00000058     c6713dskinit.obj (.cinit)
                  00004d08    00000054     csl6713.lib : csl_mcbsp.obj (.cinit)
                  00004d5c    00000004     --HOLE-- [fill = 0]
                  00004d60    00000030     dsk6713bsl.lib : dsk6713_aic23_registers.obj (.cinit)
                  00004d90    0000002c     rts6700.lib : exit.obj (.cinit)
                  00004dbc    00000004     --HOLE-- [fill = 0]
                  00004dc0    00000028     dsk6713bsl.lib : dsk6713_aic23_setfreq.obj (.cinit)
                  00004de8    0000001c     frame_and_filter.obj (.cinit)
                  00004e04    00000004     --HOLE-- [fill = 0]
                  00004e08    0000001c     rts6700.lib : _lock.obj (.cinit)
                  00004e24    00000004     --HOLE-- [fill = 0]
                  00004e28    0000001a     gator_kator.obj (.cinit)
                  00004e42    00000006     --HOLE-- [fill = 0]
                  00004e48    0000000c     detect_envelope.obj (.cinit)
                  00004e54    00000004     --HOLE-- [fill = 0]
                  00004e58    00000004     (.pad.cinit) [fill = 0]

.const     0    00004e5c    000001f8     
                  00004e5c    00000198     fir_filter.obj (.const:_h)
                  00004ff4    00000040     dsk6713bsl.lib : dsk6713_aic23_opencodec.obj (.const)
                  00005034    00000020                    : dsk6713.obj (.const)

.EXTRAM    0    80000000    00016760     UNINITIALIZED
                  80000000    00016760     gator_kator.obj (.EXTRAM)

.far       0    80016760    000005b8     UNINITIALIZED
                  80016760    00000330     fir_filter.obj (.far)
                  80016a90    000000f4     csl6713.lib : csl_irq.obj (.far)
                  80016b84    0000008c     rts6700.lib : exit.obj (.far)
                  80016c10    00000058     c6713dskinit.obj (.far)
                  80016c68    00000038     csl6713.lib : csl_mcbsp.obj (.far)
                  80016ca0    00000028     dsk6713bsl.lib : dsk6713_aic23_registers.obj (.far)
                  80016cc8    00000020                    : dsk6713_aic23_setfreq.obj (.far)
                  80016ce8    00000010     gator_kator.obj (.far)
                  80016cf8    00000008     dsk6713bsl.lib : dsk6713_aic23_opencodec.obj (.far)
                  80016d00    00000008     frame_and_filter.obj (.far)
                  80016d08    00000008     rts6700.lib : _lock.obj (.far)
                  80016d10    00000004     detect_envelope.obj (.far)
                  80016d14    00000002     dsk6713bsl.lib : dsk6713.obj (.far)
                  80016d16    00000002                    : dsk6713_led.obj (.far)


GLOBAL SYMBOLS: SORTED ALPHABETICALLY BY Name 

address    name
--------   ----
00000220   $bss
00000220   .bss
00000220   .text
00001594   C$$EXIT
80016c1c   _AIC23CfgData
80016c18   _AIC_data
80016cf8   _DSK6713_AIC23_codeccontrolhandle
80016cfc   _DSK6713_AIC23_codecdatahandle
00001e20   _DSK6713_AIC23_config
00000e40   _DSK6713_AIC23_openCodec
00001dfc   _DSK6713_AIC23_rget
00001d60   _DSK6713_AIC23_rset
00002540   _DSK6713_AIC23_setFreq
000028e8   _DSK6713_DIP_get
000028e0   _DSK6713_DIP_init
00001740   _DSK6713_LED_init
00001768   _DSK6713_LED_off
000017d0   _DSK6713_LED_on
00001834   _DSK6713_LED_toggle
00000db8   _DSK6713_getVersion
00000a10   _DSK6713_init
00000d10   _DSK6713_rget
00000d24   _DSK6713_rset
80016d14   _DSK6713_version
00000d38   _DSK6713_wait
00000d8c   _DSK6713_waitusec
00002940   _IRQ_enable
00002a20   _IRQ_globalDisable
00002a40   _IRQ_globalEnable
000015a0   _IRQ_map
00002a60   _IRQ_nmiEnable
00002980   _IRQ_reset
00002600   _MCBSP_config
00002a80   _MCBSP_getXmtEventId
00002200   _MCBSP_open
00002aa0   _MCBSP_read
00001a80   _MCBSP_reset
00002ac0   _MCBSP_rrdy
000026a0   _MCBSP_start
00002ae0   _MCBSP_write
00002b00   _MCBSP_xrdy
80016b7c   __IRQ_dispatchTable
80016ab8   __IRQ_eventTable
00002b20   __IRQ_hookFetchPacket
80016b3c   __IRQ_intTable
80016c98   __MCBSP_hDev0
80016c9c   __MCBSP_hDev1
00004b80   __STACK_END
00002000   __STACK_SIZE
ffffffff   ___TI_pprof_out_hndl
ffffffff   ___TI_prof_data_size
ffffffff   ___TI_prof_data_start
ffffffff   ___binit__
00000220   ___bss__
ffffffff   ___c_args__
00004b80   ___cinit__
00000220   ___end__
00002b80   ___etext__
ffffffff   ___pinit__
00000220   ___text__
00002b40   __addf
00002100   __auto_init
80016c08   __cleanup_ptr
80016c0c   __dtors_ptr
00002860   __fltif
80016d08   __lock
00002b60   __mpyf
000029c0   __nop
000029c8   __register_lock
000029dc   __register_unlock
00002b80   __stack
000022e0   __strasg
80016d0c   __unlock
00001594   _abort
000014b8   _atexit
000023c0   _block_dc
00000220   _c6713_dsk_init
000027e0   _c_int00
000018e0   _c_int11
00000340   _comm_intr
0000030c   _comm_poll
80016c3c   _config
00002480   _detect_envelope
80016d10   _envelope
00001380   _exit
00001c00   _filter_signal
00001ea0   _frame_and_filter
80016ce8   _fs
00004e5c   _h
80016c64   _hAIC23_handle
80000000   _input_buffer
00000848   _input_left_sample
00000910   _input_right_sample
00000744   _input_sample
80016cec   _inputsource
00001fe0   _main
00001140   _memcpy
00000584   _output_left_sample
00000664   _output_right_sample
0000046c   _output_sample
80016cf4   _program_control
80016d04   _row_index
80016d00   _signal_on
80016cf0   _signal_status
00000020   _vector1
00000140   _vector10
00000180   _vector12
000001a0   _vector13
000001c0   _vector14
000001e0   _vector15
00000040   _vector2
00000060   _vector3
00000080   _vector4
000000a0   _vector5
000000c0   _vector6
000000e0   _vector7
00000100   _vector8
00000120   _vector9
00000000   _vectors
80016760   _x
ffffffff   binit
00004b80   cinit
00000220   end
00002b80   etext
ffffffff   pinit


GLOBAL SYMBOLS: SORTED BY Symbol Address 

address    name
--------   ----
00000000   _vectors
00000020   _vector1
00000040   _vector2
00000060   _vector3
00000080   _vector4
000000a0   _vector5
000000c0   _vector6
000000e0   _vector7
00000100   _vector8
00000120   _vector9
00000140   _vector10
00000180   _vector12
000001a0   _vector13
000001c0   _vector14
000001e0   _vector15
00000220   $bss
00000220   .bss
00000220   .text
00000220   ___bss__
00000220   ___end__
00000220   ___text__
00000220   _c6713_dsk_init
00000220   end
0000030c   _comm_poll
00000340   _comm_intr
0000046c   _output_sample
00000584   _output_left_sample
00000664   _output_right_sample
00000744   _input_sample
00000848   _input_left_sample
00000910   _input_right_sample
00000a10   _DSK6713_init
00000d10   _DSK6713_rget
00000d24   _DSK6713_rset
00000d38   _DSK6713_wait
00000d8c   _DSK6713_waitusec
00000db8   _DSK6713_getVersion
00000e40   _DSK6713_AIC23_openCodec
00001140   _memcpy
00001380   _exit
000014b8   _atexit
00001594   C$$EXIT
00001594   _abort
000015a0   _IRQ_map
00001740   _DSK6713_LED_init
00001768   _DSK6713_LED_off
000017d0   _DSK6713_LED_on
00001834   _DSK6713_LED_toggle
000018e0   _c_int11
00001a80   _MCBSP_reset
00001c00   _filter_signal
00001d60   _DSK6713_AIC23_rset
00001dfc   _DSK6713_AIC23_rget
00001e20   _DSK6713_AIC23_config
00001ea0   _frame_and_filter
00001fe0   _main
00002000   __STACK_SIZE
00002100   __auto_init
00002200   _MCBSP_open
000022e0   __strasg
000023c0   _block_dc
00002480   _detect_envelope
00002540   _DSK6713_AIC23_setFreq
00002600   _MCBSP_config
000026a0   _MCBSP_start
000027e0   _c_int00
00002860   __fltif
000028e0   _DSK6713_DIP_init
000028e8   _DSK6713_DIP_get
00002940   _IRQ_enable
00002980   _IRQ_reset
000029c0   __nop
000029c8   __register_lock
000029dc   __register_unlock
00002a20   _IRQ_globalDisable
00002a40   _IRQ_globalEnable
00002a60   _IRQ_nmiEnable
00002a80   _MCBSP_getXmtEventId
00002aa0   _MCBSP_read
00002ac0   _MCBSP_rrdy
00002ae0   _MCBSP_write
00002b00   _MCBSP_xrdy
00002b20   __IRQ_hookFetchPacket
00002b40   __addf
00002b60   __mpyf
00002b80   ___etext__
00002b80   __stack
00002b80   etext
00004b80   __STACK_END
00004b80   ___cinit__
00004b80   cinit
00004e5c   _h
80000000   _input_buffer
80016760   _x
80016ab8   __IRQ_eventTable
80016b3c   __IRQ_intTable
80016b7c   __IRQ_dispatchTable
80016c08   __cleanup_ptr
80016c0c   __dtors_ptr
80016c18   _AIC_data
80016c1c   _AIC23CfgData
80016c3c   _config
80016c64   _hAIC23_handle
80016c98   __MCBSP_hDev0
80016c9c   __MCBSP_hDev1
80016ce8   _fs
80016cec   _inputsource
80016cf0   _signal_status
80016cf4   _program_control
80016cf8   _DSK6713_AIC23_codeccontrolhandle
80016cfc   _DSK6713_AIC23_codecdatahandle
80016d00   _signal_on
80016d04   _row_index
80016d08   __lock
80016d0c   __unlock
80016d10   _envelope
80016d14   _DSK6713_version
ffffffff   ___TI_pprof_out_hndl
ffffffff   ___TI_prof_data_size
ffffffff   ___TI_prof_data_start
ffffffff   ___binit__
ffffffff   ___c_args__
ffffffff   ___pinit__
ffffffff   binit
ffffffff   pinit

[125 symbols]
