******************************************************************************
               TMS320C6x Linker PC v7.3.1                      
******************************************************************************
>> Linked Sun Apr 01 21:54:32 2012

OUTPUT FILE NAME:   <TheGatorKator.out>
ENTRY POINT SYMBOL: "_c_int00"  address: 0001dba0


MEMORY CONFIGURATION

         name            origin    length      used     unused   attr    fill
----------------------  --------  ---------  --------  --------  ----  --------
  IVECS                 00000000   00000220  00000000  00000220  RWIX
  IRAM                  00000220   0002fde0  0002058b  0000f855  RWIX
  SDRAM                 80000000   01000000  00078898  00f87768  RWIX
  FLASH                 90000000   00020000  00000000  00020000  RWIX


SECTION ALLOCATION MAP

 output                                  attributes/
section   page    origin      length       input sections
--------  ----  ----------  ----------   ----------------
$BRID      0    00000000    00000518     COPY SECTION
                  00000000    00000078     csl6713.lib : csl_irq.obj ($BRID)
                  00000078    0000007c                 : csl_mcbsp.obj ($BRID)
                  000000f4    00000054     dsk6713bsl.lib : dsk6713.obj ($BRID)
                  00000148    00000024                    : dsk6713_aic23_opencodec.obj ($BRID)
                  0000016c    00000014                    : dsk6713_aic23_registers.obj ($BRID)
                  00000180    0000000c                    : dsk6713_aic23_setfreq.obj ($BRID)
                  0000018c    0000000c                    : dsk6713_dip.obj ($BRID)
                  00000198    00000030                    : dsk6713_led.obj ($BRID)
                  000001c8    00000004     rts6700.lib : addd.obj ($BRID)
                  000001cc    00000004                 : addf.obj ($BRID)
                  000001d0    0000000c                 : boot.obj ($BRID)
                  000001dc    00000008                 : ceil.obj ($BRID)
                  000001e4    0000001c                 : cmpf.obj ($BRID)
                  00000200    00000004                 : cvtdf.obj ($BRID)
                  00000204    00000004                 : cvtfd.obj ($BRID)
                  00000208    00000008                 : divd.obj ($BRID)
                  00000210    00000008                 : divf.obj ($BRID)
                  00000218    00000028                 : exit.obj ($BRID)
                  00000240    00000004                 : fixdi.obj ($BRID)
                  00000244    0000000c                 : fixfi.obj ($BRID)
                  00000250    00000008                 : floor.obj ($BRID)
                  00000258    00000004                 : fltid.obj ($BRID)
                  0000025c    00000008                 : fltif.obj ($BRID)
                  00000264    00000004                 : frcdivd.obj ($BRID)
                  00000268    00000004                 : frcdivf.obj ($BRID)
                  0000026c    00000004                 : modf.obj ($BRID)
                  00000270    00000004                 : mpyd.obj ($BRID)
                  00000274    00000004                 : mpyf.obj ($BRID)
                  00000278    00000014                 : sprintf.obj ($BRID)
                  0000028c    0000000c                 : sqrt.obj ($BRID)
                  00000298    00000004                 : strasg.obj ($BRID)
                  0000029c    00000004                 : subd.obj ($BRID)
                  000002a0    00000004                 : subf.obj ($BRID)
                  000002a4    0000000c                 : _lock.obj ($BRID)
                  000002b0    0000011c                 : _printfi.obj ($BRID)
                  000003cc    00000004                 : atoi.obj ($BRID)
                  000003d0    0000000c                 : autoinit.obj ($BRID)
                  000003dc    00000004                 : divu.obj ($BRID)
                  000003e0    00000010                 : ecvt.obj ($BRID)
                  000003f0    00000010                 : fcvt.obj ($BRID)
                  00000400    00000004                 : fixdli.obj ($BRID)
                  00000404    00000004                 : frexp.obj ($BRID)
                  00000408    0000001c                 : imath40.obj ($BRID)
                  00000424    00000004                 : ldexp.obj ($BRID)
                  00000428    00000010                 : ltoa.obj ($BRID)
                  00000438    00000008                 : memccpy.obj ($BRID)
                  00000440    0000000c                 : memcpy62.obj ($BRID)
                  0000044c    000000c8                 : memory.obj ($BRID)
                  00000514    00000004                 : memset.obj ($BRID)

.bss       0    00000220    00000000     UNINITIALIZED

.cinit     0    00000220    00013f94     
                  00000220    00013ba8     gator_kator.obj (.cinit)
                  00013dc8    0000012c     csl6713.lib : csl_irq.obj (.cinit)
                  00013ef4    00000004     --HOLE-- [fill = 0]
                  00013ef8    000000ca     emif_lcd.obj (.cinit)
                  00013fc2    00000006     --HOLE-- [fill = 0]
                  00013fc8    00000058     c6713dskinit.obj (.cinit)
                  00014020    00000054     csl6713.lib : csl_mcbsp.obj (.cinit)
                  00014074    00000004     --HOLE-- [fill = 0]
                  00014078    00000030     dsk6713bsl.lib : dsk6713_aic23_registers.obj (.cinit)
                  000140a8    0000002c     frame_and_filter.obj (.cinit)
                  000140d4    00000004     --HOLE-- [fill = 0]
                  000140d8    0000002c     rts6700.lib : exit.obj (.cinit)
                  00014104    00000004     --HOLE-- [fill = 0]
                  00014108    00000028     dsk6713bsl.lib : dsk6713_aic23_setfreq.obj (.cinit)
                  00014130    0000001c     rts6700.lib : _lock.obj (.cinit)
                  0001414c    00000004     --HOLE-- [fill = 0]
                  00014150    0000001c                 : sysmem.obj (.cinit)
                  0001416c    00000004     --HOLE-- [fill = 0]
                  00014170    0000000c     detect_envelope.obj (.cinit)
                  0001417c    00000004     --HOLE-- [fill = 0]
                  00014180    0000000c     rts6700.lib : errno.obj (.cinit)
                  0001418c    00000004     --HOLE-- [fill = 0]
                  00014190    0000000c                 : memory.obj (.cinit)
                  0001419c    00000004     --HOLE-- [fill = 0]
                  000141a0    0000000c     xcorr.obj (.cinit)
                  000141ac    00000004     --HOLE-- [fill = 0]
                  000141b0    00000004     (.pad.cinit) [fill = 0]

.text      0    000141c0    0000a060     
                  000141c0    00002a00     rts6700.lib : _printfi.obj (.text)
                  00016bc0    00001020                 : memory.obj (.text)
                  00017be0    00000a80     gator_kator.obj (.text)
                  00018660    000007c0     c6713dskinit.obj (.text)
                  00018e20    00000780     xcorr.obj (.text)
                  000195a0    000004c0     rts6700.lib : imath40.obj (.text)
                  00019a60    00000480                 : ecvt.obj (.text)
                  00019ee0    00000480                 : fcvt.obj (.text)
                  0001a360    00000460     dsk6713bsl.lib : dsk6713.obj (.text)
                  0001a7c0    000003e0     emif_lcd.obj (.text)
                  0001aba0    00000300     dsk6713bsl.lib : dsk6713_aic23_opencodec.obj (.text)
                  0001aea0    00000300     rts6700.lib : frcdivd.obj (.text)
                  0001b1a0    000002a0                 : sqrt.obj (.text)
                  0001b440    00000240                 : divd.obj (.text)
                  0001b680    00000240                 : memcpy62.obj (.text)
                  0001b8c0    00000220                 : exit.obj (.text)
                  0001bae0    000001a0     csl6713.lib : csl_irq.obj (.text:_IRQ_map)
                  0001bc80    000001a0     dsk6713bsl.lib : dsk6713_led.obj (.text)
                  0001be20    000001a0     find_max.obj (.text)
                  0001bfc0    00000180     csl6713.lib : csl_mcbsp.obj (.text:_MCBSP_reset)
                  0001c140    00000180     frame_and_filter.obj (.text)
                  0001c2c0    00000180     rts6700.lib : atoi.obj (.text)
                  0001c440    00000180                 : divf.obj (.text)
                  0001c5c0    00000180                 : ldexp.obj (.text)
                  0001c740    00000160     fir_filter.obj (.text)
                  0001c8a0    00000160     rts6700.lib : sprintf.obj (.text)
                  0001ca00    00000140     dsk6713bsl.lib : dsk6713_aic23_registers.obj (.text)
                  0001cb40    00000140     rts6700.lib : frexp.obj (.text)
                  0001cc80    00000140                 : ltoa.obj (.text)
                  0001cdc0    00000120                 : memset.obj (.text)
                  0001cee0    00000100                 : autoinit.obj (.text)
                  0001cfe0    00000100                 : frcdivf.obj (.text)
                  0001d0e0    000000e0     csl6713.lib : csl_mcbsp.obj (.text:_MCBSP_open)
                  0001d1c0    000000e0     rts6700.lib : modf.obj (.text)
                  0001d2a0    000000e0                 : strasg.obj (.text)
                  0001d380    000000c0     block_dc.obj (.text)
                  0001d440    000000c0     detect_envelope.obj (.text)
                  0001d500    000000c0     dsk6713bsl.lib : dsk6713_aic23_setfreq.obj (.text)
                  0001d5c0    000000c0     rts6700.lib : divu.obj (.text)
                  0001d680    000000c0                 : fixdi.obj (.text)
                  0001d740    000000c0                 : fixdli.obj (.text)
                  0001d800    000000a0     csl6713.lib : csl_mcbsp.obj (.text:_MCBSP_config)
                  0001d8a0    000000a0                 : csl_mcbsp.obj (.text:_MCBSP_start)
                  0001d940    000000a0                 : csl_irq.obj (.text:_setMux)
                  0001d9e0    000000a0     find_distance.obj (.text)
                  0001da80    000000a0     rts6700.lib : memccpy.obj (.text)
                  0001db20    00000080     copy_to_struct.obj (.text)
                  0001dba0    00000080     rts6700.lib : boot.obj (.text)
                  0001dc20    00000080                 : cmpf.obj (.text)
                  0001dca0    00000080                 : fixfi.obj (.text)
                  0001dd20    00000080                 : fltid.obj (.text)
                  0001dda0    00000080                 : fltif.obj (.text)
                  0001de20    00000060     dsk6713bsl.lib : dsk6713_dip.obj (.text)
                  0001de80    00000060     rts6700.lib : ceil.obj (.text)
                  0001dee0    00000060                 : floor.obj (.text)
                  0001df40    00000040     csl6713.lib : csl_irq.obj (.text:_IRQ_enable)
                  0001df80    00000040                 : csl_irq.obj (.text:_IRQ_reset)
                  0001dfc0    00000040     rts6700.lib : _lock.obj (.text)
                  0001e000    00000020     csl6713.lib : csl_irq.obj (.text:_IRQ_globalDisable)
                  0001e020    00000020                 : csl_irq.obj (.text:_IRQ_globalEnable)
                  0001e040    00000020                 : csl_irq.obj (.text:_IRQ_nmiEnable)
                  0001e060    00000020                 : csl_mcbsp.obj (.text:_MCBSP_getXmtEventId)
                  0001e080    00000020                 : csl_mcbsp.obj (.text:_MCBSP_read)
                  0001e0a0    00000020                 : csl_mcbsp.obj (.text:_MCBSP_rrdy)
                  0001e0c0    00000020                 : csl_mcbsp.obj (.text:_MCBSP_write)
                  0001e0e0    00000020                 : csl_mcbsp.obj (.text:_MCBSP_xrdy)
                  0001e100    00000020                 : csl_irq.obj (.text)
                  0001e120    00000020     rts6700.lib : addd.obj (.text)
                  0001e140    00000020                 : addf.obj (.text)
                  0001e160    00000020                 : cvtdf.obj (.text)
                  0001e180    00000020                 : cvtfd.obj (.text)
                  0001e1a0    00000020                 : mpyd.obj (.text)
                  0001e1c0    00000020                 : mpyf.obj (.text)
                  0001e1e0    00000020                 : subd.obj (.text)
                  0001e200    00000020                 : subf.obj (.text)

.stack     0    0001e220    00002000     UNINITIALIZED
                  0001e220    00000008     rts6700.lib : boot.obj (.stack)
                  0001e228    00001ff8     --HOLE--

.sysmem    0    00020220    00000400     UNINITIALIZED
                  00020220    00000400     --HOLE--

.const     0    00020620    00000197     
                  00020620    00000101     rts6700.lib : ctype.obj (.const)
                  00020721    00000003     --HOLE-- [fill = 0]
                  00020724    00000040     dsk6713bsl.lib : dsk6713_aic23_opencodec.obj (.const)
                  00020764    0000002a     rts6700.lib : _printfi.obj (.const)
                  0002078e    00000002     --HOLE-- [fill = 0]
                  00020790    00000020     dsk6713bsl.lib : dsk6713.obj (.const)
                  000207b0    00000004     gator_kator.obj (.const)
                  000207b4    00000003     gator_kator.obj (.const:_$P$T0$1)

.EXTRAM    0    80000000    00077ba8     
                  80000000    00077878     gator_kator.obj (.EXTRAM) [fill = 0]
                  80077878    00000330     fir_filter.obj (.EXTRAM)

.far       0    80077ba8    00000cf0     UNINITIALIZED
                  80077ba8    00000330     fir_filter.obj (.far)
                  80077ed8    000002a0     gator_kator.obj (.far)
                  80078178    00000190     rts6700.lib : _printfi.obj (.far)
                  80078308    00000190                 : fcvt.obj (.far)
                  80078498    000000f4     csl6713.lib : csl_irq.obj (.far)
                  8007858c    000000d4     emif_lcd.obj (.far)
                  80078660    0000008c     rts6700.lib : exit.obj (.far)
                  800786ec    00000064                 : ecvt.obj (.far)
                  80078750    00000058     c6713dskinit.obj (.far)
                  800787a8    00000040     xcorr.obj (.far)
                  800787e8    00000038     csl6713.lib : csl_mcbsp.obj (.far)
                  80078820    00000028     dsk6713bsl.lib : dsk6713_aic23_registers.obj (.far)
                  80078848    00000020                    : dsk6713_aic23_setfreq.obj (.far)
                  80078868    0000000c     frame_and_filter.obj (.far)
                  80078874    00000008     dsk6713bsl.lib : dsk6713_aic23_opencodec.obj (.far)
                  8007887c    00000008     rts6700.lib : _lock.obj (.far)
                  80078884    00000008                 : memory.obj (.far)
                  8007888c    00000004     detect_envelope.obj (.far)
                  80078890    00000004     rts6700.lib : errno.obj (.far)
                  80078894    00000002     dsk6713bsl.lib : dsk6713.obj (.far)
                  80078896    00000002                    : dsk6713_led.obj (.far)


GLOBAL SYMBOLS: SORTED ALPHABETICALLY BY Name 

address    name
--------   ----
00000220   $bss
00000220   .bss
000141c0   .text
0001bad4   C$$EXIT
8007875c   _AIC23CfgData
80078758   _AIC_data
80078874   _DSK6713_AIC23_codeccontrolhandle
80078878   _DSK6713_AIC23_codecdatahandle
0001cac0   _DSK6713_AIC23_config
0001aba0   _DSK6713_AIC23_openCodec
0001ca9c   _DSK6713_AIC23_rget
0001ca00   _DSK6713_AIC23_rset
0001d500   _DSK6713_AIC23_setFreq
0001de28   _DSK6713_DIP_get
0001de20   _DSK6713_DIP_init
0001bc80   _DSK6713_LED_init
0001bca8   _DSK6713_LED_off
0001bd10   _DSK6713_LED_on
0001bd74   _DSK6713_LED_toggle
0001a738   _DSK6713_getVersion
0001a390   _DSK6713_init
0001a690   _DSK6713_rget
0001a6a4   _DSK6713_rset
80078894   _DSK6713_version
0001a6b8   _DSK6713_wait
0001a70c   _DSK6713_waitusec
0001df40   _IRQ_enable
0001e000   _IRQ_globalDisable
0001e020   _IRQ_globalEnable
0001bae0   _IRQ_map
0001e040   _IRQ_nmiEnable
0001df80   _IRQ_reset
0001aa70   _LCD_PUT_CHAR
0001a9d4   _LCD_PUT_CMD
0001d800   _MCBSP_config
0001e060   _MCBSP_getXmtEventId
0001d0e0   _MCBSP_open
0001e080   _MCBSP_read
0001bfc0   _MCBSP_reset
0001e0a0   _MCBSP_rrdy
0001d8a0   _MCBSP_start
0001e0c0   _MCBSP_write
0001e0e0   _MCBSP_xrdy
80078584   __IRQ_dispatchTable
800784c0   __IRQ_eventTable
0001e100   __IRQ_hookFetchPacket
80078544   __IRQ_intTable
80078818   __MCBSP_hDev0
8007881c   __MCBSP_hDev1
00020220   __STACK_END
00002000   __STACK_SIZE
00000400   __SYSMEM_SIZE
ffffffff   ___TI_pprof_out_hndl
ffffffff   ___TI_prof_data_size
ffffffff   ___TI_prof_data_start
ffffffff   ___binit__
00000220   ___bss__
ffffffff   ___c_args__
00000220   ___cinit__
00000220   ___end__
0001e220   ___etext__
ffffffff   ___pinit__
000141c0   ___text__
0001e120   __addd
0001e140   __addf
0001cee0   __auto_init
800786e4   __cleanup_ptr
0001dc20   __cmpf
00020620   __ctypes_
0001e160   __cvtdf
0001e180   __cvtfd
0001b440   __divd
0001c440   __divf
00019960   __divli
0001d5c0   __divu
00019660   __divul
800786e8   __dtors_ptr
0001dc38   __eqlf
0001d680   __fixdi
0001d740   __fixdli
0001dca0   __fixfi
0001dd20   __fltid
0001dda0   __fltif
0001aea0   __frcdivd
0001cfe0   __frcdivf
0001dc7c   __geqf
0001dc60   __gtrf
0001dc6c   __leqf
8007887c   __lock
0001dc54   __lssf
80078884   __memory_size
0001e1a0   __mpyd
0001e1c0   __mpyf
0001dc44   __neqf
0001dfc0   __nop
000141c0   __printfi
0001dfc8   __register_lock
0001dfdc   __register_unlock
000198a4   __remli
000195a0   __remul
0001e220   __stack
0001d2a0   __strasg
0001e1e0   __subd
0001e200   __subf
00020220   __sys_memory
80078880   __unlock
0001bad4   _abort
0001b9f8   _atexit
0001c2c0   _atoi
8007859c   _bandage
0001d380   _block_dc
8007861c   _botrow
00018660   _c6713_dsk_init
0001dba0   _c_int00
80078870   _call_count
00017044   _calloc
0001de80   _ceil
80077f38   _collecting_bot
80077ef8   _collecting_top
8007865e   _colselect
00018780   _comm_intr
0001874c   _comm_poll
8007877c   _config
0001db20   _copy_to_struct
800787b0   _delay
0001ab00   _delay_lcd
800787e0   _denom
0001d440   _detect_envelope
80078038   _distance_bot
80033880   _distance_corr_buffer
80077ff8   _distance_top
00019a60   _ecvt
8007888c   _envelope
80078890   _errno
0001b8c0   _exit
00019ee0   _fcvt
0001c740   _filter_signal
0001d9e0   _find_distance
0001be20   _find_max
0001dee0   _floor
0001c140   _frame_and_filter
00017490   _free
0001cb40   _frexp
80077ed8   _fs
80077878   _h
800787a4   _hAIC23_handle
800787a8   _i
0001a948   _init_LCD
000183c4   _init_buffer
80078594   _input
80013880   _input_left_buffer
00018c88   _input_left_sample
80023880   _input_right_buffer
00018d50   _input_right_sample
00018b84   _input_sample
80077edc   _inputsource
80078590   _ioport
800787ac   _j
80077ef4   _lcd_control
0001ab7c   _lcd_test
0001c5c0   _ldexp
80077ee0   _left_signal_status
0001cc80   _ltoa
00017be0   _main
00016e3c   _malloc
800780b8   _match_bot
8003587c   _match_corr_buffer
80078138   _match_percent_bot
800780f8   _match_percent_top
80078078   _match_top
00017848   _memalign
0001da80   _memccpy
0001b680   _memcpy
0001cdc0   _memset
00016dd4   _minit
0001d1c0   _modf
800787b8   _mx
800787c0   _my
8007858c   _output
80078598   _output1
000189c4   _output_left_sample
00018aa4   _output_right_sample
000188ac   _output_sample
0001834c   _playback
80077ef0   _program_control
80037878   _real_data_buffer
00017100   _realloc
000184ac   _reset_leds
80077ee4   _right_signal_status
80077eec   _row_ind
8007886c   _row_index
8007865c   _rowselect
0001a85c   _send_LCD_characters
0001a7c0   _set_LCD_characters
00018504   _set_leds
80077fb8   _signal_detected_bot
80077f78   _signal_detected_top
80078868   _signal_on
80077ee8   _signal_status
80000000   _soi
80057878   _soi_data_buffer
0001c8a0   _sprintf
0001b1a0   _sqrt
800787c8   _sx
800787d8   _sxy
800787d0   _sy
0001855c   _toggle
800785dc   _toprow
80077ba8   _x
00018e20   _xcorr
ffffffff   binit
00000220   cinit
00000220   end
0001e220   etext
ffffffff   pinit


GLOBAL SYMBOLS: SORTED BY Symbol Address 

address    name
--------   ----
00000220   $bss
00000220   .bss
00000220   ___bss__
00000220   ___cinit__
00000220   ___end__
00000220   cinit
00000220   end
00000400   __SYSMEM_SIZE
00002000   __STACK_SIZE
000141c0   .text
000141c0   ___text__
000141c0   __printfi
00016dd4   _minit
00016e3c   _malloc
00017044   _calloc
00017100   _realloc
00017490   _free
00017848   _memalign
00017be0   _main
0001834c   _playback
000183c4   _init_buffer
000184ac   _reset_leds
00018504   _set_leds
0001855c   _toggle
00018660   _c6713_dsk_init
0001874c   _comm_poll
00018780   _comm_intr
000188ac   _output_sample
000189c4   _output_left_sample
00018aa4   _output_right_sample
00018b84   _input_sample
00018c88   _input_left_sample
00018d50   _input_right_sample
00018e20   _xcorr
000195a0   __remul
00019660   __divul
000198a4   __remli
00019960   __divli
00019a60   _ecvt
00019ee0   _fcvt
0001a390   _DSK6713_init
0001a690   _DSK6713_rget
0001a6a4   _DSK6713_rset
0001a6b8   _DSK6713_wait
0001a70c   _DSK6713_waitusec
0001a738   _DSK6713_getVersion
0001a7c0   _set_LCD_characters
0001a85c   _send_LCD_characters
0001a948   _init_LCD
0001a9d4   _LCD_PUT_CMD
0001aa70   _LCD_PUT_CHAR
0001ab00   _delay_lcd
0001ab7c   _lcd_test
0001aba0   _DSK6713_AIC23_openCodec
0001aea0   __frcdivd
0001b1a0   _sqrt
0001b440   __divd
0001b680   _memcpy
0001b8c0   _exit
0001b9f8   _atexit
0001bad4   C$$EXIT
0001bad4   _abort
0001bae0   _IRQ_map
0001bc80   _DSK6713_LED_init
0001bca8   _DSK6713_LED_off
0001bd10   _DSK6713_LED_on
0001bd74   _DSK6713_LED_toggle
0001be20   _find_max
0001bfc0   _MCBSP_reset
0001c140   _frame_and_filter
0001c2c0   _atoi
0001c440   __divf
0001c5c0   _ldexp
0001c740   _filter_signal
0001c8a0   _sprintf
0001ca00   _DSK6713_AIC23_rset
0001ca9c   _DSK6713_AIC23_rget
0001cac0   _DSK6713_AIC23_config
0001cb40   _frexp
0001cc80   _ltoa
0001cdc0   _memset
0001cee0   __auto_init
0001cfe0   __frcdivf
0001d0e0   _MCBSP_open
0001d1c0   _modf
0001d2a0   __strasg
0001d380   _block_dc
0001d440   _detect_envelope
0001d500   _DSK6713_AIC23_setFreq
0001d5c0   __divu
0001d680   __fixdi
0001d740   __fixdli
0001d800   _MCBSP_config
0001d8a0   _MCBSP_start
0001d9e0   _find_distance
0001da80   _memccpy
0001db20   _copy_to_struct
0001dba0   _c_int00
0001dc20   __cmpf
0001dc38   __eqlf
0001dc44   __neqf
0001dc54   __lssf
0001dc60   __gtrf
0001dc6c   __leqf
0001dc7c   __geqf
0001dca0   __fixfi
0001dd20   __fltid
0001dda0   __fltif
0001de20   _DSK6713_DIP_init
0001de28   _DSK6713_DIP_get
0001de80   _ceil
0001dee0   _floor
0001df40   _IRQ_enable
0001df80   _IRQ_reset
0001dfc0   __nop
0001dfc8   __register_lock
0001dfdc   __register_unlock
0001e000   _IRQ_globalDisable
0001e020   _IRQ_globalEnable
0001e040   _IRQ_nmiEnable
0001e060   _MCBSP_getXmtEventId
0001e080   _MCBSP_read
0001e0a0   _MCBSP_rrdy
0001e0c0   _MCBSP_write
0001e0e0   _MCBSP_xrdy
0001e100   __IRQ_hookFetchPacket
0001e120   __addd
0001e140   __addf
0001e160   __cvtdf
0001e180   __cvtfd
0001e1a0   __mpyd
0001e1c0   __mpyf
0001e1e0   __subd
0001e200   __subf
0001e220   ___etext__
0001e220   __stack
0001e220   etext
00020220   __STACK_END
00020220   __sys_memory
00020620   __ctypes_
80000000   _soi
80013880   _input_left_buffer
80023880   _input_right_buffer
80033880   _distance_corr_buffer
8003587c   _match_corr_buffer
80037878   _real_data_buffer
80057878   _soi_data_buffer
80077878   _h
80077ba8   _x
80077ed8   _fs
80077edc   _inputsource
80077ee0   _left_signal_status
80077ee4   _right_signal_status
80077ee8   _signal_status
80077eec   _row_ind
80077ef0   _program_control
80077ef4   _lcd_control
80077ef8   _collecting_top
80077f38   _collecting_bot
80077f78   _signal_detected_top
80077fb8   _signal_detected_bot
80077ff8   _distance_top
80078038   _distance_bot
80078078   _match_top
800780b8   _match_bot
800780f8   _match_percent_top
80078138   _match_percent_bot
800784c0   __IRQ_eventTable
80078544   __IRQ_intTable
80078584   __IRQ_dispatchTable
8007858c   _output
80078590   _ioport
80078594   _input
80078598   _output1
8007859c   _bandage
800785dc   _toprow
8007861c   _botrow
8007865c   _rowselect
8007865e   _colselect
800786e4   __cleanup_ptr
800786e8   __dtors_ptr
80078758   _AIC_data
8007875c   _AIC23CfgData
8007877c   _config
800787a4   _hAIC23_handle
800787a8   _i
800787ac   _j
800787b0   _delay
800787b8   _mx
800787c0   _my
800787c8   _sx
800787d0   _sy
800787d8   _sxy
800787e0   _denom
80078818   __MCBSP_hDev0
8007881c   __MCBSP_hDev1
80078868   _signal_on
8007886c   _row_index
80078870   _call_count
80078874   _DSK6713_AIC23_codeccontrolhandle
80078878   _DSK6713_AIC23_codecdatahandle
8007887c   __lock
80078880   __unlock
80078884   __memory_size
8007888c   _envelope
80078890   _errno
80078894   _DSK6713_version
ffffffff   ___TI_pprof_out_hndl
ffffffff   ___TI_prof_data_size
ffffffff   ___TI_prof_data_start
ffffffff   ___binit__
ffffffff   ___c_args__
ffffffff   ___pinit__
ffffffff   binit
ffffffff   pinit

[215 symbols]
