******************************************************************************
               TMS320C6x Linker PC v7.3.1                      
******************************************************************************
>> Linked Sat Apr 07 12:31:06 2012

OUTPUT FILE NAME:   <TheGatorKator.out>
ENTRY POINT SYMBOL: "_c_int00"  address: 0001c080


MEMORY CONFIGURATION

         name            origin    length      used     unused   attr    fill
----------------------  --------  ---------  --------  --------  ----  --------
  IVECS                 00000000   00000220  00000000  00000220  RWIX
  IRAM                  00000220   0002fde0  0001eaba  00011326  RWIX
  SDRAM                 80000000   01000000  000bc214  00f43dec  RWIX
  FLASH                 90000000   00020000  00000000  00020000  RWIX


SECTION ALLOCATION MAP

 output                                  attributes/
section   page    origin      length       input sections
--------  ----  ----------  ----------   ----------------
$BRID      0    00000000    00000560     COPY SECTION
                  00000000    00000078     csl6713.lib : csl_irq.obj ($BRID)
                  00000078    0000007c                 : csl_mcbsp.obj ($BRID)
                  000000f4    00000054     dsk6713bsl.lib : dsk6713.obj ($BRID)
                  00000148    00000024                    : dsk6713_aic23_opencodec.obj ($BRID)
                  0000016c    00000014                    : dsk6713_aic23_registers.obj ($BRID)
                  00000180    0000000c                    : dsk6713_aic23_setfreq.obj ($BRID)
                  0000018c    0000000c                    : dsk6713_dip.obj ($BRID)
                  00000198    00000030                    : dsk6713_led.obj ($BRID)
                  000001c8    00000004     rts6700.lib : addd.obj ($BRID)
                  000001cc    00000004                 : addf.obj ($BRID)
                  000001d0    0000000c                 : boot.obj ($BRID)
                  000001dc    00000008                 : ceil.obj ($BRID)
                  000001e4    0000001c                 : cmpf.obj ($BRID)
                  00000200    00000014                 : cos.obj ($BRID)
                  00000214    00000004                 : cvtdf.obj ($BRID)
                  00000218    00000004                 : cvtfd.obj ($BRID)
                  0000021c    00000008                 : divd.obj ($BRID)
                  00000224    00000008                 : divf.obj ($BRID)
                  0000022c    00000028                 : exit.obj ($BRID)
                  00000254    00000004                 : fixdi.obj ($BRID)
                  00000258    0000000c                 : fixfi.obj ($BRID)
                  00000264    00000008                 : floor.obj ($BRID)
                  0000026c    00000004                 : fltid.obj ($BRID)
                  00000270    00000008                 : fltif.obj ($BRID)
                  00000278    00000004                 : frcdivd.obj ($BRID)
                  0000027c    00000004                 : frcdivf.obj ($BRID)
                  00000280    00000004                 : modf.obj ($BRID)
                  00000284    00000004                 : mpyd.obj ($BRID)
                  00000288    00000004                 : mpyf.obj ($BRID)
                  0000028c    00000018                 : round.obj ($BRID)
                  000002a4    00000014                 : sin.obj ($BRID)
                  000002b8    00000014                 : sprintf.obj ($BRID)
                  000002cc    0000000c                 : sqrt.obj ($BRID)
                  000002d8    00000004                 : strasg.obj ($BRID)
                  000002dc    00000004                 : subd.obj ($BRID)
                  000002e0    00000004                 : subf.obj ($BRID)
                  000002e4    00000008                 : trunc.obj ($BRID)
                  000002ec    0000000c                 : _lock.obj ($BRID)
                  000002f8    0000011c                 : _printfi.obj ($BRID)
                  00000414    00000004                 : atoi.obj ($BRID)
                  00000418    0000000c                 : autoinit.obj ($BRID)
                  00000424    00000004                 : divu.obj ($BRID)
                  00000428    00000010                 : ecvt.obj ($BRID)
                  00000438    00000010                 : fcvt.obj ($BRID)
                  00000448    00000004                 : fixdli.obj ($BRID)
                  0000044c    00000004                 : frexp.obj ($BRID)
                  00000450    0000001c                 : imath40.obj ($BRID)
                  0000046c    00000004                 : ldexp.obj ($BRID)
                  00000470    00000010                 : ltoa.obj ($BRID)
                  00000480    00000008                 : memccpy.obj ($BRID)
                  00000488    0000000c                 : memcpy62.obj ($BRID)
                  00000494    000000c8                 : memory.obj ($BRID)
                  0000055c    00000004                 : memset.obj ($BRID)

.bss       0    00000220    00000000     UNINITIALIZED

.cinit     0    00000220    00010954     
                  00000220    000104d8     gator_kator.obj (.cinit)
                  000106f8    0000012c     csl6713.lib : csl_irq.obj (.cinit)
                  00010824    00000004     --HOLE-- [fill = 0]
                  00010828    000000ca     emif_lcd.obj (.cinit)
                  000108f2    00000006     --HOLE-- [fill = 0]
                  000108f8    00000058     c6713dskinit.obj (.cinit)
                  00010950    00000054     csl6713.lib : csl_mcbsp.obj (.cinit)
                  000109a4    00000004     --HOLE-- [fill = 0]
                  000109a8    00000048     rts6700.lib : cos.obj (.cinit)
                  000109f0    00000048                 : sin.obj (.cinit)
                  00010a38    00000030     dsk6713bsl.lib : dsk6713_aic23_registers.obj (.cinit)
                  00010a68    0000002c     frame_and_filter.obj (.cinit)
                  00010a94    00000004     --HOLE-- [fill = 0]
                  00010a98    0000002c     rts6700.lib : exit.obj (.cinit)
                  00010ac4    00000004     --HOLE-- [fill = 0]
                  00010ac8    00000028     dsk6713bsl.lib : dsk6713_aic23_setfreq.obj (.cinit)
                  00010af0    0000001c     rts6700.lib : _lock.obj (.cinit)
                  00010b0c    00000004     --HOLE-- [fill = 0]
                  00010b10    0000001c                 : sysmem.obj (.cinit)
                  00010b2c    00000004     --HOLE-- [fill = 0]
                  00010b30    0000000c     detect_envelope.obj (.cinit)
                  00010b3c    00000004     --HOLE-- [fill = 0]
                  00010b40    0000000c     rts6700.lib : errno.obj (.cinit)
                  00010b4c    00000004     --HOLE-- [fill = 0]
                  00010b50    0000000c                 : memory.obj (.cinit)
                  00010b5c    00000004     --HOLE-- [fill = 0]
                  00010b60    0000000c     xcorr.obj (.cinit)
                  00010b6c    00000004     --HOLE-- [fill = 0]
                  00010b70    00000004     (.pad.cinit) [fill = 0]

.text      0    00010b80    0000bbc0     
                  00010b80    00002a00     rts6700.lib : _printfi.obj (.text)
                  00013580    00001020                 : memory.obj (.text)
                  000145a0    00000b40     gator_kator.obj (.text)
                  000150e0    000007c0     c6713dskinit.obj (.text)
                  000158a0    00000780     xcorr.obj (.text)
                  00016020    000006a0     fft.obj (.text)
                  000166c0    000005e0     utils.obj (.text)
                  00016ca0    000004c0     rts6700.lib : imath40.obj (.text)
                  00017160    00000480                 : ecvt.obj (.text)
                  000175e0    00000480                 : fcvt.obj (.text)
                  00017a60    00000460     dsk6713bsl.lib : dsk6713.obj (.text)
                  00017ec0    00000400     rts6700.lib : cos.obj (.text)
                  000182c0    000003e0     emif_lcd.obj (.text)
                  000186a0    000003c0     rts6700.lib : sin.obj (.text)
                  00018a60    00000300     dsk6713bsl.lib : dsk6713_aic23_opencodec.obj (.text)
                  00018d60    00000300     rts6700.lib : frcdivd.obj (.text)
                  00019060    000002a0                 : sqrt.obj (.text)
                  00019300    00000240                 : divd.obj (.text)
                  00019540    00000240                 : memcpy62.obj (.text)
                  00019780    00000220                 : exit.obj (.text)
                  000199a0    000001e0                 : round.obj (.text)
                  00019b80    000001c0     power_spectrum.obj (.text)
                  00019d40    000001a0     csl6713.lib : csl_irq.obj (.text:_IRQ_map)
                  00019ee0    000001a0     dsk6713bsl.lib : dsk6713_led.obj (.text)
                  0001a080    000001a0     find_max.obj (.text)
                  0001a220    00000180     csl6713.lib : csl_mcbsp.obj (.text:_MCBSP_reset)
                  0001a3a0    00000180     frame_and_filter.obj (.text)
                  0001a520    00000180     rts6700.lib : atoi.obj (.text)
                  0001a6a0    00000180                 : divf.obj (.text)
                  0001a820    00000180                 : ldexp.obj (.text)
                  0001a9a0    00000160                 : sprintf.obj (.text)
                  0001ab00    00000140     dsk6713bsl.lib : dsk6713_aic23_registers.obj (.text)
                  0001ac40    00000140     fir_filter.obj (.text)
                  0001ad80    00000140     rts6700.lib : frexp.obj (.text)
                  0001aec0    00000140                 : ltoa.obj (.text)
                  0001b000    00000120     average_fft_magnitude.obj (.text)
                  0001b120    00000120     rts6700.lib : memset.obj (.text)
                  0001b240    00000100     copy_to_struct.obj (.text)
                  0001b340    00000100     normalize_real.obj (.text)
                  0001b440    00000100     rts6700.lib : autoinit.obj (.text)
                  0001b540    00000100                 : frcdivf.obj (.text)
                  0001b640    000000e0     csl6713.lib : csl_mcbsp.obj (.text:_MCBSP_open)
                  0001b720    000000e0     rts6700.lib : modf.obj (.text)
                  0001b800    000000e0                 : strasg.obj (.text)
                  0001b8e0    000000c0     block_dc.obj (.text)
                  0001b9a0    000000c0     detect_envelope.obj (.text)
                  0001ba60    000000c0     dsk6713bsl.lib : dsk6713_aic23_setfreq.obj (.text)
                  0001bb20    000000c0     rts6700.lib : divu.obj (.text)
                  0001bbe0    000000c0                 : fixdi.obj (.text)
                  0001bca0    000000c0                 : fixdli.obj (.text)
                  0001bd60    000000a0     csl6713.lib : csl_mcbsp.obj (.text:_MCBSP_config)
                  0001be00    000000a0                 : csl_mcbsp.obj (.text:_MCBSP_start)
                  0001bea0    000000a0                 : csl_irq.obj (.text:_setMux)
                  0001bf40    000000a0     find_distance.obj (.text)
                  0001bfe0    000000a0     rts6700.lib : memccpy.obj (.text)
                  0001c080    00000080                 : boot.obj (.text)
                  0001c100    00000080                 : cmpf.obj (.text)
                  0001c180    00000080                 : fixfi.obj (.text)
                  0001c200    00000080                 : fltid.obj (.text)
                  0001c280    00000080                 : fltif.obj (.text)
                  0001c300    00000060     dsk6713bsl.lib : dsk6713_dip.obj (.text)
                  0001c360    00000060     rts6700.lib : ceil.obj (.text)
                  0001c3c0    00000060                 : floor.obj (.text)
                  0001c420    00000040     csl6713.lib : csl_irq.obj (.text:_IRQ_enable)
                  0001c460    00000040                 : csl_irq.obj (.text:_IRQ_reset)
                  0001c4a0    00000040     rts6700.lib : _lock.obj (.text)
                  0001c4e0    00000040                 : trunc.obj (.text)
                  0001c520    00000020     csl6713.lib : csl_irq.obj (.text:_IRQ_globalDisable)
                  0001c540    00000020                 : csl_irq.obj (.text:_IRQ_globalEnable)
                  0001c560    00000020                 : csl_irq.obj (.text:_IRQ_nmiEnable)
                  0001c580    00000020                 : csl_mcbsp.obj (.text:_MCBSP_getXmtEventId)
                  0001c5a0    00000020                 : csl_mcbsp.obj (.text:_MCBSP_read)
                  0001c5c0    00000020                 : csl_mcbsp.obj (.text:_MCBSP_rrdy)
                  0001c5e0    00000020                 : csl_mcbsp.obj (.text:_MCBSP_write)
                  0001c600    00000020                 : csl_mcbsp.obj (.text:_MCBSP_xrdy)
                  0001c620    00000020                 : csl_irq.obj (.text)
                  0001c640    00000020     rts6700.lib : addd.obj (.text)
                  0001c660    00000020                 : addf.obj (.text)
                  0001c680    00000020                 : cvtdf.obj (.text)
                  0001c6a0    00000020                 : cvtfd.obj (.text)
                  0001c6c0    00000020                 : mpyd.obj (.text)
                  0001c6e0    00000020                 : mpyf.obj (.text)
                  0001c700    00000020                 : subd.obj (.text)
                  0001c720    00000020                 : subf.obj (.text)

.stack     0    0001c740    00002000     UNINITIALIZED
                  0001c740    00000008     rts6700.lib : boot.obj (.stack)
                  0001c748    00001ff8     --HOLE--

.sysmem    0    0001e740    00000400     UNINITIALIZED
                  0001e740    00000400     --HOLE--

.const     0    0001eb40    000001a6     
                  0001eb40    00000101     rts6700.lib : ctype.obj (.const)
                  0001ec41    00000003     --HOLE-- [fill = 0]
                  0001ec44    00000040     dsk6713bsl.lib : dsk6713_aic23_opencodec.obj (.const)
                  0001ec84    0000002a     rts6700.lib : _printfi.obj (.const)
                  0001ecae    00000002     --HOLE-- [fill = 0]
                  0001ecb0    00000020     dsk6713bsl.lib : dsk6713.obj (.const)
                  0001ecd0    00000006     utils.obj (.const:_$P$T1$2)
                  0001ecd6    00000002     --HOLE-- [fill = 0]
                  0001ecd8    00000004     utils.obj (.const:_$P$T0$1)
                  0001ecdc    00000004     gator_kator.obj (.const)
                  0001ece0    00000003     gator_kator.obj (.const:_$P$T1$2)
                  0001ece3    00000001     --HOLE-- [fill = 0]
                  0001ece4    00000002     gator_kator.obj (.const:_$P$T0$1)

.EXTRAM    0    80000000    000ba328     
                  80000000    000b9ff8     gator_kator.obj (.EXTRAM) [fill = 0]
                  800b9ff8    00000330     fir_filter.obj (.EXTRAM)

.far       0    800ba328    00001eec     UNINITIALIZED
                  800ba328    0000141c     gator_kator.obj (.far)
                  800bb744    00000330     fir_filter.obj (.far)
                  800bba74    00000190     rts6700.lib : _printfi.obj (.far)
                  800bbc04    00000190                 : fcvt.obj (.far)
                  800bbd94    000000f4     csl6713.lib : csl_irq.obj (.far)
                  800bbe88    000000d4     emif_lcd.obj (.far)
                  800bbf5c    0000008c     rts6700.lib : exit.obj (.far)
                  800bbfe8    00000064                 : ecvt.obj (.far)
                  800bc04c    00000058     c6713dskinit.obj (.far)
                  800bc0a4    00000004     detect_envelope.obj (.far)
                  800bc0a8    00000040     rts6700.lib : cos.obj (.far)
                  800bc0e8    00000040                 : sin.obj (.far)
                  800bc128    00000040     xcorr.obj (.far)
                  800bc168    00000038     csl6713.lib : csl_mcbsp.obj (.far)
                  800bc1a0    00000028     dsk6713bsl.lib : dsk6713_aic23_registers.obj (.far)
                  800bc1c8    00000020                    : dsk6713_aic23_setfreq.obj (.far)
                  800bc1e8    0000000c     frame_and_filter.obj (.far)
                  800bc1f4    00000008     dsk6713bsl.lib : dsk6713_aic23_opencodec.obj (.far)
                  800bc1fc    00000008     rts6700.lib : _lock.obj (.far)
                  800bc204    00000008                 : memory.obj (.far)
                  800bc20c    00000004                 : errno.obj (.far)
                  800bc210    00000002     dsk6713bsl.lib : dsk6713.obj (.far)
                  800bc212    00000002                    : dsk6713_led.obj (.far)


GLOBAL SYMBOLS: SORTED ALPHABETICALLY BY Name 

address    name
--------   ----
00000220   $bss
00000220   .bss
00010b80   .text
00019994   C$$EXIT
800bc058   _AIC23CfgData
800bc054   _AIC_data
800bc1f4   _DSK6713_AIC23_codeccontrolhandle
800bc1f8   _DSK6713_AIC23_codecdatahandle
0001abc0   _DSK6713_AIC23_config
00018a60   _DSK6713_AIC23_openCodec
0001ab9c   _DSK6713_AIC23_rget
0001ab00   _DSK6713_AIC23_rset
0001ba60   _DSK6713_AIC23_setFreq
0001c308   _DSK6713_DIP_get
0001c300   _DSK6713_DIP_init
00019ee0   _DSK6713_LED_init
00019f08   _DSK6713_LED_off
00019f70   _DSK6713_LED_on
00019fd4   _DSK6713_LED_toggle
00017e38   _DSK6713_getVersion
00017a90   _DSK6713_init
00017d90   _DSK6713_rget
00017da4   _DSK6713_rset
800bc210   _DSK6713_version
00017db8   _DSK6713_wait
00017e0c   _DSK6713_waitusec
0001c420   _IRQ_enable
0001c520   _IRQ_globalDisable
0001c540   _IRQ_globalEnable
00019d40   _IRQ_map
0001c560   _IRQ_nmiEnable
0001c460   _IRQ_reset
00018570   _LCD_PUT_CHAR
000184d4   _LCD_PUT_CMD
0001bd60   _MCBSP_config
0001c580   _MCBSP_getXmtEventId
0001b640   _MCBSP_open
0001c5a0   _MCBSP_read
0001a220   _MCBSP_reset
0001c5c0   _MCBSP_rrdy
0001be00   _MCBSP_start
0001c5e0   _MCBSP_write
0001c600   _MCBSP_xrdy
800bbe80   __IRQ_dispatchTable
800bbdbc   __IRQ_eventTable
0001c620   __IRQ_hookFetchPacket
800bbe40   __IRQ_intTable
800bc198   __MCBSP_hDev0
800bc19c   __MCBSP_hDev1
0001e740   __STACK_END
00002000   __STACK_SIZE
00000400   __SYSMEM_SIZE
ffffffff   ___TI_pprof_out_hndl
ffffffff   ___TI_prof_data_size
ffffffff   ___TI_prof_data_start
ffffffff   ___binit__
00000220   ___bss__
ffffffff   ___c_args__
00000220   ___cinit__
00000220   ___end__
0001c740   ___etext__
ffffffff   ___pinit__
00010b80   ___text__
0001c640   __addd
0001c660   __addf
0001b440   __auto_init
800bbfe0   __cleanup_ptr
0001c100   __cmpf
0001eb40   __ctypes_
0001c680   __cvtdf
0001c6a0   __cvtfd
00019300   __divd
0001a6a0   __divf
00017060   __divli
0001bb20   __divu
00016d60   __divul
800bbfe4   __dtors_ptr
0001c118   __eqlf
0001bbe0   __fixdi
0001bca0   __fixdli
0001c180   __fixfi
0001c200   __fltid
0001c280   __fltif
00018d60   __frcdivd
0001b540   __frcdivf
0001c15c   __geqf
0001c140   __gtrf
0001c14c   __leqf
800bc1fc   __lock
0001c134   __lssf
800bc204   __memory_size
0001c6c0   __mpyd
0001c6e0   __mpyf
0001c124   __neqf
0001c4a0   __nop
00010b80   __printfi
0001c4a8   __register_lock
0001c4bc   __register_unlock
00016fa4   __remli
00016ca0   __remul
000199a0   __round
0001c740   __stack
0001b800   __strasg
0001c700   __subd
0001c720   __subf
0001e740   __sys_memory
0001c4e0   __trunc
800bc200   __unlock
00019994   _abort
000198b8   _atexit
0001a520   _atoi
0001b000   _average_fft_magnitude
800ba748   _average_fft_power_input
800bab48   _average_fft_power_soi
800bbe98   _bandage
0001b8e0   _block_dc
800bbf18   _botrow
000150e0   _c6713_dsk_init
0001c080   _c_int00
800bc1f0   _call_count
00013a04   _calloc
0001c360   _ceil
800ba388   _collecting_bot
800ba348   _collecting_top
800bbf5a   _colselect
00015200   _comm_intr
000151cc   _comm_poll
800bc078   _config
0001b240   _copy_to_struct
00017ec0   _cos
800bc130   _delay
00018600   _delay_lcd
800bc160   _denom
0001b9a0   _detect_envelope
800ba488   _distance_bot
80030000   _distance_corr_buffer
800ba448   _distance_top
00017160   _ecvt
800bc0a4   _envelope
800bc20c   _errno
00019780   _exit
000175e0   _fcvt
00016020   _fft
800baf48   _fft_corr_buffer
0001ac40   _filter_signal
0001bf40   _find_distance
0001a080   _find_max
0001c3c0   _floor
0001a3a0   _frame_and_filter
00013e50   _free
0001ad80   _frexp
800ba328   _fs
800b9ff8   _h
800bc0a0   _hAIC23_handle
800bc128   _i
800ba6c8   _ident_bot
800ba708   _ident_bot1
800ba688   _ident_top
00018448   _init_LCD
00016738   _init_buffer
000169b4   _init_dist_array
00016a30   _init_fft_corr_buffer
00016ae4   _init_fft_corr_vector
00016944   _init_match_array
800bbe90   _input
80010000   _input_left_buffer
00015708   _input_left_sample
80020000   _input_right_buffer
000157d0   _input_right_sample
00015604   _input_sample
800ba32c   _inputsource
800bbe8c   _ioport
800bc12c   _j
800ba344   _lcd_control
0001867c   _lcd_test
0001a820   _ldexp
800ba330   _left_signal_status
0001aec0   _ltoa
000145a0   _main
000137fc   _malloc
800ba508   _match_bot
800ba548   _match_bot1
80031ffc   _match_corr_buffer
800ba5c8   _match_percent_bot
800ba588   _match_percent_top
800ba4c8   _match_top
00014208   _memalign
0001bfe0   _memccpy
00019540   _memcpy
0001b120   _memset
00013794   _minit
0001b720   _modf
800bc138   _mx
800bc140   _my
0001b340   _normalize_real
800bbe88   _output
800bbe94   _output1
00015444   _output_left_sample
00015524   _output_right_sample
0001532c   _output_sample
000166c0   _playback
00019b80   _power_spectrum
800ba340   _program_control
80039ff8   _real_data_buffer
00013ac0   _realloc
800ba648   _reset_bot
00016a8c   _reset_leds
800ba608   _reset_top
800ba334   _right_signal_status
800ba33c   _row_ind
800bc1ec   _row_index
800bbf58   _rowselect
0001835c   _send_LCD_characters
000182c0   _set_LCD_characters
00016b40   _set_leds
800ba408   _signal_detected_bot
800ba3c8   _signal_detected_top
800bc1e8   _signal_on
800ba338   _signal_status
000186a0   _sin
80000000   _soi
80079ff8   _soi_data_buffer
0001a9a0   _sprintf
00019060   _sqrt
800bc148   _sx
800bc158   _sxy
800bc150   _sy
00016b98   _toggle
800bbed8   _toprow
800bb744   _x
000158a0   _xcorr
ffffffff   binit
00000220   cinit
00000220   end
0001c740   etext
ffffffff   pinit


GLOBAL SYMBOLS: SORTED BY Symbol Address 

address    name
--------   ----
00000220   $bss
00000220   .bss
00000220   ___bss__
00000220   ___cinit__
00000220   ___end__
00000220   cinit
00000220   end
00000400   __SYSMEM_SIZE
00002000   __STACK_SIZE
00010b80   .text
00010b80   ___text__
00010b80   __printfi
00013794   _minit
000137fc   _malloc
00013a04   _calloc
00013ac0   _realloc
00013e50   _free
00014208   _memalign
000145a0   _main
000150e0   _c6713_dsk_init
000151cc   _comm_poll
00015200   _comm_intr
0001532c   _output_sample
00015444   _output_left_sample
00015524   _output_right_sample
00015604   _input_sample
00015708   _input_left_sample
000157d0   _input_right_sample
000158a0   _xcorr
00016020   _fft
000166c0   _playback
00016738   _init_buffer
00016944   _init_match_array
000169b4   _init_dist_array
00016a30   _init_fft_corr_buffer
00016a8c   _reset_leds
00016ae4   _init_fft_corr_vector
00016b40   _set_leds
00016b98   _toggle
00016ca0   __remul
00016d60   __divul
00016fa4   __remli
00017060   __divli
00017160   _ecvt
000175e0   _fcvt
00017a90   _DSK6713_init
00017d90   _DSK6713_rget
00017da4   _DSK6713_rset
00017db8   _DSK6713_wait
00017e0c   _DSK6713_waitusec
00017e38   _DSK6713_getVersion
00017ec0   _cos
000182c0   _set_LCD_characters
0001835c   _send_LCD_characters
00018448   _init_LCD
000184d4   _LCD_PUT_CMD
00018570   _LCD_PUT_CHAR
00018600   _delay_lcd
0001867c   _lcd_test
000186a0   _sin
00018a60   _DSK6713_AIC23_openCodec
00018d60   __frcdivd
00019060   _sqrt
00019300   __divd
00019540   _memcpy
00019780   _exit
000198b8   _atexit
00019994   C$$EXIT
00019994   _abort
000199a0   __round
00019b80   _power_spectrum
00019d40   _IRQ_map
00019ee0   _DSK6713_LED_init
00019f08   _DSK6713_LED_off
00019f70   _DSK6713_LED_on
00019fd4   _DSK6713_LED_toggle
0001a080   _find_max
0001a220   _MCBSP_reset
0001a3a0   _frame_and_filter
0001a520   _atoi
0001a6a0   __divf
0001a820   _ldexp
0001a9a0   _sprintf
0001ab00   _DSK6713_AIC23_rset
0001ab9c   _DSK6713_AIC23_rget
0001abc0   _DSK6713_AIC23_config
0001ac40   _filter_signal
0001ad80   _frexp
0001aec0   _ltoa
0001b000   _average_fft_magnitude
0001b120   _memset
0001b240   _copy_to_struct
0001b340   _normalize_real
0001b440   __auto_init
0001b540   __frcdivf
0001b640   _MCBSP_open
0001b720   _modf
0001b800   __strasg
0001b8e0   _block_dc
0001b9a0   _detect_envelope
0001ba60   _DSK6713_AIC23_setFreq
0001bb20   __divu
0001bbe0   __fixdi
0001bca0   __fixdli
0001bd60   _MCBSP_config
0001be00   _MCBSP_start
0001bf40   _find_distance
0001bfe0   _memccpy
0001c080   _c_int00
0001c100   __cmpf
0001c118   __eqlf
0001c124   __neqf
0001c134   __lssf
0001c140   __gtrf
0001c14c   __leqf
0001c15c   __geqf
0001c180   __fixfi
0001c200   __fltid
0001c280   __fltif
0001c300   _DSK6713_DIP_init
0001c308   _DSK6713_DIP_get
0001c360   _ceil
0001c3c0   _floor
0001c420   _IRQ_enable
0001c460   _IRQ_reset
0001c4a0   __nop
0001c4a8   __register_lock
0001c4bc   __register_unlock
0001c4e0   __trunc
0001c520   _IRQ_globalDisable
0001c540   _IRQ_globalEnable
0001c560   _IRQ_nmiEnable
0001c580   _MCBSP_getXmtEventId
0001c5a0   _MCBSP_read
0001c5c0   _MCBSP_rrdy
0001c5e0   _MCBSP_write
0001c600   _MCBSP_xrdy
0001c620   __IRQ_hookFetchPacket
0001c640   __addd
0001c660   __addf
0001c680   __cvtdf
0001c6a0   __cvtfd
0001c6c0   __mpyd
0001c6e0   __mpyf
0001c700   __subd
0001c720   __subf
0001c740   ___etext__
0001c740   __stack
0001c740   etext
0001e740   __STACK_END
0001e740   __sys_memory
0001eb40   __ctypes_
80000000   _soi
80010000   _input_left_buffer
80020000   _input_right_buffer
80030000   _distance_corr_buffer
80031ffc   _match_corr_buffer
80039ff8   _real_data_buffer
80079ff8   _soi_data_buffer
800b9ff8   _h
800ba328   _fs
800ba32c   _inputsource
800ba330   _left_signal_status
800ba334   _right_signal_status
800ba338   _signal_status
800ba33c   _row_ind
800ba340   _program_control
800ba344   _lcd_control
800ba348   _collecting_top
800ba388   _collecting_bot
800ba3c8   _signal_detected_top
800ba408   _signal_detected_bot
800ba448   _distance_top
800ba488   _distance_bot
800ba4c8   _match_top
800ba508   _match_bot
800ba548   _match_bot1
800ba588   _match_percent_top
800ba5c8   _match_percent_bot
800ba608   _reset_top
800ba648   _reset_bot
800ba688   _ident_top
800ba6c8   _ident_bot
800ba708   _ident_bot1
800ba748   _average_fft_power_input
800bab48   _average_fft_power_soi
800baf48   _fft_corr_buffer
800bb744   _x
800bbdbc   __IRQ_eventTable
800bbe40   __IRQ_intTable
800bbe80   __IRQ_dispatchTable
800bbe88   _output
800bbe8c   _ioport
800bbe90   _input
800bbe94   _output1
800bbe98   _bandage
800bbed8   _toprow
800bbf18   _botrow
800bbf58   _rowselect
800bbf5a   _colselect
800bbfe0   __cleanup_ptr
800bbfe4   __dtors_ptr
800bc054   _AIC_data
800bc058   _AIC23CfgData
800bc078   _config
800bc0a0   _hAIC23_handle
800bc0a4   _envelope
800bc128   _i
800bc12c   _j
800bc130   _delay
800bc138   _mx
800bc140   _my
800bc148   _sx
800bc150   _sy
800bc158   _sxy
800bc160   _denom
800bc198   __MCBSP_hDev0
800bc19c   __MCBSP_hDev1
800bc1e8   _signal_on
800bc1ec   _row_index
800bc1f0   _call_count
800bc1f4   _DSK6713_AIC23_codeccontrolhandle
800bc1f8   _DSK6713_AIC23_codecdatahandle
800bc1fc   __lock
800bc200   __unlock
800bc204   __memory_size
800bc20c   _errno
800bc210   _DSK6713_version
ffffffff   ___TI_pprof_out_hndl
ffffffff   ___TI_prof_data_size
ffffffff   ___TI_prof_data_start
ffffffff   ___binit__
ffffffff   ___c_args__
ffffffff   ___pinit__
ffffffff   binit
ffffffff   pinit

[236 symbols]
