******************************************************************************
               TMS320C6x Linker PC v7.3.1                      
******************************************************************************
>> Linked Sun Mar 11 22:56:55 2012

OUTPUT FILE NAME:   <TheGatorKator.out>
ENTRY POINT SYMBOL: "_c_int00"  address: 000227e0


MEMORY CONFIGURATION

         name            origin    length      used     unused   attr    fill
----------------------  --------  ---------  --------  --------  ----  --------
  IVECS                 00000000   00000220  00000200  00000020  RWIX
  IRAM                  00000220   0002fde0  00025564  0000a87c  RWIX
  SDRAM                 80000000   01000000  0001764c  00fe89b4  RWIX
  FLASH                 90000000   00020000  00000000  00020000  RWIX


SECTION ALLOCATION MAP

 output                                  attributes/
section   page    origin      length       input sections
--------  ----  ----------  ----------   ----------------
.vectors   0    00000000    00000200     
                  00000000    00000200     Vectors_intr.obj (.vectors)

$BRID      0    00000000    00000758     COPY SECTION
                  00000000    00000078     csl6713.lib : csl_irq.obj ($BRID)
                  00000078    0000007c                 : csl_mcbsp.obj ($BRID)
                  000000f4    00000054     dsk6713bsl.lib : dsk6713.obj ($BRID)
                  00000148    00000024                    : dsk6713_aic23_opencodec.obj ($BRID)
                  0000016c    00000014                    : dsk6713_aic23_registers.obj ($BRID)
                  00000180    0000000c                    : dsk6713_aic23_setfreq.obj ($BRID)
                  0000018c    0000000c                    : dsk6713_dip.obj ($BRID)
                  00000198    00000030                    : dsk6713_led.obj ($BRID)
                  000001c8    00000004     rts6700.lib : addd.obj ($BRID)
                  000001cc    00000004                 : addf.obj ($BRID)
                  000001d0    0000000c                 : boot.obj ($BRID)
                  000001dc    00000004                 : cvtfd.obj ($BRID)
                  000001e0    00000008                 : divd.obj ($BRID)
                  000001e8    00000028                 : exit.obj ($BRID)
                  00000210    0000000c                 : fixfi.obj ($BRID)
                  0000021c    00000008                 : fltif.obj ($BRID)
                  00000224    00000004                 : frcdivd.obj ($BRID)
                  00000228    00000004                 : mpyd.obj ($BRID)
                  0000022c    00000004                 : mpyf.obj ($BRID)
                  00000230    00000018                 : printf.obj ($BRID)
                  00000248    00000004                 : remi.obj ($BRID)
                  0000024c    0000000c                 : sqrt.obj ($BRID)
                  00000258    00000004                 : strasg.obj ($BRID)
                  0000025c    00000004                 : subd.obj ($BRID)
                  00000260    0000000c                 : _lock.obj ($BRID)
                  0000026c    0000011c                 : _printfi.obj ($BRID)
                  00000388    00000004                 : atoi.obj ($BRID)
                  0000038c    0000000c                 : autoinit.obj ($BRID)
                  00000398    00000004                 : divu.obj ($BRID)
                  0000039c    00000010                 : ecvt.obj ($BRID)
                  000003ac    00000010                 : fcvt.obj ($BRID)
                  000003bc    00000004                 : fixdli.obj ($BRID)
                  000003c0    00000020                 : fputc.obj ($BRID)
                  000003e0    00000020                 : fputs.obj ($BRID)
                  00000400    00000004                 : frexp.obj ($BRID)
                  00000404    0000001c                 : imath40.obj ($BRID)
                  00000420    00000004                 : ldexp.obj ($BRID)
                  00000424    000000e0                 : lowlev.obj ($BRID)
                  00000504    00000010                 : ltoa.obj ($BRID)
                  00000514    00000008                 : memccpy.obj ($BRID)
                  0000051c    0000000c                 : memcpy62.obj ($BRID)
                  00000528    000000c8                 : memory.obj ($BRID)
                  000005f0    00000004                 : memset.obj ($BRID)
                  000005f4    000000c8                 : trgdrv.obj ($BRID)
                  000006bc    0000000c                 : trgmsg.obj ($BRID)
                  000006c8    00000014                 : _io_perm.obj ($BRID)
                  000006dc    00000014                 : fflush.obj ($BRID)
                  000006f0    0000000c                 : fseek.obj ($BRID)
                  000006fc    0000000c                 : setvbuf.obj ($BRID)
                  00000708    00000034                 : fopen.obj ($BRID)
                  0000073c    00000014                 : fclose.obj ($BRID)
                  00000750    00000008                 : remove.obj ($BRID)

.bss       0    00000220    00000000     UNINITIALIZED

.const     0    00000220    00016c30     
                  00000220    00016760     xcorr.obj (.const:_y)
                  00016980    00000330     fir_filter.obj (.const:_h)
                  00016cb0    00000101     rts6700.lib : ctype.obj (.const)
                  00016db1    00000002                 : fputs.obj (.const)
                  00016db3    00000001     --HOLE-- [fill = 0]
                  00016db4    00000040     dsk6713bsl.lib : dsk6713_aic23_opencodec.obj (.const)
                  00016df4    0000002a     rts6700.lib : _printfi.obj (.const)
                  00016e1e    00000002     --HOLE-- [fill = 0]
                  00016e20    00000020     dsk6713bsl.lib : dsk6713.obj (.const)
                  00016e40    00000010     gator_kator.obj (.const)

.text      0    00016e60    0000be40     
                  00016e60    00002a00     rts6700.lib : _printfi.obj (.text)
                  00019860    00001020                 : memory.obj (.text)
                  0001a880    00000f40                 : lowlev.obj (.text)
                  0001b7c0    00000dc0                 : trgdrv.obj (.text)
                  0001c580    000007c0     c6713dskinit.obj (.text)
                  0001cd40    00000740     xcorr.obj (.text)
                  0001d480    000004c0     rts6700.lib : fopen.obj (.text)
                  0001d940    000004c0                 : imath40.obj (.text)
                  0001de00    00000480                 : ecvt.obj (.text)
                  0001e280    00000480                 : fcvt.obj (.text)
                  0001e700    00000480                 : fputs.obj (.text)
                  0001eb80    00000460     dsk6713bsl.lib : dsk6713.obj (.text)
                  0001efe0    00000300                    : dsk6713_aic23_opencodec.obj (.text)
                  0001f2e0    00000300     rts6700.lib : frcdivd.obj (.text)
                  0001f5e0    000002a0                 : sqrt.obj (.text)
                  0001f880    00000260     gator_kator.obj (.text)
                  0001fae0    00000240     rts6700.lib : divd.obj (.text)
                  0001fd20    00000240                 : memcpy62.obj (.text)
                  0001ff60    00000220                 : exit.obj (.text)
                  00020180    000001e0     gator_kator.obj (.text:retain)
                  00020360    000001e0     rts6700.lib : fflush.obj (.text)
                  00020540    000001c0                 : _io_perm.obj (.text)
                  00020700    000001c0                 : setvbuf.obj (.text)
                  000208c0    000001a0     csl6713.lib : csl_irq.obj (.text:_IRQ_map)
                  00020a60    000001a0     dsk6713bsl.lib : dsk6713_led.obj (.text)
                  00020c00    00000180     csl6713.lib : csl_mcbsp.obj (.text:_MCBSP_reset)
                  00020d80    00000180     rts6700.lib : atoi.obj (.text)
                  00020f00    00000180                 : fputc.obj (.text)
                  00021080    00000180                 : ldexp.obj (.text)
                  00021200    00000160     fir_filter.obj (.text)
                  00021360    00000160     rts6700.lib : trgmsg.obj (.text)
                  000214c0    00000140     dsk6713bsl.lib : dsk6713_aic23_registers.obj (.text)
                  00021600    00000140     frame_and_filter.obj (.text)
                  00021740    00000140     rts6700.lib : fclose.obj (.text)
                  00021880    00000140                 : frexp.obj (.text)
                  000219c0    00000140                 : ltoa.obj (.text)
                  00021b00    00000120                 : memset.obj (.text)
                  00021c20    00000100                 : autoinit.obj (.text)
                  00021d20    00000100                 : fseek.obj (.text)
                  00021e20    00000100                 : remi.obj (.text)
                  00021f20    000000e0     csl6713.lib : csl_mcbsp.obj (.text:_MCBSP_open)
                  00022000    000000e0     rts6700.lib : strasg.obj (.text)
                  000220e0    000000c0     block_dc.obj (.text)
                  000221a0    000000c0     detect_envelope.obj (.text)
                  00022260    000000c0     dsk6713bsl.lib : dsk6713_aic23_setfreq.obj (.text)
                  00022320    000000c0     rts6700.lib : divu.obj (.text)
                  000223e0    000000c0                 : fixdli.obj (.text)
                  000224a0    000000c0                 : printf.obj (.text)
                  00022560    000000a0     csl6713.lib : csl_mcbsp.obj (.text:_MCBSP_config)
                  00022600    000000a0                 : csl_mcbsp.obj (.text:_MCBSP_start)
                  000226a0    000000a0                 : csl_irq.obj (.text:_setMux)
                  00022740    000000a0     rts6700.lib : memccpy.obj (.text)
                  000227e0    00000080                 : boot.obj (.text)
                  00022860    00000080                 : fixfi.obj (.text)
                  000228e0    00000080                 : fltif.obj (.text)
                  00022960    00000060     dsk6713bsl.lib : dsk6713_dip.obj (.text)
                  000229c0    00000040     csl6713.lib : csl_irq.obj (.text:_IRQ_enable)
                  00022a00    00000040                 : csl_irq.obj (.text:_IRQ_reset)
                  00022a40    00000040     rts6700.lib : _lock.obj (.text)
                  00022a80    00000020     Vectors_intr.obj (.text)
                  00022aa0    00000020     csl6713.lib : csl_irq.obj (.text:_IRQ_globalDisable)
                  00022ac0    00000020                 : csl_irq.obj (.text:_IRQ_globalEnable)
                  00022ae0    00000020                 : csl_irq.obj (.text:_IRQ_nmiEnable)
                  00022b00    00000020                 : csl_mcbsp.obj (.text:_MCBSP_getXmtEventId)
                  00022b20    00000020                 : csl_mcbsp.obj (.text:_MCBSP_read)
                  00022b40    00000020                 : csl_mcbsp.obj (.text:_MCBSP_rrdy)
                  00022b60    00000020                 : csl_mcbsp.obj (.text:_MCBSP_write)
                  00022b80    00000020                 : csl_mcbsp.obj (.text:_MCBSP_xrdy)
                  00022ba0    00000020                 : csl_irq.obj (.text)
                  00022bc0    00000020     rts6700.lib : addd.obj (.text)
                  00022be0    00000020                 : addf.obj (.text)
                  00022c00    00000020                 : cvtfd.obj (.text)
                  00022c20    00000020                 : mpyd.obj (.text)
                  00022c40    00000020                 : mpyf.obj (.text)
                  00022c60    00000020                 : remove.obj (.text)
                  00022c80    00000020                 : subd.obj (.text)

.stack     0    00022ca0    00002000     UNINITIALIZED
                  00022ca0    00000008     rts6700.lib : boot.obj (.stack)
                  00022ca8    00001ff8     --HOLE--

.cinit     0    00024ca0    000005d4     
                  00024ca0    00000244     rts6700.lib : defs.obj (.cinit)
                  00024ee4    00000004     --HOLE-- [fill = 0]
                  00024ee8    0000012c     csl6713.lib : csl_irq.obj (.cinit)
                  00025014    00000004     --HOLE-- [fill = 0]
                  00025018    0000005c     rts6700.lib : lowlev.obj (.cinit)
                  00025074    00000004     --HOLE-- [fill = 0]
                  00025078    00000058     c6713dskinit.obj (.cinit)
                  000250d0    00000054     csl6713.lib : csl_mcbsp.obj (.cinit)
                  00025124    00000004     --HOLE-- [fill = 0]
                  00025128    00000030     dsk6713bsl.lib : dsk6713_aic23_registers.obj (.cinit)
                  00025158    0000002c     gator_kator.obj (.cinit)
                  00025184    00000004     --HOLE-- [fill = 0]
                  00025188    0000002c     rts6700.lib : exit.obj (.cinit)
                  000251b4    00000004     --HOLE-- [fill = 0]
                  000251b8    00000028     dsk6713bsl.lib : dsk6713_aic23_setfreq.obj (.cinit)
                  000251e0    0000001c     frame_and_filter.obj (.cinit)
                  000251fc    00000004     --HOLE-- [fill = 0]
                  00025200    0000001c     rts6700.lib : _lock.obj (.cinit)
                  0002521c    00000004     --HOLE-- [fill = 0]
                  00025220    0000001c                 : sysmem.obj (.cinit)
                  0002523c    00000004     --HOLE-- [fill = 0]
                  00025240    0000000c     detect_envelope.obj (.cinit)
                  0002524c    00000004     --HOLE-- [fill = 0]
                  00025250    0000000c     rts6700.lib : errno.obj (.cinit)
                  0002525c    00000004     --HOLE-- [fill = 0]
                  00025260    0000000c                 : memory.obj (.cinit)
                  0002526c    00000004     --HOLE-- [fill = 0]
                  00025270    00000004     (.pad.cinit) [fill = 0]

.sysmem    0    00025278    00000400     UNINITIALIZED
                  00025278    00000400     --HOLE--

.cio       0    00025678    00000120     UNINITIALIZED
                  00025678    00000120     rts6700.lib : trgmsg.obj (.cio)

.EXTRAM    0    80000000    00016760     UNINITIALIZED
                  80000000    00016760     gator_kator.obj (.EXTRAM)

.far       0    80016760    00000eec     UNINITIALIZED
                  80016760    00000374     rts6700.lib : defs.obj (.far)
                  80016ad4    00000330     fir_filter.obj (.far)
                  80016e04    00000190     rts6700.lib : _printfi.obj (.far)
                  80016f94    00000190                 : fcvt.obj (.far)
                  80017124    0000011c                 : lowlev.obj (.far)
                  80017240    000000f4     csl6713.lib : csl_irq.obj (.far)
                  80017334    000000d0     rts6700.lib : trgdrv.obj (.far)
                  80017404    0000008c                 : exit.obj (.far)
                  80017490    00000064                 : ecvt.obj (.far)
                  800174f4    00000058     c6713dskinit.obj (.far)
                  8001754c    00000004     detect_envelope.obj (.far)
                  80017550    00000040     xcorr.obj (.far)
                  80017590    00000038     csl6713.lib : csl_mcbsp.obj (.far)
                  800175c8    00000028     dsk6713bsl.lib : dsk6713_aic23_registers.obj (.far)
                  800175f0    00000020                    : dsk6713_aic23_setfreq.obj (.far)
                  80017610    00000014     gator_kator.obj (.far)
                  80017624    00000008     dsk6713bsl.lib : dsk6713_aic23_opencodec.obj (.far)
                  8001762c    00000008     frame_and_filter.obj (.far)
                  80017634    00000008     rts6700.lib : _lock.obj (.far)
                  8001763c    00000008                 : memory.obj (.far)
                  80017644    00000004                 : errno.obj (.far)
                  80017648    00000002     dsk6713bsl.lib : dsk6713.obj (.far)
                  8001764a    00000002                    : dsk6713_led.obj (.far)


GLOBAL SYMBOLS: SORTED ALPHABETICALLY BY Name 

address    name
--------   ----
00000220   $bss
00000220   .bss
00016e60   .text
00020174   C$$EXIT
00021400   C$$IO$$
80017500   _AIC23CfgData
800174fc   _AIC_data
80017624   _DSK6713_AIC23_codeccontrolhandle
80017628   _DSK6713_AIC23_codecdatahandle
00021580   _DSK6713_AIC23_config
0001efe0   _DSK6713_AIC23_openCodec
0002155c   _DSK6713_AIC23_rget
000214c0   _DSK6713_AIC23_rset
00022260   _DSK6713_AIC23_setFreq
00022968   _DSK6713_DIP_get
00022960   _DSK6713_DIP_init
00020a60   _DSK6713_LED_init
00020a88   _DSK6713_LED_off
00020af0   _DSK6713_LED_on
00020b54   _DSK6713_LED_toggle
0001ef58   _DSK6713_getVersion
0001ebb0   _DSK6713_init
0001eeb0   _DSK6713_rget
0001eec4   _DSK6713_rset
80017648   _DSK6713_version
0001eed8   _DSK6713_wait
0001ef2c   _DSK6713_waitusec
0001c494   _HOSTclock
0001b940   _HOSTclose
0001bcc4   _HOSTlseek
0001b7c0   _HOSTopen
0001ba34   _HOSTread
0001bf78   _HOSTrename
0001c3ac   _HOSTtime
0001be28   _HOSTunlink
0001bb84   _HOSTwrite
000229c0   _IRQ_enable
00022aa0   _IRQ_globalDisable
00022ac0   _IRQ_globalEnable
000208c0   _IRQ_map
00022ae0   _IRQ_nmiEnable
00022a00   _IRQ_reset
00022560   _MCBSP_config
00022b00   _MCBSP_getXmtEventId
00021f20   _MCBSP_open
00022b20   _MCBSP_read
00020c00   _MCBSP_reset
00022b40   _MCBSP_rrdy
00022600   _MCBSP_start
00022b60   _MCBSP_write
00022b80   _MCBSP_xrdy
00025678   __CIOBUF_
8001732c   __IRQ_dispatchTable
80017268   __IRQ_eventTable
00022ba0   __IRQ_hookFetchPacket
800172ec   __IRQ_intTable
800175c0   __MCBSP_hDev0
800175c4   __MCBSP_hDev1
00024ca0   __STACK_END
00002000   __STACK_SIZE
00000400   __SYSMEM_SIZE
ffffffff   ___TI_pprof_out_hndl
ffffffff   ___TI_prof_data_size
ffffffff   ___TI_prof_data_start
ffffffff   ___binit__
00000220   ___bss__
ffffffff   ___c_args__
00024ca0   ___cinit__
00000220   ___end__
00022ca0   ___etext__
ffffffff   ___pinit__
00016e60   ___text__
00022bc0   __addd
00022be0   __addf
00021c20   __auto_init
0001d85c   __cleanup
80017488   __cleanup_ptr
00016cb0   __ctypes_
00022c00   __cvtfd
0001fae0   __divd
0001dd00   __divli
00022320   __divu
0001da00   __divul
0002045c   __doflush
8001748c   __dtors_ptr
000223e0   __fixdli
00022860   __fixfi
000228e0   __fltif
0001f2e0   __frcdivd
80016ad0   __ft_end
80016760   __ftable
80017634   __lock
8001763c   __memory_size
00022c20   __mpyd
00022c40   __mpyf
00022a40   __nop
00016e60   __printfi
00020540   __rd_ok
00022a48   __register_lock
00022a5c   __register_unlock
00021e20   __remi
0001dc44   __remli
0001d940   __remul
00022ca0   __stack
00022000   __strasg
00022c80   __subd
00025278   __sys_memory
80016990   __tmpnams
80017638   __unlock
00020600   __wrt_ok
00020174   _abort
0001aba0   _add_device
00020098   _atexit
00020d80   _atoi
000220e0   _block_dc
0001c580   _c6713_dsk_init
000227e0   _c_int00
00020180   _c_int11
00019ce4   _calloc
0001b4f0   _close
0001c6a0   _comm_intr
0001c66c   _comm_poll
80017520   _config
80017580   _denom
000221a0   _detect_envelope
0001de00   _ecvt
8001754c   _envelope
80017644   _errno
0001ff60   _exit
00021740   _fclose
0001e280   _fcvt
00020360   _fflush
00021200   _filter_signal
0001d480   _fopen
00020f2c   _fputc
0001e774   _fputs
00021600   _frame_and_filter
0001a130   _free
0001d4e8   _freopen
00021880   _frexp
80017610   _fs
00021d20   _fseek
0001c20c   _getenv
00016980   _h
80017548   _hAIC23_handle
80017550   _i
80000000   _input_buffer
0001cba8   _input_left_sample
0001cc70   _input_right_sample
0001caa4   _input_sample
80017614   _inputsource
80017554   _j
00021080   _ldexp
0001b3b0   _lseek
000219c0   _ltoa
0001f880   _main
00019adc   _malloc
0001a4e8   _memalign
00022740   _memccpy
0001fd20   _memcpy
00021b00   _memset
00019a74   _minit
80017558   _mx
80017560   _my
0001af00   _open
0001c8e4   _output_left_sample
0001c9c4   _output_right_sample
0001c7cc   _output_sample
0001fa48   _playback
000224a0   _printf
8001761c   _program_control
00020f00   _putc
00020f10   _putchar
0001e700   _puts
80017588   _r
0001b134   _read
0002140c   _readmsg
00019da0   _realloc
00022c60   _remove
0001ae38   _remove_device
0001b6a0   _rename
80017620   _row_ind
80017630   _row_index
00020700   _setvbuf
8001762c   _signal_on
80017618   _signal_status
0001f5e0   _sqrt
80017568   _sx
80017578   _sxy
80017570   _sy
0001b600   _unlink
00000020   _vector1
00000140   _vector10
00000180   _vector12
000001a0   _vector13
000001c0   _vector14
000001e0   _vector15
00000040   _vector2
00000060   _vector3
00000080   _vector4
000000a0   _vector5
000000c0   _vector6
000000e0   _vector7
00000100   _vector8
00000120   _vector9
00000000   _vectors
0001b270   _write
00021360   _writemsg
80016ad4   _x
0001cd40   _xcorr
00000220   _y
ffffffff   binit
00024ca0   cinit
00000220   end
00022ca0   etext
ffffffff   pinit


GLOBAL SYMBOLS: SORTED BY Symbol Address 

address    name
--------   ----
00000000   _vectors
00000020   _vector1
00000040   _vector2
00000060   _vector3
00000080   _vector4
000000a0   _vector5
000000c0   _vector6
000000e0   _vector7
00000100   _vector8
00000120   _vector9
00000140   _vector10
00000180   _vector12
000001a0   _vector13
000001c0   _vector14
000001e0   _vector15
00000220   $bss
00000220   .bss
00000220   ___bss__
00000220   ___end__
00000220   _y
00000220   end
00000400   __SYSMEM_SIZE
00002000   __STACK_SIZE
00016980   _h
00016cb0   __ctypes_
00016e60   .text
00016e60   ___text__
00016e60   __printfi
00019a74   _minit
00019adc   _malloc
00019ce4   _calloc
00019da0   _realloc
0001a130   _free
0001a4e8   _memalign
0001aba0   _add_device
0001ae38   _remove_device
0001af00   _open
0001b134   _read
0001b270   _write
0001b3b0   _lseek
0001b4f0   _close
0001b600   _unlink
0001b6a0   _rename
0001b7c0   _HOSTopen
0001b940   _HOSTclose
0001ba34   _HOSTread
0001bb84   _HOSTwrite
0001bcc4   _HOSTlseek
0001be28   _HOSTunlink
0001bf78   _HOSTrename
0001c20c   _getenv
0001c3ac   _HOSTtime
0001c494   _HOSTclock
0001c580   _c6713_dsk_init
0001c66c   _comm_poll
0001c6a0   _comm_intr
0001c7cc   _output_sample
0001c8e4   _output_left_sample
0001c9c4   _output_right_sample
0001caa4   _input_sample
0001cba8   _input_left_sample
0001cc70   _input_right_sample
0001cd40   _xcorr
0001d480   _fopen
0001d4e8   _freopen
0001d85c   __cleanup
0001d940   __remul
0001da00   __divul
0001dc44   __remli
0001dd00   __divli
0001de00   _ecvt
0001e280   _fcvt
0001e700   _puts
0001e774   _fputs
0001ebb0   _DSK6713_init
0001eeb0   _DSK6713_rget
0001eec4   _DSK6713_rset
0001eed8   _DSK6713_wait
0001ef2c   _DSK6713_waitusec
0001ef58   _DSK6713_getVersion
0001efe0   _DSK6713_AIC23_openCodec
0001f2e0   __frcdivd
0001f5e0   _sqrt
0001f880   _main
0001fa48   _playback
0001fae0   __divd
0001fd20   _memcpy
0001ff60   _exit
00020098   _atexit
00020174   C$$EXIT
00020174   _abort
00020180   _c_int11
00020360   _fflush
0002045c   __doflush
00020540   __rd_ok
00020600   __wrt_ok
00020700   _setvbuf
000208c0   _IRQ_map
00020a60   _DSK6713_LED_init
00020a88   _DSK6713_LED_off
00020af0   _DSK6713_LED_on
00020b54   _DSK6713_LED_toggle
00020c00   _MCBSP_reset
00020d80   _atoi
00020f00   _putc
00020f10   _putchar
00020f2c   _fputc
00021080   _ldexp
00021200   _filter_signal
00021360   _writemsg
00021400   C$$IO$$
0002140c   _readmsg
000214c0   _DSK6713_AIC23_rset
0002155c   _DSK6713_AIC23_rget
00021580   _DSK6713_AIC23_config
00021600   _frame_and_filter
00021740   _fclose
00021880   _frexp
000219c0   _ltoa
00021b00   _memset
00021c20   __auto_init
00021d20   _fseek
00021e20   __remi
00021f20   _MCBSP_open
00022000   __strasg
000220e0   _block_dc
000221a0   _detect_envelope
00022260   _DSK6713_AIC23_setFreq
00022320   __divu
000223e0   __fixdli
000224a0   _printf
00022560   _MCBSP_config
00022600   _MCBSP_start
00022740   _memccpy
000227e0   _c_int00
00022860   __fixfi
000228e0   __fltif
00022960   _DSK6713_DIP_init
00022968   _DSK6713_DIP_get
000229c0   _IRQ_enable
00022a00   _IRQ_reset
00022a40   __nop
00022a48   __register_lock
00022a5c   __register_unlock
00022aa0   _IRQ_globalDisable
00022ac0   _IRQ_globalEnable
00022ae0   _IRQ_nmiEnable
00022b00   _MCBSP_getXmtEventId
00022b20   _MCBSP_read
00022b40   _MCBSP_rrdy
00022b60   _MCBSP_write
00022b80   _MCBSP_xrdy
00022ba0   __IRQ_hookFetchPacket
00022bc0   __addd
00022be0   __addf
00022c00   __cvtfd
00022c20   __mpyd
00022c40   __mpyf
00022c60   _remove
00022c80   __subd
00022ca0   ___etext__
00022ca0   __stack
00022ca0   etext
00024ca0   __STACK_END
00024ca0   ___cinit__
00024ca0   cinit
00025278   __sys_memory
00025678   __CIOBUF_
80000000   _input_buffer
80016760   __ftable
80016990   __tmpnams
80016ad0   __ft_end
80016ad4   _x
80017268   __IRQ_eventTable
800172ec   __IRQ_intTable
8001732c   __IRQ_dispatchTable
80017488   __cleanup_ptr
8001748c   __dtors_ptr
800174fc   _AIC_data
80017500   _AIC23CfgData
80017520   _config
80017548   _hAIC23_handle
8001754c   _envelope
80017550   _i
80017554   _j
80017558   _mx
80017560   _my
80017568   _sx
80017570   _sy
80017578   _sxy
80017580   _denom
80017588   _r
800175c0   __MCBSP_hDev0
800175c4   __MCBSP_hDev1
80017610   _fs
80017614   _inputsource
80017618   _signal_status
8001761c   _program_control
80017620   _row_ind
80017624   _DSK6713_AIC23_codeccontrolhandle
80017628   _DSK6713_AIC23_codecdatahandle
8001762c   _signal_on
80017630   _row_index
80017634   __lock
80017638   __unlock
8001763c   __memory_size
80017644   _errno
80017648   _DSK6713_version
ffffffff   ___TI_pprof_out_hndl
ffffffff   ___TI_prof_data_size
ffffffff   ___TI_prof_data_start
ffffffff   ___binit__
ffffffff   ___c_args__
ffffffff   ___pinit__
ffffffff   binit
ffffffff   pinit

[216 symbols]
