******************************************************************************
               TMS320C6x Linker PC v7.3.1                      
******************************************************************************
>> Linked Wed Apr 11 20:52:07 2012

OUTPUT FILE NAME:   <TheGatorKator.out>
ENTRY POINT SYMBOL: "_c_int00"  address: 0001c060


MEMORY CONFIGURATION

         name            origin    length      used     unused   attr    fill
----------------------  --------  ---------  --------  --------  ----  --------
  IVECS                 00000000   00000220  00000000  00000220  RWIX
  IRAM                  00000220   0002fde0  0001ea3a  000113a6  RWIX
  SDRAM                 80000000   01000000  000bb9d4  00f4462c  RWIX
  FLASH                 90000000   00020000  00000000  00020000  RWIX


SECTION ALLOCATION MAP

 output                                  attributes/
section   page    origin      length       input sections
--------  ----  ----------  ----------   ----------------
$BRID      0    00000000    00000558     COPY SECTION
                  00000000    00000078     csl6713.lib : csl_irq.obj ($BRID)
                  00000078    0000007c                 : csl_mcbsp.obj ($BRID)
                  000000f4    00000054     dsk6713bsl.lib : dsk6713.obj ($BRID)
                  00000148    00000024                    : dsk6713_aic23_opencodec.obj ($BRID)
                  0000016c    00000014                    : dsk6713_aic23_registers.obj ($BRID)
                  00000180    0000000c                    : dsk6713_aic23_setfreq.obj ($BRID)
                  0000018c    0000000c                    : dsk6713_dip.obj ($BRID)
                  00000198    00000030                    : dsk6713_led.obj ($BRID)
                  000001c8    00000004     rts6700.lib : addd.obj ($BRID)
                  000001cc    00000004                 : addf.obj ($BRID)
                  000001d0    0000000c                 : boot.obj ($BRID)
                  000001dc    0000001c                 : cmpf.obj ($BRID)
                  000001f8    00000014                 : cos.obj ($BRID)
                  0000020c    00000004                 : cvtdf.obj ($BRID)
                  00000210    00000004                 : cvtfd.obj ($BRID)
                  00000214    00000008                 : divd.obj ($BRID)
                  0000021c    00000008                 : divf.obj ($BRID)
                  00000224    00000028                 : exit.obj ($BRID)
                  0000024c    00000004                 : fixdi.obj ($BRID)
                  00000250    0000000c                 : fixfi.obj ($BRID)
                  0000025c    00000008                 : floor.obj ($BRID)
                  00000264    00000004                 : fltid.obj ($BRID)
                  00000268    00000008                 : fltif.obj ($BRID)
                  00000270    00000004                 : frcdivd.obj ($BRID)
                  00000274    00000004                 : frcdivf.obj ($BRID)
                  00000278    00000004                 : modf.obj ($BRID)
                  0000027c    00000004                 : mpyd.obj ($BRID)
                  00000280    00000004                 : mpyf.obj ($BRID)
                  00000284    00000018                 : round.obj ($BRID)
                  0000029c    00000014                 : sin.obj ($BRID)
                  000002b0    00000014                 : sprintf.obj ($BRID)
                  000002c4    0000000c                 : sqrt.obj ($BRID)
                  000002d0    00000004                 : strasg.obj ($BRID)
                  000002d4    00000004                 : subd.obj ($BRID)
                  000002d8    00000004                 : subf.obj ($BRID)
                  000002dc    00000008                 : trunc.obj ($BRID)
                  000002e4    0000000c                 : _lock.obj ($BRID)
                  000002f0    0000011c                 : _printfi.obj ($BRID)
                  0000040c    00000004                 : atoi.obj ($BRID)
                  00000410    0000000c                 : autoinit.obj ($BRID)
                  0000041c    00000004                 : divu.obj ($BRID)
                  00000420    00000010                 : ecvt.obj ($BRID)
                  00000430    00000010                 : fcvt.obj ($BRID)
                  00000440    00000004                 : fixdli.obj ($BRID)
                  00000444    00000004                 : frexp.obj ($BRID)
                  00000448    0000001c                 : imath40.obj ($BRID)
                  00000464    00000004                 : ldexp.obj ($BRID)
                  00000468    00000010                 : ltoa.obj ($BRID)
                  00000478    00000008                 : memccpy.obj ($BRID)
                  00000480    0000000c                 : memcpy62.obj ($BRID)
                  0000048c    000000c8                 : memory.obj ($BRID)
                  00000554    00000004                 : memset.obj ($BRID)

.bss       0    00000220    00000000     UNINITIALIZED

.cinit     0    00000220    00010954     
                  00000220    000104d8     gator_kator.obj (.cinit)
                  000106f8    0000012c     csl6713.lib : csl_irq.obj (.cinit)
                  00010824    00000004     --HOLE-- [fill = 0]
                  00010828    000000ca     emif_lcd.obj (.cinit)
                  000108f2    00000006     --HOLE-- [fill = 0]
                  000108f8    00000058     c6713dskinit.obj (.cinit)
                  00010950    00000054     csl6713.lib : csl_mcbsp.obj (.cinit)
                  000109a4    00000004     --HOLE-- [fill = 0]
                  000109a8    00000048     rts6700.lib : cos.obj (.cinit)
                  000109f0    00000048                 : sin.obj (.cinit)
                  00010a38    00000030     dsk6713bsl.lib : dsk6713_aic23_registers.obj (.cinit)
                  00010a68    0000002c     frame_and_filter.obj (.cinit)
                  00010a94    00000004     --HOLE-- [fill = 0]
                  00010a98    0000002c     rts6700.lib : exit.obj (.cinit)
                  00010ac4    00000004     --HOLE-- [fill = 0]
                  00010ac8    00000028     dsk6713bsl.lib : dsk6713_aic23_setfreq.obj (.cinit)
                  00010af0    0000001c     rts6700.lib : _lock.obj (.cinit)
                  00010b0c    00000004     --HOLE-- [fill = 0]
                  00010b10    0000001c                 : sysmem.obj (.cinit)
                  00010b2c    00000004     --HOLE-- [fill = 0]
                  00010b30    0000000c     detect_envelope.obj (.cinit)
                  00010b3c    00000004     --HOLE-- [fill = 0]
                  00010b40    0000000c     rts6700.lib : errno.obj (.cinit)
                  00010b4c    00000004     --HOLE-- [fill = 0]
                  00010b50    0000000c                 : memory.obj (.cinit)
                  00010b5c    00000004     --HOLE-- [fill = 0]
                  00010b60    0000000c     xcorr.obj (.cinit)
                  00010b6c    00000004     --HOLE-- [fill = 0]
                  00010b70    00000004     (.pad.cinit) [fill = 0]

.text      0    00010b80    0000bb40     
                  00010b80    00002a00     rts6700.lib : _printfi.obj (.text)
                  00013580    00001020                 : memory.obj (.text)
                  000145a0    00000c40     gator_kator.obj (.text)
                  000151e0    000007c0     c6713dskinit.obj (.text)
                  000159a0    00000780     xcorr.obj (.text)
                  00016120    000006a0     fft.obj (.text)
                  000167c0    000005e0     utils.obj (.text)
                  00016da0    000004c0     rts6700.lib : imath40.obj (.text)
                  00017260    00000480                 : ecvt.obj (.text)
                  000176e0    00000480                 : fcvt.obj (.text)
                  00017b60    00000460     dsk6713bsl.lib : dsk6713.obj (.text)
                  00017fc0    00000400     rts6700.lib : cos.obj (.text)
                  000183c0    000003e0     emif_lcd.obj (.text)
                  000187a0    000003c0     rts6700.lib : sin.obj (.text)
                  00018b60    00000300     dsk6713bsl.lib : dsk6713_aic23_opencodec.obj (.text)
                  00018e60    00000300     rts6700.lib : frcdivd.obj (.text)
                  00019160    000002a0                 : sqrt.obj (.text)
                  00019400    00000240                 : divd.obj (.text)
                  00019640    00000240                 : memcpy62.obj (.text)
                  00019880    00000220                 : exit.obj (.text)
                  00019aa0    000001e0                 : round.obj (.text)
                  00019c80    000001c0     power_spectrum.obj (.text)
                  00019e40    000001a0     csl6713.lib : csl_irq.obj (.text:_IRQ_map)
                  00019fe0    000001a0     dsk6713bsl.lib : dsk6713_led.obj (.text)
                  0001a180    00000180     csl6713.lib : csl_mcbsp.obj (.text:_MCBSP_reset)
                  0001a300    00000180     frame_and_filter.obj (.text)
                  0001a480    00000180     rts6700.lib : atoi.obj (.text)
                  0001a600    00000180                 : divf.obj (.text)
                  0001a780    00000180                 : ldexp.obj (.text)
                  0001a900    00000160                 : sprintf.obj (.text)
                  0001aa60    00000140     dsk6713bsl.lib : dsk6713_aic23_registers.obj (.text)
                  0001aba0    00000140     fir_filter.obj (.text)
                  0001ace0    00000140     rts6700.lib : frexp.obj (.text)
                  0001ae20    00000140                 : ltoa.obj (.text)
                  0001af60    00000120     average_fft_magnitude.obj (.text)
                  0001b080    00000120     find_max.obj (.text)
                  0001b1a0    00000120     rts6700.lib : memset.obj (.text)
                  0001b2c0    00000100     copy_to_struct.obj (.text)
                  0001b3c0    00000100     normalize_real.obj (.text)
                  0001b4c0    00000100     rts6700.lib : autoinit.obj (.text)
                  0001b5c0    00000100                 : frcdivf.obj (.text)
                  0001b6c0    000000e0     csl6713.lib : csl_mcbsp.obj (.text:_MCBSP_open)
                  0001b7a0    000000e0     rts6700.lib : modf.obj (.text)
                  0001b880    000000e0                 : strasg.obj (.text)
                  0001b960    000000c0     block_dc.obj (.text)
                  0001ba20    000000c0     detect_envelope.obj (.text)
                  0001bae0    000000c0     dsk6713bsl.lib : dsk6713_aic23_setfreq.obj (.text)
                  0001bba0    000000c0     rts6700.lib : divu.obj (.text)
                  0001bc60    000000c0                 : fixdi.obj (.text)
                  0001bd20    000000c0                 : fixdli.obj (.text)
                  0001bde0    000000a0     csl6713.lib : csl_mcbsp.obj (.text:_MCBSP_config)
                  0001be80    000000a0                 : csl_mcbsp.obj (.text:_MCBSP_start)
                  0001bf20    000000a0                 : csl_irq.obj (.text:_setMux)
                  0001bfc0    000000a0     rts6700.lib : memccpy.obj (.text)
                  0001c060    00000080                 : boot.obj (.text)
                  0001c0e0    00000080                 : cmpf.obj (.text)
                  0001c160    00000080                 : fixfi.obj (.text)
                  0001c1e0    00000080                 : fltid.obj (.text)
                  0001c260    00000080                 : fltif.obj (.text)
                  0001c2e0    00000060     dsk6713bsl.lib : dsk6713_dip.obj (.text)
                  0001c340    00000060     rts6700.lib : floor.obj (.text)
                  0001c3a0    00000040     csl6713.lib : csl_irq.obj (.text:_IRQ_enable)
                  0001c3e0    00000040                 : csl_irq.obj (.text:_IRQ_reset)
                  0001c420    00000040     rts6700.lib : _lock.obj (.text)
                  0001c460    00000040                 : trunc.obj (.text)
                  0001c4a0    00000020     csl6713.lib : csl_irq.obj (.text:_IRQ_globalDisable)
                  0001c4c0    00000020                 : csl_irq.obj (.text:_IRQ_globalEnable)
                  0001c4e0    00000020                 : csl_irq.obj (.text:_IRQ_nmiEnable)
                  0001c500    00000020                 : csl_mcbsp.obj (.text:_MCBSP_getXmtEventId)
                  0001c520    00000020                 : csl_mcbsp.obj (.text:_MCBSP_read)
                  0001c540    00000020                 : csl_mcbsp.obj (.text:_MCBSP_rrdy)
                  0001c560    00000020                 : csl_mcbsp.obj (.text:_MCBSP_write)
                  0001c580    00000020                 : csl_mcbsp.obj (.text:_MCBSP_xrdy)
                  0001c5a0    00000020                 : csl_irq.obj (.text)
                  0001c5c0    00000020     rts6700.lib : addd.obj (.text)
                  0001c5e0    00000020                 : addf.obj (.text)
                  0001c600    00000020                 : cvtdf.obj (.text)
                  0001c620    00000020                 : cvtfd.obj (.text)
                  0001c640    00000020                 : mpyd.obj (.text)
                  0001c660    00000020                 : mpyf.obj (.text)
                  0001c680    00000020                 : subd.obj (.text)
                  0001c6a0    00000020                 : subf.obj (.text)

.stack     0    0001c6c0    00002000     UNINITIALIZED
                  0001c6c0    00000008     rts6700.lib : boot.obj (.stack)
                  0001c6c8    00001ff8     --HOLE--

.sysmem    0    0001e6c0    00000400     UNINITIALIZED
                  0001e6c0    00000400     --HOLE--

.const     0    0001eac0    000001a6     
                  0001eac0    00000101     rts6700.lib : ctype.obj (.const)
                  0001ebc1    00000003     --HOLE-- [fill = 0]
                  0001ebc4    00000040     dsk6713bsl.lib : dsk6713_aic23_opencodec.obj (.const)
                  0001ec04    0000002a     rts6700.lib : _printfi.obj (.const)
                  0001ec2e    00000002     --HOLE-- [fill = 0]
                  0001ec30    00000020     dsk6713bsl.lib : dsk6713.obj (.const)
                  0001ec50    00000006     utils.obj (.const:_$P$T1$2)
                  0001ec56    00000002     --HOLE-- [fill = 0]
                  0001ec58    00000004     utils.obj (.const:_$P$T0$1)
                  0001ec5c    00000004     gator_kator.obj (.const)
                  0001ec60    00000003     gator_kator.obj (.const:_$P$T1$2)
                  0001ec63    00000001     --HOLE-- [fill = 0]
                  0001ec64    00000002     gator_kator.obj (.const:_$P$T0$1)

.EXTRAM    0    80000000    000bab24     
                  80000000    000ba7f4     gator_kator.obj (.EXTRAM) [fill = 0]
                  800ba7f4    00000330     fir_filter.obj (.EXTRAM)

.far       0    800bab28    00000eb0     UNINITIALIZED
                  800bab28    00000420     gator_kator.obj (.far)
                  800baf48    00000330     fir_filter.obj (.far)
                  800bb278    00000190     rts6700.lib : _printfi.obj (.far)
                  800bb408    00000190                 : fcvt.obj (.far)
                  800bb598    000000f4     csl6713.lib : csl_irq.obj (.far)
                  800bb68c    00000094     emif_lcd.obj (.far)
                  800bb720    0000008c     rts6700.lib : exit.obj (.far)
                  800bb7ac    00000064                 : ecvt.obj (.far)
                  800bb810    00000058     c6713dskinit.obj (.far)
                  800bb868    00000040     rts6700.lib : cos.obj (.far)
                  800bb8a8    00000040                 : sin.obj (.far)
                  800bb8e8    00000040     xcorr.obj (.far)
                  800bb928    00000038     csl6713.lib : csl_mcbsp.obj (.far)
                  800bb960    00000028     dsk6713bsl.lib : dsk6713_aic23_registers.obj (.far)
                  800bb988    00000020                    : dsk6713_aic23_setfreq.obj (.far)
                  800bb9a8    0000000c     frame_and_filter.obj (.far)
                  800bb9b4    00000008     dsk6713bsl.lib : dsk6713_aic23_opencodec.obj (.far)
                  800bb9bc    00000008     rts6700.lib : _lock.obj (.far)
                  800bb9c4    00000008                 : memory.obj (.far)
                  800bb9cc    00000004     detect_envelope.obj (.far)
                  800bb9d0    00000004     rts6700.lib : errno.obj (.far)
                  800bb9d4    00000002     dsk6713bsl.lib : dsk6713.obj (.far)
                  800bb9d6    00000002                    : dsk6713_led.obj (.far)


GLOBAL SYMBOLS: SORTED ALPHABETICALLY BY Name 

address    name
--------   ----
00000220   $bss
00000220   .bss
00010b80   .text
00019a94   C$$EXIT
800bb81c   _AIC23CfgData
800bb818   _AIC_data
800bb9b4   _DSK6713_AIC23_codeccontrolhandle
800bb9b8   _DSK6713_AIC23_codecdatahandle
0001ab20   _DSK6713_AIC23_config
00018b60   _DSK6713_AIC23_openCodec
0001aafc   _DSK6713_AIC23_rget
0001aa60   _DSK6713_AIC23_rset
0001bae0   _DSK6713_AIC23_setFreq
0001c2e8   _DSK6713_DIP_get
0001c2e0   _DSK6713_DIP_init
00019fe0   _DSK6713_LED_init
0001a008   _DSK6713_LED_off
0001a070   _DSK6713_LED_on
0001a0d4   _DSK6713_LED_toggle
00017f38   _DSK6713_getVersion
00017b90   _DSK6713_init
00017e90   _DSK6713_rget
00017ea4   _DSK6713_rset
800bb9d4   _DSK6713_version
00017eb8   _DSK6713_wait
00017f0c   _DSK6713_waitusec
0001c3a0   _IRQ_enable
0001c4a0   _IRQ_globalDisable
0001c4c0   _IRQ_globalEnable
00019e40   _IRQ_map
0001c4e0   _IRQ_nmiEnable
0001c3e0   _IRQ_reset
00018670   _LCD_PUT_CHAR
000185d4   _LCD_PUT_CMD
0001bde0   _MCBSP_config
0001c500   _MCBSP_getXmtEventId
0001b6c0   _MCBSP_open
0001c520   _MCBSP_read
0001a180   _MCBSP_reset
0001c540   _MCBSP_rrdy
0001be80   _MCBSP_start
0001c560   _MCBSP_write
0001c580   _MCBSP_xrdy
800bb684   __IRQ_dispatchTable
800bb5c0   __IRQ_eventTable
0001c5a0   __IRQ_hookFetchPacket
800bb644   __IRQ_intTable
800bb958   __MCBSP_hDev0
800bb95c   __MCBSP_hDev1
0001e6c0   __STACK_END
00002000   __STACK_SIZE
00000400   __SYSMEM_SIZE
ffffffff   ___TI_pprof_out_hndl
ffffffff   ___TI_prof_data_size
ffffffff   ___TI_prof_data_start
ffffffff   ___binit__
00000220   ___bss__
ffffffff   ___c_args__
00000220   ___cinit__
00000220   ___end__
0001c6c0   ___etext__
ffffffff   ___pinit__
00010b80   ___text__
0001c5c0   __addd
0001c5e0   __addf
0001b4c0   __auto_init
800bb7a4   __cleanup_ptr
0001c0e0   __cmpf
0001eac0   __ctypes_
0001c600   __cvtdf
0001c620   __cvtfd
00019400   __divd
0001a600   __divf
00017160   __divli
0001bba0   __divu
00016e60   __divul
800bb7a8   __dtors_ptr
0001c0f8   __eqlf
0001bc60   __fixdi
0001bd20   __fixdli
0001c160   __fixfi
0001c1e0   __fltid
0001c260   __fltif
00018e60   __frcdivd
0001b5c0   __frcdivf
0001c13c   __geqf
0001c120   __gtrf
0001c12c   __leqf
800bb9bc   __lock
0001c114   __lssf
800bb9c4   __memory_size
0001c640   __mpyd
0001c660   __mpyf
0001c104   __neqf
0001c420   __nop
00010b80   __printfi
0001c428   __register_lock
0001c43c   __register_unlock
000170a4   __remli
00016da0   __remul
00019aa0   __round
0001c6c0   __stack
0001b880   __strasg
0001c680   __subd
0001c6a0   __subf
0001e6c0   __sys_memory
0001c460   __trunc
800bb9c0   __unlock
00019a94   _abort
000199b8   _atexit
0001a480   _atoi
0001af60   _average_fft_magnitude
0001b960   _block_dc
800bb6dc   _botrow
000151e0   _c6713_dsk_init
0001c060   _c_int00
800bb9b0   _call_count
00013a04   _calloc
800bab88   _collecting_bot
800bab48   _collecting_top
800bb71e   _colselect
00015300   _comm_intr
000152cc   _comm_poll
800bb83c   _config
0001b2c0   _copy_to_struct
00017fc0   _cos
800bb8f0   _delay
00018700   _delay_lcd
800bb920   _denom
0001ba20   _detect_envelope
800bac88   _distance_bot
80030000   _distance_corr_buffer
800bac48   _distance_top
00017260   _ecvt
800bb9cc   _envelope
800bb9d0   _errno
00019880   _exit
000176e0   _fcvt
00016120   _fft
800b9ff8   _fft_corr_buffer
0001aba0   _filter_signal
0001b080   _find_max
0001c340   _floor
0001a300   _frame_and_filter
00013e50   _free
0001ace0   _frexp
800bab28   _fs
800ba7f4   _h
800bb864   _hAIC23_handle
800bb8e8   _i
800baec8   _ident_bot
800baf08   _ident_bot1
800bae88   _ident_top
00018548   _init_LCD
00016838   _init_buffer
00016ab4   _init_dist_array
00016b30   _init_fft_corr_buffer
00016be4   _init_fft_corr_vector
00016a44   _init_match_array
800bb694   _input
80010000   _input_left_buffer
00015808   _input_left_sample
80020000   _input_right_buffer
000158d0   _input_right_sample
00015704   _input_sample
800bab2c   _inputsource
800bb690   _ioport
800bb8ec   _j
800bab44   _lcd_control
0001877c   _lcd_test
0001a780   _ldexp
800bab30   _left_signal_status
0001ae20   _ltoa
000145a0   _main
000137fc   _malloc
800bad08   _match_bot
800bad48   _match_bot1
80031ffc   _match_corr_buffer
800badc8   _match_percent_bot
800bad88   _match_percent_top
800bacc8   _match_top
00014208   _memalign
0001bfc0   _memccpy
00019640   _memcpy
0001b1a0   _memset
00013794   _minit
0001b7a0   _modf
800bb8f8   _mx
800bb900   _my
0001b3c0   _normalize_real
800bb68c   _output
800bb698   _output1
00015544   _output_left_sample
00015624   _output_right_sample
0001542c   _output_sample
000167c0   _playback
00019c80   _power_spectrum
800bab40   _program_control
80039ff8   _real_data_buffer
00013ac0   _realloc
800bae48   _reset_bot
00016b8c   _reset_leds
800bae08   _reset_top
800bab34   _right_signal_status
800bab3c   _row_ind
800bb9ac   _row_index
800bb71c   _rowselect
0001845c   _send_LCD_characters
000183c0   _set_LCD_characters
00016c40   _set_leds
800bac08   _signal_detected_bot
800babc8   _signal_detected_top
800bb9a8   _signal_on
800bab38   _signal_status
000187a0   _sin
80000000   _soi
80079ff8   _soi_data_buffer
0001a900   _sprintf
00019160   _sqrt
800bb908   _sx
800bb918   _sxy
800bb910   _sy
00016c98   _toggle
800bb69c   _toprow
800baf48   _x
000159a0   _xcorr
ffffffff   binit
00000220   cinit
00000220   end
0001c6c0   etext
ffffffff   pinit


GLOBAL SYMBOLS: SORTED BY Symbol Address 

address    name
--------   ----
00000220   $bss
00000220   .bss
00000220   ___bss__
00000220   ___cinit__
00000220   ___end__
00000220   cinit
00000220   end
00000400   __SYSMEM_SIZE
00002000   __STACK_SIZE
00010b80   .text
00010b80   ___text__
00010b80   __printfi
00013794   _minit
000137fc   _malloc
00013a04   _calloc
00013ac0   _realloc
00013e50   _free
00014208   _memalign
000145a0   _main
000151e0   _c6713_dsk_init
000152cc   _comm_poll
00015300   _comm_intr
0001542c   _output_sample
00015544   _output_left_sample
00015624   _output_right_sample
00015704   _input_sample
00015808   _input_left_sample
000158d0   _input_right_sample
000159a0   _xcorr
00016120   _fft
000167c0   _playback
00016838   _init_buffer
00016a44   _init_match_array
00016ab4   _init_dist_array
00016b30   _init_fft_corr_buffer
00016b8c   _reset_leds
00016be4   _init_fft_corr_vector
00016c40   _set_leds
00016c98   _toggle
00016da0   __remul
00016e60   __divul
000170a4   __remli
00017160   __divli
00017260   _ecvt
000176e0   _fcvt
00017b90   _DSK6713_init
00017e90   _DSK6713_rget
00017ea4   _DSK6713_rset
00017eb8   _DSK6713_wait
00017f0c   _DSK6713_waitusec
00017f38   _DSK6713_getVersion
00017fc0   _cos
000183c0   _set_LCD_characters
0001845c   _send_LCD_characters
00018548   _init_LCD
000185d4   _LCD_PUT_CMD
00018670   _LCD_PUT_CHAR
00018700   _delay_lcd
0001877c   _lcd_test
000187a0   _sin
00018b60   _DSK6713_AIC23_openCodec
00018e60   __frcdivd
00019160   _sqrt
00019400   __divd
00019640   _memcpy
00019880   _exit
000199b8   _atexit
00019a94   C$$EXIT
00019a94   _abort
00019aa0   __round
00019c80   _power_spectrum
00019e40   _IRQ_map
00019fe0   _DSK6713_LED_init
0001a008   _DSK6713_LED_off
0001a070   _DSK6713_LED_on
0001a0d4   _DSK6713_LED_toggle
0001a180   _MCBSP_reset
0001a300   _frame_and_filter
0001a480   _atoi
0001a600   __divf
0001a780   _ldexp
0001a900   _sprintf
0001aa60   _DSK6713_AIC23_rset
0001aafc   _DSK6713_AIC23_rget
0001ab20   _DSK6713_AIC23_config
0001aba0   _filter_signal
0001ace0   _frexp
0001ae20   _ltoa
0001af60   _average_fft_magnitude
0001b080   _find_max
0001b1a0   _memset
0001b2c0   _copy_to_struct
0001b3c0   _normalize_real
0001b4c0   __auto_init
0001b5c0   __frcdivf
0001b6c0   _MCBSP_open
0001b7a0   _modf
0001b880   __strasg
0001b960   _block_dc
0001ba20   _detect_envelope
0001bae0   _DSK6713_AIC23_setFreq
0001bba0   __divu
0001bc60   __fixdi
0001bd20   __fixdli
0001bde0   _MCBSP_config
0001be80   _MCBSP_start
0001bfc0   _memccpy
0001c060   _c_int00
0001c0e0   __cmpf
0001c0f8   __eqlf
0001c104   __neqf
0001c114   __lssf
0001c120   __gtrf
0001c12c   __leqf
0001c13c   __geqf
0001c160   __fixfi
0001c1e0   __fltid
0001c260   __fltif
0001c2e0   _DSK6713_DIP_init
0001c2e8   _DSK6713_DIP_get
0001c340   _floor
0001c3a0   _IRQ_enable
0001c3e0   _IRQ_reset
0001c420   __nop
0001c428   __register_lock
0001c43c   __register_unlock
0001c460   __trunc
0001c4a0   _IRQ_globalDisable
0001c4c0   _IRQ_globalEnable
0001c4e0   _IRQ_nmiEnable
0001c500   _MCBSP_getXmtEventId
0001c520   _MCBSP_read
0001c540   _MCBSP_rrdy
0001c560   _MCBSP_write
0001c580   _MCBSP_xrdy
0001c5a0   __IRQ_hookFetchPacket
0001c5c0   __addd
0001c5e0   __addf
0001c600   __cvtdf
0001c620   __cvtfd
0001c640   __mpyd
0001c660   __mpyf
0001c680   __subd
0001c6a0   __subf
0001c6c0   ___etext__
0001c6c0   __stack
0001c6c0   etext
0001e6c0   __STACK_END
0001e6c0   __sys_memory
0001eac0   __ctypes_
80000000   _soi
80010000   _input_left_buffer
80020000   _input_right_buffer
80030000   _distance_corr_buffer
80031ffc   _match_corr_buffer
80039ff8   _real_data_buffer
80079ff8   _soi_data_buffer
800b9ff8   _fft_corr_buffer
800ba7f4   _h
800bab28   _fs
800bab2c   _inputsource
800bab30   _left_signal_status
800bab34   _right_signal_status
800bab38   _signal_status
800bab3c   _row_ind
800bab40   _program_control
800bab44   _lcd_control
800bab48   _collecting_top
800bab88   _collecting_bot
800babc8   _signal_detected_top
800bac08   _signal_detected_bot
800bac48   _distance_top
800bac88   _distance_bot
800bacc8   _match_top
800bad08   _match_bot
800bad48   _match_bot1
800bad88   _match_percent_top
800badc8   _match_percent_bot
800bae08   _reset_top
800bae48   _reset_bot
800bae88   _ident_top
800baec8   _ident_bot
800baf08   _ident_bot1
800baf48   _x
800bb5c0   __IRQ_eventTable
800bb644   __IRQ_intTable
800bb684   __IRQ_dispatchTable
800bb68c   _output
800bb690   _ioport
800bb694   _input
800bb698   _output1
800bb69c   _toprow
800bb6dc   _botrow
800bb71c   _rowselect
800bb71e   _colselect
800bb7a4   __cleanup_ptr
800bb7a8   __dtors_ptr
800bb818   _AIC_data
800bb81c   _AIC23CfgData
800bb83c   _config
800bb864   _hAIC23_handle
800bb8e8   _i
800bb8ec   _j
800bb8f0   _delay
800bb8f8   _mx
800bb900   _my
800bb908   _sx
800bb910   _sy
800bb918   _sxy
800bb920   _denom
800bb958   __MCBSP_hDev0
800bb95c   __MCBSP_hDev1
800bb9a8   _signal_on
800bb9ac   _row_index
800bb9b0   _call_count
800bb9b4   _DSK6713_AIC23_codeccontrolhandle
800bb9b8   _DSK6713_AIC23_codecdatahandle
800bb9bc   __lock
800bb9c0   __unlock
800bb9c4   __memory_size
800bb9cc   _envelope
800bb9d0   _errno
800bb9d4   _DSK6713_version
ffffffff   ___TI_pprof_out_hndl
ffffffff   ___TI_prof_data_size
ffffffff   ___TI_prof_data_start
ffffffff   ___binit__
ffffffff   ___c_args__
ffffffff   ___pinit__
ffffffff   binit
ffffffff   pinit

[231 symbols]
