******************************************************************************
               TMS320C6x Linker PC v7.3.1                      
******************************************************************************
>> Linked Wed Mar 14 21:47:07 2012

OUTPUT FILE NAME:   <TheGatorKator.out>
ENTRY POINT SYMBOL: "_c_int00"  address: 0000bba0


MEMORY CONFIGURATION

         name            origin    length      used     unused   attr    fill
----------------------  --------  ---------  --------  --------  ----  --------
  IVECS                 00000000   00000220  00000200  00000020  RWIX
  IRAM                  00000220   0002fde0  00010d44  0001f09c  RWIX
  SDRAM                 80000000   01000000  0001764c  00fe89b4  RWIX
  FLASH                 90000000   00020000  00000000  00020000  RWIX


SECTION ALLOCATION MAP

 output                                  attributes/
section   page    origin      length       input sections
--------  ----  ----------  ----------   ----------------
.vectors   0    00000000    00000200     
                  00000000    00000200     Vectors_intr.obj (.vectors)

$BRID      0    00000000    00000758     COPY SECTION
                  00000000    00000078     csl6713.lib : csl_irq.obj ($BRID)
                  00000078    0000007c                 : csl_mcbsp.obj ($BRID)
                  000000f4    00000054     dsk6713bsl.lib : dsk6713.obj ($BRID)
                  00000148    00000024                    : dsk6713_aic23_opencodec.obj ($BRID)
                  0000016c    00000014                    : dsk6713_aic23_registers.obj ($BRID)
                  00000180    0000000c                    : dsk6713_aic23_setfreq.obj ($BRID)
                  0000018c    0000000c                    : dsk6713_dip.obj ($BRID)
                  00000198    00000030                    : dsk6713_led.obj ($BRID)
                  000001c8    00000004     rts6700.lib : addd.obj ($BRID)
                  000001cc    00000004                 : addf.obj ($BRID)
                  000001d0    0000000c                 : boot.obj ($BRID)
                  000001dc    00000004                 : cvtfd.obj ($BRID)
                  000001e0    00000008                 : divd.obj ($BRID)
                  000001e8    00000028                 : exit.obj ($BRID)
                  00000210    0000000c                 : fixfi.obj ($BRID)
                  0000021c    00000008                 : fltif.obj ($BRID)
                  00000224    00000004                 : frcdivd.obj ($BRID)
                  00000228    00000004                 : mpyd.obj ($BRID)
                  0000022c    00000004                 : mpyf.obj ($BRID)
                  00000230    00000018                 : printf.obj ($BRID)
                  00000248    00000004                 : remi.obj ($BRID)
                  0000024c    0000000c                 : sqrt.obj ($BRID)
                  00000258    00000004                 : strasg.obj ($BRID)
                  0000025c    00000004                 : subd.obj ($BRID)
                  00000260    0000000c                 : _lock.obj ($BRID)
                  0000026c    0000011c                 : _printfi.obj ($BRID)
                  00000388    00000004                 : atoi.obj ($BRID)
                  0000038c    0000000c                 : autoinit.obj ($BRID)
                  00000398    00000004                 : divu.obj ($BRID)
                  0000039c    00000010                 : ecvt.obj ($BRID)
                  000003ac    00000010                 : fcvt.obj ($BRID)
                  000003bc    00000004                 : fixdli.obj ($BRID)
                  000003c0    00000020                 : fputc.obj ($BRID)
                  000003e0    00000020                 : fputs.obj ($BRID)
                  00000400    00000004                 : frexp.obj ($BRID)
                  00000404    0000001c                 : imath40.obj ($BRID)
                  00000420    00000004                 : ldexp.obj ($BRID)
                  00000424    000000e0                 : lowlev.obj ($BRID)
                  00000504    00000010                 : ltoa.obj ($BRID)
                  00000514    00000008                 : memccpy.obj ($BRID)
                  0000051c    0000000c                 : memcpy62.obj ($BRID)
                  00000528    000000c8                 : memory.obj ($BRID)
                  000005f0    00000004                 : memset.obj ($BRID)
                  000005f4    000000c8                 : trgdrv.obj ($BRID)
                  000006bc    0000000c                 : trgmsg.obj ($BRID)
                  000006c8    00000014                 : _io_perm.obj ($BRID)
                  000006dc    00000014                 : fflush.obj ($BRID)
                  000006f0    0000000c                 : fseek.obj ($BRID)
                  000006fc    0000000c                 : setvbuf.obj ($BRID)
                  00000708    00000034                 : fopen.obj ($BRID)
                  0000073c    00000014                 : fclose.obj ($BRID)
                  00000750    00000008                 : remove.obj ($BRID)

.text      0    00000220    0000be40     
                  00000220    00002a00     rts6700.lib : _printfi.obj (.text)
                  00002c20    00001020                 : memory.obj (.text)
                  00003c40    00000f40                 : lowlev.obj (.text)
                  00004b80    00000dc0                 : trgdrv.obj (.text)
                  00005940    000007c0     c6713dskinit.obj (.text)
                  00006100    00000740     xcorr.obj (.text)
                  00006840    000004c0     rts6700.lib : fopen.obj (.text)
                  00006d00    000004c0                 : imath40.obj (.text)
                  000071c0    00000480                 : ecvt.obj (.text)
                  00007640    00000480                 : fcvt.obj (.text)
                  00007ac0    00000480                 : fputs.obj (.text)
                  00007f40    00000460     dsk6713bsl.lib : dsk6713.obj (.text)
                  000083a0    00000300                    : dsk6713_aic23_opencodec.obj (.text)
                  000086a0    00000300     rts6700.lib : frcdivd.obj (.text)
                  000089a0    000002a0                 : sqrt.obj (.text)
                  00008c40    00000260     gator_kator.obj (.text)
                  00008ea0    00000240     rts6700.lib : divd.obj (.text)
                  000090e0    00000240                 : memcpy62.obj (.text)
                  00009320    00000220                 : exit.obj (.text)
                  00009540    000001e0     gator_kator.obj (.text:retain)
                  00009720    000001e0     rts6700.lib : fflush.obj (.text)
                  00009900    000001c0                 : _io_perm.obj (.text)
                  00009ac0    000001c0                 : setvbuf.obj (.text)
                  00009c80    000001a0     csl6713.lib : csl_irq.obj (.text:_IRQ_map)
                  00009e20    000001a0     dsk6713bsl.lib : dsk6713_led.obj (.text)
                  00009fc0    00000180     csl6713.lib : csl_mcbsp.obj (.text:_MCBSP_reset)
                  0000a140    00000180     rts6700.lib : atoi.obj (.text)
                  0000a2c0    00000180                 : fputc.obj (.text)
                  0000a440    00000180                 : ldexp.obj (.text)
                  0000a5c0    00000160     fir_filter.obj (.text)
                  0000a720    00000160     rts6700.lib : trgmsg.obj (.text)
                  0000a880    00000140     dsk6713bsl.lib : dsk6713_aic23_registers.obj (.text)
                  0000a9c0    00000140     frame_and_filter.obj (.text)
                  0000ab00    00000140     rts6700.lib : fclose.obj (.text)
                  0000ac40    00000140                 : frexp.obj (.text)
                  0000ad80    00000140                 : ltoa.obj (.text)
                  0000aec0    00000120                 : memset.obj (.text)
                  0000afe0    00000100                 : autoinit.obj (.text)
                  0000b0e0    00000100                 : fseek.obj (.text)
                  0000b1e0    00000100                 : remi.obj (.text)
                  0000b2e0    000000e0     csl6713.lib : csl_mcbsp.obj (.text:_MCBSP_open)
                  0000b3c0    000000e0     rts6700.lib : strasg.obj (.text)
                  0000b4a0    000000c0     block_dc.obj (.text)
                  0000b560    000000c0     detect_envelope.obj (.text)
                  0000b620    000000c0     dsk6713bsl.lib : dsk6713_aic23_setfreq.obj (.text)
                  0000b6e0    000000c0     rts6700.lib : divu.obj (.text)
                  0000b7a0    000000c0                 : fixdli.obj (.text)
                  0000b860    000000c0                 : printf.obj (.text)
                  0000b920    000000a0     csl6713.lib : csl_mcbsp.obj (.text:_MCBSP_config)
                  0000b9c0    000000a0                 : csl_mcbsp.obj (.text:_MCBSP_start)
                  0000ba60    000000a0                 : csl_irq.obj (.text:_setMux)
                  0000bb00    000000a0     rts6700.lib : memccpy.obj (.text)
                  0000bba0    00000080                 : boot.obj (.text)
                  0000bc20    00000080                 : fixfi.obj (.text)
                  0000bca0    00000080                 : fltif.obj (.text)
                  0000bd20    00000060     dsk6713bsl.lib : dsk6713_dip.obj (.text)
                  0000bd80    00000040     csl6713.lib : csl_irq.obj (.text:_IRQ_enable)
                  0000bdc0    00000040                 : csl_irq.obj (.text:_IRQ_reset)
                  0000be00    00000040     rts6700.lib : _lock.obj (.text)
                  0000be40    00000020     Vectors_intr.obj (.text)
                  0000be60    00000020     csl6713.lib : csl_irq.obj (.text:_IRQ_globalDisable)
                  0000be80    00000020                 : csl_irq.obj (.text:_IRQ_globalEnable)
                  0000bea0    00000020                 : csl_irq.obj (.text:_IRQ_nmiEnable)
                  0000bec0    00000020                 : csl_mcbsp.obj (.text:_MCBSP_getXmtEventId)
                  0000bee0    00000020                 : csl_mcbsp.obj (.text:_MCBSP_read)
                  0000bf00    00000020                 : csl_mcbsp.obj (.text:_MCBSP_rrdy)
                  0000bf20    00000020                 : csl_mcbsp.obj (.text:_MCBSP_write)
                  0000bf40    00000020                 : csl_mcbsp.obj (.text:_MCBSP_xrdy)
                  0000bf60    00000020                 : csl_irq.obj (.text)
                  0000bf80    00000020     rts6700.lib : addd.obj (.text)
                  0000bfa0    00000020                 : addf.obj (.text)
                  0000bfc0    00000020                 : cvtfd.obj (.text)
                  0000bfe0    00000020                 : mpyd.obj (.text)
                  0000c000    00000020                 : mpyf.obj (.text)
                  0000c020    00000020                 : remove.obj (.text)
                  0000c040    00000020                 : subd.obj (.text)

.bss       0    00000220    00000000     UNINITIALIZED

.const     0    0000c060    00002410     
                  0000c060    00001f40     xcorr.obj (.const:_y)
                  0000dfa0    00000330     fir_filter.obj (.const:_h)
                  0000e2d0    00000101     rts6700.lib : ctype.obj (.const)
                  0000e3d1    00000002                 : fputs.obj (.const)
                  0000e3d3    00000001     --HOLE-- [fill = 0]
                  0000e3d4    00000040     dsk6713bsl.lib : dsk6713_aic23_opencodec.obj (.const)
                  0000e414    0000002a     rts6700.lib : _printfi.obj (.const)
                  0000e43e    00000002     --HOLE-- [fill = 0]
                  0000e440    00000020     dsk6713bsl.lib : dsk6713.obj (.const)
                  0000e460    00000010     gator_kator.obj (.const)

.stack     0    0000e470    00002000     UNINITIALIZED
                  0000e470    00000008     rts6700.lib : boot.obj (.stack)
                  0000e478    00001ff8     --HOLE--

.cinit     0    00010470    000005d4     
                  00010470    00000244     rts6700.lib : defs.obj (.cinit)
                  000106b4    00000004     --HOLE-- [fill = 0]
                  000106b8    0000012c     csl6713.lib : csl_irq.obj (.cinit)
                  000107e4    00000004     --HOLE-- [fill = 0]
                  000107e8    0000005c     rts6700.lib : lowlev.obj (.cinit)
                  00010844    00000004     --HOLE-- [fill = 0]
                  00010848    00000058     c6713dskinit.obj (.cinit)
                  000108a0    00000054     csl6713.lib : csl_mcbsp.obj (.cinit)
                  000108f4    00000004     --HOLE-- [fill = 0]
                  000108f8    00000030     dsk6713bsl.lib : dsk6713_aic23_registers.obj (.cinit)
                  00010928    0000002c     gator_kator.obj (.cinit)
                  00010954    00000004     --HOLE-- [fill = 0]
                  00010958    0000002c     rts6700.lib : exit.obj (.cinit)
                  00010984    00000004     --HOLE-- [fill = 0]
                  00010988    00000028     dsk6713bsl.lib : dsk6713_aic23_setfreq.obj (.cinit)
                  000109b0    0000001c     frame_and_filter.obj (.cinit)
                  000109cc    00000004     --HOLE-- [fill = 0]
                  000109d0    0000001c     rts6700.lib : _lock.obj (.cinit)
                  000109ec    00000004     --HOLE-- [fill = 0]
                  000109f0    0000001c                 : sysmem.obj (.cinit)
                  00010a0c    00000004     --HOLE-- [fill = 0]
                  00010a10    0000000c     detect_envelope.obj (.cinit)
                  00010a1c    00000004     --HOLE-- [fill = 0]
                  00010a20    0000000c     rts6700.lib : errno.obj (.cinit)
                  00010a2c    00000004     --HOLE-- [fill = 0]
                  00010a30    0000000c                 : memory.obj (.cinit)
                  00010a3c    00000004     --HOLE-- [fill = 0]
                  00010a40    00000004     (.pad.cinit) [fill = 0]

.sysmem    0    00010a48    00000400     UNINITIALIZED
                  00010a48    00000400     --HOLE--

.cio       0    00010e48    00000120     UNINITIALIZED
                  00010e48    00000120     rts6700.lib : trgmsg.obj (.cio)

.EXTRAM    0    80000000    00016760     UNINITIALIZED
                  80000000    00016760     gator_kator.obj (.EXTRAM)

.far       0    80016760    00000eec     UNINITIALIZED
                  80016760    00000374     rts6700.lib : defs.obj (.far)
                  80016ad4    00000330     fir_filter.obj (.far)
                  80016e04    00000190     rts6700.lib : _printfi.obj (.far)
                  80016f94    00000190                 : fcvt.obj (.far)
                  80017124    0000011c                 : lowlev.obj (.far)
                  80017240    000000f4     csl6713.lib : csl_irq.obj (.far)
                  80017334    000000d0     rts6700.lib : trgdrv.obj (.far)
                  80017404    0000008c                 : exit.obj (.far)
                  80017490    00000064                 : ecvt.obj (.far)
                  800174f4    00000058     c6713dskinit.obj (.far)
                  8001754c    00000004     detect_envelope.obj (.far)
                  80017550    00000040     xcorr.obj (.far)
                  80017590    00000038     csl6713.lib : csl_mcbsp.obj (.far)
                  800175c8    00000028     dsk6713bsl.lib : dsk6713_aic23_registers.obj (.far)
                  800175f0    00000020                    : dsk6713_aic23_setfreq.obj (.far)
                  80017610    00000014     gator_kator.obj (.far)
                  80017624    00000008     dsk6713bsl.lib : dsk6713_aic23_opencodec.obj (.far)
                  8001762c    00000008     frame_and_filter.obj (.far)
                  80017634    00000008     rts6700.lib : _lock.obj (.far)
                  8001763c    00000008                 : memory.obj (.far)
                  80017644    00000004                 : errno.obj (.far)
                  80017648    00000002     dsk6713bsl.lib : dsk6713.obj (.far)
                  8001764a    00000002                    : dsk6713_led.obj (.far)


GLOBAL SYMBOLS: SORTED ALPHABETICALLY BY Name 

address    name
--------   ----
00000220   $bss
00000220   .bss
00000220   .text
00009534   C$$EXIT
0000a7c0   C$$IO$$
80017500   _AIC23CfgData
800174fc   _AIC_data
80017624   _DSK6713_AIC23_codeccontrolhandle
80017628   _DSK6713_AIC23_codecdatahandle
0000a940   _DSK6713_AIC23_config
000083a0   _DSK6713_AIC23_openCodec
0000a91c   _DSK6713_AIC23_rget
0000a880   _DSK6713_AIC23_rset
0000b620   _DSK6713_AIC23_setFreq
0000bd28   _DSK6713_DIP_get
0000bd20   _DSK6713_DIP_init
00009e20   _DSK6713_LED_init
00009e48   _DSK6713_LED_off
00009eb0   _DSK6713_LED_on
00009f14   _DSK6713_LED_toggle
00008318   _DSK6713_getVersion
00007f70   _DSK6713_init
00008270   _DSK6713_rget
00008284   _DSK6713_rset
80017648   _DSK6713_version
00008298   _DSK6713_wait
000082ec   _DSK6713_waitusec
00005854   _HOSTclock
00004d00   _HOSTclose
00005084   _HOSTlseek
00004b80   _HOSTopen
00004df4   _HOSTread
00005338   _HOSTrename
0000576c   _HOSTtime
000051e8   _HOSTunlink
00004f44   _HOSTwrite
0000bd80   _IRQ_enable
0000be60   _IRQ_globalDisable
0000be80   _IRQ_globalEnable
00009c80   _IRQ_map
0000bea0   _IRQ_nmiEnable
0000bdc0   _IRQ_reset
0000b920   _MCBSP_config
0000bec0   _MCBSP_getXmtEventId
0000b2e0   _MCBSP_open
0000bee0   _MCBSP_read
00009fc0   _MCBSP_reset
0000bf00   _MCBSP_rrdy
0000b9c0   _MCBSP_start
0000bf20   _MCBSP_write
0000bf40   _MCBSP_xrdy
00010e48   __CIOBUF_
8001732c   __IRQ_dispatchTable
80017268   __IRQ_eventTable
0000bf60   __IRQ_hookFetchPacket
800172ec   __IRQ_intTable
800175c0   __MCBSP_hDev0
800175c4   __MCBSP_hDev1
00010470   __STACK_END
00002000   __STACK_SIZE
00000400   __SYSMEM_SIZE
ffffffff   ___TI_pprof_out_hndl
ffffffff   ___TI_prof_data_size
ffffffff   ___TI_prof_data_start
ffffffff   ___binit__
00000220   ___bss__
ffffffff   ___c_args__
00010470   ___cinit__
00000220   ___end__
0000c060   ___etext__
ffffffff   ___pinit__
00000220   ___text__
0000bf80   __addd
0000bfa0   __addf
0000afe0   __auto_init
00006c1c   __cleanup
80017488   __cleanup_ptr
0000e2d0   __ctypes_
0000bfc0   __cvtfd
00008ea0   __divd
000070c0   __divli
0000b6e0   __divu
00006dc0   __divul
0000981c   __doflush
8001748c   __dtors_ptr
0000b7a0   __fixdli
0000bc20   __fixfi
0000bca0   __fltif
000086a0   __frcdivd
80016ad0   __ft_end
80016760   __ftable
80017634   __lock
8001763c   __memory_size
0000bfe0   __mpyd
0000c000   __mpyf
0000be00   __nop
00000220   __printfi
00009900   __rd_ok
0000be08   __register_lock
0000be1c   __register_unlock
0000b1e0   __remi
00007004   __remli
00006d00   __remul
0000e470   __stack
0000b3c0   __strasg
0000c040   __subd
00010a48   __sys_memory
80016990   __tmpnams
80017638   __unlock
000099c0   __wrt_ok
00009534   _abort
00003f60   _add_device
00009458   _atexit
0000a140   _atoi
0000b4a0   _block_dc
00005940   _c6713_dsk_init
0000bba0   _c_int00
00009540   _c_int11
000030a4   _calloc
000048b0   _close
00005a60   _comm_intr
00005a2c   _comm_poll
80017520   _config
80017580   _denom
0000b560   _detect_envelope
000071c0   _ecvt
8001754c   _envelope
80017644   _errno
00009320   _exit
0000ab00   _fclose
00007640   _fcvt
00009720   _fflush
0000a5c0   _filter_signal
00006840   _fopen
0000a2ec   _fputc
00007b34   _fputs
0000a9c0   _frame_and_filter
000034f0   _free
000068a8   _freopen
0000ac40   _frexp
80017610   _fs
0000b0e0   _fseek
000055cc   _getenv
0000dfa0   _h
80017548   _hAIC23_handle
80017550   _i
80000000   _input_buffer
00005f68   _input_left_sample
00006030   _input_right_sample
00005e64   _input_sample
80017614   _inputsource
80017554   _j
0000a440   _ldexp
00004770   _lseek
0000ad80   _ltoa
00008c40   _main
00002e9c   _malloc
000038a8   _memalign
0000bb00   _memccpy
000090e0   _memcpy
0000aec0   _memset
00002e34   _minit
80017558   _mx
80017560   _my
000042c0   _open
00005ca4   _output_left_sample
00005d84   _output_right_sample
00005b8c   _output_sample
00008e08   _playback
0000b860   _printf
8001761c   _program_control
0000a2c0   _putc
0000a2d0   _putchar
00007ac0   _puts
80017588   _r
000044f4   _read
0000a7cc   _readmsg
00003160   _realloc
0000c020   _remove
000041f8   _remove_device
00004a60   _rename
80017620   _row_ind
80017630   _row_index
00009ac0   _setvbuf
8001762c   _signal_on
80017618   _signal_status
000089a0   _sqrt
80017568   _sx
80017578   _sxy
80017570   _sy
000049c0   _unlink
00000020   _vector1
00000140   _vector10
00000180   _vector12
000001a0   _vector13
000001c0   _vector14
000001e0   _vector15
00000040   _vector2
00000060   _vector3
00000080   _vector4
000000a0   _vector5
000000c0   _vector6
000000e0   _vector7
00000100   _vector8
00000120   _vector9
00000000   _vectors
00004630   _write
0000a720   _writemsg
80016ad4   _x
00006100   _xcorr
0000c060   _y
ffffffff   binit
00010470   cinit
00000220   end
0000c060   etext
ffffffff   pinit


GLOBAL SYMBOLS: SORTED BY Symbol Address 

address    name
--------   ----
00000000   _vectors
00000020   _vector1
00000040   _vector2
00000060   _vector3
00000080   _vector4
000000a0   _vector5
000000c0   _vector6
000000e0   _vector7
00000100   _vector8
00000120   _vector9
00000140   _vector10
00000180   _vector12
000001a0   _vector13
000001c0   _vector14
000001e0   _vector15
00000220   $bss
00000220   .bss
00000220   .text
00000220   ___bss__
00000220   ___end__
00000220   ___text__
00000220   __printfi
00000220   end
00000400   __SYSMEM_SIZE
00002000   __STACK_SIZE
00002e34   _minit
00002e9c   _malloc
000030a4   _calloc
00003160   _realloc
000034f0   _free
000038a8   _memalign
00003f60   _add_device
000041f8   _remove_device
000042c0   _open
000044f4   _read
00004630   _write
00004770   _lseek
000048b0   _close
000049c0   _unlink
00004a60   _rename
00004b80   _HOSTopen
00004d00   _HOSTclose
00004df4   _HOSTread
00004f44   _HOSTwrite
00005084   _HOSTlseek
000051e8   _HOSTunlink
00005338   _HOSTrename
000055cc   _getenv
0000576c   _HOSTtime
00005854   _HOSTclock
00005940   _c6713_dsk_init
00005a2c   _comm_poll
00005a60   _comm_intr
00005b8c   _output_sample
00005ca4   _output_left_sample
00005d84   _output_right_sample
00005e64   _input_sample
00005f68   _input_left_sample
00006030   _input_right_sample
00006100   _xcorr
00006840   _fopen
000068a8   _freopen
00006c1c   __cleanup
00006d00   __remul
00006dc0   __divul
00007004   __remli
000070c0   __divli
000071c0   _ecvt
00007640   _fcvt
00007ac0   _puts
00007b34   _fputs
00007f70   _DSK6713_init
00008270   _DSK6713_rget
00008284   _DSK6713_rset
00008298   _DSK6713_wait
000082ec   _DSK6713_waitusec
00008318   _DSK6713_getVersion
000083a0   _DSK6713_AIC23_openCodec
000086a0   __frcdivd
000089a0   _sqrt
00008c40   _main
00008e08   _playback
00008ea0   __divd
000090e0   _memcpy
00009320   _exit
00009458   _atexit
00009534   C$$EXIT
00009534   _abort
00009540   _c_int11
00009720   _fflush
0000981c   __doflush
00009900   __rd_ok
000099c0   __wrt_ok
00009ac0   _setvbuf
00009c80   _IRQ_map
00009e20   _DSK6713_LED_init
00009e48   _DSK6713_LED_off
00009eb0   _DSK6713_LED_on
00009f14   _DSK6713_LED_toggle
00009fc0   _MCBSP_reset
0000a140   _atoi
0000a2c0   _putc
0000a2d0   _putchar
0000a2ec   _fputc
0000a440   _ldexp
0000a5c0   _filter_signal
0000a720   _writemsg
0000a7c0   C$$IO$$
0000a7cc   _readmsg
0000a880   _DSK6713_AIC23_rset
0000a91c   _DSK6713_AIC23_rget
0000a940   _DSK6713_AIC23_config
0000a9c0   _frame_and_filter
0000ab00   _fclose
0000ac40   _frexp
0000ad80   _ltoa
0000aec0   _memset
0000afe0   __auto_init
0000b0e0   _fseek
0000b1e0   __remi
0000b2e0   _MCBSP_open
0000b3c0   __strasg
0000b4a0   _block_dc
0000b560   _detect_envelope
0000b620   _DSK6713_AIC23_setFreq
0000b6e0   __divu
0000b7a0   __fixdli
0000b860   _printf
0000b920   _MCBSP_config
0000b9c0   _MCBSP_start
0000bb00   _memccpy
0000bba0   _c_int00
0000bc20   __fixfi
0000bca0   __fltif
0000bd20   _DSK6713_DIP_init
0000bd28   _DSK6713_DIP_get
0000bd80   _IRQ_enable
0000bdc0   _IRQ_reset
0000be00   __nop
0000be08   __register_lock
0000be1c   __register_unlock
0000be60   _IRQ_globalDisable
0000be80   _IRQ_globalEnable
0000bea0   _IRQ_nmiEnable
0000bec0   _MCBSP_getXmtEventId
0000bee0   _MCBSP_read
0000bf00   _MCBSP_rrdy
0000bf20   _MCBSP_write
0000bf40   _MCBSP_xrdy
0000bf60   __IRQ_hookFetchPacket
0000bf80   __addd
0000bfa0   __addf
0000bfc0   __cvtfd
0000bfe0   __mpyd
0000c000   __mpyf
0000c020   _remove
0000c040   __subd
0000c060   ___etext__
0000c060   _y
0000c060   etext
0000dfa0   _h
0000e2d0   __ctypes_
0000e470   __stack
00010470   __STACK_END
00010470   ___cinit__
00010470   cinit
00010a48   __sys_memory
00010e48   __CIOBUF_
80000000   _input_buffer
80016760   __ftable
80016990   __tmpnams
80016ad0   __ft_end
80016ad4   _x
80017268   __IRQ_eventTable
800172ec   __IRQ_intTable
8001732c   __IRQ_dispatchTable
80017488   __cleanup_ptr
8001748c   __dtors_ptr
800174fc   _AIC_data
80017500   _AIC23CfgData
80017520   _config
80017548   _hAIC23_handle
8001754c   _envelope
80017550   _i
80017554   _j
80017558   _mx
80017560   _my
80017568   _sx
80017570   _sy
80017578   _sxy
80017580   _denom
80017588   _r
800175c0   __MCBSP_hDev0
800175c4   __MCBSP_hDev1
80017610   _fs
80017614   _inputsource
80017618   _signal_status
8001761c   _program_control
80017620   _row_ind
80017624   _DSK6713_AIC23_codeccontrolhandle
80017628   _DSK6713_AIC23_codecdatahandle
8001762c   _signal_on
80017630   _row_index
80017634   __lock
80017638   __unlock
8001763c   __memory_size
80017644   _errno
80017648   _DSK6713_version
ffffffff   ___TI_pprof_out_hndl
ffffffff   ___TI_prof_data_size
ffffffff   ___TI_prof_data_start
ffffffff   ___binit__
ffffffff   ___c_args__
ffffffff   ___pinit__
ffffffff   binit
ffffffff   pinit

[216 symbols]
