******************************************************************************
               TMS320C6x Linker PC v7.3.1                      
******************************************************************************
>> Linked Tue Dec 13 22:49:38 2011

OUTPUT FILE NAME:   <TheGatorKator.out>
ENTRY POINT SYMBOL: "_c_int00"  address: 0000c380


MEMORY CONFIGURATION

         name            origin    length      used     unused   attr    fill
----------------------  --------  ---------  --------  --------  ----  --------
  IVECS                 00000000   00000220  00000200  00000020  RWIX
  IRAM                  00000220   0002fde0  000101cc  0001fc14  RWIX
  SDRAM                 80000000   01000000  0000b256  00ff4daa  RWIX
  FLASH                 90000000   00020000  00000000  00020000  RWIX


SECTION ALLOCATION MAP

 output                                  attributes/
section   page    origin      length       input sections
--------  ----  ----------  ----------   ----------------
.vectors   0    00000000    00000200     
                  00000000    00000200     Vectors_intr.obj (.vectors)

$BRID      0    00000000    00000798     COPY SECTION
                  00000000    00000078     csl6713.lib : csl_irq.obj ($BRID)
                  00000078    0000007c                 : csl_mcbsp.obj ($BRID)
                  000000f4    00000054     dsk6713bsl.lib : dsk6713.obj ($BRID)
                  00000148    00000024                    : dsk6713_aic23_opencodec.obj ($BRID)
                  0000016c    00000014                    : dsk6713_aic23_registers.obj ($BRID)
                  00000180    0000000c                    : dsk6713_aic23_setfreq.obj ($BRID)
                  0000018c    0000000c                    : dsk6713_dip.obj ($BRID)
                  00000198    00000030                    : dsk6713_led.obj ($BRID)
                  000001c8    00000004     rts6700.lib : addd.obj ($BRID)
                  000001cc    00000004                 : addf.obj ($BRID)
                  000001d0    0000000c                 : boot.obj ($BRID)
                  000001dc    00000014                 : cos.obj ($BRID)
                  000001f0    00000004                 : cvtdf.obj ($BRID)
                  000001f4    00000004                 : cvtfd.obj ($BRID)
                  000001f8    00000008                 : divd.obj ($BRID)
                  00000200    00000028                 : exit.obj ($BRID)
                  00000228    0000000c                 : fixfi.obj ($BRID)
                  00000234    00000004                 : fltid.obj ($BRID)
                  00000238    00000008                 : fltif.obj ($BRID)
                  00000240    00000004                 : frcdivd.obj ($BRID)
                  00000244    00000004                 : modf.obj ($BRID)
                  00000248    00000004                 : mpyd.obj ($BRID)
                  0000024c    00000004                 : mpyf.obj ($BRID)
                  00000250    00000018                 : printf.obj ($BRID)
                  00000268    00000018                 : round.obj ($BRID)
                  00000280    00000014                 : sin.obj ($BRID)
                  00000294    00000004                 : strasg.obj ($BRID)
                  00000298    00000004                 : subf.obj ($BRID)
                  0000029c    00000008                 : trunc.obj ($BRID)
                  000002a4    0000000c                 : _lock.obj ($BRID)
                  000002b0    0000011c                 : _printfi.obj ($BRID)
                  000003cc    00000004                 : atoi.obj ($BRID)
                  000003d0    0000000c                 : autoinit.obj ($BRID)
                  000003dc    00000004                 : divu.obj ($BRID)
                  000003e0    00000010                 : ecvt.obj ($BRID)
                  000003f0    00000010                 : fcvt.obj ($BRID)
                  00000400    00000004                 : fixdli.obj ($BRID)
                  00000404    00000020                 : fputc.obj ($BRID)
                  00000424    00000020                 : fputs.obj ($BRID)
                  00000444    0000001c                 : imath40.obj ($BRID)
                  00000460    00000004                 : ldexp.obj ($BRID)
                  00000464    000000e0                 : lowlev.obj ($BRID)
                  00000544    00000010                 : ltoa.obj ($BRID)
                  00000554    00000008                 : memccpy.obj ($BRID)
                  0000055c    0000000c                 : memcpy62.obj ($BRID)
                  00000568    000000c8                 : memory.obj ($BRID)
                  00000630    00000004                 : memset.obj ($BRID)
                  00000634    000000c8                 : trgdrv.obj ($BRID)
                  000006fc    0000000c                 : trgmsg.obj ($BRID)
                  00000708    00000014                 : _io_perm.obj ($BRID)
                  0000071c    00000014                 : fflush.obj ($BRID)
                  00000730    0000000c                 : fseek.obj ($BRID)
                  0000073c    0000000c                 : setvbuf.obj ($BRID)
                  00000748    00000034                 : fopen.obj ($BRID)
                  0000077c    00000014                 : fclose.obj ($BRID)
                  00000790    00000008                 : remove.obj ($BRID)

.text      0    00000220    0000c700     
                  00000220    00002a00     rts6700.lib : _printfi.obj (.text)
                  00002c20    00001020                 : memory.obj (.text)
                  00003c40    00000f40                 : lowlev.obj (.text)
                  00004b80    00000dc0                 : trgdrv.obj (.text)
                  00005940    00000d20     gator_kator.obj (.text)
                  00006660    000007c0     c6713dskinit.obj (.text)
                  00006e20    000004c0     gator_kator.obj (.text:retain)
                  000072e0    000004c0     rts6700.lib : fopen.obj (.text)
                  000077a0    000004c0                 : imath40.obj (.text)
                  00007c60    00000480                 : ecvt.obj (.text)
                  000080e0    00000480                 : fcvt.obj (.text)
                  00008560    00000480                 : fputs.obj (.text)
                  000089e0    00000460     dsk6713bsl.lib : dsk6713.obj (.text)
                  00008e40    00000400     rts6700.lib : cos.obj (.text)
                  00009240    000003c0                 : sin.obj (.text)
                  00009600    00000300     dsk6713bsl.lib : dsk6713_aic23_opencodec.obj (.text)
                  00009900    00000300     rts6700.lib : frcdivd.obj (.text)
                  00009c00    00000240                 : divd.obj (.text)
                  00009e40    00000240                 : memcpy62.obj (.text)
                  0000a080    00000220                 : exit.obj (.text)
                  0000a2a0    000001e0                 : fflush.obj (.text)
                  0000a480    000001e0                 : round.obj (.text)
                  0000a660    000001c0                 : _io_perm.obj (.text)
                  0000a820    000001c0                 : setvbuf.obj (.text)
                  0000a9e0    000001a0     csl6713.lib : csl_irq.obj (.text:_IRQ_map)
                  0000ab80    000001a0     dsk6713bsl.lib : dsk6713_led.obj (.text)
                  0000ad20    00000180     csl6713.lib : csl_mcbsp.obj (.text:_MCBSP_reset)
                  0000aea0    00000180     rts6700.lib : atoi.obj (.text)
                  0000b020    00000180                 : fputc.obj (.text)
                  0000b1a0    00000180                 : ldexp.obj (.text)
                  0000b320    00000160                 : trgmsg.obj (.text)
                  0000b480    00000140     dsk6713bsl.lib : dsk6713_aic23_registers.obj (.text)
                  0000b5c0    00000140     rts6700.lib : fclose.obj (.text)
                  0000b700    00000140                 : ltoa.obj (.text)
                  0000b840    00000120                 : memset.obj (.text)
                  0000b960    00000100                 : autoinit.obj (.text)
                  0000ba60    00000100                 : fseek.obj (.text)
                  0000bb60    000000e0     csl6713.lib : csl_mcbsp.obj (.text:_MCBSP_open)
                  0000bc40    000000e0     rts6700.lib : modf.obj (.text)
                  0000bd20    000000e0                 : strasg.obj (.text)
                  0000be00    000000c0     dsk6713bsl.lib : dsk6713_aic23_setfreq.obj (.text)
                  0000bec0    000000c0     rts6700.lib : divu.obj (.text)
                  0000bf80    000000c0                 : fixdli.obj (.text)
                  0000c040    000000c0                 : printf.obj (.text)
                  0000c100    000000a0     csl6713.lib : csl_mcbsp.obj (.text:_MCBSP_config)
                  0000c1a0    000000a0                 : csl_mcbsp.obj (.text:_MCBSP_start)
                  0000c240    000000a0                 : csl_irq.obj (.text:_setMux)
                  0000c2e0    000000a0     rts6700.lib : memccpy.obj (.text)
                  0000c380    00000080                 : boot.obj (.text)
                  0000c400    00000080                 : fixfi.obj (.text)
                  0000c480    00000080                 : fltid.obj (.text)
                  0000c500    00000080                 : fltif.obj (.text)
                  0000c580    00000060     dsk6713bsl.lib : dsk6713_dip.obj (.text)
                  0000c5e0    00000040     csl6713.lib : csl_irq.obj (.text:_IRQ_enable)
                  0000c620    00000040                 : csl_irq.obj (.text:_IRQ_reset)
                  0000c660    00000040     rts6700.lib : _lock.obj (.text)
                  0000c6a0    00000040                 : trunc.obj (.text)
                  0000c6e0    00000020     Vectors_intr.obj (.text)
                  0000c700    00000020     csl6713.lib : csl_irq.obj (.text:_IRQ_globalDisable)
                  0000c720    00000020                 : csl_irq.obj (.text:_IRQ_globalEnable)
                  0000c740    00000020                 : csl_irq.obj (.text:_IRQ_nmiEnable)
                  0000c760    00000020                 : csl_mcbsp.obj (.text:_MCBSP_getXmtEventId)
                  0000c780    00000020                 : csl_mcbsp.obj (.text:_MCBSP_read)
                  0000c7a0    00000020                 : csl_mcbsp.obj (.text:_MCBSP_rrdy)
                  0000c7c0    00000020                 : csl_mcbsp.obj (.text:_MCBSP_write)
                  0000c7e0    00000020                 : csl_mcbsp.obj (.text:_MCBSP_xrdy)
                  0000c800    00000020                 : csl_irq.obj (.text)
                  0000c820    00000020     rts6700.lib : addd.obj (.text)
                  0000c840    00000020                 : addf.obj (.text)
                  0000c860    00000020                 : cvtdf.obj (.text)
                  0000c880    00000020                 : cvtfd.obj (.text)
                  0000c8a0    00000020                 : mpyd.obj (.text)
                  0000c8c0    00000020                 : mpyf.obj (.text)
                  0000c8e0    00000020                 : remove.obj (.text)
                  0000c900    00000020                 : subf.obj (.text)

.bss       0    00000220    00000000     UNINITIALIZED

.stack     0    0000c920    00002000     UNINITIALIZED
                  0000c920    00000008     rts6700.lib : boot.obj (.stack)
                  0000c928    00001ff8     --HOLE--

.const     0    0000e920    00000eb0     
                  0000e920    00000c70     gator_kator.obj (.const:_h)
                  0000f590    00000101     rts6700.lib : ctype.obj (.const)
                  0000f691    00000002                 : fputs.obj (.const)
                  0000f693    00000001     --HOLE-- [fill = 0]
                  0000f694    000000b0     gator_kator.obj (.const)
                  0000f744    00000040     dsk6713bsl.lib : dsk6713_aic23_opencodec.obj (.const)
                  0000f784    0000002a     rts6700.lib : _printfi.obj (.const)
                  0000f7ae    00000002     --HOLE-- [fill = 0]
                  0000f7b0    00000020     dsk6713bsl.lib : dsk6713.obj (.const)

.cinit     0    0000f7d0    000006fc     
                  0000f7d0    00000244     rts6700.lib : defs.obj (.cinit)
                  0000fa14    00000004     --HOLE-- [fill = 0]
                  0000fa18    0000012c     csl6713.lib : csl_irq.obj (.cinit)
                  0000fb44    00000004     --HOLE-- [fill = 0]
                  0000fb48    000000f2     gator_kator.obj (.cinit)
                  0000fc3a    00000006     --HOLE-- [fill = 0]
                  0000fc40    0000005c     rts6700.lib : lowlev.obj (.cinit)
                  0000fc9c    00000004     --HOLE-- [fill = 0]
                  0000fca0    00000058     c6713dskinit.obj (.cinit)
                  0000fcf8    00000054     csl6713.lib : csl_mcbsp.obj (.cinit)
                  0000fd4c    00000004     --HOLE-- [fill = 0]
                  0000fd50    00000048     rts6700.lib : cos.obj (.cinit)
                  0000fd98    00000048                 : sin.obj (.cinit)
                  0000fde0    00000030     dsk6713bsl.lib : dsk6713_aic23_registers.obj (.cinit)
                  0000fe10    0000002c     rts6700.lib : exit.obj (.cinit)
                  0000fe3c    00000004     --HOLE-- [fill = 0]
                  0000fe40    00000028     dsk6713bsl.lib : dsk6713_aic23_setfreq.obj (.cinit)
                  0000fe68    0000001c     rts6700.lib : _lock.obj (.cinit)
                  0000fe84    00000004     --HOLE-- [fill = 0]
                  0000fe88    0000001c                 : sysmem.obj (.cinit)
                  0000fea4    00000004     --HOLE-- [fill = 0]
                  0000fea8    0000000c                 : errno.obj (.cinit)
                  0000feb4    00000004     --HOLE-- [fill = 0]
                  0000feb8    0000000c                 : memory.obj (.cinit)
                  0000fec4    00000004     --HOLE-- [fill = 0]
                  0000fec8    00000004     (.pad.cinit) [fill = 0]

.sysmem    0    0000fed0    00000400     UNINITIALIZED
                  0000fed0    00000400     --HOLE--

.cio       0    000102d0    00000120     UNINITIALIZED
                  000102d0    00000120     rts6700.lib : trgmsg.obj (.cio)

.far       0    80000000    0000b256     UNINITIALIZED
                  80000000    0000a67a     gator_kator.obj (.far)
                  8000a67a    00000002     dsk6713bsl.lib : dsk6713.obj (.far)
                  8000a67c    00000374     rts6700.lib : defs.obj (.far)
                  8000a9f0    00000190                 : _printfi.obj (.far)
                  8000ab80    00000190                 : fcvt.obj (.far)
                  8000ad10    0000011c                 : lowlev.obj (.far)
                  8000ae2c    000000f4     csl6713.lib : csl_irq.obj (.far)
                  8000af20    000000d0     rts6700.lib : trgdrv.obj (.far)
                  8000aff0    0000008c                 : exit.obj (.far)
                  8000b07c    00000064                 : ecvt.obj (.far)
                  8000b0e0    00000058     c6713dskinit.obj (.far)
                  8000b138    00000040     rts6700.lib : cos.obj (.far)
                  8000b178    00000040                 : sin.obj (.far)
                  8000b1b8    00000038     csl6713.lib : csl_mcbsp.obj (.far)
                  8000b1f0    00000028     dsk6713bsl.lib : dsk6713_aic23_registers.obj (.far)
                  8000b218    00000020                    : dsk6713_aic23_setfreq.obj (.far)
                  8000b238    00000008                    : dsk6713_aic23_opencodec.obj (.far)
                  8000b240    00000008     rts6700.lib : _lock.obj (.far)
                  8000b248    00000008                 : memory.obj (.far)
                  8000b250    00000004                 : errno.obj (.far)
                  8000b254    00000002     dsk6713bsl.lib : dsk6713_led.obj (.far)


GLOBAL SYMBOLS: SORTED ALPHABETICALLY BY Name 

address    name
--------   ----
00000220   $bss
00000220   .bss
00000220   .text
0000a294   C$$EXIT
0000b3c0   C$$IO$$
8000b0ec   _AIC23CfgData
8000b0e0   _AIC_data
8000b238   _DSK6713_AIC23_codeccontrolhandle
8000b23c   _DSK6713_AIC23_codecdatahandle
0000b540   _DSK6713_AIC23_config
00009600   _DSK6713_AIC23_openCodec
0000b51c   _DSK6713_AIC23_rget
0000b480   _DSK6713_AIC23_rset
0000be00   _DSK6713_AIC23_setFreq
0000c588   _DSK6713_DIP_get
0000c580   _DSK6713_DIP_init
0000ab80   _DSK6713_LED_init
0000aba8   _DSK6713_LED_off
0000ac10   _DSK6713_LED_on
0000ac74   _DSK6713_LED_toggle
00008db8   _DSK6713_getVersion
00008a10   _DSK6713_init
00008d10   _DSK6713_rget
00008d24   _DSK6713_rset
8000a67a   _DSK6713_version
00008d38   _DSK6713_wait
00008d8c   _DSK6713_waitusec
00005854   _HOSTclock
00004d00   _HOSTclose
00005084   _HOSTlseek
00004b80   _HOSTopen
00004df4   _HOSTread
00005338   _HOSTrename
0000576c   _HOSTtime
000051e8   _HOSTunlink
00004f44   _HOSTwrite
0000c5e0   _IRQ_enable
0000c700   _IRQ_globalDisable
0000c720   _IRQ_globalEnable
0000a9e0   _IRQ_map
0000c740   _IRQ_nmiEnable
0000c620   _IRQ_reset
0000c100   _MCBSP_config
0000c760   _MCBSP_getXmtEventId
0000bb60   _MCBSP_open
0000c780   _MCBSP_read
0000ad20   _MCBSP_reset
0000c7a0   _MCBSP_rrdy
0000c1a0   _MCBSP_start
0000c7c0   _MCBSP_write
0000c7e0   _MCBSP_xrdy
000102d0   __CIOBUF_
8000af18   __IRQ_dispatchTable
8000ae54   __IRQ_eventTable
0000c800   __IRQ_hookFetchPacket
8000aed8   __IRQ_intTable
8000b1e8   __MCBSP_hDev0
8000b1ec   __MCBSP_hDev1
0000e920   __STACK_END
00002000   __STACK_SIZE
00000400   __SYSMEM_SIZE
ffffffff   ___TI_pprof_out_hndl
ffffffff   ___TI_prof_data_size
ffffffff   ___TI_prof_data_start
ffffffff   ___binit__
00000220   ___bss__
ffffffff   ___c_args__
0000f7d0   ___cinit__
00000220   ___end__
0000c920   ___etext__
ffffffff   ___pinit__
00000220   ___text__
0000c820   __addd
0000c840   __addf
0000b960   __auto_init
000076bc   __cleanup
8000b074   __cleanup_ptr
0000f590   __ctypes_
0000c860   __cvtdf
0000c880   __cvtfd
00009c00   __divd
00007b60   __divli
0000bec0   __divu
00007860   __divul
0000a39c   __doflush
8000b078   __dtors_ptr
0000bf80   __fixdli
0000c400   __fixfi
0000c480   __fltid
0000c500   __fltif
00009900   __frcdivd
8000a9ec   __ft_end
8000a67c   __ftable
8000b240   __lock
8000b248   __memory_size
0000c8a0   __mpyd
0000c8c0   __mpyf
0000c660   __nop
00000220   __printfi
0000a660   __rd_ok
0000c668   __register_lock
0000c67c   __register_unlock
00007aa4   __remli
000077a0   __remul
0000a480   __round
0000c920   __stack
0000bd20   __strasg
0000c900   __subf
0000fed0   __sys_memory
8000a8ac   __tmpnams
0000c6a0   __trunc
8000b244   __unlock
0000a720   __wrt_ok
0000a294   _abort
00003f60   _add_device
0000a1b8   _atexit
0000aea0   _atoi
0000624c   _block_dc
00006660   _c6713_dsk_init
0000c380   _c_int00
00006e20   _c_int11
000030a4   _calloc
000048b0   _close
8000a676   _col
8000a666   _column_index
00006780   _comm_intr
0000674c   _comm_poll
8000b10c   _config
00008e40   _cos
80000664   _data_buffer
00006300   _detect_envelope
00007c60   _ecvt
80000660   _envelope
8000b250   _errno
0000a080   _exit
0000b5c0   _fclose
000080e0   _fcvt
0000a2a0   _fflush
00005940   _fft
00006094   _filter_signal
000072e0   _fopen
0000b04c   _fputc
000085d4   _fputs
000034f0   _free
00007348   _freopen
80000000   _fs
0000ba60   _fseek
8000001a   _gain
000055cc   _getenv
0000e920   _h
8000b134   _hAIC23_handle
00006c88   _input_left_sample
00006d50   _input_right_sample
00006b84   _input_sample
80000004   _inputsource
0000b1a0   _ldexp
80000018   _loop
00004770   _lseek
0000b700   _ltoa
000063b8   _main
00002e9c   _malloc
000038a8   _memalign
0000c2e0   _memccpy
00009e40   _memcpy
0000b840   _memset
00002e34   _minit
0000bc40   _modf
000042c0   _open
8000a672   _output
000069c4   _output_left_sample
00006aa4   _output_right_sample
000068ac   _output_sample
8000001c   _output_signal
00005fb4   _playback
0000c040   _printf
8000a678   _program_control
0000b020   _putc
0000b030   _putchar
00008560   _puts
000044f4   _read
0000b3cc   _readmsg
00003160   _realloc
0000c8e0   _remove
000041f8   _remove_device
00004a60   _rename
8000a674   _row
8000a668   _row_index
8000a670   _sample_data
8000a66c   _samples_collected
0000a820   _setvbuf
8000a664   _signal_on
00009240   _sin
80000008   _sine_table
8000001e   _temp
000049c0   _unlink
00000020   _vector1
00000140   _vector10
00000180   _vector12
000001a0   _vector13
000001c0   _vector14
000001e0   _vector15
00000040   _vector2
00000060   _vector3
00000080   _vector4
000000a0   _vector5
000000c0   _vector6
000000e0   _vector7
00000100   _vector8
00000120   _vector9
00000000   _vectors
00004630   _write
0000b320   _writemsg
80000028   _x
80000020   _zero_count
80000024   _zero_count_flag
ffffffff   binit
0000f7d0   cinit
00000220   end
0000c920   etext
ffffffff   pinit


GLOBAL SYMBOLS: SORTED BY Symbol Address 

address    name
--------   ----
00000000   _vectors
00000020   _vector1
00000040   _vector2
00000060   _vector3
00000080   _vector4
000000a0   _vector5
000000c0   _vector6
000000e0   _vector7
00000100   _vector8
00000120   _vector9
00000140   _vector10
00000180   _vector12
000001a0   _vector13
000001c0   _vector14
000001e0   _vector15
00000220   $bss
00000220   .bss
00000220   .text
00000220   ___bss__
00000220   ___end__
00000220   ___text__
00000220   __printfi
00000220   end
00000400   __SYSMEM_SIZE
00002000   __STACK_SIZE
00002e34   _minit
00002e9c   _malloc
000030a4   _calloc
00003160   _realloc
000034f0   _free
000038a8   _memalign
00003f60   _add_device
000041f8   _remove_device
000042c0   _open
000044f4   _read
00004630   _write
00004770   _lseek
000048b0   _close
000049c0   _unlink
00004a60   _rename
00004b80   _HOSTopen
00004d00   _HOSTclose
00004df4   _HOSTread
00004f44   _HOSTwrite
00005084   _HOSTlseek
000051e8   _HOSTunlink
00005338   _HOSTrename
000055cc   _getenv
0000576c   _HOSTtime
00005854   _HOSTclock
00005940   _fft
00005fb4   _playback
00006094   _filter_signal
0000624c   _block_dc
00006300   _detect_envelope
000063b8   _main
00006660   _c6713_dsk_init
0000674c   _comm_poll
00006780   _comm_intr
000068ac   _output_sample
000069c4   _output_left_sample
00006aa4   _output_right_sample
00006b84   _input_sample
00006c88   _input_left_sample
00006d50   _input_right_sample
00006e20   _c_int11
000072e0   _fopen
00007348   _freopen
000076bc   __cleanup
000077a0   __remul
00007860   __divul
00007aa4   __remli
00007b60   __divli
00007c60   _ecvt
000080e0   _fcvt
00008560   _puts
000085d4   _fputs
00008a10   _DSK6713_init
00008d10   _DSK6713_rget
00008d24   _DSK6713_rset
00008d38   _DSK6713_wait
00008d8c   _DSK6713_waitusec
00008db8   _DSK6713_getVersion
00008e40   _cos
00009240   _sin
00009600   _DSK6713_AIC23_openCodec
00009900   __frcdivd
00009c00   __divd
00009e40   _memcpy
0000a080   _exit
0000a1b8   _atexit
0000a294   C$$EXIT
0000a294   _abort
0000a2a0   _fflush
0000a39c   __doflush
0000a480   __round
0000a660   __rd_ok
0000a720   __wrt_ok
0000a820   _setvbuf
0000a9e0   _IRQ_map
0000ab80   _DSK6713_LED_init
0000aba8   _DSK6713_LED_off
0000ac10   _DSK6713_LED_on
0000ac74   _DSK6713_LED_toggle
0000ad20   _MCBSP_reset
0000aea0   _atoi
0000b020   _putc
0000b030   _putchar
0000b04c   _fputc
0000b1a0   _ldexp
0000b320   _writemsg
0000b3c0   C$$IO$$
0000b3cc   _readmsg
0000b480   _DSK6713_AIC23_rset
0000b51c   _DSK6713_AIC23_rget
0000b540   _DSK6713_AIC23_config
0000b5c0   _fclose
0000b700   _ltoa
0000b840   _memset
0000b960   __auto_init
0000ba60   _fseek
0000bb60   _MCBSP_open
0000bc40   _modf
0000bd20   __strasg
0000be00   _DSK6713_AIC23_setFreq
0000bec0   __divu
0000bf80   __fixdli
0000c040   _printf
0000c100   _MCBSP_config
0000c1a0   _MCBSP_start
0000c2e0   _memccpy
0000c380   _c_int00
0000c400   __fixfi
0000c480   __fltid
0000c500   __fltif
0000c580   _DSK6713_DIP_init
0000c588   _DSK6713_DIP_get
0000c5e0   _IRQ_enable
0000c620   _IRQ_reset
0000c660   __nop
0000c668   __register_lock
0000c67c   __register_unlock
0000c6a0   __trunc
0000c700   _IRQ_globalDisable
0000c720   _IRQ_globalEnable
0000c740   _IRQ_nmiEnable
0000c760   _MCBSP_getXmtEventId
0000c780   _MCBSP_read
0000c7a0   _MCBSP_rrdy
0000c7c0   _MCBSP_write
0000c7e0   _MCBSP_xrdy
0000c800   __IRQ_hookFetchPacket
0000c820   __addd
0000c840   __addf
0000c860   __cvtdf
0000c880   __cvtfd
0000c8a0   __mpyd
0000c8c0   __mpyf
0000c8e0   _remove
0000c900   __subf
0000c920   ___etext__
0000c920   __stack
0000c920   etext
0000e920   __STACK_END
0000e920   _h
0000f590   __ctypes_
0000f7d0   ___cinit__
0000f7d0   cinit
0000fed0   __sys_memory
000102d0   __CIOBUF_
80000000   _fs
80000004   _inputsource
80000008   _sine_table
80000018   _loop
8000001a   _gain
8000001c   _output_signal
8000001e   _temp
80000020   _zero_count
80000024   _zero_count_flag
80000028   _x
80000660   _envelope
80000664   _data_buffer
8000a664   _signal_on
8000a666   _column_index
8000a668   _row_index
8000a66c   _samples_collected
8000a670   _sample_data
8000a672   _output
8000a674   _row
8000a676   _col
8000a678   _program_control
8000a67a   _DSK6713_version
8000a67c   __ftable
8000a8ac   __tmpnams
8000a9ec   __ft_end
8000ae54   __IRQ_eventTable
8000aed8   __IRQ_intTable
8000af18   __IRQ_dispatchTable
8000b074   __cleanup_ptr
8000b078   __dtors_ptr
8000b0e0   _AIC_data
8000b0ec   _AIC23CfgData
8000b10c   _config
8000b134   _hAIC23_handle
8000b1e8   __MCBSP_hDev0
8000b1ec   __MCBSP_hDev1
8000b238   _DSK6713_AIC23_codeccontrolhandle
8000b23c   _DSK6713_AIC23_codecdatahandle
8000b240   __lock
8000b244   __unlock
8000b248   __memory_size
8000b250   _errno
ffffffff   ___TI_pprof_out_hndl
ffffffff   ___TI_prof_data_size
ffffffff   ___TI_prof_data_start
ffffffff   ___binit__
ffffffff   ___c_args__
ffffffff   ___pinit__
ffffffff   binit
ffffffff   pinit

[220 symbols]
