******************************************************************************
               TMS320C6x Linker PC v7.3.1                      
******************************************************************************
>> Linked Wed Apr 04 12:24:08 2012

OUTPUT FILE NAME:   <TheGatorKator.out>
ENTRY POINT SYMBOL: "_c_int00"  address: 0001ed20


MEMORY CONFIGURATION

         name            origin    length      used     unused   attr    fill
----------------------  --------  ---------  --------  --------  ----  --------
  IVECS                 00000000   00000220  00000000  00000220  RWIX
  IRAM                  00000220   0002fde0  0002189a  0000e546  RWIX
  SDRAM                 80000000   01000000  000bb5f8  00f44a08  RWIX
  FLASH                 90000000   00020000  00000000  00020000  RWIX


SECTION ALLOCATION MAP

 output                                  attributes/
section   page    origin      length       input sections
--------  ----  ----------  ----------   ----------------
$BRID      0    00000000    000007fc     COPY SECTION
                  00000000    00000078     csl6713.lib : csl_irq.obj ($BRID)
                  00000078    0000007c                 : csl_mcbsp.obj ($BRID)
                  000000f4    00000054     dsk6713bsl.lib : dsk6713.obj ($BRID)
                  00000148    00000024                    : dsk6713_aic23_opencodec.obj ($BRID)
                  0000016c    00000014                    : dsk6713_aic23_registers.obj ($BRID)
                  00000180    0000000c                    : dsk6713_aic23_setfreq.obj ($BRID)
                  0000018c    0000000c                    : dsk6713_dip.obj ($BRID)
                  00000198    00000030                    : dsk6713_led.obj ($BRID)
                  000001c8    00000004     rts6700.lib : addd.obj ($BRID)
                  000001cc    00000004                 : addf.obj ($BRID)
                  000001d0    0000000c                 : boot.obj ($BRID)
                  000001dc    00000008                 : ceil.obj ($BRID)
                  000001e4    0000001c                 : cmpf.obj ($BRID)
                  00000200    00000014                 : cos.obj ($BRID)
                  00000214    00000004                 : cvtdf.obj ($BRID)
                  00000218    00000004                 : cvtfd.obj ($BRID)
                  0000021c    00000008                 : divd.obj ($BRID)
                  00000224    00000008                 : divf.obj ($BRID)
                  0000022c    00000028                 : exit.obj ($BRID)
                  00000254    00000004                 : fixdi.obj ($BRID)
                  00000258    0000000c                 : fixfi.obj ($BRID)
                  00000264    00000008                 : floor.obj ($BRID)
                  0000026c    00000004                 : fltid.obj ($BRID)
                  00000270    00000008                 : fltif.obj ($BRID)
                  00000278    00000004                 : frcdivd.obj ($BRID)
                  0000027c    00000004                 : frcdivf.obj ($BRID)
                  00000280    00000004                 : modf.obj ($BRID)
                  00000284    00000004                 : mpyd.obj ($BRID)
                  00000288    00000004                 : mpyf.obj ($BRID)
                  0000028c    00000018                 : printf.obj ($BRID)
                  000002a4    00000018                 : round.obj ($BRID)
                  000002bc    00000014                 : sin.obj ($BRID)
                  000002d0    00000014                 : sprintf.obj ($BRID)
                  000002e4    0000000c                 : sqrt.obj ($BRID)
                  000002f0    00000004                 : strasg.obj ($BRID)
                  000002f4    00000004                 : subd.obj ($BRID)
                  000002f8    00000004                 : subf.obj ($BRID)
                  000002fc    00000008                 : trunc.obj ($BRID)
                  00000304    0000000c                 : _lock.obj ($BRID)
                  00000310    0000011c                 : _printfi.obj ($BRID)
                  0000042c    00000004                 : atoi.obj ($BRID)
                  00000430    0000000c                 : autoinit.obj ($BRID)
                  0000043c    00000004                 : divu.obj ($BRID)
                  00000440    00000010                 : ecvt.obj ($BRID)
                  00000450    00000010                 : fcvt.obj ($BRID)
                  00000460    00000004                 : fixdli.obj ($BRID)
                  00000464    00000020                 : fputc.obj ($BRID)
                  00000484    00000020                 : fputs.obj ($BRID)
                  000004a4    00000004                 : frexp.obj ($BRID)
                  000004a8    0000001c                 : imath40.obj ($BRID)
                  000004c4    00000004                 : ldexp.obj ($BRID)
                  000004c8    000000e0                 : lowlev.obj ($BRID)
                  000005a8    00000010                 : ltoa.obj ($BRID)
                  000005b8    00000008                 : memccpy.obj ($BRID)
                  000005c0    0000000c                 : memcpy62.obj ($BRID)
                  000005cc    000000c8                 : memory.obj ($BRID)
                  00000694    00000004                 : memset.obj ($BRID)
                  00000698    000000c8                 : trgdrv.obj ($BRID)
                  00000760    0000000c                 : trgmsg.obj ($BRID)
                  0000076c    00000014                 : _io_perm.obj ($BRID)
                  00000780    00000014                 : fflush.obj ($BRID)
                  00000794    0000000c                 : fseek.obj ($BRID)
                  000007a0    0000000c                 : setvbuf.obj ($BRID)
                  000007ac    00000034                 : fopen.obj ($BRID)
                  000007e0    00000014                 : fclose.obj ($BRID)
                  000007f4    00000008                 : remove.obj ($BRID)

.bss       0    00000220    00000000     UNINITIALIZED

.cinit     0    00000220    00010a4c     
                  00000220    00010328     gator_kator.obj (.cinit)
                  00010548    00000244     rts6700.lib : defs.obj (.cinit)
                  0001078c    00000004     --HOLE-- [fill = 0]
                  00010790    0000012c     csl6713.lib : csl_irq.obj (.cinit)
                  000108bc    00000004     --HOLE-- [fill = 0]
                  000108c0    000000ca     emif_lcd.obj (.cinit)
                  0001098a    00000006     --HOLE-- [fill = 0]
                  00010990    0000005c     rts6700.lib : lowlev.obj (.cinit)
                  000109ec    00000004     --HOLE-- [fill = 0]
                  000109f0    00000058     c6713dskinit.obj (.cinit)
                  00010a48    00000054     csl6713.lib : csl_mcbsp.obj (.cinit)
                  00010a9c    00000004     --HOLE-- [fill = 0]
                  00010aa0    00000048     rts6700.lib : cos.obj (.cinit)
                  00010ae8    00000048                 : sin.obj (.cinit)
                  00010b30    00000030     dsk6713bsl.lib : dsk6713_aic23_registers.obj (.cinit)
                  00010b60    0000002c     frame_and_filter.obj (.cinit)
                  00010b8c    00000004     --HOLE-- [fill = 0]
                  00010b90    0000002c     rts6700.lib : exit.obj (.cinit)
                  00010bbc    00000004     --HOLE-- [fill = 0]
                  00010bc0    00000028     dsk6713bsl.lib : dsk6713_aic23_setfreq.obj (.cinit)
                  00010be8    0000001c     rts6700.lib : _lock.obj (.cinit)
                  00010c04    00000004     --HOLE-- [fill = 0]
                  00010c08    0000001c                 : sysmem.obj (.cinit)
                  00010c24    00000004     --HOLE-- [fill = 0]
                  00010c28    0000000c     detect_envelope.obj (.cinit)
                  00010c34    00000004     --HOLE-- [fill = 0]
                  00010c38    0000000c     rts6700.lib : errno.obj (.cinit)
                  00010c44    00000004     --HOLE-- [fill = 0]
                  00010c48    0000000c                 : memory.obj (.cinit)
                  00010c54    00000004     --HOLE-- [fill = 0]
                  00010c58    0000000c     xcorr.obj (.cinit)
                  00010c64    00000004     --HOLE-- [fill = 0]
                  00010c68    00000004     (.pad.cinit) [fill = 0]

.text      0    00010c80    0000e780     
                  00010c80    00002a00     rts6700.lib : _printfi.obj (.text)
                  00013680    00001020                 : memory.obj (.text)
                  000146a0    00000f40                 : lowlev.obj (.text)
                  000155e0    00000dc0                 : trgdrv.obj (.text)
                  000163a0    000008c0     gator_kator.obj (.text)
                  00016c60    000007c0     c6713dskinit.obj (.text)
                  00017420    00000780     xcorr.obj (.text)
                  00017ba0    000006a0     fft.obj (.text)
                  00018240    000004c0     rts6700.lib : fopen.obj (.text)
                  00018700    000004c0                 : imath40.obj (.text)
                  00018bc0    00000480                 : ecvt.obj (.text)
                  00019040    00000480                 : fcvt.obj (.text)
                  000194c0    00000480                 : fputs.obj (.text)
                  00019940    00000460     dsk6713bsl.lib : dsk6713.obj (.text)
                  00019da0    00000400     rts6700.lib : cos.obj (.text)
                  0001a1a0    000003e0     emif_lcd.obj (.text)
                  0001a580    000003c0     rts6700.lib : sin.obj (.text)
                  0001a940    000003a0     utils.obj (.text)
                  0001ace0    00000300     dsk6713bsl.lib : dsk6713_aic23_opencodec.obj (.text)
                  0001afe0    00000300     rts6700.lib : frcdivd.obj (.text)
                  0001b2e0    000002a0                 : sqrt.obj (.text)
                  0001b580    00000240                 : divd.obj (.text)
                  0001b7c0    00000240                 : memcpy62.obj (.text)
                  0001ba00    00000220                 : exit.obj (.text)
                  0001bc20    000001e0                 : fflush.obj (.text)
                  0001be00    000001e0                 : round.obj (.text)
                  0001bfe0    000001c0     power_spectrum.obj (.text)
                  0001c1a0    000001c0     rts6700.lib : _io_perm.obj (.text)
                  0001c360    000001c0                 : setvbuf.obj (.text)
                  0001c520    000001a0     csl6713.lib : csl_irq.obj (.text:_IRQ_map)
                  0001c6c0    000001a0     dsk6713bsl.lib : dsk6713_led.obj (.text)
                  0001c860    000001a0     find_max.obj (.text)
                  0001ca00    00000180     csl6713.lib : csl_mcbsp.obj (.text:_MCBSP_reset)
                  0001cb80    00000180     frame_and_filter.obj (.text)
                  0001cd00    00000180     rts6700.lib : atoi.obj (.text)
                  0001ce80    00000180                 : divf.obj (.text)
                  0001d000    00000180                 : fputc.obj (.text)
                  0001d180    00000180                 : ldexp.obj (.text)
                  0001d300    00000160                 : sprintf.obj (.text)
                  0001d460    00000160                 : trgmsg.obj (.text)
                  0001d5c0    00000140     dsk6713bsl.lib : dsk6713_aic23_registers.obj (.text)
                  0001d700    00000140     fir_filter.obj (.text)
                  0001d840    00000140     rts6700.lib : fclose.obj (.text)
                  0001d980    00000140                 : frexp.obj (.text)
                  0001dac0    00000140                 : ltoa.obj (.text)
                  0001dc00    00000120                 : memset.obj (.text)
                  0001dd20    00000100     copy_to_struct.obj (.text)
                  0001de20    00000100     normalize_real.obj (.text)
                  0001df20    00000100     rts6700.lib : autoinit.obj (.text)
                  0001e020    00000100                 : frcdivf.obj (.text)
                  0001e120    00000100                 : fseek.obj (.text)
                  0001e220    000000e0     csl6713.lib : csl_mcbsp.obj (.text:_MCBSP_open)
                  0001e300    000000e0     rts6700.lib : modf.obj (.text)
                  0001e3e0    000000e0                 : strasg.obj (.text)
                  0001e4c0    000000c0     block_dc.obj (.text)
                  0001e580    000000c0     detect_envelope.obj (.text)
                  0001e640    000000c0     dsk6713bsl.lib : dsk6713_aic23_setfreq.obj (.text)
                  0001e700    000000c0     rts6700.lib : divu.obj (.text)
                  0001e7c0    000000c0                 : fixdi.obj (.text)
                  0001e880    000000c0                 : fixdli.obj (.text)
                  0001e940    000000c0                 : printf.obj (.text)
                  0001ea00    000000a0     csl6713.lib : csl_mcbsp.obj (.text:_MCBSP_config)
                  0001eaa0    000000a0                 : csl_mcbsp.obj (.text:_MCBSP_start)
                  0001eb40    000000a0                 : csl_irq.obj (.text:_setMux)
                  0001ebe0    000000a0     find_distance.obj (.text)
                  0001ec80    000000a0     rts6700.lib : memccpy.obj (.text)
                  0001ed20    00000080                 : boot.obj (.text)
                  0001eda0    00000080                 : cmpf.obj (.text)
                  0001ee20    00000080                 : fixfi.obj (.text)
                  0001eea0    00000080                 : fltid.obj (.text)
                  0001ef20    00000080                 : fltif.obj (.text)
                  0001efa0    00000060     dsk6713bsl.lib : dsk6713_dip.obj (.text)
                  0001f000    00000060     rts6700.lib : ceil.obj (.text)
                  0001f060    00000060                 : floor.obj (.text)
                  0001f0c0    00000040     csl6713.lib : csl_irq.obj (.text:_IRQ_enable)
                  0001f100    00000040                 : csl_irq.obj (.text:_IRQ_reset)
                  0001f140    00000040     rts6700.lib : _lock.obj (.text)
                  0001f180    00000040                 : trunc.obj (.text)
                  0001f1c0    00000020     csl6713.lib : csl_irq.obj (.text:_IRQ_globalDisable)
                  0001f1e0    00000020                 : csl_irq.obj (.text:_IRQ_globalEnable)
                  0001f200    00000020                 : csl_irq.obj (.text:_IRQ_nmiEnable)
                  0001f220    00000020                 : csl_mcbsp.obj (.text:_MCBSP_getXmtEventId)
                  0001f240    00000020                 : csl_mcbsp.obj (.text:_MCBSP_read)
                  0001f260    00000020                 : csl_mcbsp.obj (.text:_MCBSP_rrdy)
                  0001f280    00000020                 : csl_mcbsp.obj (.text:_MCBSP_write)
                  0001f2a0    00000020                 : csl_mcbsp.obj (.text:_MCBSP_xrdy)
                  0001f2c0    00000020                 : csl_irq.obj (.text)
                  0001f2e0    00000020     rts6700.lib : addd.obj (.text)
                  0001f300    00000020                 : addf.obj (.text)
                  0001f320    00000020                 : cvtdf.obj (.text)
                  0001f340    00000020                 : cvtfd.obj (.text)
                  0001f360    00000020                 : mpyd.obj (.text)
                  0001f380    00000020                 : mpyf.obj (.text)
                  0001f3a0    00000020                 : remove.obj (.text)
                  0001f3c0    00000020                 : subd.obj (.text)
                  0001f3e0    00000020                 : subf.obj (.text)

.stack     0    0001f400    00002000     UNINITIALIZED
                  0001f400    00000008     rts6700.lib : boot.obj (.stack)
                  0001f408    00001ff8     --HOLE--

.sysmem    0    00021400    00000400     UNINITIALIZED
                  00021400    00000400     --HOLE--

.const     0    00021800    000001ae     
                  00021800    00000101     rts6700.lib : ctype.obj (.const)
                  00021901    00000002                 : fputs.obj (.const)
                  00021903    00000001     --HOLE-- [fill = 0]
                  00021904    00000040     dsk6713bsl.lib : dsk6713_aic23_opencodec.obj (.const)
                  00021944    0000002a     rts6700.lib : _printfi.obj (.const)
                  0002196e    00000002     --HOLE-- [fill = 0]
                  00021970    00000020     dsk6713bsl.lib : dsk6713.obj (.const)
                  00021990    00000018     gator_kator.obj (.const)
                  000219a8    00000003     gator_kator.obj (.const:_$P$T1$2)
                  000219ab    00000001     --HOLE-- [fill = 0]
                  000219ac    00000002     gator_kator.obj (.const:_$P$T0$1)

.cio       0    000219b0    00000120     UNINITIALIZED
                  000219b0    00000120     rts6700.lib : trgmsg.obj (.cio)

.EXTRAM    0    80000000    000ba328     
                  80000000    000b9ff8     gator_kator.obj (.EXTRAM) [fill = 0]
                  800b9ff8    00000330     fir_filter.obj (.EXTRAM)

.far       0    800ba328    000012d0     UNINITIALIZED
                  800ba328    00000374     rts6700.lib : defs.obj (.far)
                  800ba69c    00000330     fir_filter.obj (.far)
                  800ba9cc    000002a0     gator_kator.obj (.far)
                  800bac6c    00000190     rts6700.lib : _printfi.obj (.far)
                  800badfc    00000190                 : fcvt.obj (.far)
                  800baf8c    0000011c                 : lowlev.obj (.far)
                  800bb0a8    000000f4     csl6713.lib : csl_irq.obj (.far)
                  800bb19c    000000d4     emif_lcd.obj (.far)
                  800bb270    000000d0     rts6700.lib : trgdrv.obj (.far)
                  800bb340    0000008c                 : exit.obj (.far)
                  800bb3cc    00000064                 : ecvt.obj (.far)
                  800bb430    00000058     c6713dskinit.obj (.far)
                  800bb488    00000040     rts6700.lib : cos.obj (.far)
                  800bb4c8    00000040                 : sin.obj (.far)
                  800bb508    00000040     xcorr.obj (.far)
                  800bb548    00000038     csl6713.lib : csl_mcbsp.obj (.far)
                  800bb580    00000028     dsk6713bsl.lib : dsk6713_aic23_registers.obj (.far)
                  800bb5a8    00000020                    : dsk6713_aic23_setfreq.obj (.far)
                  800bb5c8    0000000c     frame_and_filter.obj (.far)
                  800bb5d4    00000008     dsk6713bsl.lib : dsk6713_aic23_opencodec.obj (.far)
                  800bb5dc    00000008     rts6700.lib : _lock.obj (.far)
                  800bb5e4    00000008                 : memory.obj (.far)
                  800bb5ec    00000004     detect_envelope.obj (.far)
                  800bb5f0    00000004     rts6700.lib : errno.obj (.far)
                  800bb5f4    00000002     dsk6713bsl.lib : dsk6713.obj (.far)
                  800bb5f6    00000002                    : dsk6713_led.obj (.far)


GLOBAL SYMBOLS: SORTED ALPHABETICALLY BY Name 

address    name
--------   ----
00000220   $bss
00000220   .bss
00010c80   .text
0001bc14   C$$EXIT
0001d500   C$$IO$$
800bb43c   _AIC23CfgData
800bb438   _AIC_data
800bb5d4   _DSK6713_AIC23_codeccontrolhandle
800bb5d8   _DSK6713_AIC23_codecdatahandle
0001d680   _DSK6713_AIC23_config
0001ace0   _DSK6713_AIC23_openCodec
0001d65c   _DSK6713_AIC23_rget
0001d5c0   _DSK6713_AIC23_rset
0001e640   _DSK6713_AIC23_setFreq
0001efa8   _DSK6713_DIP_get
0001efa0   _DSK6713_DIP_init
0001c6c0   _DSK6713_LED_init
0001c6e8   _DSK6713_LED_off
0001c750   _DSK6713_LED_on
0001c7b4   _DSK6713_LED_toggle
00019d18   _DSK6713_getVersion
00019970   _DSK6713_init
00019c70   _DSK6713_rget
00019c84   _DSK6713_rset
800bb5f4   _DSK6713_version
00019c98   _DSK6713_wait
00019cec   _DSK6713_waitusec
000162b4   _HOSTclock
00015760   _HOSTclose
00015ae4   _HOSTlseek
000155e0   _HOSTopen
00015854   _HOSTread
00015d98   _HOSTrename
000161cc   _HOSTtime
00015c48   _HOSTunlink
000159a4   _HOSTwrite
0001f0c0   _IRQ_enable
0001f1c0   _IRQ_globalDisable
0001f1e0   _IRQ_globalEnable
0001c520   _IRQ_map
0001f200   _IRQ_nmiEnable
0001f100   _IRQ_reset
0001a450   _LCD_PUT_CHAR
0001a3b4   _LCD_PUT_CMD
0001ea00   _MCBSP_config
0001f220   _MCBSP_getXmtEventId
0001e220   _MCBSP_open
0001f240   _MCBSP_read
0001ca00   _MCBSP_reset
0001f260   _MCBSP_rrdy
0001eaa0   _MCBSP_start
0001f280   _MCBSP_write
0001f2a0   _MCBSP_xrdy
000219b0   __CIOBUF_
800bb194   __IRQ_dispatchTable
800bb0d0   __IRQ_eventTable
0001f2c0   __IRQ_hookFetchPacket
800bb154   __IRQ_intTable
800bb578   __MCBSP_hDev0
800bb57c   __MCBSP_hDev1
00021400   __STACK_END
00002000   __STACK_SIZE
00000400   __SYSMEM_SIZE
ffffffff   ___TI_pprof_out_hndl
ffffffff   ___TI_prof_data_size
ffffffff   ___TI_prof_data_start
ffffffff   ___binit__
00000220   ___bss__
ffffffff   ___c_args__
00000220   ___cinit__
00000220   ___end__
0001f400   ___etext__
ffffffff   ___pinit__
00010c80   ___text__
0001f2e0   __addd
0001f300   __addf
0001df20   __auto_init
0001861c   __cleanup
800bb3c4   __cleanup_ptr
0001eda0   __cmpf
00021800   __ctypes_
0001f320   __cvtdf
0001f340   __cvtfd
0001b580   __divd
0001ce80   __divf
00018ac0   __divli
0001e700   __divu
000187c0   __divul
0001bd1c   __doflush
800bb3c8   __dtors_ptr
0001edb8   __eqlf
0001e7c0   __fixdi
0001e880   __fixdli
0001ee20   __fixfi
0001eea0   __fltid
0001ef20   __fltif
0001afe0   __frcdivd
0001e020   __frcdivf
800ba698   __ft_end
800ba328   __ftable
0001edfc   __geqf
0001ede0   __gtrf
0001edec   __leqf
800bb5dc   __lock
0001edd4   __lssf
800bb5e4   __memory_size
0001f360   __mpyd
0001f380   __mpyf
0001edc4   __neqf
0001f140   __nop
00010c80   __printfi
0001c1a0   __rd_ok
0001f148   __register_lock
0001f15c   __register_unlock
00018a04   __remli
00018700   __remul
0001be00   __round
0001f400   __stack
0001e3e0   __strasg
0001f3c0   __subd
0001f3e0   __subf
00021400   __sys_memory
800ba558   __tmpnams
0001f180   __trunc
800bb5e0   __unlock
0001c260   __wrt_ok
0001bc14   _abort
000149c0   _add_device
0001bb38   _atexit
0001cd00   _atoi
800bb1ac   _bandage
0001e4c0   _block_dc
800bb22c   _botrow
00016c60   _c6713_dsk_init
0001ed20   _c_int00
800bb5d0   _call_count
00013b04   _calloc
0001f000   _ceil
00015310   _close
800baa2c   _collecting_bot
800ba9ec   _collecting_top
800bb26e   _colselect
00016d80   _comm_intr
00016d4c   _comm_poll
800bb45c   _config
0001dd20   _copy_to_struct
00019da0   _cos
800bb510   _delay
0001a4e0   _delay_lcd
800bb540   _denom
0001e580   _detect_envelope
800bab2c   _distance_bot
80030000   _distance_corr_buffer
800baaec   _distance_top
00018bc0   _ecvt
800bb5ec   _envelope
800bb5f0   _errno
0001ba00   _exit
0001d840   _fclose
00019040   _fcvt
0001bc20   _fflush
00017ba0   _fft
0001d700   _filter_signal
0001ebe0   _find_distance
0001c860   _find_max
0001f060   _floor
00018240   _fopen
0001d02c   _fputc
00019534   _fputs
0001cb80   _frame_and_filter
00013f50   _free
000182a8   _freopen
0001d980   _frexp
800ba9cc   _fs
0001e120   _fseek
0001602c   _getenv
800b9ff8   _h
800bb484   _hAIC23_handle
800bb508   _i
0001a328   _init_LCD
0001a9b8   _init_buffer
800bb1a4   _input
80010000   _input_left_buffer
00017288   _input_left_sample
80020000   _input_right_buffer
00017350   _input_right_sample
00017184   _input_sample
800ba9d0   _inputsource
800bb1a0   _ioport
800bb50c   _j
800ba9e8   _lcd_control
0001a55c   _lcd_test
0001d180   _ldexp
800ba9d4   _left_signal_status
000151d0   _lseek
0001dac0   _ltoa
000163a0   _main
000138fc   _malloc
800babac   _match_bot
80031ffc   _match_corr_buffer
800bac2c   _match_percent_bot
800babec   _match_percent_top
800bab6c   _match_top
00014308   _memalign
0001ec80   _memccpy
0001b7c0   _memcpy
0001dc00   _memset
00013894   _minit
0001e300   _modf
800bb518   _mx
800bb520   _my
0001de20   _normalize_real
00014d20   _open
800bb19c   _output
800bb1a8   _output1
00016fc4   _output_left_sample
000170a4   _output_right_sample
00016eac   _output_sample
0001a940   _playback
0001bfe0   _power_spectrum
0001e940   _printf
800ba9e4   _program_control
0001d000   _putc
0001d010   _putchar
000194c0   _puts
00014f54   _read
0001d50c   _readmsg
80039ff8   _real_data_buffer
00013bc0   _realloc
0001f3a0   _remove
00014c58   _remove_device
000154c0   _rename
0001ab3c   _reset_leds
800ba9d8   _right_signal_status
800ba9e0   _row_ind
800bb5cc   _row_index
800bb26c   _rowselect
0001a23c   _send_LCD_characters
0001a1a0   _set_LCD_characters
0001ab94   _set_leds
0001c360   _setvbuf
800baaac   _signal_detected_bot
800baa6c   _signal_detected_top
800bb5c8   _signal_on
800ba9dc   _signal_status
0001a580   _sin
80000000   _soi
80079ff8   _soi_data_buffer
0001d300   _sprintf
0001b2e0   _sqrt
800bb528   _sx
800bb538   _sxy
800bb530   _sy
0001abec   _toggle
800bb1ec   _toprow
00015420   _unlink
00015090   _write
0001d460   _writemsg
800ba69c   _x
00017420   _xcorr
ffffffff   binit
00000220   cinit
00000220   end
0001f400   etext
ffffffff   pinit


GLOBAL SYMBOLS: SORTED BY Symbol Address 

address    name
--------   ----
00000220   $bss
00000220   .bss
00000220   ___bss__
00000220   ___cinit__
00000220   ___end__
00000220   cinit
00000220   end
00000400   __SYSMEM_SIZE
00002000   __STACK_SIZE
00010c80   .text
00010c80   ___text__
00010c80   __printfi
00013894   _minit
000138fc   _malloc
00013b04   _calloc
00013bc0   _realloc
00013f50   _free
00014308   _memalign
000149c0   _add_device
00014c58   _remove_device
00014d20   _open
00014f54   _read
00015090   _write
000151d0   _lseek
00015310   _close
00015420   _unlink
000154c0   _rename
000155e0   _HOSTopen
00015760   _HOSTclose
00015854   _HOSTread
000159a4   _HOSTwrite
00015ae4   _HOSTlseek
00015c48   _HOSTunlink
00015d98   _HOSTrename
0001602c   _getenv
000161cc   _HOSTtime
000162b4   _HOSTclock
000163a0   _main
00016c60   _c6713_dsk_init
00016d4c   _comm_poll
00016d80   _comm_intr
00016eac   _output_sample
00016fc4   _output_left_sample
000170a4   _output_right_sample
00017184   _input_sample
00017288   _input_left_sample
00017350   _input_right_sample
00017420   _xcorr
00017ba0   _fft
00018240   _fopen
000182a8   _freopen
0001861c   __cleanup
00018700   __remul
000187c0   __divul
00018a04   __remli
00018ac0   __divli
00018bc0   _ecvt
00019040   _fcvt
000194c0   _puts
00019534   _fputs
00019970   _DSK6713_init
00019c70   _DSK6713_rget
00019c84   _DSK6713_rset
00019c98   _DSK6713_wait
00019cec   _DSK6713_waitusec
00019d18   _DSK6713_getVersion
00019da0   _cos
0001a1a0   _set_LCD_characters
0001a23c   _send_LCD_characters
0001a328   _init_LCD
0001a3b4   _LCD_PUT_CMD
0001a450   _LCD_PUT_CHAR
0001a4e0   _delay_lcd
0001a55c   _lcd_test
0001a580   _sin
0001a940   _playback
0001a9b8   _init_buffer
0001ab3c   _reset_leds
0001ab94   _set_leds
0001abec   _toggle
0001ace0   _DSK6713_AIC23_openCodec
0001afe0   __frcdivd
0001b2e0   _sqrt
0001b580   __divd
0001b7c0   _memcpy
0001ba00   _exit
0001bb38   _atexit
0001bc14   C$$EXIT
0001bc14   _abort
0001bc20   _fflush
0001bd1c   __doflush
0001be00   __round
0001bfe0   _power_spectrum
0001c1a0   __rd_ok
0001c260   __wrt_ok
0001c360   _setvbuf
0001c520   _IRQ_map
0001c6c0   _DSK6713_LED_init
0001c6e8   _DSK6713_LED_off
0001c750   _DSK6713_LED_on
0001c7b4   _DSK6713_LED_toggle
0001c860   _find_max
0001ca00   _MCBSP_reset
0001cb80   _frame_and_filter
0001cd00   _atoi
0001ce80   __divf
0001d000   _putc
0001d010   _putchar
0001d02c   _fputc
0001d180   _ldexp
0001d300   _sprintf
0001d460   _writemsg
0001d500   C$$IO$$
0001d50c   _readmsg
0001d5c0   _DSK6713_AIC23_rset
0001d65c   _DSK6713_AIC23_rget
0001d680   _DSK6713_AIC23_config
0001d700   _filter_signal
0001d840   _fclose
0001d980   _frexp
0001dac0   _ltoa
0001dc00   _memset
0001dd20   _copy_to_struct
0001de20   _normalize_real
0001df20   __auto_init
0001e020   __frcdivf
0001e120   _fseek
0001e220   _MCBSP_open
0001e300   _modf
0001e3e0   __strasg
0001e4c0   _block_dc
0001e580   _detect_envelope
0001e640   _DSK6713_AIC23_setFreq
0001e700   __divu
0001e7c0   __fixdi
0001e880   __fixdli
0001e940   _printf
0001ea00   _MCBSP_config
0001eaa0   _MCBSP_start
0001ebe0   _find_distance
0001ec80   _memccpy
0001ed20   _c_int00
0001eda0   __cmpf
0001edb8   __eqlf
0001edc4   __neqf
0001edd4   __lssf
0001ede0   __gtrf
0001edec   __leqf
0001edfc   __geqf
0001ee20   __fixfi
0001eea0   __fltid
0001ef20   __fltif
0001efa0   _DSK6713_DIP_init
0001efa8   _DSK6713_DIP_get
0001f000   _ceil
0001f060   _floor
0001f0c0   _IRQ_enable
0001f100   _IRQ_reset
0001f140   __nop
0001f148   __register_lock
0001f15c   __register_unlock
0001f180   __trunc
0001f1c0   _IRQ_globalDisable
0001f1e0   _IRQ_globalEnable
0001f200   _IRQ_nmiEnable
0001f220   _MCBSP_getXmtEventId
0001f240   _MCBSP_read
0001f260   _MCBSP_rrdy
0001f280   _MCBSP_write
0001f2a0   _MCBSP_xrdy
0001f2c0   __IRQ_hookFetchPacket
0001f2e0   __addd
0001f300   __addf
0001f320   __cvtdf
0001f340   __cvtfd
0001f360   __mpyd
0001f380   __mpyf
0001f3a0   _remove
0001f3c0   __subd
0001f3e0   __subf
0001f400   ___etext__
0001f400   __stack
0001f400   etext
00021400   __STACK_END
00021400   __sys_memory
00021800   __ctypes_
000219b0   __CIOBUF_
80000000   _soi
80010000   _input_left_buffer
80020000   _input_right_buffer
80030000   _distance_corr_buffer
80031ffc   _match_corr_buffer
80039ff8   _real_data_buffer
80079ff8   _soi_data_buffer
800b9ff8   _h
800ba328   __ftable
800ba558   __tmpnams
800ba698   __ft_end
800ba69c   _x
800ba9cc   _fs
800ba9d0   _inputsource
800ba9d4   _left_signal_status
800ba9d8   _right_signal_status
800ba9dc   _signal_status
800ba9e0   _row_ind
800ba9e4   _program_control
800ba9e8   _lcd_control
800ba9ec   _collecting_top
800baa2c   _collecting_bot
800baa6c   _signal_detected_top
800baaac   _signal_detected_bot
800baaec   _distance_top
800bab2c   _distance_bot
800bab6c   _match_top
800babac   _match_bot
800babec   _match_percent_top
800bac2c   _match_percent_bot
800bb0d0   __IRQ_eventTable
800bb154   __IRQ_intTable
800bb194   __IRQ_dispatchTable
800bb19c   _output
800bb1a0   _ioport
800bb1a4   _input
800bb1a8   _output1
800bb1ac   _bandage
800bb1ec   _toprow
800bb22c   _botrow
800bb26c   _rowselect
800bb26e   _colselect
800bb3c4   __cleanup_ptr
800bb3c8   __dtors_ptr
800bb438   _AIC_data
800bb43c   _AIC23CfgData
800bb45c   _config
800bb484   _hAIC23_handle
800bb508   _i
800bb50c   _j
800bb510   _delay
800bb518   _mx
800bb520   _my
800bb528   _sx
800bb530   _sy
800bb538   _sxy
800bb540   _denom
800bb578   __MCBSP_hDev0
800bb57c   __MCBSP_hDev1
800bb5c8   _signal_on
800bb5cc   _row_index
800bb5d0   _call_count
800bb5d4   _DSK6713_AIC23_codeccontrolhandle
800bb5d8   _DSK6713_AIC23_codecdatahandle
800bb5dc   __lock
800bb5e0   __unlock
800bb5e4   __memory_size
800bb5ec   _envelope
800bb5f0   _errno
800bb5f4   _DSK6713_version
ffffffff   ___TI_pprof_out_hndl
ffffffff   ___TI_prof_data_size
ffffffff   ___TI_prof_data_start
ffffffff   ___binit__
ffffffff   ___c_args__
ffffffff   ___pinit__
ffffffff   binit
ffffffff   pinit

[265 symbols]
