******************************************************************************
               TMS320C6x Linker PC v7.3.1                      
******************************************************************************
>> Linked Tue Mar 27 01:14:12 2012

OUTPUT FILE NAME:   <TheGatorKator.out>
ENTRY POINT SYMBOL: "_c_int00"  address: 00003800


MEMORY CONFIGURATION

         name            origin    length      used     unused   attr    fill
----------------------  --------  ---------  --------  --------  ----  --------
  IVECS                 00000000   00000220  00000000  00000220  RWIX
  IRAM                  00000220   0002fde0  00005f0c  00029ed4  RWIX
  SDRAM                 80000000   01000000  00004888  00ffb778  RWIX
  FLASH                 90000000   00020000  00000000  00020000  RWIX


SECTION ALLOCATION MAP

 output                                  attributes/
section   page    origin      length       input sections
--------  ----  ----------  ----------   ----------------
$BRID      0    00000000    00000290     COPY SECTION
                  00000000    00000078     csl6713.lib : csl_irq.obj ($BRID)
                  00000078    0000007c                 : csl_mcbsp.obj ($BRID)
                  000000f4    00000054     dsk6713bsl.lib : dsk6713.obj ($BRID)
                  00000148    00000024                    : dsk6713_aic23_opencodec.obj ($BRID)
                  0000016c    00000014                    : dsk6713_aic23_registers.obj ($BRID)
                  00000180    0000000c                    : dsk6713_aic23_setfreq.obj ($BRID)
                  0000018c    0000000c                    : dsk6713_dip.obj ($BRID)
                  00000198    00000030                    : dsk6713_led.obj ($BRID)
                  000001c8    00000004     rts6700.lib : addd.obj ($BRID)
                  000001cc    00000004                 : addf.obj ($BRID)
                  000001d0    0000000c                 : boot.obj ($BRID)
                  000001dc    0000001c                 : cmpf.obj ($BRID)
                  000001f8    00000004                 : cvtfd.obj ($BRID)
                  000001fc    00000008                 : divd.obj ($BRID)
                  00000204    00000028                 : exit.obj ($BRID)
                  0000022c    0000000c                 : fixfi.obj ($BRID)
                  00000238    00000008                 : fltif.obj ($BRID)
                  00000240    00000004                 : frcdivd.obj ($BRID)
                  00000244    00000004                 : mpyd.obj ($BRID)
                  00000248    00000004                 : mpyf.obj ($BRID)
                  0000024c    00000004                 : remi.obj ($BRID)
                  00000250    0000000c                 : sqrt.obj ($BRID)
                  0000025c    00000004                 : strasg.obj ($BRID)
                  00000260    00000004                 : subd.obj ($BRID)
                  00000264    0000000c                 : _lock.obj ($BRID)
                  00000270    0000000c                 : autoinit.obj ($BRID)
                  0000027c    00000004                 : frexp.obj ($BRID)
                  00000280    00000004                 : ldexp.obj ($BRID)
                  00000284    0000000c                 : memcpy62.obj ($BRID)

.text      0    00000220    00003ae0     
                  00000220    000007c0     c6713dskinit.obj (.text)
                  000009e0    000004a0     emif_lcd.obj (.text)
                  00000e80    00000460     dsk6713bsl.lib : dsk6713.obj (.text)
                  000012e0    00000300                    : dsk6713_aic23_opencodec.obj (.text)
                  000015e0    00000300     rts6700.lib : frcdivd.obj (.text)
                  000018e0    000002a0     gator_kator.obj (.text)
                  00001b80    000002a0     rts6700.lib : sqrt.obj (.text)
                  00001e20    00000240                 : divd.obj (.text)
                  00002060    00000240                 : memcpy62.obj (.text)
                  000022a0    00000220                 : exit.obj (.text)
                  000024c0    000001a0     csl6713.lib : csl_irq.obj (.text:_IRQ_map)
                  00002660    000001a0     dsk6713bsl.lib : dsk6713_led.obj (.text)
                  00002800    00000180     csl6713.lib : csl_mcbsp.obj (.text:_MCBSP_reset)
                  00002980    00000180     rts6700.lib : ldexp.obj (.text)
                  00002b00    00000160     fir_filter.obj (.text)
                  00002c60    00000140     dsk6713bsl.lib : dsk6713_aic23_registers.obj (.text)
                  00002da0    00000140     frame_and_filter.obj (.text)
                  00002ee0    00000140     rts6700.lib : frexp.obj (.text)
                  00003020    00000100                 : autoinit.obj (.text)
                  00003120    00000100                 : remi.obj (.text)
                  00003220    000000e0     csl6713.lib : csl_mcbsp.obj (.text:_MCBSP_open)
                  00003300    000000e0     rts6700.lib : strasg.obj (.text)
                  000033e0    000000c0     block_dc.obj (.text)
                  000034a0    000000c0     detect_envelope.obj (.text)
                  00003560    000000c0     dsk6713bsl.lib : dsk6713_aic23_setfreq.obj (.text)
                  00003620    000000a0     csl6713.lib : csl_mcbsp.obj (.text:_MCBSP_config)
                  000036c0    000000a0                 : csl_mcbsp.obj (.text:_MCBSP_start)
                  00003760    000000a0                 : csl_irq.obj (.text:_setMux)
                  00003800    00000080     rts6700.lib : boot.obj (.text)
                  00003880    00000080                 : cmpf.obj (.text)
                  00003900    00000080                 : fixfi.obj (.text)
                  00003980    00000080                 : fltif.obj (.text)
                  00003a00    00000060     dsk6713bsl.lib : dsk6713_dip.obj (.text)
                  00003a60    00000040     csl6713.lib : csl_irq.obj (.text:_IRQ_enable)
                  00003aa0    00000040                 : csl_irq.obj (.text:_IRQ_reset)
                  00003ae0    00000040     rts6700.lib : _lock.obj (.text)
                  00003b20    00000020     csl6713.lib : csl_irq.obj (.text:_IRQ_globalDisable)
                  00003b40    00000020                 : csl_irq.obj (.text:_IRQ_globalEnable)
                  00003b60    00000020                 : csl_irq.obj (.text:_IRQ_nmiEnable)
                  00003b80    00000020                 : csl_mcbsp.obj (.text:_MCBSP_getXmtEventId)
                  00003ba0    00000020                 : csl_mcbsp.obj (.text:_MCBSP_read)
                  00003bc0    00000020                 : csl_mcbsp.obj (.text:_MCBSP_rrdy)
                  00003be0    00000020                 : csl_mcbsp.obj (.text:_MCBSP_write)
                  00003c00    00000020                 : csl_mcbsp.obj (.text:_MCBSP_xrdy)
                  00003c20    00000020                 : csl_irq.obj (.text)
                  00003c40    00000020     rts6700.lib : addd.obj (.text)
                  00003c60    00000020                 : addf.obj (.text)
                  00003c80    00000020                 : cvtfd.obj (.text)
                  00003ca0    00000020                 : mpyd.obj (.text)
                  00003cc0    00000020                 : mpyf.obj (.text)
                  00003ce0    00000020                 : subd.obj (.text)

.bss       0    00000220    00000000     UNINITIALIZED

.stack     0    00003d00    00002000     UNINITIALIZED
                  00003d00    00000008     rts6700.lib : boot.obj (.stack)
                  00003d08    00001ff8     --HOLE--

.cinit     0    00005d00    000003cc     
                  00005d00    0000012c     csl6713.lib : csl_irq.obj (.cinit)
                  00005e2c    00000004     --HOLE-- [fill = 0]
                  00005e30    000000ca     emif_lcd.obj (.cinit)
                  00005efa    00000006     --HOLE-- [fill = 0]
                  00005f00    00000058     c6713dskinit.obj (.cinit)
                  00005f58    00000054     csl6713.lib : csl_mcbsp.obj (.cinit)
                  00005fac    00000004     --HOLE-- [fill = 0]
                  00005fb0    00000030     dsk6713bsl.lib : dsk6713_aic23_registers.obj (.cinit)
                  00005fe0    0000002c     gator_kator.obj (.cinit)
                  0000600c    00000004     --HOLE-- [fill = 0]
                  00006010    0000002c     rts6700.lib : exit.obj (.cinit)
                  0000603c    00000004     --HOLE-- [fill = 0]
                  00006040    00000028     dsk6713bsl.lib : dsk6713_aic23_setfreq.obj (.cinit)
                  00006068    0000001c     frame_and_filter.obj (.cinit)
                  00006084    00000004     --HOLE-- [fill = 0]
                  00006088    0000001c     rts6700.lib : _lock.obj (.cinit)
                  000060a4    00000004     --HOLE-- [fill = 0]
                  000060a8    0000000c     detect_envelope.obj (.cinit)
                  000060b4    00000004     --HOLE-- [fill = 0]
                  000060b8    0000000c     rts6700.lib : errno.obj (.cinit)
                  000060c4    00000004     --HOLE-- [fill = 0]
                  000060c8    00000004     (.pad.cinit) [fill = 0]

.const     0    000060cc    00000060     
                  000060cc    00000040     dsk6713bsl.lib : dsk6713_aic23_opencodec.obj (.const)
                  0000610c    00000020                    : dsk6713.obj (.const)

.EXTRAM    0    80000000    000041b0     
                  80000000    00003e80     gator_kator.obj (.EXTRAM) [fill = 0]
                  80003e80    00000330     fir_filter.obj (.EXTRAM)

.far       0    800041b0    000006d8     UNINITIALIZED
                  800041b0    00000330     fir_filter.obj (.far)
                  800044e0    000000f4     csl6713.lib : csl_irq.obj (.far)
                  800045d4    000000d4     emif_lcd.obj (.far)
                  800046a8    0000008c     rts6700.lib : exit.obj (.far)
                  80004734    00000058     c6713dskinit.obj (.far)
                  8000478c    00000004     detect_envelope.obj (.far)
                  80004790    00000040     xcorr.obj (.far)
                  800047d0    00000038     csl6713.lib : csl_mcbsp.obj (.far)
                  80004808    00000028     dsk6713bsl.lib : dsk6713_aic23_registers.obj (.far)
                  80004830    00000020                    : dsk6713_aic23_setfreq.obj (.far)
                  80004850    00000018     gator_kator.obj (.far)
                  80004868    00000008     dsk6713bsl.lib : dsk6713_aic23_opencodec.obj (.far)
                  80004870    00000008     frame_and_filter.obj (.far)
                  80004878    00000008     rts6700.lib : _lock.obj (.far)
                  80004880    00000004                 : errno.obj (.far)
                  80004884    00000002     dsk6713bsl.lib : dsk6713.obj (.far)
                  80004886    00000002                    : dsk6713_led.obj (.far)


GLOBAL SYMBOLS: SORTED ALPHABETICALLY BY Name 

address    name
--------   ----
00000220   $bss
00000220   .bss
00000220   .text
000024b4   C$$EXIT
80004740   _AIC23CfgData
8000473c   _AIC_data
80004868   _DSK6713_AIC23_codeccontrolhandle
8000486c   _DSK6713_AIC23_codecdatahandle
00002d20   _DSK6713_AIC23_config
000012e0   _DSK6713_AIC23_openCodec
00002cfc   _DSK6713_AIC23_rget
00002c60   _DSK6713_AIC23_rset
00003560   _DSK6713_AIC23_setFreq
00003a08   _DSK6713_DIP_get
00003a00   _DSK6713_DIP_init
00002660   _DSK6713_LED_init
00002688   _DSK6713_LED_off
000026f0   _DSK6713_LED_on
00002754   _DSK6713_LED_toggle
00001258   _DSK6713_getVersion
00000eb0   _DSK6713_init
000011b0   _DSK6713_rget
000011c4   _DSK6713_rset
80004884   _DSK6713_version
000011d8   _DSK6713_wait
0000122c   _DSK6713_waitusec
00003a60   _IRQ_enable
00003b20   _IRQ_globalDisable
00003b40   _IRQ_globalEnable
000024c0   _IRQ_map
00003b60   _IRQ_nmiEnable
00003aa0   _IRQ_reset
00000d50   _LCD_PUT_CHAR
00000cb4   _LCD_PUT_CMD
00003620   _MCBSP_config
00003b80   _MCBSP_getXmtEventId
00003220   _MCBSP_open
00003ba0   _MCBSP_read
00002800   _MCBSP_reset
00003bc0   _MCBSP_rrdy
000036c0   _MCBSP_start
00003be0   _MCBSP_write
00003c00   _MCBSP_xrdy
800045cc   __IRQ_dispatchTable
80004508   __IRQ_eventTable
00003c20   __IRQ_hookFetchPacket
8000458c   __IRQ_intTable
80004800   __MCBSP_hDev0
80004804   __MCBSP_hDev1
00005d00   __STACK_END
00002000   __STACK_SIZE
ffffffff   ___TI_pprof_out_hndl
ffffffff   ___TI_prof_data_size
ffffffff   ___TI_prof_data_start
ffffffff   ___binit__
00000220   ___bss__
ffffffff   ___c_args__
00005d00   ___cinit__
00000220   ___end__
00003d00   ___etext__
ffffffff   ___pinit__
00000220   ___text__
00003c40   __addd
00003c60   __addf
00003020   __auto_init
8000472c   __cleanup_ptr
00003880   __cmpf
00003c80   __cvtfd
00001e20   __divd
80004730   __dtors_ptr
00003898   __eqlf
00003900   __fixfi
00003980   __fltif
000015e0   __frcdivd
000038dc   __geqf
000038c0   __gtrf
000038cc   __leqf
80004878   __lock
000038b4   __lssf
00003ca0   __mpyd
00003cc0   __mpyf
000038a4   __neqf
00003ae0   __nop
00003ae8   __register_lock
00003afc   __register_unlock
00003120   __remi
00003d00   __stack
00003300   __strasg
00003ce0   __subd
8000487c   __unlock
000024b4   _abort
000023d8   _atexit
800045e4   _bandage
000033e0   _block_dc
80004664   _botrow
00000220   _c6713_dsk_init
00003800   _c_int00
800046a6   _colselect
00000340   _comm_intr
0000030c   _comm_poll
80004760   _config
00000de0   _delay
800047c0   _denom
000034a0   _detect_envelope
8000478c   _envelope
80004880   _errno
000022a0   _exit
00002b00   _filter_signal
00002da0   _frame_and_filter
00002ee0   _frexp
80004850   _fs
80003e80   _h
80004788   _hAIC23_handle
80004790   _i
00000c28   _init_LCD
00001b10   _init_buffer
800045dc   _input
80000000   _input_left_buffer
00000848   _input_left_sample
80001f40   _input_right_buffer
00000910   _input_right_sample
00000744   _input_sample
80004854   _inputsource
800045d8   _ioport
80004794   _j
00000e5c   _lcd_test
00002980   _ldexp
80004858   _left_signal_status
000018e0   _main
00002060   _memcpy
80004798   _mx
800047a0   _my
800045d4   _output
800045e0   _output1
00000584   _output_left_sample
00000664   _output_right_sample
0000046c   _output_sample
00001a98   _playback
800047c8   _r
8000485c   _right_signal_status
80004864   _row_ind
80004874   _row_index
800046a4   _rowselect
00000b38   _send_LCD_characters
000009e0   _set_LCD_characters
80004870   _signal_on
80004860   _signal_status
00001b80   _sqrt
800047a8   _sx
800047b8   _sxy
800047b0   _sy
80004624   _toprow
800041b0   _x
ffffffff   binit
00005d00   cinit
00000220   end
00003d00   etext
ffffffff   pinit


GLOBAL SYMBOLS: SORTED BY Symbol Address 

address    name
--------   ----
00000220   $bss
00000220   .bss
00000220   .text
00000220   ___bss__
00000220   ___end__
00000220   ___text__
00000220   _c6713_dsk_init
00000220   end
0000030c   _comm_poll
00000340   _comm_intr
0000046c   _output_sample
00000584   _output_left_sample
00000664   _output_right_sample
00000744   _input_sample
00000848   _input_left_sample
00000910   _input_right_sample
000009e0   _set_LCD_characters
00000b38   _send_LCD_characters
00000c28   _init_LCD
00000cb4   _LCD_PUT_CMD
00000d50   _LCD_PUT_CHAR
00000de0   _delay
00000e5c   _lcd_test
00000eb0   _DSK6713_init
000011b0   _DSK6713_rget
000011c4   _DSK6713_rset
000011d8   _DSK6713_wait
0000122c   _DSK6713_waitusec
00001258   _DSK6713_getVersion
000012e0   _DSK6713_AIC23_openCodec
000015e0   __frcdivd
000018e0   _main
00001a98   _playback
00001b10   _init_buffer
00001b80   _sqrt
00001e20   __divd
00002000   __STACK_SIZE
00002060   _memcpy
000022a0   _exit
000023d8   _atexit
000024b4   C$$EXIT
000024b4   _abort
000024c0   _IRQ_map
00002660   _DSK6713_LED_init
00002688   _DSK6713_LED_off
000026f0   _DSK6713_LED_on
00002754   _DSK6713_LED_toggle
00002800   _MCBSP_reset
00002980   _ldexp
00002b00   _filter_signal
00002c60   _DSK6713_AIC23_rset
00002cfc   _DSK6713_AIC23_rget
00002d20   _DSK6713_AIC23_config
00002da0   _frame_and_filter
00002ee0   _frexp
00003020   __auto_init
00003120   __remi
00003220   _MCBSP_open
00003300   __strasg
000033e0   _block_dc
000034a0   _detect_envelope
00003560   _DSK6713_AIC23_setFreq
00003620   _MCBSP_config
000036c0   _MCBSP_start
00003800   _c_int00
00003880   __cmpf
00003898   __eqlf
000038a4   __neqf
000038b4   __lssf
000038c0   __gtrf
000038cc   __leqf
000038dc   __geqf
00003900   __fixfi
00003980   __fltif
00003a00   _DSK6713_DIP_init
00003a08   _DSK6713_DIP_get
00003a60   _IRQ_enable
00003aa0   _IRQ_reset
00003ae0   __nop
00003ae8   __register_lock
00003afc   __register_unlock
00003b20   _IRQ_globalDisable
00003b40   _IRQ_globalEnable
00003b60   _IRQ_nmiEnable
00003b80   _MCBSP_getXmtEventId
00003ba0   _MCBSP_read
00003bc0   _MCBSP_rrdy
00003be0   _MCBSP_write
00003c00   _MCBSP_xrdy
00003c20   __IRQ_hookFetchPacket
00003c40   __addd
00003c60   __addf
00003c80   __cvtfd
00003ca0   __mpyd
00003cc0   __mpyf
00003ce0   __subd
00003d00   ___etext__
00003d00   __stack
00003d00   etext
00005d00   __STACK_END
00005d00   ___cinit__
00005d00   cinit
80000000   _input_left_buffer
80001f40   _input_right_buffer
80003e80   _h
800041b0   _x
80004508   __IRQ_eventTable
8000458c   __IRQ_intTable
800045cc   __IRQ_dispatchTable
800045d4   _output
800045d8   _ioport
800045dc   _input
800045e0   _output1
800045e4   _bandage
80004624   _toprow
80004664   _botrow
800046a4   _rowselect
800046a6   _colselect
8000472c   __cleanup_ptr
80004730   __dtors_ptr
8000473c   _AIC_data
80004740   _AIC23CfgData
80004760   _config
80004788   _hAIC23_handle
8000478c   _envelope
80004790   _i
80004794   _j
80004798   _mx
800047a0   _my
800047a8   _sx
800047b0   _sy
800047b8   _sxy
800047c0   _denom
800047c8   _r
80004800   __MCBSP_hDev0
80004804   __MCBSP_hDev1
80004850   _fs
80004854   _inputsource
80004858   _left_signal_status
8000485c   _right_signal_status
80004860   _signal_status
80004864   _row_ind
80004868   _DSK6713_AIC23_codeccontrolhandle
8000486c   _DSK6713_AIC23_codecdatahandle
80004870   _signal_on
80004874   _row_index
80004878   __lock
8000487c   __unlock
80004880   _errno
80004884   _DSK6713_version
ffffffff   ___TI_pprof_out_hndl
ffffffff   ___TI_prof_data_size
ffffffff   ___TI_prof_data_start
ffffffff   ___binit__
ffffffff   ___c_args__
ffffffff   ___pinit__
ffffffff   binit
ffffffff   pinit

[158 symbols]
