******************************************************************************
               TMS320C6x Linker PC v7.3.1                      
******************************************************************************
>> Linked Sun Apr 01 20:05:12 2012

OUTPUT FILE NAME:   <TheGatorKator.out>
ENTRY POINT SYMBOL: "_c_int00"  address: 0001da80


MEMORY CONFIGURATION

         name            origin    length      used     unused   attr    fill
----------------------  --------  ---------  --------  --------  ----  --------
  IVECS                 00000000   00000220  00000000  00000220  RWIX
  IRAM                  00000220   0002fde0  0002046b  0000f975  RWIX
  SDRAM                 80000000   01000000  00058898  00fa7768  RWIX
  FLASH                 90000000   00020000  00000000  00020000  RWIX


SECTION ALLOCATION MAP

 output                                  attributes/
section   page    origin      length       input sections
--------  ----  ----------  ----------   ----------------
$BRID      0    00000000    00000518     COPY SECTION
                  00000000    00000078     csl6713.lib : csl_irq.obj ($BRID)
                  00000078    0000007c                 : csl_mcbsp.obj ($BRID)
                  000000f4    00000054     dsk6713bsl.lib : dsk6713.obj ($BRID)
                  00000148    00000024                    : dsk6713_aic23_opencodec.obj ($BRID)
                  0000016c    00000014                    : dsk6713_aic23_registers.obj ($BRID)
                  00000180    0000000c                    : dsk6713_aic23_setfreq.obj ($BRID)
                  0000018c    0000000c                    : dsk6713_dip.obj ($BRID)
                  00000198    00000030                    : dsk6713_led.obj ($BRID)
                  000001c8    00000004     rts6700.lib : addd.obj ($BRID)
                  000001cc    00000004                 : addf.obj ($BRID)
                  000001d0    0000000c                 : boot.obj ($BRID)
                  000001dc    00000008                 : ceil.obj ($BRID)
                  000001e4    0000001c                 : cmpf.obj ($BRID)
                  00000200    00000004                 : cvtdf.obj ($BRID)
                  00000204    00000004                 : cvtfd.obj ($BRID)
                  00000208    00000008                 : divd.obj ($BRID)
                  00000210    00000008                 : divf.obj ($BRID)
                  00000218    00000028                 : exit.obj ($BRID)
                  00000240    00000004                 : fixdi.obj ($BRID)
                  00000244    0000000c                 : fixfi.obj ($BRID)
                  00000250    00000008                 : floor.obj ($BRID)
                  00000258    00000004                 : fltid.obj ($BRID)
                  0000025c    00000008                 : fltif.obj ($BRID)
                  00000264    00000004                 : frcdivd.obj ($BRID)
                  00000268    00000004                 : frcdivf.obj ($BRID)
                  0000026c    00000004                 : modf.obj ($BRID)
                  00000270    00000004                 : mpyd.obj ($BRID)
                  00000274    00000004                 : mpyf.obj ($BRID)
                  00000278    00000014                 : sprintf.obj ($BRID)
                  0000028c    0000000c                 : sqrt.obj ($BRID)
                  00000298    00000004                 : strasg.obj ($BRID)
                  0000029c    00000004                 : subd.obj ($BRID)
                  000002a0    00000004                 : subf.obj ($BRID)
                  000002a4    0000000c                 : _lock.obj ($BRID)
                  000002b0    0000011c                 : _printfi.obj ($BRID)
                  000003cc    00000004                 : atoi.obj ($BRID)
                  000003d0    0000000c                 : autoinit.obj ($BRID)
                  000003dc    00000004                 : divu.obj ($BRID)
                  000003e0    00000010                 : ecvt.obj ($BRID)
                  000003f0    00000010                 : fcvt.obj ($BRID)
                  00000400    00000004                 : fixdli.obj ($BRID)
                  00000404    00000004                 : frexp.obj ($BRID)
                  00000408    0000001c                 : imath40.obj ($BRID)
                  00000424    00000004                 : ldexp.obj ($BRID)
                  00000428    00000010                 : ltoa.obj ($BRID)
                  00000438    00000008                 : memccpy.obj ($BRID)
                  00000440    0000000c                 : memcpy62.obj ($BRID)
                  0000044c    000000c8                 : memory.obj ($BRID)
                  00000514    00000004                 : memset.obj ($BRID)

.bss       0    00000220    00000000     UNINITIALIZED

.cinit     0    00000220    00013f94     
                  00000220    00013ba8     gator_kator.obj (.cinit)
                  00013dc8    0000012c     csl6713.lib : csl_irq.obj (.cinit)
                  00013ef4    00000004     --HOLE-- [fill = 0]
                  00013ef8    000000ca     emif_lcd.obj (.cinit)
                  00013fc2    00000006     --HOLE-- [fill = 0]
                  00013fc8    00000058     c6713dskinit.obj (.cinit)
                  00014020    00000054     csl6713.lib : csl_mcbsp.obj (.cinit)
                  00014074    00000004     --HOLE-- [fill = 0]
                  00014078    00000030     dsk6713bsl.lib : dsk6713_aic23_registers.obj (.cinit)
                  000140a8    0000002c     frame_and_filter.obj (.cinit)
                  000140d4    00000004     --HOLE-- [fill = 0]
                  000140d8    0000002c     rts6700.lib : exit.obj (.cinit)
                  00014104    00000004     --HOLE-- [fill = 0]
                  00014108    00000028     dsk6713bsl.lib : dsk6713_aic23_setfreq.obj (.cinit)
                  00014130    0000001c     rts6700.lib : _lock.obj (.cinit)
                  0001414c    00000004     --HOLE-- [fill = 0]
                  00014150    0000001c                 : sysmem.obj (.cinit)
                  0001416c    00000004     --HOLE-- [fill = 0]
                  00014170    0000000c     detect_envelope.obj (.cinit)
                  0001417c    00000004     --HOLE-- [fill = 0]
                  00014180    0000000c     rts6700.lib : errno.obj (.cinit)
                  0001418c    00000004     --HOLE-- [fill = 0]
                  00014190    0000000c                 : memory.obj (.cinit)
                  0001419c    00000004     --HOLE-- [fill = 0]
                  000141a0    0000000c     xcorr.obj (.cinit)
                  000141ac    00000004     --HOLE-- [fill = 0]
                  000141b0    00000004     (.pad.cinit) [fill = 0]

.text      0    000141c0    00009f40     
                  000141c0    00002a00     rts6700.lib : _printfi.obj (.text)
                  00016bc0    00001020                 : memory.obj (.text)
                  00017be0    000009e0     gator_kator.obj (.text)
                  000185c0    000007c0     c6713dskinit.obj (.text)
                  00018d80    00000780     xcorr.obj (.text)
                  00019500    000004c0     rts6700.lib : imath40.obj (.text)
                  000199c0    00000480                 : ecvt.obj (.text)
                  00019e40    00000480                 : fcvt.obj (.text)
                  0001a2c0    00000460     dsk6713bsl.lib : dsk6713.obj (.text)
                  0001a720    000003e0     emif_lcd.obj (.text)
                  0001ab00    00000300     dsk6713bsl.lib : dsk6713_aic23_opencodec.obj (.text)
                  0001ae00    00000300     rts6700.lib : frcdivd.obj (.text)
                  0001b100    000002a0                 : sqrt.obj (.text)
                  0001b3a0    00000240                 : divd.obj (.text)
                  0001b5e0    00000240                 : memcpy62.obj (.text)
                  0001b820    00000220                 : exit.obj (.text)
                  0001ba40    000001a0     csl6713.lib : csl_irq.obj (.text:_IRQ_map)
                  0001bbe0    000001a0     dsk6713bsl.lib : dsk6713_led.obj (.text)
                  0001bd80    000001a0     find_max.obj (.text)
                  0001bf20    00000180     csl6713.lib : csl_mcbsp.obj (.text:_MCBSP_reset)
                  0001c0a0    00000180     frame_and_filter.obj (.text)
                  0001c220    00000180     rts6700.lib : atoi.obj (.text)
                  0001c3a0    00000180                 : divf.obj (.text)
                  0001c520    00000180                 : ldexp.obj (.text)
                  0001c6a0    00000160     fir_filter.obj (.text)
                  0001c800    00000160     rts6700.lib : sprintf.obj (.text)
                  0001c960    00000140     dsk6713bsl.lib : dsk6713_aic23_registers.obj (.text)
                  0001caa0    00000140     rts6700.lib : frexp.obj (.text)
                  0001cbe0    00000140                 : ltoa.obj (.text)
                  0001cd20    00000120                 : memset.obj (.text)
                  0001ce40    00000100                 : autoinit.obj (.text)
                  0001cf40    00000100                 : frcdivf.obj (.text)
                  0001d040    000000e0     csl6713.lib : csl_mcbsp.obj (.text:_MCBSP_open)
                  0001d120    000000e0     rts6700.lib : modf.obj (.text)
                  0001d200    000000e0                 : strasg.obj (.text)
                  0001d2e0    000000c0     block_dc.obj (.text)
                  0001d3a0    000000c0     detect_envelope.obj (.text)
                  0001d460    000000c0     dsk6713bsl.lib : dsk6713_aic23_setfreq.obj (.text)
                  0001d520    000000c0     rts6700.lib : divu.obj (.text)
                  0001d5e0    000000c0                 : fixdi.obj (.text)
                  0001d6a0    000000c0                 : fixdli.obj (.text)
                  0001d760    000000a0     csl6713.lib : csl_mcbsp.obj (.text:_MCBSP_config)
                  0001d800    000000a0                 : csl_mcbsp.obj (.text:_MCBSP_start)
                  0001d8a0    000000a0                 : csl_irq.obj (.text:_setMux)
                  0001d940    000000a0     find_distance.obj (.text)
                  0001d9e0    000000a0     rts6700.lib : memccpy.obj (.text)
                  0001da80    00000080                 : boot.obj (.text)
                  0001db00    00000080                 : cmpf.obj (.text)
                  0001db80    00000080                 : fixfi.obj (.text)
                  0001dc00    00000080                 : fltid.obj (.text)
                  0001dc80    00000080                 : fltif.obj (.text)
                  0001dd00    00000060     dsk6713bsl.lib : dsk6713_dip.obj (.text)
                  0001dd60    00000060     rts6700.lib : ceil.obj (.text)
                  0001ddc0    00000060                 : floor.obj (.text)
                  0001de20    00000040     csl6713.lib : csl_irq.obj (.text:_IRQ_enable)
                  0001de60    00000040                 : csl_irq.obj (.text:_IRQ_reset)
                  0001dea0    00000040     rts6700.lib : _lock.obj (.text)
                  0001dee0    00000020     csl6713.lib : csl_irq.obj (.text:_IRQ_globalDisable)
                  0001df00    00000020                 : csl_irq.obj (.text:_IRQ_globalEnable)
                  0001df20    00000020                 : csl_irq.obj (.text:_IRQ_nmiEnable)
                  0001df40    00000020                 : csl_mcbsp.obj (.text:_MCBSP_getXmtEventId)
                  0001df60    00000020                 : csl_mcbsp.obj (.text:_MCBSP_read)
                  0001df80    00000020                 : csl_mcbsp.obj (.text:_MCBSP_rrdy)
                  0001dfa0    00000020                 : csl_mcbsp.obj (.text:_MCBSP_write)
                  0001dfc0    00000020                 : csl_mcbsp.obj (.text:_MCBSP_xrdy)
                  0001dfe0    00000020                 : csl_irq.obj (.text)
                  0001e000    00000020     rts6700.lib : addd.obj (.text)
                  0001e020    00000020                 : addf.obj (.text)
                  0001e040    00000020                 : cvtdf.obj (.text)
                  0001e060    00000020                 : cvtfd.obj (.text)
                  0001e080    00000020                 : mpyd.obj (.text)
                  0001e0a0    00000020                 : mpyf.obj (.text)
                  0001e0c0    00000020                 : subd.obj (.text)
                  0001e0e0    00000020                 : subf.obj (.text)

.stack     0    0001e100    00002000     UNINITIALIZED
                  0001e100    00000008     rts6700.lib : boot.obj (.stack)
                  0001e108    00001ff8     --HOLE--

.sysmem    0    00020100    00000400     UNINITIALIZED
                  00020100    00000400     --HOLE--

.const     0    00020500    00000197     
                  00020500    00000101     rts6700.lib : ctype.obj (.const)
                  00020601    00000003     --HOLE-- [fill = 0]
                  00020604    00000040     dsk6713bsl.lib : dsk6713_aic23_opencodec.obj (.const)
                  00020644    0000002a     rts6700.lib : _printfi.obj (.const)
                  0002066e    00000002     --HOLE-- [fill = 0]
                  00020670    00000020     dsk6713bsl.lib : dsk6713.obj (.const)
                  00020690    00000004     gator_kator.obj (.const)
                  00020694    00000003     gator_kator.obj (.const:_$P$T0$1)

.EXTRAM    0    80000000    00057ba8     
                  80000000    00057878     gator_kator.obj (.EXTRAM) [fill = 0]
                  80057878    00000330     fir_filter.obj (.EXTRAM)

.far       0    80057ba8    00000cf0     UNINITIALIZED
                  80057ba8    00000330     fir_filter.obj (.far)
                  80057ed8    000002a0     gator_kator.obj (.far)
                  80058178    00000190     rts6700.lib : _printfi.obj (.far)
                  80058308    00000190                 : fcvt.obj (.far)
                  80058498    000000f4     csl6713.lib : csl_irq.obj (.far)
                  8005858c    000000d4     emif_lcd.obj (.far)
                  80058660    0000008c     rts6700.lib : exit.obj (.far)
                  800586ec    00000064                 : ecvt.obj (.far)
                  80058750    00000058     c6713dskinit.obj (.far)
                  800587a8    00000040     xcorr.obj (.far)
                  800587e8    00000038     csl6713.lib : csl_mcbsp.obj (.far)
                  80058820    00000028     dsk6713bsl.lib : dsk6713_aic23_registers.obj (.far)
                  80058848    00000020                    : dsk6713_aic23_setfreq.obj (.far)
                  80058868    0000000c     frame_and_filter.obj (.far)
                  80058874    00000008     dsk6713bsl.lib : dsk6713_aic23_opencodec.obj (.far)
                  8005887c    00000008     rts6700.lib : _lock.obj (.far)
                  80058884    00000008                 : memory.obj (.far)
                  8005888c    00000004     detect_envelope.obj (.far)
                  80058890    00000004     rts6700.lib : errno.obj (.far)
                  80058894    00000002     dsk6713bsl.lib : dsk6713.obj (.far)
                  80058896    00000002                    : dsk6713_led.obj (.far)


GLOBAL SYMBOLS: SORTED ALPHABETICALLY BY Name 

address    name
--------   ----
00000220   $bss
00000220   .bss
000141c0   .text
0001ba34   C$$EXIT
8005875c   _AIC23CfgData
80058758   _AIC_data
80058874   _DSK6713_AIC23_codeccontrolhandle
80058878   _DSK6713_AIC23_codecdatahandle
0001ca20   _DSK6713_AIC23_config
0001ab00   _DSK6713_AIC23_openCodec
0001c9fc   _DSK6713_AIC23_rget
0001c960   _DSK6713_AIC23_rset
0001d460   _DSK6713_AIC23_setFreq
0001dd08   _DSK6713_DIP_get
0001dd00   _DSK6713_DIP_init
0001bbe0   _DSK6713_LED_init
0001bc08   _DSK6713_LED_off
0001bc70   _DSK6713_LED_on
0001bcd4   _DSK6713_LED_toggle
0001a698   _DSK6713_getVersion
0001a2f0   _DSK6713_init
0001a5f0   _DSK6713_rget
0001a604   _DSK6713_rset
80058894   _DSK6713_version
0001a618   _DSK6713_wait
0001a66c   _DSK6713_waitusec
0001de20   _IRQ_enable
0001dee0   _IRQ_globalDisable
0001df00   _IRQ_globalEnable
0001ba40   _IRQ_map
0001df20   _IRQ_nmiEnable
0001de60   _IRQ_reset
0001a9d0   _LCD_PUT_CHAR
0001a934   _LCD_PUT_CMD
0001d760   _MCBSP_config
0001df40   _MCBSP_getXmtEventId
0001d040   _MCBSP_open
0001df60   _MCBSP_read
0001bf20   _MCBSP_reset
0001df80   _MCBSP_rrdy
0001d800   _MCBSP_start
0001dfa0   _MCBSP_write
0001dfc0   _MCBSP_xrdy
80058584   __IRQ_dispatchTable
800584c0   __IRQ_eventTable
0001dfe0   __IRQ_hookFetchPacket
80058544   __IRQ_intTable
80058818   __MCBSP_hDev0
8005881c   __MCBSP_hDev1
00020100   __STACK_END
00002000   __STACK_SIZE
00000400   __SYSMEM_SIZE
ffffffff   ___TI_pprof_out_hndl
ffffffff   ___TI_prof_data_size
ffffffff   ___TI_prof_data_start
ffffffff   ___binit__
00000220   ___bss__
ffffffff   ___c_args__
00000220   ___cinit__
00000220   ___end__
0001e100   ___etext__
ffffffff   ___pinit__
000141c0   ___text__
0001e000   __addd
0001e020   __addf
0001ce40   __auto_init
800586e4   __cleanup_ptr
0001db00   __cmpf
00020500   __ctypes_
0001e040   __cvtdf
0001e060   __cvtfd
0001b3a0   __divd
0001c3a0   __divf
000198c0   __divli
0001d520   __divu
000195c0   __divul
800586e8   __dtors_ptr
0001db18   __eqlf
0001d5e0   __fixdi
0001d6a0   __fixdli
0001db80   __fixfi
0001dc00   __fltid
0001dc80   __fltif
0001ae00   __frcdivd
0001cf40   __frcdivf
0001db5c   __geqf
0001db40   __gtrf
0001db4c   __leqf
8005887c   __lock
0001db34   __lssf
80058884   __memory_size
0001e080   __mpyd
0001e0a0   __mpyf
0001db24   __neqf
0001dea0   __nop
000141c0   __printfi
0001dea8   __register_lock
0001debc   __register_unlock
00019804   __remli
00019500   __remul
0001e100   __stack
0001d200   __strasg
0001e0c0   __subd
0001e0e0   __subf
00020100   __sys_memory
80058880   __unlock
0001ba34   _abort
0001b958   _atexit
0001c220   _atoi
8005859c   _bandage
0001d2e0   _block_dc
8005861c   _botrow
000185c0   _c6713_dsk_init
0001da80   _c_int00
80058870   _call_count
00017044   _calloc
0001dd60   _ceil
80057f38   _collecting_bot
80057ef8   _collecting_top
8005865e   _colselect
000186e0   _comm_intr
000186ac   _comm_poll
8005877c   _config
800587b0   _delay
0001aa60   _delay_lcd
800587e0   _denom
0001d3a0   _detect_envelope
80058038   _distance_bot
80053880   _distance_corr_buffer
80057ff8   _distance_top
000199c0   _ecvt
8005888c   _envelope
80058890   _errno
0001b820   _exit
00019e40   _fcvt
0001c6a0   _filter_signal
0001d940   _find_distance
0001bd80   _find_max
0001ddc0   _floor
0001c0a0   _frame_and_filter
00017490   _free
0001caa0   _frexp
80057ed8   _fs
80057878   _h
800587a4   _hAIC23_handle
800587a8   _i
0001a8a8   _init_LCD
00018398   _init_buffer
80058594   _input
80013880   _input_left_buffer
00018be8   _input_left_sample
80033880   _input_right_buffer
00018cb0   _input_right_sample
00018ae4   _input_sample
80057edc   _inputsource
80058590   _ioport
800587ac   _j
80057ef4   _lcd_control
0001aadc   _lcd_test
0001c520   _ldexp
80057ee0   _left_signal_status
0001cbe0   _ltoa
00017be0   _main
00016e3c   _malloc
800580b8   _match_bot
8005587c   _match_corr_buffer
80058138   _match_percent_bot
800580f8   _match_percent_top
80058078   _match_top
00017848   _memalign
0001d9e0   _memccpy
0001b5e0   _memcpy
0001cd20   _memset
00016dd4   _minit
0001d120   _modf
800587b8   _mx
800587c0   _my
8005858c   _output
80058598   _output1
00018924   _output_left_sample
00018a04   _output_right_sample
0001880c   _output_sample
0001831c   _playback
80057ef0   _program_control
00017100   _realloc
00018410   _reset_leds
80057ee4   _right_signal_status
80057eec   _row_ind
8005886c   _row_index
8005865c   _rowselect
0001a7bc   _send_LCD_characters
0001a720   _set_LCD_characters
00018468   _set_leds
80057fb8   _signal_detected_bot
80057f78   _signal_detected_top
80058868   _signal_on
80057ee8   _signal_status
80000000   _soi
0001c800   _sprintf
0001b100   _sqrt
800587c8   _sx
800587d8   _sxy
800587d0   _sy
000184c0   _toggle
800585dc   _toprow
80057ba8   _x
00018d80   _xcorr
ffffffff   binit
00000220   cinit
00000220   end
0001e100   etext
ffffffff   pinit


GLOBAL SYMBOLS: SORTED BY Symbol Address 

address    name
--------   ----
00000220   $bss
00000220   .bss
00000220   ___bss__
00000220   ___cinit__
00000220   ___end__
00000220   cinit
00000220   end
00000400   __SYSMEM_SIZE
00002000   __STACK_SIZE
000141c0   .text
000141c0   ___text__
000141c0   __printfi
00016dd4   _minit
00016e3c   _malloc
00017044   _calloc
00017100   _realloc
00017490   _free
00017848   _memalign
00017be0   _main
0001831c   _playback
00018398   _init_buffer
00018410   _reset_leds
00018468   _set_leds
000184c0   _toggle
000185c0   _c6713_dsk_init
000186ac   _comm_poll
000186e0   _comm_intr
0001880c   _output_sample
00018924   _output_left_sample
00018a04   _output_right_sample
00018ae4   _input_sample
00018be8   _input_left_sample
00018cb0   _input_right_sample
00018d80   _xcorr
00019500   __remul
000195c0   __divul
00019804   __remli
000198c0   __divli
000199c0   _ecvt
00019e40   _fcvt
0001a2f0   _DSK6713_init
0001a5f0   _DSK6713_rget
0001a604   _DSK6713_rset
0001a618   _DSK6713_wait
0001a66c   _DSK6713_waitusec
0001a698   _DSK6713_getVersion
0001a720   _set_LCD_characters
0001a7bc   _send_LCD_characters
0001a8a8   _init_LCD
0001a934   _LCD_PUT_CMD
0001a9d0   _LCD_PUT_CHAR
0001aa60   _delay_lcd
0001aadc   _lcd_test
0001ab00   _DSK6713_AIC23_openCodec
0001ae00   __frcdivd
0001b100   _sqrt
0001b3a0   __divd
0001b5e0   _memcpy
0001b820   _exit
0001b958   _atexit
0001ba34   C$$EXIT
0001ba34   _abort
0001ba40   _IRQ_map
0001bbe0   _DSK6713_LED_init
0001bc08   _DSK6713_LED_off
0001bc70   _DSK6713_LED_on
0001bcd4   _DSK6713_LED_toggle
0001bd80   _find_max
0001bf20   _MCBSP_reset
0001c0a0   _frame_and_filter
0001c220   _atoi
0001c3a0   __divf
0001c520   _ldexp
0001c6a0   _filter_signal
0001c800   _sprintf
0001c960   _DSK6713_AIC23_rset
0001c9fc   _DSK6713_AIC23_rget
0001ca20   _DSK6713_AIC23_config
0001caa0   _frexp
0001cbe0   _ltoa
0001cd20   _memset
0001ce40   __auto_init
0001cf40   __frcdivf
0001d040   _MCBSP_open
0001d120   _modf
0001d200   __strasg
0001d2e0   _block_dc
0001d3a0   _detect_envelope
0001d460   _DSK6713_AIC23_setFreq
0001d520   __divu
0001d5e0   __fixdi
0001d6a0   __fixdli
0001d760   _MCBSP_config
0001d800   _MCBSP_start
0001d940   _find_distance
0001d9e0   _memccpy
0001da80   _c_int00
0001db00   __cmpf
0001db18   __eqlf
0001db24   __neqf
0001db34   __lssf
0001db40   __gtrf
0001db4c   __leqf
0001db5c   __geqf
0001db80   __fixfi
0001dc00   __fltid
0001dc80   __fltif
0001dd00   _DSK6713_DIP_init
0001dd08   _DSK6713_DIP_get
0001dd60   _ceil
0001ddc0   _floor
0001de20   _IRQ_enable
0001de60   _IRQ_reset
0001dea0   __nop
0001dea8   __register_lock
0001debc   __register_unlock
0001dee0   _IRQ_globalDisable
0001df00   _IRQ_globalEnable
0001df20   _IRQ_nmiEnable
0001df40   _MCBSP_getXmtEventId
0001df60   _MCBSP_read
0001df80   _MCBSP_rrdy
0001dfa0   _MCBSP_write
0001dfc0   _MCBSP_xrdy
0001dfe0   __IRQ_hookFetchPacket
0001e000   __addd
0001e020   __addf
0001e040   __cvtdf
0001e060   __cvtfd
0001e080   __mpyd
0001e0a0   __mpyf
0001e0c0   __subd
0001e0e0   __subf
0001e100   ___etext__
0001e100   __stack
0001e100   etext
00020100   __STACK_END
00020100   __sys_memory
00020500   __ctypes_
80000000   _soi
80013880   _input_left_buffer
80033880   _input_right_buffer
80053880   _distance_corr_buffer
8005587c   _match_corr_buffer
80057878   _h
80057ba8   _x
80057ed8   _fs
80057edc   _inputsource
80057ee0   _left_signal_status
80057ee4   _right_signal_status
80057ee8   _signal_status
80057eec   _row_ind
80057ef0   _program_control
80057ef4   _lcd_control
80057ef8   _collecting_top
80057f38   _collecting_bot
80057f78   _signal_detected_top
80057fb8   _signal_detected_bot
80057ff8   _distance_top
80058038   _distance_bot
80058078   _match_top
800580b8   _match_bot
800580f8   _match_percent_top
80058138   _match_percent_bot
800584c0   __IRQ_eventTable
80058544   __IRQ_intTable
80058584   __IRQ_dispatchTable
8005858c   _output
80058590   _ioport
80058594   _input
80058598   _output1
8005859c   _bandage
800585dc   _toprow
8005861c   _botrow
8005865c   _rowselect
8005865e   _colselect
800586e4   __cleanup_ptr
800586e8   __dtors_ptr
80058758   _AIC_data
8005875c   _AIC23CfgData
8005877c   _config
800587a4   _hAIC23_handle
800587a8   _i
800587ac   _j
800587b0   _delay
800587b8   _mx
800587c0   _my
800587c8   _sx
800587d0   _sy
800587d8   _sxy
800587e0   _denom
80058818   __MCBSP_hDev0
8005881c   __MCBSP_hDev1
80058868   _signal_on
8005886c   _row_index
80058870   _call_count
80058874   _DSK6713_AIC23_codeccontrolhandle
80058878   _DSK6713_AIC23_codecdatahandle
8005887c   __lock
80058880   __unlock
80058884   __memory_size
8005888c   _envelope
80058890   _errno
80058894   _DSK6713_version
ffffffff   ___TI_pprof_out_hndl
ffffffff   ___TI_prof_data_size
ffffffff   ___TI_prof_data_start
ffffffff   ___binit__
ffffffff   ___c_args__
ffffffff   ___pinit__
ffffffff   binit
ffffffff   pinit

[212 symbols]
