******************************************************************************
               TMS320C6x Linker PC v7.3.1                      
******************************************************************************
>> Linked Sat Mar 10 13:25:26 2012

OUTPUT FILE NAME:   <TheGatorKator.out>
ENTRY POINT SYMBOL: "_c_int00"  address: 0000b080


MEMORY CONFIGURATION

         name            origin    length      used     unused   attr    fill
----------------------  --------  ---------  --------  --------  ----  --------
  IVECS                 00000000   00000220  00000200  00000020  RWIX
  IRAM                  00000220   0002fde0  0000e1f4  00021bec  RWIX
  SDRAM                 80000000   01000000  0000aec8  00ff5138  RWIX
  FLASH                 90000000   00020000  00000000  00020000  RWIX


SECTION ALLOCATION MAP

 output                                  attributes/
section   page    origin      length       input sections
--------  ----  ----------  ----------   ----------------
.vectors   0    00000000    00000200     
                  00000000    00000200     Vectors_intr.obj (.vectors)

$BRID      0    00000000    00000730     COPY SECTION
                  00000000    00000078     csl6713.lib : csl_irq.obj ($BRID)
                  00000078    0000007c                 : csl_mcbsp.obj ($BRID)
                  000000f4    00000054     dsk6713bsl.lib : dsk6713.obj ($BRID)
                  00000148    00000024                    : dsk6713_aic23_opencodec.obj ($BRID)
                  0000016c    00000014                    : dsk6713_aic23_registers.obj ($BRID)
                  00000180    0000000c                    : dsk6713_aic23_setfreq.obj ($BRID)
                  0000018c    0000000c                    : dsk6713_dip.obj ($BRID)
                  00000198    00000030                    : dsk6713_led.obj ($BRID)
                  000001c8    00000004     rts6700.lib : addf.obj ($BRID)
                  000001cc    0000000c                 : boot.obj ($BRID)
                  000001d8    00000028                 : exit.obj ($BRID)
                  00000200    0000000c                 : fixfi.obj ($BRID)
                  0000020c    00000008                 : fltif.obj ($BRID)
                  00000214    00000004                 : mpyf.obj ($BRID)
                  00000218    00000018                 : printf.obj ($BRID)
                  00000230    00000004                 : strasg.obj ($BRID)
                  00000234    0000000c                 : _lock.obj ($BRID)
                  00000240    0000011c                 : _printfi.obj ($BRID)
                  0000035c    00000004                 : atoi.obj ($BRID)
                  00000360    0000000c                 : autoinit.obj ($BRID)
                  0000036c    00000008                 : divd.obj ($BRID)
                  00000374    00000004                 : divu.obj ($BRID)
                  00000378    00000010                 : ecvt.obj ($BRID)
                  00000388    00000010                 : fcvt.obj ($BRID)
                  00000398    00000004                 : fixdli.obj ($BRID)
                  0000039c    00000020                 : fputc.obj ($BRID)
                  000003bc    00000020                 : fputs.obj ($BRID)
                  000003dc    00000004                 : frcdivd.obj ($BRID)
                  000003e0    0000001c                 : imath40.obj ($BRID)
                  000003fc    000000e0                 : lowlev.obj ($BRID)
                  000004dc    00000010                 : ltoa.obj ($BRID)
                  000004ec    00000008                 : memccpy.obj ($BRID)
                  000004f4    0000000c                 : memcpy62.obj ($BRID)
                  00000500    000000c8                 : memory.obj ($BRID)
                  000005c8    00000004                 : memset.obj ($BRID)
                  000005cc    000000c8                 : trgdrv.obj ($BRID)
                  00000694    0000000c                 : trgmsg.obj ($BRID)
                  000006a0    00000014                 : _io_perm.obj ($BRID)
                  000006b4    00000014                 : fflush.obj ($BRID)
                  000006c8    0000000c                 : fseek.obj ($BRID)
                  000006d4    0000000c                 : setvbuf.obj ($BRID)
                  000006e0    00000034                 : fopen.obj ($BRID)
                  00000714    00000014                 : fclose.obj ($BRID)
                  00000728    00000008                 : remove.obj ($BRID)

.text      0    00000220    0000b2a0     
                  00000220    00002a00     rts6700.lib : _printfi.obj (.text)
                  00002c20    00001020                 : memory.obj (.text)
                  00003c40    00000f40                 : lowlev.obj (.text)
                  00004b80    00000dc0                 : trgdrv.obj (.text)
                  00005940    000007c0     c6713dskinit.obj (.text)
                  00006100    000004c0     gator_kator.obj (.text:retain)
                  000065c0    000004c0     rts6700.lib : fopen.obj (.text)
                  00006a80    000004c0                 : imath40.obj (.text)
                  00006f40    00000480                 : ecvt.obj (.text)
                  000073c0    00000480                 : fcvt.obj (.text)
                  00007840    00000480                 : fputs.obj (.text)
                  00007cc0    00000460     dsk6713bsl.lib : dsk6713.obj (.text)
                  00008120    00000340     gator_kator.obj (.text)
                  00008460    00000300     dsk6713bsl.lib : dsk6713_aic23_opencodec.obj (.text)
                  00008760    00000300     rts6700.lib : frcdivd.obj (.text)
                  00008a60    00000240                 : divd.obj (.text)
                  00008ca0    00000240                 : memcpy62.obj (.text)
                  00008ee0    00000220                 : exit.obj (.text)
                  00009100    000001e0                 : fflush.obj (.text)
                  000092e0    000001c0                 : _io_perm.obj (.text)
                  000094a0    000001c0                 : setvbuf.obj (.text)
                  00009660    000001a0     csl6713.lib : csl_irq.obj (.text:_IRQ_map)
                  00009800    000001a0     dsk6713bsl.lib : dsk6713_led.obj (.text)
                  000099a0    00000180     csl6713.lib : csl_mcbsp.obj (.text:_MCBSP_reset)
                  00009b20    00000180     rts6700.lib : atoi.obj (.text)
                  00009ca0    00000180                 : fputc.obj (.text)
                  00009e20    00000160     fir_filter.obj (.text)
                  00009f80    00000160     rts6700.lib : trgmsg.obj (.text)
                  0000a0e0    00000140     dsk6713bsl.lib : dsk6713_aic23_registers.obj (.text)
                  0000a220    00000140     rts6700.lib : fclose.obj (.text)
                  0000a360    00000140                 : ltoa.obj (.text)
                  0000a4a0    00000120                 : memset.obj (.text)
                  0000a5c0    00000100                 : autoinit.obj (.text)
                  0000a6c0    00000100                 : fseek.obj (.text)
                  0000a7c0    000000e0     csl6713.lib : csl_mcbsp.obj (.text:_MCBSP_open)
                  0000a8a0    000000e0     rts6700.lib : strasg.obj (.text)
                  0000a980    000000c0     block_dc.obj (.text)
                  0000aa40    000000c0     detect_envelope.obj (.text)
                  0000ab00    000000c0     dsk6713bsl.lib : dsk6713_aic23_setfreq.obj (.text)
                  0000abc0    000000c0     rts6700.lib : divu.obj (.text)
                  0000ac80    000000c0                 : fixdli.obj (.text)
                  0000ad40    000000c0                 : printf.obj (.text)
                  0000ae00    000000a0     csl6713.lib : csl_mcbsp.obj (.text:_MCBSP_config)
                  0000aea0    000000a0                 : csl_mcbsp.obj (.text:_MCBSP_start)
                  0000af40    000000a0                 : csl_irq.obj (.text:_setMux)
                  0000afe0    000000a0     rts6700.lib : memccpy.obj (.text)
                  0000b080    00000080                 : boot.obj (.text)
                  0000b100    00000080                 : fixfi.obj (.text)
                  0000b180    00000080                 : fltif.obj (.text)
                  0000b200    00000060     dsk6713bsl.lib : dsk6713_dip.obj (.text)
                  0000b260    00000040     csl6713.lib : csl_irq.obj (.text:_IRQ_enable)
                  0000b2a0    00000040                 : csl_irq.obj (.text:_IRQ_reset)
                  0000b2e0    00000040     rts6700.lib : _lock.obj (.text)
                  0000b320    00000020     Vectors_intr.obj (.text)
                  0000b340    00000020     csl6713.lib : csl_irq.obj (.text:_IRQ_globalDisable)
                  0000b360    00000020                 : csl_irq.obj (.text:_IRQ_globalEnable)
                  0000b380    00000020                 : csl_irq.obj (.text:_IRQ_nmiEnable)
                  0000b3a0    00000020                 : csl_mcbsp.obj (.text:_MCBSP_getXmtEventId)
                  0000b3c0    00000020                 : csl_mcbsp.obj (.text:_MCBSP_read)
                  0000b3e0    00000020                 : csl_mcbsp.obj (.text:_MCBSP_rrdy)
                  0000b400    00000020                 : csl_mcbsp.obj (.text:_MCBSP_write)
                  0000b420    00000020                 : csl_mcbsp.obj (.text:_MCBSP_xrdy)
                  0000b440    00000020                 : csl_irq.obj (.text)
                  0000b460    00000020     rts6700.lib : addf.obj (.text)
                  0000b480    00000020                 : mpyf.obj (.text)
                  0000b4a0    00000020                 : remove.obj (.text)

.bss       0    00000220    00000000     UNINITIALIZED

.stack     0    0000b4c0    00002000     UNINITIALIZED
                  0000b4c0    00000008     rts6700.lib : boot.obj (.stack)
                  0000b4c8    00001ff8     --HOLE--

.cinit     0    0000d4c0    0000065c     
                  0000d4c0    00000244     rts6700.lib : defs.obj (.cinit)
                  0000d704    00000004     --HOLE-- [fill = 0]
                  0000d708    0000012c     csl6713.lib : csl_irq.obj (.cinit)
                  0000d834    00000004     --HOLE-- [fill = 0]
                  0000d838    000000e2     gator_kator.obj (.cinit)
                  0000d91a    00000006     --HOLE-- [fill = 0]
                  0000d920    0000005c     rts6700.lib : lowlev.obj (.cinit)
                  0000d97c    00000004     --HOLE-- [fill = 0]
                  0000d980    00000058     c6713dskinit.obj (.cinit)
                  0000d9d8    00000054     csl6713.lib : csl_mcbsp.obj (.cinit)
                  0000da2c    00000004     --HOLE-- [fill = 0]
                  0000da30    00000030     dsk6713bsl.lib : dsk6713_aic23_registers.obj (.cinit)
                  0000da60    0000002c     rts6700.lib : exit.obj (.cinit)
                  0000da8c    00000004     --HOLE-- [fill = 0]
                  0000da90    00000028     dsk6713bsl.lib : dsk6713_aic23_setfreq.obj (.cinit)
                  0000dab8    0000001c     rts6700.lib : _lock.obj (.cinit)
                  0000dad4    00000004     --HOLE-- [fill = 0]
                  0000dad8    0000001c                 : sysmem.obj (.cinit)
                  0000daf4    00000004     --HOLE-- [fill = 0]
                  0000daf8    0000000c     detect_envelope.obj (.cinit)
                  0000db04    00000004     --HOLE-- [fill = 0]
                  0000db08    0000000c     rts6700.lib : memory.obj (.cinit)
                  0000db14    00000004     --HOLE-- [fill = 0]
                  0000db18    00000004     (.pad.cinit) [fill = 0]

.sysmem    0    0000db20    00000400     UNINITIALIZED
                  0000db20    00000400     --HOLE--

.const     0    0000df20    000003d8     
                  0000df20    00000198     fir_filter.obj (.const:_h)
                  0000e0b8    00000101     rts6700.lib : ctype.obj (.const)
                  0000e1b9    00000002                 : fputs.obj (.const)
                  0000e1bb    00000001     --HOLE-- [fill = 0]
                  0000e1bc    000000b0     gator_kator.obj (.const)
                  0000e26c    00000040     dsk6713bsl.lib : dsk6713_aic23_opencodec.obj (.const)
                  0000e2ac    0000002a     rts6700.lib : _printfi.obj (.const)
                  0000e2d6    00000002     --HOLE-- [fill = 0]
                  0000e2d8    00000020     dsk6713bsl.lib : dsk6713.obj (.const)

.cio       0    0000e2f8    00000120     UNINITIALIZED
                  0000e2f8    00000120     rts6700.lib : trgmsg.obj (.cio)

.far       0    80000000    0000aec8     UNINITIALIZED
                  80000000    0000a03c     gator_kator.obj (.far)
                  8000a03c    00000374     rts6700.lib : defs.obj (.far)
                  8000a3b0    00000330     fir_filter.obj (.far)
                  8000a6e0    00000190     rts6700.lib : _printfi.obj (.far)
                  8000a870    00000190                 : fcvt.obj (.far)
                  8000aa00    0000011c                 : lowlev.obj (.far)
                  8000ab1c    000000f4     csl6713.lib : csl_irq.obj (.far)
                  8000ac10    000000d0     rts6700.lib : trgdrv.obj (.far)
                  8000ace0    0000008c                 : exit.obj (.far)
                  8000ad6c    00000064                 : ecvt.obj (.far)
                  8000add0    00000058     c6713dskinit.obj (.far)
                  8000ae28    00000038     csl6713.lib : csl_mcbsp.obj (.far)
                  8000ae60    00000028     dsk6713bsl.lib : dsk6713_aic23_registers.obj (.far)
                  8000ae88    00000020                    : dsk6713_aic23_setfreq.obj (.far)
                  8000aea8    00000008                    : dsk6713_aic23_opencodec.obj (.far)
                  8000aeb0    00000008     rts6700.lib : _lock.obj (.far)
                  8000aeb8    00000008                 : memory.obj (.far)
                  8000aec0    00000004     detect_envelope.obj (.far)
                  8000aec4    00000002     dsk6713bsl.lib : dsk6713.obj (.far)
                  8000aec6    00000002                    : dsk6713_led.obj (.far)


GLOBAL SYMBOLS: SORTED ALPHABETICALLY BY Name 

address    name
--------   ----
00000220   $bss
00000220   .bss
00000220   .text
000090f4   C$$EXIT
0000a020   C$$IO$$
8000addc   _AIC23CfgData
8000add0   _AIC_data
8000aea8   _DSK6713_AIC23_codeccontrolhandle
8000aeac   _DSK6713_AIC23_codecdatahandle
0000a1a0   _DSK6713_AIC23_config
00008460   _DSK6713_AIC23_openCodec
0000a17c   _DSK6713_AIC23_rget
0000a0e0   _DSK6713_AIC23_rset
0000ab00   _DSK6713_AIC23_setFreq
0000b208   _DSK6713_DIP_get
0000b200   _DSK6713_DIP_init
00009800   _DSK6713_LED_init
00009828   _DSK6713_LED_off
00009890   _DSK6713_LED_on
000098f4   _DSK6713_LED_toggle
00008098   _DSK6713_getVersion
00007cf0   _DSK6713_init
00007ff0   _DSK6713_rget
00008004   _DSK6713_rset
8000aec4   _DSK6713_version
00008018   _DSK6713_wait
0000806c   _DSK6713_waitusec
00005854   _HOSTclock
00004d00   _HOSTclose
00005084   _HOSTlseek
00004b80   _HOSTopen
00004df4   _HOSTread
00005338   _HOSTrename
0000576c   _HOSTtime
000051e8   _HOSTunlink
00004f44   _HOSTwrite
0000b260   _IRQ_enable
0000b340   _IRQ_globalDisable
0000b360   _IRQ_globalEnable
00009660   _IRQ_map
0000b380   _IRQ_nmiEnable
0000b2a0   _IRQ_reset
0000ae00   _MCBSP_config
0000b3a0   _MCBSP_getXmtEventId
0000a7c0   _MCBSP_open
0000b3c0   _MCBSP_read
000099a0   _MCBSP_reset
0000b3e0   _MCBSP_rrdy
0000aea0   _MCBSP_start
0000b400   _MCBSP_write
0000b420   _MCBSP_xrdy
0000e2f8   __CIOBUF_
8000ac08   __IRQ_dispatchTable
8000ab44   __IRQ_eventTable
0000b440   __IRQ_hookFetchPacket
8000abc8   __IRQ_intTable
8000ae58   __MCBSP_hDev0
8000ae5c   __MCBSP_hDev1
0000d4c0   __STACK_END
00002000   __STACK_SIZE
00000400   __SYSMEM_SIZE
ffffffff   ___TI_pprof_out_hndl
ffffffff   ___TI_prof_data_size
ffffffff   ___TI_prof_data_start
ffffffff   ___binit__
00000220   ___bss__
ffffffff   ___c_args__
0000d4c0   ___cinit__
00000220   ___end__
0000b4c0   ___etext__
ffffffff   ___pinit__
00000220   ___text__
0000b460   __addf
0000a5c0   __auto_init
0000699c   __cleanup
8000ad64   __cleanup_ptr
0000e0b8   __ctypes_
00008a60   __divd
00006e40   __divli
0000abc0   __divu
00006b40   __divul
000091fc   __doflush
8000ad68   __dtors_ptr
0000ac80   __fixdli
0000b100   __fixfi
0000b180   __fltif
00008760   __frcdivd
8000a3ac   __ft_end
8000a03c   __ftable
8000aeb0   __lock
8000aeb8   __memory_size
0000b480   __mpyf
0000b2e0   __nop
00000220   __printfi
000092e0   __rd_ok
0000b2e8   __register_lock
0000b2fc   __register_unlock
00006d84   __remli
00006a80   __remul
0000b4c0   __stack
0000a8a0   __strasg
0000db20   __sys_memory
8000a26c   __tmpnams
8000aeb4   __unlock
000093a0   __wrt_ok
000090f4   _abort
00003f60   _add_device
00009018   _atexit
00009b20   _atoi
0000a980   _block_dc
00005940   _c6713_dsk_init
0000b080   _c_int00
00006100   _c_int11
000030a4   _calloc
000048b0   _close
8000a038   _col
8000a02a   _column_index
00005a60   _comm_intr
00005a2c   _comm_poll
8000adfc   _config
80000028   _data_buffer
0000aa40   _detect_envelope
00006f40   _ecvt
8000aec0   _envelope
00008ee0   _exit
0000a220   _fclose
000073c0   _fcvt
00009100   _fflush
00009e20   _filter_signal
000065c0   _fopen
00009ccc   _fputc
000078b4   _fputs
000034f0   _free
00006628   _freopen
80000000   _fs
0000a6c0   _fseek
8000001a   _gain
000055cc   _getenv
0000df20   _h
8000ae24   _hAIC23_handle
00005f68   _input_left_sample
00006030   _input_right_sample
00005e64   _input_sample
80000004   _inputsource
80000018   _loop
00004770   _lseek
0000a360   _ltoa
00008208   _main
00002e9c   _malloc
000038a8   _memalign
0000afe0   _memccpy
00008ca0   _memcpy
0000a4a0   _memset
00002e34   _minit
000042c0   _open
8000a034   _output
00005ca4   _output_left_sample
00005d84   _output_right_sample
00005b8c   _output_sample
8000001c   _output_signal
00008120   _playback
0000ad40   _printf
8000a03a   _program_control
00009ca0   _putc
00009cb0   _putchar
00007840   _puts
000044f4   _read
0000a02c   _readmsg
00003160   _realloc
0000b4a0   _remove
000041f8   _remove_device
00004a60   _rename
8000a036   _row
8000a02c   _row_index
8000a030   _samples_collected
000094a0   _setvbuf
8000a028   _signal_on
80000008   _sine_table
8000001e   _temp
000049c0   _unlink
00000020   _vector1
00000140   _vector10
00000180   _vector12
000001a0   _vector13
000001c0   _vector14
000001e0   _vector15
00000040   _vector2
00000060   _vector3
00000080   _vector4
000000a0   _vector5
000000c0   _vector6
000000e0   _vector7
00000100   _vector8
00000120   _vector9
00000000   _vectors
00004630   _write
00009f80   _writemsg
8000a3b0   _x
80000020   _zero_count
80000024   _zero_count_flag
ffffffff   binit
0000d4c0   cinit
00000220   end
0000b4c0   etext
ffffffff   pinit


GLOBAL SYMBOLS: SORTED BY Symbol Address 

address    name
--------   ----
00000000   _vectors
00000020   _vector1
00000040   _vector2
00000060   _vector3
00000080   _vector4
000000a0   _vector5
000000c0   _vector6
000000e0   _vector7
00000100   _vector8
00000120   _vector9
00000140   _vector10
00000180   _vector12
000001a0   _vector13
000001c0   _vector14
000001e0   _vector15
00000220   $bss
00000220   .bss
00000220   .text
00000220   ___bss__
00000220   ___end__
00000220   ___text__
00000220   __printfi
00000220   end
00000400   __SYSMEM_SIZE
00002000   __STACK_SIZE
00002e34   _minit
00002e9c   _malloc
000030a4   _calloc
00003160   _realloc
000034f0   _free
000038a8   _memalign
00003f60   _add_device
000041f8   _remove_device
000042c0   _open
000044f4   _read
00004630   _write
00004770   _lseek
000048b0   _close
000049c0   _unlink
00004a60   _rename
00004b80   _HOSTopen
00004d00   _HOSTclose
00004df4   _HOSTread
00004f44   _HOSTwrite
00005084   _HOSTlseek
000051e8   _HOSTunlink
00005338   _HOSTrename
000055cc   _getenv
0000576c   _HOSTtime
00005854   _HOSTclock
00005940   _c6713_dsk_init
00005a2c   _comm_poll
00005a60   _comm_intr
00005b8c   _output_sample
00005ca4   _output_left_sample
00005d84   _output_right_sample
00005e64   _input_sample
00005f68   _input_left_sample
00006030   _input_right_sample
00006100   _c_int11
000065c0   _fopen
00006628   _freopen
0000699c   __cleanup
00006a80   __remul
00006b40   __divul
00006d84   __remli
00006e40   __divli
00006f40   _ecvt
000073c0   _fcvt
00007840   _puts
000078b4   _fputs
00007cf0   _DSK6713_init
00007ff0   _DSK6713_rget
00008004   _DSK6713_rset
00008018   _DSK6713_wait
0000806c   _DSK6713_waitusec
00008098   _DSK6713_getVersion
00008120   _playback
00008208   _main
00008460   _DSK6713_AIC23_openCodec
00008760   __frcdivd
00008a60   __divd
00008ca0   _memcpy
00008ee0   _exit
00009018   _atexit
000090f4   C$$EXIT
000090f4   _abort
00009100   _fflush
000091fc   __doflush
000092e0   __rd_ok
000093a0   __wrt_ok
000094a0   _setvbuf
00009660   _IRQ_map
00009800   _DSK6713_LED_init
00009828   _DSK6713_LED_off
00009890   _DSK6713_LED_on
000098f4   _DSK6713_LED_toggle
000099a0   _MCBSP_reset
00009b20   _atoi
00009ca0   _putc
00009cb0   _putchar
00009ccc   _fputc
00009e20   _filter_signal
00009f80   _writemsg
0000a020   C$$IO$$
0000a02c   _readmsg
0000a0e0   _DSK6713_AIC23_rset
0000a17c   _DSK6713_AIC23_rget
0000a1a0   _DSK6713_AIC23_config
0000a220   _fclose
0000a360   _ltoa
0000a4a0   _memset
0000a5c0   __auto_init
0000a6c0   _fseek
0000a7c0   _MCBSP_open
0000a8a0   __strasg
0000a980   _block_dc
0000aa40   _detect_envelope
0000ab00   _DSK6713_AIC23_setFreq
0000abc0   __divu
0000ac80   __fixdli
0000ad40   _printf
0000ae00   _MCBSP_config
0000aea0   _MCBSP_start
0000afe0   _memccpy
0000b080   _c_int00
0000b100   __fixfi
0000b180   __fltif
0000b200   _DSK6713_DIP_init
0000b208   _DSK6713_DIP_get
0000b260   _IRQ_enable
0000b2a0   _IRQ_reset
0000b2e0   __nop
0000b2e8   __register_lock
0000b2fc   __register_unlock
0000b340   _IRQ_globalDisable
0000b360   _IRQ_globalEnable
0000b380   _IRQ_nmiEnable
0000b3a0   _MCBSP_getXmtEventId
0000b3c0   _MCBSP_read
0000b3e0   _MCBSP_rrdy
0000b400   _MCBSP_write
0000b420   _MCBSP_xrdy
0000b440   __IRQ_hookFetchPacket
0000b460   __addf
0000b480   __mpyf
0000b4a0   _remove
0000b4c0   ___etext__
0000b4c0   __stack
0000b4c0   etext
0000d4c0   __STACK_END
0000d4c0   ___cinit__
0000d4c0   cinit
0000db20   __sys_memory
0000df20   _h
0000e0b8   __ctypes_
0000e2f8   __CIOBUF_
80000000   _fs
80000004   _inputsource
80000008   _sine_table
80000018   _loop
8000001a   _gain
8000001c   _output_signal
8000001e   _temp
80000020   _zero_count
80000024   _zero_count_flag
80000028   _data_buffer
8000a028   _signal_on
8000a02a   _column_index
8000a02c   _row_index
8000a030   _samples_collected
8000a034   _output
8000a036   _row
8000a038   _col
8000a03a   _program_control
8000a03c   __ftable
8000a26c   __tmpnams
8000a3ac   __ft_end
8000a3b0   _x
8000ab44   __IRQ_eventTable
8000abc8   __IRQ_intTable
8000ac08   __IRQ_dispatchTable
8000ad64   __cleanup_ptr
8000ad68   __dtors_ptr
8000add0   _AIC_data
8000addc   _AIC23CfgData
8000adfc   _config
8000ae24   _hAIC23_handle
8000ae58   __MCBSP_hDev0
8000ae5c   __MCBSP_hDev1
8000aea8   _DSK6713_AIC23_codeccontrolhandle
8000aeac   _DSK6713_AIC23_codecdatahandle
8000aeb0   __lock
8000aeb4   __unlock
8000aeb8   __memory_size
8000aec0   _envelope
8000aec4   _DSK6713_version
ffffffff   ___TI_pprof_out_hndl
ffffffff   ___TI_prof_data_size
ffffffff   ___TI_prof_data_start
ffffffff   ___binit__
ffffffff   ___c_args__
ffffffff   ___pinit__
ffffffff   binit
ffffffff   pinit

[205 symbols]
